189.48.32.17 - - [01/Mar/2016:11:25:53 -0300] "OPTIONS /user/get/56d5a6611d58e07322936519 HTTP/1.1" 204 0 "http://guardioesdasaude.org/profile" "Mozilla/5.0 (Windows NT 10.0; WOW64) AppleWebKit/537.36 (KHTML, like Gecko) Chrome/48.0.2564.116 Safari/537.36"
189.48.32.17 - - [01/Mar/2016:11:25:53 -0300] "GET /search/cities?limit=5 HTTP/1.1" 304 0 "http://guardioesdasaude.org/profile" "Mozilla/5.0 (Windows NT 10.0; WOW64) AppleWebKit/537.36 (KHTML, like Gecko) Chrome/48.0.2564.116 Safari/537.36"
189.48.32.17 - - [01/Mar/2016:11:25:53 -0300] "GET /user/get/56d5a6611d58e07322936519 HTTP/1.1" 200 1292 "http://guardioesdasaude.org/profile" "Mozilla/5.0 (Windows NT 10.0; WOW64) AppleWebKit/537.36 (KHTML, like Gecko) Chrome/48.0.2564.116 Safari/537.36"
189.48.32.17 - - [01/Mar/2016:11:25:57 -0300] "GET /search/cities?limit=5 HTTP/1.1" 304 0 "http://guardioesdasaude.org/profile/add" "Mozilla/5.0 (Windows NT 10.0; WOW64) AppleWebKit/537.36 (KHTML, like Gecko) Chrome/48.0.2564.116 Safari/537.36"
189.48.32.17 - - [01/Mar/2016:11:26:03 -0300] "GET /search/cities?limit=5 HTTP/1.1" 304 0 "http://guardioesdasaude.org/health-tips" "Mozilla/5.0 (Windows NT 10.0; WOW64) AppleWebKit/537.36 (KHTML, like Gecko) Chrome/48.0.2564.116 Safari/537.36"
189.48.32.17 - - [01/Mar/2016:11:26:16 -0300] "GET /content/upas.json HTTP/1.1" 200 104519 "http://guardioesdasaude.org/health-tips" "Mozilla/5.0 (Windows NT 10.0; WOW64) AppleWebKit/537.36 (KHTML, like Gecko) Chrome/48.0.2564.116 Safari/537.36"
189.48.32.17 - - [01/Mar/2016:11:26:41 -0300] "GET /content/places?lat=-22.9075949&lon=-43.1771897&radius=10000&type=pharmacy HTTP/1.1" 200 24882 "http://guardioesdasaude.org/health-tips" "Mozilla/5.0 (Windows NT 10.0; WOW64) AppleWebKit/537.36 (KHTML, like Gecko) Chrome/48.0.2564.116 Safari/537.36"
189.48.32.17 - - [01/Mar/2016:11:27:05 -0300] "OPTIONS /surveys/l?lat=-22.9075949&lon=-43.1771897 HTTP/1.1" 204 0 "http://guardioesdasaude.org/health-map" "Mozilla/5.0 (Windows NT 10.0; WOW64) AppleWebKit/537.36 (KHTML, like Gecko) Chrome/48.0.2564.116 Safari/537.36"
189.48.32.17 - - [01/Mar/2016:11:27:06 -0300] "OPTIONS /surveys/summary?lat=-22.9075949&lon=-43.1771897 HTTP/1.1" 204 0 "http://guardioesdasaude.org/health-map" "Mozilla/5.0 (Windows NT 10.0; WOW64) AppleWebKit/537.36 (KHTML, like Gecko) Chrome/48.0.2564.116 Safari/537.36"
189.48.32.17 - - [01/Mar/2016:11:27:08 -0300] "GET /surveys/summary?lat=-22.9075949&lon=-43.1771897 HTTP/1.1" 200 373 "http://guardioesdasaude.org/health-map" "Mozilla/5.0 (Windows NT 10.0; WOW64) AppleWebKit/537.36 (KHTML, like Gecko) Chrome/48.0.2564.116 Safari/537.36"
189.48.32.17 - - [01/Mar/2016:11:27:11 -0300] "GET /surveys/l?lat=-22.9075949&lon=-43.1771897 HTTP/1.1" 200 849 "http://guardioesdasaude.org/health-map" "Mozilla/5.0 (Windows NT 10.0; WOW64) AppleWebKit/537.36 (KHTML, like Gecko) Chrome/48.0.2564.116 Safari/537.36"
189.48.32.17 - - [01/Mar/2016:11:27:12 -0300] "GET /search/cities?limit=5 HTTP/1.1" 304 0 "http://guardioesdasaude.org/" "Mozilla/5.0 (Windows NT 10.0; WOW64) AppleWebKit/537.36 (KHTML, like Gecko) Chrome/48.0.2564.116 Safari/537.36"
189.48.32.17 - - [01/Mar/2016:11:27:18 -0300] "OPTIONS /symptoms HTTP/1.1" 204 0 "http://guardioesdasaude.org/survey/56d5a6611d58e07322936519/step-2" "Mozilla/5.0 (Windows NT 10.0; WOW64) AppleWebKit/537.36 (KHTML, like Gecko) Chrome/48.0.2564.116 Safari/537.36"
189.48.32.17 - - [01/Mar/2016:11:27:18 -0300] "GET /symptoms HTTP/1.1" 200 3570 "http://guardioesdasaude.org/survey/56d5a6611d58e07322936519/step-2" "Mozilla/5.0 (Windows NT 10.0; WOW64) AppleWebKit/537.36 (KHTML, like Gecko) Chrome/48.0.2564.116 Safari/537.36"
189.48.32.17 - - [01/Mar/2016:11:27:39 -0300] "OPTIONS /survey/create HTTP/1.1" 204 0 "http://guardioesdasaude.org/survey/56d5a6611d58e07322936519/step-2" "Mozilla/5.0 (Windows NT 10.0; WOW64) AppleWebKit/537.36 (KHTML, like Gecko) Chrome/48.0.2564.116 Safari/537.36"
189.48.32.17 - - [01/Mar/2016:11:27:40 -0300] "POST /survey/create HTTP/1.1" 200 808 "http://guardioesdasaude.org/survey/56d5a6611d58e07322936519/step-2" "Mozilla/5.0 (Windows NT 10.0; WOW64) AppleWebKit/537.36 (KHTML, like Gecko) Chrome/48.0.2564.116 Safari/537.36"
189.48.32.17 - - [01/Mar/2016:11:27:40 -0300] "GET /user/get/56d5a6611d58e07322936519 HTTP/1.1" 200 2170 "http://guardioesdasaude.org/survey/56d5a6611d58e07322936519/step-2" "Mozilla/5.0 (Windows NT 10.0; WOW64) AppleWebKit/537.36 (KHTML, like Gecko) Chrome/48.0.2564.116 Safari/537.36"
189.48.32.17 - - [01/Mar/2016:11:27:48 -0300] "GET /search/cities?limit=5 HTTP/1.1" 304 0 "http://guardioesdasaude.org/health-tips" "Mozilla/5.0 (Windows NT 10.0; WOW64) AppleWebKit/537.36 (KHTML, like Gecko) Chrome/48.0.2564.116 Safari/537.36"
189.48.32.17 - - [01/Mar/2016:11:27:55 -0300] "OPTIONS /news/get HTTP/1.1" 204 0 "http://guardioesdasaude.org/news" "Mozilla/5.0 (Windows NT 10.0; WOW64) AppleWebKit/537.36 (KHTML, like Gecko) Chrome/48.0.2564.116 Safari/537.36"
189.48.32.17 - - [01/Mar/2016:11:27:55 -0300] "GET /search/cities?limit=5 HTTP/1.1" 304 0 "http://guardioesdasaude.org/news" "Mozilla/5.0 (Windows NT 10.0; WOW64) AppleWebKit/537.36 (KHTML, like Gecko) Chrome/48.0.2564.116 Safari/537.36"
189.48.32.17 - - [01/Mar/2016:11:27:55 -0300] "GET /news/get HTTP/1.1" 200 66772 "http://guardioesdasaude.org/news" "Mozilla/5.0 (Windows NT 10.0; WOW64) AppleWebKit/537.36 (KHTML, like Gecko) Chrome/48.0.2564.116 Safari/537.36"
177.38.200.209 - - [01/Mar/2016:11:28:00 -0300] "GET /user/lookup/ HTTP/1.1" 200 1131 "-" "Guardioes da Saude/1.1.3 (iPhone; iOS 9.2.1; Scale/2.00)"
177.38.200.209 - - [01/Mar/2016:11:28:59 -0300] "GET /user/household/56d4ca5acbe1d4881f2e4551 HTTP/1.1" 304 0 "-" "Guardioes da Saude/1.1.3 (iPhone; iOS 9.2.1; Scale/2.00)"
177.38.200.209 - - [01/Mar/2016:11:29:02 -0300] "GET /user/household/56d595fd1d58e07322936514 HTTP/1.1" 200 34 "-" "Dalvik/2.1.0 (Linux; U; Android 5.1; Samsung Galaxy S6 - 5.1.0 - API 22 - 1440x2560 Build/LMY47D)"
177.38.200.209 - - [01/Mar/2016:11:29:46 -0300] "GET /user/lookup/ HTTP/1.1" 200 1131 "-" "Guardioes da Saude/1.1.3 (iPhone; iOS 9.2.1; Scale/2.00)"
179.10.253.147 - - [01/Mar/2016:11:31:23 -0300] "GET /user/get?fb=null HTTP/1.1" 200 34 "-" "Dalvik/2.1.0 (Linux; U; Android 5.1.1; SM-J500M Build/LMY48B)"
179.10.253.147 - - [01/Mar/2016:11:31:24 -0300] "GET /user/get?fb=966476593431413 HTTP/1.1" 200 34 "-" "Dalvik/2.1.0 (Linux; U; Android 5.1.1; SM-J500M Build/LMY48B)"
177.38.200.209 - - [01/Mar/2016:11:31:48 -0300] "GET /user/lookup/ HTTP/1.1" 200 1131 "-" "Guardioes da Saude/1.1.3 (iPhone; iOS 9.2.1; Scale/2.00)"
177.38.200.209 - - [01/Mar/2016:11:31:50 -0300] "GET /surveys/l?lat=-8.086616&lon=-34.892223 HTTP/1.1" 200 7809 "-" "Guardioes da Saude/1.1.3 (iPhone; iOS 9.2.1; Scale/2.00)"
177.38.200.209 - - [01/Mar/2016:11:31:51 -0300] "GET /surveys/summary?lat=-8.086616371018911&lon=-34.89222333861492 HTTP/1.1" 200 366 "-" "Guardioes da Saude/1.1.3 (iPhone; iOS 9.2.1; Scale/2.00)"
177.38.200.209 - - [01/Mar/2016:11:31:52 -0300] "GET /user/household/56d4ca5acbe1d4881f2e4551 HTTP/1.1" 304 0 "-" "Guardioes da Saude/1.1.3 (iPhone; iOS 9.2.1; Scale/2.00)"
179.10.253.147 - - [01/Mar/2016:11:31:54 -0300] "POST /user/create HTTP/1.1" 200 720 "-" "Dalvik/2.1.0 (Linux; U; Android 5.1.1; SM-J500M Build/LMY48B)"
179.10.253.147 - - [01/Mar/2016:11:31:55 -0300] "POST /user/login HTTP/1.1" 200 1068 "-" "Dalvik/2.1.0 (Linux; U; Android 5.1.1; SM-J500M Build/LMY48B)"
179.10.253.147 - - [01/Mar/2016:11:32:19 -0300] "GET /content/upas.json HTTP/1.1" 200 104519 "-" "Dalvik/2.1.0 (Linux; U; Android 5.1.1; SM-J500M Build/LMY48B)"
177.38.200.209 - - [01/Mar/2016:11:32:55 -0300] "GET /user/lookup/ HTTP/1.1" 200 1131 "-" "Guardioes da Saude/1.1.3 (iPhone; iOS 9.2.1; Scale/2.00)"
179.10.253.147 - - [01/Mar/2016:11:33:19 -0300] "GET /user/lookup/ HTTP/1.1" 200 1022 "-" "Dalvik/2.1.0 (Linux; U; Android 5.1.1; SM-J500M Build/LMY48B)"
179.10.253.147 - - [01/Mar/2016:11:33:24 -0300] "GET /content/upas.json HTTP/1.1" 200 104519 "-" "Dalvik/2.1.0 (Linux; U; Android 5.1.1; SM-J500M Build/LMY48B)"
177.38.200.209 - - [01/Mar/2016:11:34:03 -0300] "GET /user/lookup/ HTTP/1.1" 200 1131 "-" "Guardioes da Saude/1.1.3 (iPhone; iOS 9.2.1; Scale/2.00)"
177.38.200.209 - - [01/Mar/2016:11:34:04 -0300] "POST /user/login HTTP/1.1" 200 55 "-" "Guardioes da Saude/1.1.2 (iPhone; iOS 9.2; Scale/2.00)"
177.38.200.209 - - [01/Mar/2016:11:34:05 -0300] "GET /user/household/56d4ca5acbe1d4881f2e4551 HTTP/1.1" 304 0 "-" "Guardioes da Saude/1.1.3 (iPhone; iOS 9.2.1; Scale/2.00)"
179.10.253.147 - - [01/Mar/2016:11:34:20 -0300] "GET /user/lookup/ HTTP/1.1" 200 1022 "-" "Dalvik/2.1.0 (Linux; U; Android 5.1.1; SM-J500M Build/LMY48B)"
179.10.253.147 - - [01/Mar/2016:11:34:29 -0300] "GET /content/upas.json HTTP/1.1" 200 104519 "-" "Dalvik/2.1.0 (Linux; U; Android 5.1.1; SM-J500M Build/LMY48B)"
189.9.35.189 - - [01/Mar/2016:11:36:06 -0300] "GET /user/get?fb=null HTTP/1.1" 200 34 "-" "Dalvik/2.1.0 (Linux; U; Android 6.0; XT1097 Build/MPE24.49-18)"
189.9.35.189 - - [01/Mar/2016:11:36:07 -0300] "GET /user/get?fb=10201354141692166 HTTP/1.1" 200 2260 "-" "Dalvik/2.1.0 (Linux; U; Android 6.0; XT1097 Build/MPE24.49-18)"
189.9.35.189 - - [01/Mar/2016:11:36:09 -0300] "POST /user/login HTTP/1.1" 200 2337 "-" "Dalvik/2.1.0 (Linux; U; Android 6.0; XT1097 Build/MPE24.49-18)"
189.9.35.189 - - [01/Mar/2016:11:36:14 -0300] "GET /user/household/56c7a19a06773b130fa0157a HTTP/1.1" 200 34 "-" "Dalvik/2.1.0 (Linux; U; Android 6.0; XT1097 Build/MPE24.49-18)"
189.9.35.189 - - [01/Mar/2016:11:36:33 -0300] "POST /user/update HTTP/1.1" 200 65 "-" "Dalvik/2.1.0 (Linux; U; Android 6.0; XT1097 Build/MPE24.49-18)"
189.9.35.189 - - [01/Mar/2016:11:36:34 -0300] "GET /user/lookup/ HTTP/1.1" 200 2287 "-" "Dalvik/2.1.0 (Linux; U; Android 6.0; XT1097 Build/MPE24.49-18)"
177.38.200.209 - - [01/Mar/2016:11:36:50 -0300] "GET /user/household/56d595fd1d58e07322936514 HTTP/1.1" 200 34 "-" "Dalvik/2.1.0 (Linux; U; Android 5.1; Samsung Galaxy S6 - 5.1.0 - API 22 - 1440x2560 Build/LMY47D)"
179.10.253.147 - - [01/Mar/2016:11:37:22 -0300] "GET /content/upas.json HTTP/1.1" 200 104519 "-" "Dalvik/2.1.0 (Linux; U; Android 5.1.1; SM-J500M Build/LMY48B)"
179.80.98.11 - - [01/Mar/2016:11:37:54 -0300] "GET /user/get?fb=1052727051437596 HTTP/1.1" 200 34 "-" "Guardioes da Saude/1.1.2 (iPhone; iOS 9.2.1; Scale/2.00)"
189.9.35.189 - - [01/Mar/2016:11:37:59 -0300] "GET /content/upas.json HTTP/1.1" 200 104519 "-" "Dalvik/2.1.0 (Linux; U; Android 6.0; XT1097 Build/MPE24.49-18)"
189.9.35.189 - - [01/Mar/2016:11:38:09 -0300] "GET /user/household/56c7a19a06773b130fa0157a HTTP/1.1" 200 34 "-" "Dalvik/2.1.0 (Linux; U; Android 6.0; XT1097 Build/MPE24.49-18)"
189.9.35.189 - - [01/Mar/2016:11:38:16 -0300] "POST /survey/create HTTP/1.1" 200 825 "-" "Dalvik/2.1.0 (Linux; U; Android 6.0; XT1097 Build/MPE24.49-18)"
189.9.35.189 - - [01/Mar/2016:11:38:17 -0300] "POST /survey/create HTTP/1.1" 200 825 "-" "Dalvik/2.1.0 (Linux; U; Android 6.0; XT1097 Build/MPE24.49-18)"
189.9.35.189 - - [01/Mar/2016:11:38:27 -0300] "GET /surveys/summary/?lon=-47.8686903&lat=-15.800104 HTTP/1.1" 200 359 "-" "Dalvik/2.1.0 (Linux; U; Android 6.0; XT1097 Build/MPE24.49-18)"
189.9.35.189 - - [01/Mar/2016:11:38:28 -0300] "GET /surveys/l?lon=-47.8686903&lat=-15.800104 HTTP/1.1" 200 1596 "-" "Dalvik/2.1.0 (Linux; U; Android 6.0; XT1097 Build/MPE24.49-18)"
179.80.98.11 - - [01/Mar/2016:11:39:12 -0300] "POST /user/create HTTP/1.1" 200 861 "-" "Guardioes da Saude/1.1.2 (iPhone; iOS 9.2.1; Scale/2.00)"
179.80.98.11 - - [01/Mar/2016:11:39:12 -0300] "GET /user/lookup/ HTTP/1.1" 200 1163 "-" "Guardioes da Saude/1.1.2 (iPhone; iOS 9.2.1; Scale/2.00)"
179.80.98.11 - - [01/Mar/2016:11:39:13 -0300] "GET /symptoms HTTP/1.1" 200 3570 "-" "Guardioes da Saude/1.1.2 (iPhone; iOS 9.2.1; Scale/2.00)"
179.80.98.11 - - [01/Mar/2016:11:39:14 -0300] "GET /news/get HTTP/1.1" 200 66772 "-" "Guardioes da Saude/1.1.2 (iPhone; iOS 9.2.1; Scale/2.00)"
177.38.200.209 - - [01/Mar/2016:11:39:56 -0300] "GET /user/lookup/ HTTP/1.1" 200 1131 "-" "Guardioes da Saude/1.1.3 (iPhone; iOS 9.2.1; Scale/2.00)"
177.38.200.209 - - [01/Mar/2016:11:40:00 -0300] "GET /user/household/56d4ca5acbe1d4881f2e4551 HTTP/1.1" 304 0 "-" "Guardioes da Saude/1.1.3 (iPhone; iOS 9.2.1; Scale/2.00)"
179.80.98.11 - - [01/Mar/2016:11:40:36 -0300] "GET /surveys/l?lat=-5.041363&lon=-42.815833 HTTP/1.1" 200 34 "-" "Guardioes da Saude/1.1.2 (iPhone; iOS 9.2.1; Scale/2.00)"
179.80.98.11 - - [01/Mar/2016:11:40:36 -0300] "GET /surveys/summary?lat=-5.041363011118994&lon=-42.81583327804023 HTTP/1.1" 200 402 "-" "Guardioes da Saude/1.1.2 (iPhone; iOS 9.2.1; Scale/2.00)"
177.38.200.209 - - [01/Mar/2016:11:40:39 -0300] "GET /user/lookup/ HTTP/1.1" 200 1131 "-" "Guardioes da Saude/1.1.3 (iPhone; iOS 9.2.1; Scale/2.00)"
179.80.98.11 - - [01/Mar/2016:11:41:26 -0300] "GET /content/upas.json HTTP/1.1" 200 104519 "-" "Guardioes da Saude/1.1.2 (iPhone; iOS 9.2.1; Scale/2.00)"
179.80.98.11 - - [01/Mar/2016:11:42:22 -0300] "GET /content/upas.json HTTP/1.1" 304 0 "-" "Guardioes da Saude/1.1.2 (iPhone; iOS 9.2.1; Scale/2.00)"
177.38.200.209 - - [01/Mar/2016:11:42:39 -0300] "GET /user/household/56d4ca5acbe1d4881f2e4551 HTTP/1.1" 304 0 "-" "Guardioes da Saude/1.1.3 (iPhone; iOS 9.2.1; Scale/2.00)"
177.38.200.209 - - [01/Mar/2016:11:43:04 -0300] "GET /user/get?fb=10153906661824787 HTTP/1.1" 304 0 "-" "Guardioes da Saude/1.1.2 (iPhone; iOS 9.2; Scale/2.00)"
177.38.200.209 - - [01/Mar/2016:11:43:04 -0300] "POST /user/login HTTP/1.1" 200 2887 "-" "Guardioes da Saude/1.1.2 (iPhone; iOS 9.2; Scale/2.00)"
177.38.200.209 - - [01/Mar/2016:11:43:06 -0300] "GET /user/lookup/ HTTP/1.1" 200 2830 "-" "Guardioes da Saude/1.1.2 (iPhone; iOS 9.2; Scale/2.00)"
177.38.200.209 - - [01/Mar/2016:11:43:06 -0300] "GET /news/get HTTP/1.1" 200 66772 "-" "Guardioes da Saude/1.1.2 (iPhone; iOS 9.2; Scale/2.00)"
177.38.200.209 - - [01/Mar/2016:11:43:06 -0300] "GET /symptoms HTTP/1.1" 304 0 "-" "Guardioes da Saude/1.1.2 (iPhone; iOS 9.2; Scale/2.00)"
177.38.200.209 - - [01/Mar/2016:11:43:07 -0300] "GET /news/get HTTP/1.1" 200 66772 "-" "Guardioes da Saude/1.1.2 (iPhone; iOS 9.2; Scale/2.00)"
177.38.200.209 - - [01/Mar/2016:11:43:14 -0300] "GET /content/upas.json HTTP/1.1" 200 104519 "-" "Guardioes da Saude/1.1.2 (iPhone; iOS 9.2; Scale/2.00)"
177.38.200.209 - - [01/Mar/2016:11:43:16 -0300] "POST /user/login HTTP/1.1" 200 1008 "-" "Dalvik/2.1.0 (Linux; U; Android 5.1; Samsung Galaxy S6 - 5.1.0 - API 22 - 1440x2560 Build/LMY47D)"
179.80.98.11 - - [01/Mar/2016:11:43:16 -0300] "GET /user/survey/summary HTTP/1.1" 200 73 "-" "Guardioes da Saude/1.1.2 (iPhone; iOS 9.2.1; Scale/2.00)"
179.80.98.11 - - [01/Mar/2016:11:43:17 -0300] "GET /user/calendar/month?&month=3&year=2016 HTTP/1.1" 200 36 "-" "Guardioes da Saude/1.1.2 (iPhone; iOS 9.2.1; Scale/2.00)"
179.80.98.11 - - [01/Mar/2016:11:43:17 -0300] "GET /user/calendar/year?&year=2016 HTTP/1.1" 200 36 "-" "Guardioes da Saude/1.1.2 (iPhone; iOS 9.2.1; Scale/2.00)"
179.80.98.11 - - [01/Mar/2016:11:43:36 -0300] "POST /survey/create HTTP/1.1" 200 864 "-" "Guardioes da Saude/1.1.2 (iPhone; iOS 9.2.1; Scale/2.00)"
177.38.200.209 - - [01/Mar/2016:11:43:39 -0300] "GET /content/upas.json HTTP/1.1" 200 104519 "-" "Dalvik/2.1.0 (Linux; U; Android 5.1; Samsung Galaxy S6 - 5.1.0 - API 22 - 1440x2560 Build/LMY47D)"
179.80.98.11 - - [01/Mar/2016:11:43:45 -0300] "GET /user/lookup/ HTTP/1.1" 200 2011 "-" "Guardioes da Saude/1.1.2 (iPhone; iOS 9.2.1; Scale/2.00)"
179.80.98.11 - - [01/Mar/2016:11:43:45 -0300] "GET /symptoms HTTP/1.1" 304 0 "-" "Guardioes da Saude/1.1.2 (iPhone; iOS 9.2.1; Scale/2.00)"
179.80.98.11 - - [01/Mar/2016:11:43:46 -0300] "GET /news/get HTTP/1.1" 200 66772 "-" "Guardioes da Saude/1.1.2 (iPhone; iOS 9.2.1; Scale/2.00)"
179.80.98.11 - - [01/Mar/2016:11:43:48 -0300] "GET /surveys/l?lat=-5.041375&lon=-42.815749 HTTP/1.1" 200 838 "-" "Guardioes da Saude/1.1.2 (iPhone; iOS 9.2.1; Scale/2.00)"
179.80.98.11 - - [01/Mar/2016:11:43:49 -0300] "GET /surveys/summary?lat=-5.041375081059561&lon=-42.81574895609432 HTTP/1.1" 200 402 "-" "Guardioes da Saude/1.1.2 (iPhone; iOS 9.2.1; Scale/2.00)"
179.80.98.11 - - [01/Mar/2016:11:43:50 -0300] "GET /user/survey/summary HTTP/1.1" 200 73 "-" "Guardioes da Saude/1.1.2 (iPhone; iOS 9.2.1; Scale/2.00)"
179.80.98.11 - - [01/Mar/2016:11:43:51 -0300] "GET /user/calendar/year?&year=2016 HTTP/1.1" 200 158 "-" "Guardioes da Saude/1.1.2 (iPhone; iOS 9.2.1; Scale/2.00)"
179.80.98.11 - - [01/Mar/2016:11:43:51 -0300] "GET /user/calendar/month?&month=3&year=2016 HTTP/1.1" 200 178 "-" "Guardioes da Saude/1.1.2 (iPhone; iOS 9.2.1; Scale/2.00)"
177.38.200.209 - - [01/Mar/2016:11:44:16 -0300] "GET /content/upas.json HTTP/1.1" 200 104519 "-" "Dalvik/2.1.0 (Linux; U; Android 5.1; Samsung Galaxy S6 - 5.1.0 - API 22 - 1440x2560 Build/LMY47D)"
164.85.23.108 - - [01/Mar/2016:11:44:29 -0300] "GET /user/get?fb=null HTTP/1.1" 200 34 "-" "Dalvik/1.6.0 (Linux; U; Android 4.4.4; SM-G360M Build/KTU84P)"
164.85.23.108 - - [01/Mar/2016:11:44:30 -0300] "GET /user/get?fb=10204005628460773 HTTP/1.1" 200 34 "-" "Dalvik/1.6.0 (Linux; U; Android 4.4.4; SM-G360M Build/KTU84P)"
177.38.200.209 - - [01/Mar/2016:11:45:19 -0300] "POST /user/login HTTP/1.1" 200 1008 "-" "Dalvik/2.1.0 (Linux; U; Android 6.0; XT1069 Build/MPB24.65-34)"
177.38.200.209 - - [01/Mar/2016:11:45:20 -0300] "GET /content/upas.json HTTP/1.1" 200 104519 "-" "Dalvik/2.1.0 (Linux; U; Android 5.1; Samsung Galaxy S6 - 5.1.0 - API 22 - 1440x2560 Build/LMY47D)"
177.38.200.209 - - [01/Mar/2016:11:46:18 -0300] "GET /user/household/56d4ca5acbe1d4881f2e4551 HTTP/1.1" 304 0 "-" "Guardioes da Saude/1.1.3 (iPhone; iOS 9.2.1; Scale/2.00)"
177.38.200.209 - - [01/Mar/2016:11:46:24 -0300] "GET /content/upas.json HTTP/1.1" 200 104519 "-" "Guardioes da Saude/1.1.3 (iPhone; iOS 9.2.1; Scale/2.00)"
177.38.200.209 - - [01/Mar/2016:11:48:31 -0300] "GET /user/lookup/ HTTP/1.1" 200 961 "-" "Dalvik/2.1.0 (Linux; U; Android 5.1; Samsung Galaxy S6 - 5.1.0 - API 22 - 1440x2560 Build/LMY47D)"
177.38.200.209 - - [01/Mar/2016:11:48:39 -0300] "GET /content/upas.json HTTP/1.1" 200 104519 "-" "Dalvik/2.1.0 (Linux; U; Android 5.1; Samsung Galaxy S6 - 5.1.0 - API 22 - 1440x2560 Build/LMY47D)"
177.38.200.209 - - [01/Mar/2016:11:50:55 -0300] "GET /content/upas.json HTTP/1.1" 200 104519 "-" "Dalvik/2.1.0 (Linux; U; Android 5.1; Samsung Galaxy S6 - 5.1.0 - API 22 - 1440x2560 Build/LMY47D)"
177.38.200.209 - - [01/Mar/2016:11:56:58 -0300] "GET /user/lookup/ HTTP/1.1" 200 961 "-" "Dalvik/2.1.0 (Linux; U; Android 5.1; Samsung Galaxy S6 - 5.1.0 - API 22 - 1440x2560 Build/LMY47D)"
177.38.200.209 - - [01/Mar/2016:11:57:12 -0300] "GET /content/upas.json HTTP/1.1" 200 104519 "-" "Dalvik/2.1.0 (Linux; U; Android 5.1; Samsung Galaxy S6 - 5.1.0 - API 22 - 1440x2560 Build/LMY47D)"
177.38.200.209 - - [01/Mar/2016:11:58:05 -0300] "OPTIONS /search/cities?limit=5 HTTP/1.1" 204 0 "http://guardioesdasaude.org/" "Mozilla/5.0 (Macintosh; Intel Mac OS X 10_10_5) AppleWebKit/537.36 (KHTML, like Gecko) Chrome/48.0.2564.116 Safari/537.36"
177.38.200.209 - - [01/Mar/2016:11:58:05 -0300] "GET /search/cities?limit=5 HTTP/1.1" 304 0 "http://guardioesdasaude.org/" "Mozilla/5.0 (Macintosh; Intel Mac OS X 10_10_5) AppleWebKit/537.36 (KHTML, like Gecko) Chrome/48.0.2564.116 Safari/537.36"
177.38.200.209 - - [01/Mar/2016:11:59:07 -0300] "GET /search/cities?limit=5 HTTP/1.1" 304 0 "http://guardioesdasaude.org/" "Mozilla/5.0 (Macintosh; Intel Mac OS X 10_10_5) AppleWebKit/537.36 (KHTML, like Gecko) Chrome/48.0.2564.116 Safari/537.36"
177.38.200.209 - - [01/Mar/2016:11:59:07 -0300] "GET /search/cities?limit=5 HTTP/1.1" 304 0 "http://guardioesdasaude.org/" "Mozilla/5.0 (Macintosh; Intel Mac OS X 10_10_5) AppleWebKit/537.36 (KHTML, like Gecko) Chrome/48.0.2564.116 Safari/537.36"
191.247.224.44 - - [01/Mar/2016:11:59:36 -0300] "GET /user/get?fb=10201416988103529 HTTP/1.1" 200 34 "-" "Guardioes da Saude/1.1.2 (iPhone; iOS 9.2.1; Scale/3.00)"
191.247.224.44 - - [01/Mar/2016:11:59:57 -0300] "GET /user/get?fb=10201416988103529 HTTP/1.1" 304 0 "-" "Guardioes da Saude/1.1.2 (iPhone; iOS 9.2.1; Scale/3.00)"
177.38.200.209 - - [01/Mar/2016:12:00:21 -0300] "GET /user/lookup/ HTTP/1.1" 200 961 "-" "Dalvik/2.1.0 (Linux; U; Android 5.1; Samsung Galaxy S6 - 5.1.0 - API 22 - 1440x2560 Build/LMY47D)"
191.247.224.44 - - [01/Mar/2016:12:00:27 -0300] "POST /user/create HTTP/1.1" 200 871 "-" "Guardioes da Saude/1.1.2 (iPhone; iOS 9.2.1; Scale/3.00)"
191.247.224.44 - - [01/Mar/2016:12:00:28 -0300] "GET /user/lookup/ HTTP/1.1" 200 1173 "-" "Guardioes da Saude/1.1.2 (iPhone; iOS 9.2.1; Scale/3.00)"
191.247.224.44 - - [01/Mar/2016:12:00:28 -0300] "GET /symptoms HTTP/1.1" 200 3570 "-" "Guardioes da Saude/1.1.2 (iPhone; iOS 9.2.1; Scale/3.00)"
191.247.224.44 - - [01/Mar/2016:12:00:29 -0300] "GET /news/get HTTP/1.1" 200 66771 "-" "Guardioes da Saude/1.1.2 (iPhone; iOS 9.2.1; Scale/3.00)"
191.247.224.44 - - [01/Mar/2016:12:00:34 -0300] "GET /surveys/l?lat=-15.800045&lon=-47.870080 HTTP/1.1" 200 1596 "-" "Guardioes da Saude/1.1.2 (iPhone; iOS 9.2.1; Scale/3.00)"
191.247.224.44 - - [01/Mar/2016:12:00:35 -0300] "GET /surveys/summary?lat=-15.80004506752519&lon=-47.87008001399883 HTTP/1.1" 200 421 "-" "Guardioes da Saude/1.1.2 (iPhone; iOS 9.2.1; Scale/3.00)"
177.38.200.209 - - [01/Mar/2016:12:00:39 -0300] "GET /content/upas.json HTTP/1.1" 200 104519 "-" "Dalvik/2.1.0 (Linux; U; Android 5.1; Samsung Galaxy S6 - 5.1.0 - API 22 - 1440x2560 Build/LMY47D)"
177.38.200.209 - - [01/Mar/2016:12:01:00 -0300] "GET /content/upas.json HTTP/1.1" 200 104519 "-" "Dalvik/2.1.0 (Linux; U; Android 5.1; Samsung Galaxy S6 - 5.1.0 - API 22 - 1440x2560 Build/LMY47D)"
177.38.200.209 - - [01/Mar/2016:12:03:36 -0300] "GET /content/upas.json HTTP/1.1" 200 104519 "-" "Mozilla/5.0 (Macintosh; Intel Mac OS X 10_11_2) AppleWebKit/537.36 (KHTML, like Gecko) Chrome/48.0.2564.116 Safari/537.36"
177.38.200.209 - - [01/Mar/2016:12:03:56 -0300] "OPTIONS /search/cities?limit=5 HTTP/1.1" 204 0 "http://guardioesdasaude.org/" "Mozilla/5.0 (Macintosh; Intel Mac OS X 10_10_5) AppleWebKit/601.4.4 (KHTML, like Gecko) Version/9.0.3 Safari/601.4.4"
177.38.200.209 - - [01/Mar/2016:12:03:56 -0300] "GET /search/cities?limit=5 HTTP/1.1" 304 0 "http://guardioesdasaude.org/" "Mozilla/5.0 (Macintosh; Intel Mac OS X 10_10_5) AppleWebKit/601.4.4 (KHTML, like Gecko) Version/9.0.3 Safari/601.4.4"
177.38.200.209 - - [01/Mar/2016:12:04:26 -0300] "OPTIONS /user/forgot-password HTTP/1.1" 204 0 "http://guardioesdasaude.org/esqueceu-senha" "Mozilla/5.0 (Macintosh; Intel Mac OS X 10_10_5) AppleWebKit/601.4.4 (KHTML, like Gecko) Version/9.0.3 Safari/601.4.4"
177.38.200.209 - - [01/Mar/2016:12:04:27 -0300] "POST /user/forgot-password HTTP/1.1" 200 66 "http://guardioesdasaude.org/esqueceu-senha" "Mozilla/5.0 (Macintosh; Intel Mac OS X 10_10_5) AppleWebKit/601.4.4 (KHTML, like Gecko) Version/9.0.3 Safari/601.4.4"
191.247.224.44 - - [01/Mar/2016:12:05:45 -0300] "POST /survey/create HTTP/1.1" 200 954 "-" "Guardioes da Saude/1.1.2 (iPhone; iOS 9.2.1; Scale/3.00)"
177.38.200.209 - - [01/Mar/2016:12:05:48 -0300] "OPTIONS /search/cities?limit=5 HTTP/1.1" 204 0 "http://guardioesdasaude.org/" "Mozilla/5.0 (Macintosh; Intel Mac OS X 10_10_5) AppleWebKit/537.36 (KHTML, like Gecko) Chrome/48.0.2564.116 Safari/537.36"
177.38.200.209 - - [01/Mar/2016:12:05:48 -0300] "OPTIONS /search/cities?limit=5 HTTP/1.1" 204 0 "http://guardioesdasaude.org/" "Mozilla/5.0 (Macintosh; Intel Mac OS X 10_10_5) AppleWebKit/537.36 (KHTML, like Gecko) Chrome/48.0.2564.116 Safari/537.36"
177.38.200.209 - - [01/Mar/2016:12:05:48 -0300] "GET /search/cities?limit=5 HTTP/1.1" 304 0 "http://guardioesdasaude.org/" "Mozilla/5.0 (Macintosh; Intel Mac OS X 10_10_5) AppleWebKit/537.36 (KHTML, like Gecko) Chrome/48.0.2564.116 Safari/537.36"
177.38.200.209 - - [01/Mar/2016:12:05:48 -0300] "GET /search/cities?limit=5 HTTP/1.1" 304 0 "http://guardioesdasaude.org/" "Mozilla/5.0 (Macintosh; Intel Mac OS X 10_10_5) AppleWebKit/537.36 (KHTML, like Gecko) Chrome/48.0.2564.116 Safari/537.36"
191.247.224.44 - - [01/Mar/2016:12:05:49 -0300] "GET /user/lookup/ HTTP/1.1" 200 2140 "-" "Guardioes da Saude/1.1.2 (iPhone; iOS 9.2.1; Scale/3.00)"
191.247.224.44 - - [01/Mar/2016:12:05:50 -0300] "GET /symptoms HTTP/1.1" 304 0 "-" "Guardioes da Saude/1.1.2 (iPhone; iOS 9.2.1; Scale/3.00)"
177.38.200.209 - - [01/Mar/2016:12:05:50 -0300] "GET /search/cities?limit=5 HTTP/1.1" 304 0 "http://guardioesdasaude.org/" "Mozilla/5.0 (Macintosh; Intel Mac OS X 10_10_5) AppleWebKit/537.36 (KHTML, like Gecko) Chrome/48.0.2564.116 Safari/537.36"
191.247.224.44 - - [01/Mar/2016:12:05:51 -0300] "GET /news/get HTTP/1.1" 200 66772 "-" "Guardioes da Saude/1.1.2 (iPhone; iOS 9.2.1; Scale/3.00)"
191.247.224.44 - - [01/Mar/2016:12:05:59 -0300] "POST /survey/create HTTP/1.1" 200 936 "-" "Guardioes da Saude/1.1.2 (iPhone; iOS 9.2.1; Scale/3.00)"
191.247.224.44 - - [01/Mar/2016:12:06:03 -0300] "GET /user/lookup/ HTTP/1.1" 200 3081 "-" "Guardioes da Saude/1.1.2 (iPhone; iOS 9.2.1; Scale/3.00)"
191.247.224.44 - - [01/Mar/2016:12:06:04 -0300] "GET /symptoms HTTP/1.1" 304 0 "-" "Guardioes da Saude/1.1.2 (iPhone; iOS 9.2.1; Scale/3.00)"
191.247.224.44 - - [01/Mar/2016:12:06:06 -0300] "GET /news/get HTTP/1.1" 200 66772 "-" "Guardioes da Saude/1.1.2 (iPhone; iOS 9.2.1; Scale/3.00)"
177.38.200.209 - - [01/Mar/2016:12:06:07 -0300] "OPTIONS /user/login HTTP/1.1" 204 0 "http://guardioesdasaude.org/login/email" "Mozilla/5.0 (Macintosh; Intel Mac OS X 10_10_5) AppleWebKit/537.36 (KHTML, like Gecko) Chrome/48.0.2564.116 Safari/537.36"
177.38.200.209 - - [01/Mar/2016:12:06:07 -0300] "POST /user/login HTTP/1.1" 200 55 "http://guardioesdasaude.org/login/email" "Mozilla/5.0 (Macintosh; Intel Mac OS X 10_10_5) AppleWebKit/537.36 (KHTML, like Gecko) Chrome/48.0.2564.116 Safari/537.36"
191.247.224.44 - - [01/Mar/2016:12:06:09 -0300] "GET /user/lookup/ HTTP/1.1" 200 3081 "-" "Guardioes da Saude/1.1.2 (iPhone; iOS 9.2.1; Scale/3.00)"
191.247.224.44 - - [01/Mar/2016:12:06:10 -0300] "GET /symptoms HTTP/1.1" 304 0 "-" "Guardioes da Saude/1.1.2 (iPhone; iOS 9.2.1; Scale/3.00)"
191.247.224.44 - - [01/Mar/2016:12:06:12 -0300] "GET /news/get HTTP/1.1" 200 66772 "-" "Guardioes da Saude/1.1.2 (iPhone; iOS 9.2.1; Scale/3.00)"
177.38.200.209 - - [01/Mar/2016:12:06:15 -0300] "POST /user/login HTTP/1.1" 200 55 "http://guardioesdasaude.org/login/email" "Mozilla/5.0 (Macintosh; Intel Mac OS X 10_10_5) AppleWebKit/537.36 (KHTML, like Gecko) Chrome/48.0.2564.116 Safari/537.36"
177.38.200.209 - - [01/Mar/2016:12:06:18 -0300] "POST /user/login HTTP/1.1" 200 55 "http://guardioesdasaude.org/login/email" "Mozilla/5.0 (Macintosh; Intel Mac OS X 10_10_5) AppleWebKit/537.36 (KHTML, like Gecko) Chrome/48.0.2564.116 Safari/537.36"
177.38.200.209 - - [01/Mar/2016:12:06:25 -0300] "OPTIONS /search/cities?limit=5 HTTP/1.1" 204 0 "http://guardioesdasaude.org/" "Mozilla/5.0 (Macintosh; Intel Mac OS X 10_10_5) AppleWebKit/537.36 (KHTML, like Gecko) Chrome/48.0.2564.116 Safari/537.36"
177.38.200.209 - - [01/Mar/2016:12:06:25 -0300] "GET /search/cities?limit=5 HTTP/1.1" 304 0 "http://guardioesdasaude.org/" "Mozilla/5.0 (Macintosh; Intel Mac OS X 10_10_5) AppleWebKit/537.36 (KHTML, like Gecko) Chrome/48.0.2564.116 Safari/537.36"
177.38.200.209 - - [01/Mar/2016:12:06:46 -0300] "OPTIONS /user/login HTTP/1.1" 204 0 "http://guardioesdasaude.org/login/email" "Mozilla/5.0 (Macintosh; Intel Mac OS X 10_10_5) AppleWebKit/537.36 (KHTML, like Gecko) Chrome/48.0.2564.116 Safari/537.36"
177.38.200.209 - - [01/Mar/2016:12:06:47 -0300] "POST /user/login HTTP/1.1" 200 55 "http://guardioesdasaude.org/login/email" "Mozilla/5.0 (Macintosh; Intel Mac OS X 10_10_5) AppleWebKit/537.36 (KHTML, like Gecko) Chrome/48.0.2564.116 Safari/537.36"
191.247.224.44 - - [01/Mar/2016:12:07:07 -0300] "GET /content/upas.json HTTP/1.1" 200 104519 "-" "Guardioes da Saude/1.1.2 (iPhone; iOS 9.2.1; Scale/3.00)"
177.38.200.209 - - [01/Mar/2016:12:12:25 -0300] "GET /user/get?fb=10153906661824787 HTTP/1.1" 304 0 "-" "Guardioes da Saude/1.1.2 (iPhone; iOS 9.2; Scale/2.00)"
177.38.200.209 - - [01/Mar/2016:12:12:26 -0300] "POST /user/login HTTP/1.1" 200 2887 "-" "Guardioes da Saude/1.1.2 (iPhone; iOS 9.2; Scale/2.00)"
177.38.200.209 - - [01/Mar/2016:12:12:26 -0300] "GET /news/get HTTP/1.1" 200 66772 "-" "Guardioes da Saude/1.1.2 (iPhone; iOS 9.2; Scale/2.00)"
177.38.200.209 - - [01/Mar/2016:12:12:27 -0300] "GET /user/lookup/ HTTP/1.1" 200 2830 "-" "Guardioes da Saude/1.1.2 (iPhone; iOS 9.2; Scale/2.00)"
177.38.200.209 - - [01/Mar/2016:12:12:27 -0300] "GET /symptoms HTTP/1.1" 304 0 "-" "Guardioes da Saude/1.1.2 (iPhone; iOS 9.2; Scale/2.00)"
177.38.200.209 - - [01/Mar/2016:12:12:28 -0300] "GET /news/get HTTP/1.1" 200 66772 "-" "Guardioes da Saude/1.1.2 (iPhone; iOS 9.2; Scale/2.00)"
177.38.200.209 - - [01/Mar/2016:12:14:18 -0300] "GET /surveys/l?lat=-8.086760&lon=-34.892350 HTTP/1.1" 200 7809 "-" "Guardioes da Saude/1.1.2 (iPhone; iOS 9.2; Scale/2.00)"
177.38.200.209 - - [01/Mar/2016:12:14:18 -0300] "GET /surveys/summary?lat=-8.086759608642334&lon=-34.89235038965895 HTTP/1.1" 200 366 "-" "Guardioes da Saude/1.1.2 (iPhone; iOS 9.2; Scale/2.00)"
177.38.200.209 - - [01/Mar/2016:12:16:27 -0300] "OPTIONS /search/cities?limit=5 HTTP/1.1" 204 0 "http://guardioesdasaude.org/" "Mozilla/5.0 (Macintosh; Intel Mac OS X 10_10_5) AppleWebKit/537.36 (KHTML, like Gecko) Chrome/48.0.2564.116 Safari/537.36"
177.38.200.209 - - [01/Mar/2016:12:16:27 -0300] "GET /search/cities?limit=5 HTTP/1.1" 200 320 "http://guardioesdasaude.org/" "Mozilla/5.0 (Macintosh; Intel Mac OS X 10_10_5) AppleWebKit/537.36 (KHTML, like Gecko) Chrome/48.0.2564.116 Safari/537.36"
177.38.200.209 - - [01/Mar/2016:12:16:44 -0300] "OPTIONS /user/get?fb=10153906661824787 HTTP/1.1" 204 0 "http://guardioesdasaude.org/login" "Mozilla/5.0 (Macintosh; Intel Mac OS X 10_10_5) AppleWebKit/537.36 (KHTML, like Gecko) Chrome/48.0.2564.116 Safari/537.36"
177.38.200.209 - - [01/Mar/2016:12:16:44 -0300] "GET /user/get?fb=10153906661824787 HTTP/1.1" 200 2826 "http://guardioesdasaude.org/login" "Mozilla/5.0 (Macintosh; Intel Mac OS X 10_10_5) AppleWebKit/537.36 (KHTML, like Gecko) Chrome/48.0.2564.116 Safari/537.36"
177.38.200.209 - - [01/Mar/2016:12:16:44 -0300] "OPTIONS /user/login HTTP/1.1" 204 0 "http://guardioesdasaude.org/login" "Mozilla/5.0 (Macintosh; Intel Mac OS X 10_10_5) AppleWebKit/537.36 (KHTML, like Gecko) Chrome/48.0.2564.116 Safari/537.36"
177.38.200.209 - - [01/Mar/2016:12:16:45 -0300] "POST /user/login HTTP/1.1" 200 2887 "http://guardioesdasaude.org/login" "Mozilla/5.0 (Macintosh; Intel Mac OS X 10_10_5) AppleWebKit/537.36 (KHTML, like Gecko) Chrome/48.0.2564.116 Safari/537.36"
177.38.200.209 - - [01/Mar/2016:12:16:45 -0300] "GET /search/cities?limit=5 HTTP/1.1" 304 0 "http://guardioesdasaude.org/health-daily" "Mozilla/5.0 (Macintosh; Intel Mac OS X 10_10_5) AppleWebKit/537.36 (KHTML, like Gecko) Chrome/48.0.2564.116 Safari/537.36"
177.38.200.209 - - [01/Mar/2016:12:16:45 -0300] "OPTIONS /user/survey/summary HTTP/1.1" 204 0 "http://guardioesdasaude.org/health-daily" "Mozilla/5.0 (Macintosh; Intel Mac OS X 10_10_5) AppleWebKit/537.36 (KHTML, like Gecko) Chrome/48.0.2564.116 Safari/537.36"
177.38.200.209 - - [01/Mar/2016:12:16:46 -0300] "OPTIONS /user/calendar/month?month=3&year=2016 HTTP/1.1" 204 0 "http://guardioesdasaude.org/health-daily" "Mozilla/5.0 (Macintosh; Intel Mac OS X 10_10_5) AppleWebKit/537.36 (KHTML, like Gecko) Chrome/48.0.2564.116 Safari/537.36"
177.38.200.209 - - [01/Mar/2016:12:16:46 -0300] "OPTIONS /user/calendar/year?year=2016 HTTP/1.1" 204 0 "http://guardioesdasaude.org/health-daily" "Mozilla/5.0 (Macintosh; Intel Mac OS X 10_10_5) AppleWebKit/537.36 (KHTML, like Gecko) Chrome/48.0.2564.116 Safari/537.36"
177.38.200.209 - - [01/Mar/2016:12:16:46 -0300] "OPTIONS /user/calendar/month?month=2&year=2016 HTTP/1.1" 204 0 "http://guardioesdasaude.org/health-daily" "Mozilla/5.0 (Macintosh; Intel Mac OS X 10_10_5) AppleWebKit/537.36 (KHTML, like Gecko) Chrome/48.0.2564.116 Safari/537.36"
177.38.200.209 - - [01/Mar/2016:12:16:46 -0300] "GET /user/survey/summary HTTP/1.1" 200 73 "http://guardioesdasaude.org/health-daily" "Mozilla/5.0 (Macintosh; Intel Mac OS X 10_10_5) AppleWebKit/537.36 (KHTML, like Gecko) Chrome/48.0.2564.116 Safari/537.36"
177.38.200.209 - - [01/Mar/2016:12:16:46 -0300] "GET /search/cities?limit=5 HTTP/1.1" 304 0 "http://guardioesdasaude.org/health-daily" "Mozilla/5.0 (Macintosh; Intel Mac OS X 10_10_5) AppleWebKit/537.36 (KHTML, like Gecko) Chrome/48.0.2564.116 Safari/537.36"
177.38.200.209 - - [01/Mar/2016:12:16:46 -0300] "GET /user/calendar/month?month=3&year=2016 HTTP/1.1" 200 36 "http://guardioesdasaude.org/health-daily" "Mozilla/5.0 (Macintosh; Intel Mac OS X 10_10_5) AppleWebKit/537.36 (KHTML, like Gecko) Chrome/48.0.2564.116 Safari/537.36"
177.38.200.209 - - [01/Mar/2016:12:16:46 -0300] "GET /user/calendar/year?year=2016 HTTP/1.1" 200 158 "http://guardioesdasaude.org/health-daily" "Mozilla/5.0 (Macintosh; Intel Mac OS X 10_10_5) AppleWebKit/537.36 (KHTML, like Gecko) Chrome/48.0.2564.116 Safari/537.36"
177.38.200.209 - - [01/Mar/2016:12:16:46 -0300] "GET /user/calendar/month?month=2&year=2016 HTTP/1.1" 200 320 "http://guardioesdasaude.org/health-daily" "Mozilla/5.0 (Macintosh; Intel Mac OS X 10_10_5) AppleWebKit/537.36 (KHTML, like Gecko) Chrome/48.0.2564.116 Safari/537.36"
177.38.200.209 - - [01/Mar/2016:12:16:46 -0300] "OPTIONS /user/chart/month?month=3&year=2016 HTTP/1.1" 204 0 "http://guardioesdasaude.org/health-daily" "Mozilla/5.0 (Macintosh; Intel Mac OS X 10_10_5) AppleWebKit/537.36 (KHTML, like Gecko) Chrome/48.0.2564.116 Safari/537.36"
177.38.200.209 - - [01/Mar/2016:12:16:46 -0300] "GET /user/chart/month?month=3&year=2016 HTTP/1.1" 200 36 "http://guardioesdasaude.org/health-daily" "Mozilla/5.0 (Macintosh; Intel Mac OS X 10_10_5) AppleWebKit/537.36 (KHTML, like Gecko) Chrome/48.0.2564.116 Safari/537.36"
177.38.200.209 - - [01/Mar/2016:12:16:51 -0300] "OPTIONS /surveys/summary?lat=-8.0867646&lon=-34.8921241 HTTP/1.1" 204 0 "http://guardioesdasaude.org/health-map" "Mozilla/5.0 (Macintosh; Intel Mac OS X 10_10_5) AppleWebKit/537.36 (KHTML, like Gecko) Chrome/48.0.2564.116 Safari/537.36"
177.38.200.209 - - [01/Mar/2016:12:16:51 -0300] "OPTIONS /surveys/l?lat=-8.0867646&lon=-34.8921241 HTTP/1.1" 204 0 "http://guardioesdasaude.org/health-map" "Mozilla/5.0 (Macintosh; Intel Mac OS X 10_10_5) AppleWebKit/537.36 (KHTML, like Gecko) Chrome/48.0.2564.116 Safari/537.36"
177.38.200.209 - - [01/Mar/2016:12:16:51 -0300] "GET /surveys/l?lat=-8.0867646&lon=-34.8921241 HTTP/1.1" 200 7809 "http://guardioesdasaude.org/health-map" "Mozilla/5.0 (Macintosh; Intel Mac OS X 10_10_5) AppleWebKit/537.36 (KHTML, like Gecko) Chrome/48.0.2564.116 Safari/537.36"
177.38.200.209 - - [01/Mar/2016:12:16:51 -0300] "GET /surveys/summary?lat=-8.0867646&lon=-34.8921241 HTTP/1.1" 200 366 "http://guardioesdasaude.org/health-map" "Mozilla/5.0 (Macintosh; Intel Mac OS X 10_10_5) AppleWebKit/537.36 (KHTML, like Gecko) Chrome/48.0.2564.116 Safari/537.36"
177.38.200.209 - - [01/Mar/2016:12:18:09 -0300] "OPTIONS /surveys/l?q=S%C3%A3o%20Paulo HTTP/1.1" 204 0 "http://guardioesdasaude.org/health-map" "Mozilla/5.0 (Macintosh; Intel Mac OS X 10_10_5) AppleWebKit/537.36 (KHTML, like Gecko) Chrome/48.0.2564.116 Safari/537.36"
177.38.200.209 - - [01/Mar/2016:12:18:09 -0300] "OPTIONS /surveys/summary?q=S%C3%A3o%20Paulo HTTP/1.1" 204 0 "http://guardioesdasaude.org/health-map" "Mozilla/5.0 (Macintosh; Intel Mac OS X 10_10_5) AppleWebKit/537.36 (KHTML, like Gecko) Chrome/48.0.2564.116 Safari/537.36"
177.38.200.209 - - [01/Mar/2016:12:18:10 -0300] "GET /surveys/l?q=S%C3%A3o%20Paulo HTTP/1.1" 200 55 "http://guardioesdasaude.org/health-map" "Mozilla/5.0 (Macintosh; Intel Mac OS X 10_10_5) AppleWebKit/537.36 (KHTML, like Gecko) Chrome/48.0.2564.116 Safari/537.36"
177.38.200.209 - - [01/Mar/2016:12:18:10 -0300] "GET /surveys/summary?q=S%C3%A3o%20Paulo HTTP/1.1" 200 364 "http://guardioesdasaude.org/health-map" "Mozilla/5.0 (Macintosh; Intel Mac OS X 10_10_5) AppleWebKit/537.36 (KHTML, like Gecko) Chrome/48.0.2564.116 Safari/537.36"
177.38.200.209 - - [01/Mar/2016:12:18:31 -0300] "GET /search/cities?limit=5 HTTP/1.1" 200 320 "http://guardioesdasaude.org/" "Mozilla/5.0 (Macintosh; Intel Mac OS X 10_10_5) AppleWebKit/537.36 (KHTML, like Gecko) Chrome/48.0.2564.116 Safari/537.36"
177.38.200.209 - - [01/Mar/2016:12:18:39 -0300] "GET /user/calendar/month?month=3&year=2016 HTTP/1.1" 304 0 "http://guardioesdasaude.org/health-daily" "Mozilla/5.0 (Macintosh; Intel Mac OS X 10_10_5) AppleWebKit/537.36 (KHTML, like Gecko) Chrome/48.0.2564.116 Safari/537.36"
177.38.200.209 - - [01/Mar/2016:12:18:39 -0300] "GET /user/survey/summary HTTP/1.1" 304 0 "http://guardioesdasaude.org/health-daily" "Mozilla/5.0 (Macintosh; Intel Mac OS X 10_10_5) AppleWebKit/537.36 (KHTML, like Gecko) Chrome/48.0.2564.116 Safari/537.36"
177.38.200.209 - - [01/Mar/2016:12:18:39 -0300] "GET /user/calendar/year?year=2016 HTTP/1.1" 304 0 "http://guardioesdasaude.org/health-daily" "Mozilla/5.0 (Macintosh; Intel Mac OS X 10_10_5) AppleWebKit/537.36 (KHTML, like Gecko) Chrome/48.0.2564.116 Safari/537.36"
177.38.200.209 - - [01/Mar/2016:12:18:39 -0300] "GET /user/calendar/month?month=2&year=2016 HTTP/1.1" 304 0 "http://guardioesdasaude.org/health-daily" "Mozilla/5.0 (Macintosh; Intel Mac OS X 10_10_5) AppleWebKit/537.36 (KHTML, like Gecko) Chrome/48.0.2564.116 Safari/537.36"
177.38.200.209 - - [01/Mar/2016:12:18:39 -0300] "GET /search/cities?limit=5 HTTP/1.1" 304 0 "http://guardioesdasaude.org/health-daily" "Mozilla/5.0 (Macintosh; Intel Mac OS X 10_10_5) AppleWebKit/537.36 (KHTML, like Gecko) Chrome/48.0.2564.116 Safari/537.36"
177.38.200.209 - - [01/Mar/2016:12:18:39 -0300] "GET /user/chart/month?month=3&year=2016 HTTP/1.1" 304 0 "http://guardioesdasaude.org/health-daily" "Mozilla/5.0 (Macintosh; Intel Mac OS X 10_10_5) AppleWebKit/537.36 (KHTML, like Gecko) Chrome/48.0.2564.116 Safari/537.36"
177.38.200.209 - - [01/Mar/2016:12:18:39 -0300] "GET /user/chart/month?month=3&year=2016 HTTP/1.1" 304 0 "http://guardioesdasaude.org/health-daily" "Mozilla/5.0 (Macintosh; Intel Mac OS X 10_10_5) AppleWebKit/537.36 (KHTML, like Gecko) Chrome/48.0.2564.116 Safari/537.36"
177.38.200.209 - - [01/Mar/2016:12:18:42 -0300] "GET /search/cities?limit=5 HTTP/1.1" 304 0 "http://guardioesdasaude.org/health-tips" "Mozilla/5.0 (Macintosh; Intel Mac OS X 10_10_5) AppleWebKit/537.36 (KHTML, like Gecko) Chrome/48.0.2564.116 Safari/537.36"
177.38.200.209 - - [01/Mar/2016:12:18:50 -0300] "GET /content/places?lat=-8.0867646&lon=-34.8921241&radius=10000&type=pharmacy HTTP/1.1" 200 24035 "http://guardioesdasaude.org/health-tips" "Mozilla/5.0 (Macintosh; Intel Mac OS X 10_10_5) AppleWebKit/537.36 (KHTML, like Gecko) Chrome/48.0.2564.116 Safari/537.36"
177.38.200.209 - - [01/Mar/2016:12:19:04 -0300] "GET /content/upas.json HTTP/1.1" 200 104519 "http://guardioesdasaude.org/health-tips" "Mozilla/5.0 (Macintosh; Intel Mac OS X 10_10_5) AppleWebKit/537.36 (KHTML, like Gecko) Chrome/48.0.2564.116 Safari/537.36"
177.38.200.209 - - [01/Mar/2016:12:19:05 -0300] "GET /content/places?lat=-8.0867646&lon=-34.8921241&radius=10000&type=pharmacy HTTP/1.1" 200 24035 "http://guardioesdasaude.org/health-tips" "Mozilla/5.0 (Macintosh; Intel Mac OS X 10_10_5) AppleWebKit/537.36 (KHTML, like Gecko) Chrome/48.0.2564.116 Safari/537.36"
177.38.200.209 - - [01/Mar/2016:12:19:17 -0300] "GET /surveys/summary?lat=-8.0867646&lon=-34.8921241 HTTP/1.1" 304 0 "http://guardioesdasaude.org/health-map" "Mozilla/5.0 (Macintosh; Intel Mac OS X 10_10_5) AppleWebKit/537.36 (KHTML, like Gecko) Chrome/48.0.2564.116 Safari/537.36"
177.38.200.209 - - [01/Mar/2016:12:19:17 -0300] "GET /surveys/l?lat=-8.0867646&lon=-34.8921241 HTTP/1.1" 304 0 "http://guardioesdasaude.org/health-map" "Mozilla/5.0 (Macintosh; Intel Mac OS X 10_10_5) AppleWebKit/537.36 (KHTML, like Gecko) Chrome/48.0.2564.116 Safari/537.36"
177.38.200.209 - - [01/Mar/2016:12:19:36 -0300] "GET /surveys/l?lat=-8.086699&lon=-34.892282 HTTP/1.1" 200 7809 "-" "Guardioes da Saude/1.1.2 (iPhone; iOS 9.2; Scale/2.00)"
177.38.200.209 - - [01/Mar/2016:12:19:36 -0300] "GET /surveys/summary?lat=-8.086696833691537&lon=-34.89226832187544 HTTP/1.1" 200 366 "-" "Guardioes da Saude/1.1.2 (iPhone; iOS 9.2; Scale/2.00)"
191.247.225.45 - - [01/Mar/2016:12:21:00 -0300] "GET /user/get?gl=108277096950974735127 HTTP/1.1" 200 34 "-" "Dalvik/2.1.0 (Linux; U; Android 5.1; XT1040 Build/LPB23.13-35.5)"
191.247.225.45 - - [01/Mar/2016:12:21:19 -0300] "POST /user/create HTTP/1.1" 200 849 "-" "Dalvik/2.1.0 (Linux; U; Android 5.1; XT1040 Build/LPB23.13-35.5)"
191.247.225.45 - - [01/Mar/2016:12:21:20 -0300] "POST /user/login HTTP/1.1" 200 1223 "-" "Dalvik/2.1.0 (Linux; U; Android 5.1; XT1040 Build/LPB23.13-35.5)"
191.247.225.45 - - [01/Mar/2016:12:21:30 -0300] "GET /user/household/56d5b36f1d58e07322936524 HTTP/1.1" 200 34 "-" "Dalvik/2.1.0 (Linux; U; Android 5.1; XT1040 Build/LPB23.13-35.5)"
191.247.225.45 - - [01/Mar/2016:12:21:39 -0300] "POST /survey/create HTTP/1.1" 200 825 "-" "Dalvik/2.1.0 (Linux; U; Android 5.1; XT1040 Build/LPB23.13-35.5)"
201.37.163.124 - - [01/Mar/2016:12:25:15 -0300] "OPTIONS /search/cities?limit=5 HTTP/1.1" 204 0 "http://guardioesdasaude.org/" "Mozilla/5.0 (Windows NT 6.3; WOW64) AppleWebKit/537.36 (KHTML, like Gecko) Chrome/48.0.2564.116 Safari/537.36"
201.37.163.124 - - [01/Mar/2016:12:25:16 -0300] "GET /search/cities?limit=5 HTTP/1.1" 200 320 "http://guardioesdasaude.org/" "Mozilla/5.0 (Windows NT 6.3; WOW64) AppleWebKit/537.36 (KHTML, like Gecko) Chrome/48.0.2564.116 Safari/537.36"
201.37.163.124 - - [01/Mar/2016:12:25:30 -0300] "GET /search/cities?limit=5 HTTP/1.1" 304 0 "http://guardioesdasaude.org/login" "Mozilla/5.0 (Windows NT 6.3; WOW64) AppleWebKit/537.36 (KHTML, like Gecko) Chrome/48.0.2564.116 Safari/537.36"
201.37.163.124 - - [01/Mar/2016:12:25:34 -0300] "GET /search/cities?limit=5 HTTP/1.1" 304 0 "http://guardioesdasaude.org/login" "Mozilla/5.0 (Windows NT 6.3; WOW64) AppleWebKit/537.36 (KHTML, like Gecko) Chrome/48.0.2564.116 Safari/537.36"
201.37.163.124 - - [01/Mar/2016:12:25:36 -0300] "GET /search/cities?limit=5 HTTP/1.1" 304 0 "http://guardioesdasaude.org/login" "Mozilla/5.0 (Windows NT 6.3; WOW64) AppleWebKit/537.36 (KHTML, like Gecko) Chrome/48.0.2564.116 Safari/537.36"
201.37.163.124 - - [01/Mar/2016:12:25:45 -0300] "GET /search/cities?limit=5 HTTP/1.1" 304 0 "http://guardioesdasaude.org/login" "Mozilla/5.0 (Windows NT 6.3; WOW64) AppleWebKit/537.36 (KHTML, like Gecko) Chrome/48.0.2564.116 Safari/537.36"
201.37.163.124 - - [01/Mar/2016:12:25:46 -0300] "GET /search/cities?limit=5 HTTP/1.1" 304 0 "http://guardioesdasaude.org/login" "Mozilla/5.0 (Windows NT 6.3; WOW64) AppleWebKit/537.36 (KHTML, like Gecko) Chrome/48.0.2564.116 Safari/537.36"
201.37.163.124 - - [01/Mar/2016:12:25:47 -0300] "GET /search/cities?limit=5 HTTP/1.1" 304 0 "http://guardioesdasaude.org/login" "Mozilla/5.0 (Windows NT 6.3; WOW64) AppleWebKit/537.36 (KHTML, like Gecko) Chrome/48.0.2564.116 Safari/537.36"
201.37.163.124 - - [01/Mar/2016:12:26:29 -0300] "OPTIONS /search/cities?limit=5 HTTP/1.1" 204 0 "http://guardioesdasaude.org/" "Mozilla/5.0 (Windows NT 6.3; WOW64) AppleWebKit/537.36 (KHTML, like Gecko) Chrome/48.0.2564.116 Safari/537.36"
201.37.163.124 - - [01/Mar/2016:12:26:33 -0300] "GET /search/cities?limit=5 HTTP/1.1" 304 0 "http://guardioesdasaude.org/" "Mozilla/5.0 (Windows NT 6.3; WOW64) AppleWebKit/537.36 (KHTML, like Gecko) Chrome/48.0.2564.116 Safari/537.36"
201.37.163.124 - - [01/Mar/2016:12:27:11 -0300] "GET /search/cities?limit=5 HTTP/1.1" 304 0 "http://guardioesdasaude.org/" "Mozilla/5.0 (Windows NT 6.3; WOW64) AppleWebKit/537.36 (KHTML, like Gecko) Chrome/48.0.2564.116 Safari/537.36"
189.9.35.189 - - [01/Mar/2016:12:27:14 -0300] "GET /user/get?fb=null HTTP/1.1" 200 34 "-" "Dalvik/2.1.0 (Linux; U; Android 5.1.1; SM-G920I Build/LMY47X)"
189.9.35.189 - - [01/Mar/2016:12:27:15 -0300] "GET /user/get?fb=758529704246780 HTTP/1.1" 200 2896 "-" "Dalvik/2.1.0 (Linux; U; Android 5.1.1; SM-G920I Build/LMY47X)"
189.9.35.189 - - [01/Mar/2016:12:27:16 -0300] "POST /user/login HTTP/1.1" 200 49 "-" "Dalvik/2.1.0 (Linux; U; Android 5.1.1; SM-G920I Build/LMY47X)"
177.38.200.209 - - [01/Mar/2016:12:27:28 -0300] "OPTIONS /surveys/l?q=Joboat%C3%A3o%20dos%20Guararapes HTTP/1.1" 204 0 "http://guardioesdasaude.org/health-map" "Mozilla/5.0 (Macintosh; Intel Mac OS X 10_10_5) AppleWebKit/537.36 (KHTML, like Gecko) Chrome/48.0.2564.116 Safari/537.36"
177.38.200.209 - - [01/Mar/2016:12:27:28 -0300] "OPTIONS /surveys/summary?q=Joboat%C3%A3o%20dos%20Guararapes HTTP/1.1" 204 0 "http://guardioesdasaude.org/health-map" "Mozilla/5.0 (Macintosh; Intel Mac OS X 10_10_5) AppleWebKit/537.36 (KHTML, like Gecko) Chrome/48.0.2564.116 Safari/537.36"
177.38.200.209 - - [01/Mar/2016:12:27:28 -0300] "GET /surveys/l?q=Joboat%C3%A3o%20dos%20Guararapes HTTP/1.1" 200 7844 "http://guardioesdasaude.org/health-map" "Mozilla/5.0 (Macintosh; Intel Mac OS X 10_10_5) AppleWebKit/537.36 (KHTML, like Gecko) Chrome/48.0.2564.116 Safari/537.36"
177.38.200.209 - - [01/Mar/2016:12:27:28 -0300] "GET /surveys/summary?q=Joboat%C3%A3o%20dos%20Guararapes HTTP/1.1" 200 389 "http://guardioesdasaude.org/health-map" "Mozilla/5.0 (Macintosh; Intel Mac OS X 10_10_5) AppleWebKit/537.36 (KHTML, like Gecko) Chrome/48.0.2564.116 Safari/537.36"
189.9.35.189 - - [01/Mar/2016:12:27:38 -0300] "POST /user/create HTTP/1.1" 200 255 "-" "Dalvik/2.1.0 (Linux; U; Android 5.1.1; SM-G920I Build/LMY47X)"
177.38.200.209 - - [01/Mar/2016:12:45:37 -0300] "OPTIONS /search/cities?limit=5 HTTP/1.1" 204 0 "http://guardioesdasaude.org/" "Mozilla/5.0 (Macintosh; Intel Mac OS X 10_10_5) AppleWebKit/537.36 (KHTML, like Gecko) Chrome/48.0.2564.116 Safari/537.36"
177.38.200.209 - - [01/Mar/2016:12:45:37 -0300] "GET /search/cities?limit=5 HTTP/1.1" 304 0 "http://guardioesdasaude.org/" "Mozilla/5.0 (Macintosh; Intel Mac OS X 10_10_5) AppleWebKit/537.36 (KHTML, like Gecko) Chrome/48.0.2564.116 Safari/537.36"
177.38.200.209 - - [01/Mar/2016:13:34:30 -0300] "GET /user/lookup/ HTTP/1.1" 200 961 "-" "Dalvik/2.1.0 (Linux; U; Android 5.1; Samsung Galaxy S6 - 5.1.0 - API 22 - 1440x2560 Build/LMY47D)"
177.38.200.209 - - [01/Mar/2016:13:34:43 -0300] "GET /content/upas.json HTTP/1.1" 200 104519 "-" "Dalvik/2.1.0 (Linux; U; Android 5.1; Samsung Galaxy S6 - 5.1.0 - API 22 - 1440x2560 Build/LMY47D)"
177.38.200.209 - - [01/Mar/2016:13:39:14 -0300] "GET /user/lookup/ HTTP/1.1" 200 961 "-" "Dalvik/2.1.0 (Linux; U; Android 5.1; Samsung Galaxy S6 - 5.1.0 - API 22 - 1440x2560 Build/LMY47D)"
177.38.200.209 - - [01/Mar/2016:13:39:51 -0300] "GET /content/upas.json HTTP/1.1" 200 104519 "-" "Dalvik/2.1.0 (Linux; U; Android 5.1; Samsung Galaxy S6 - 5.1.0 - API 22 - 1440x2560 Build/LMY47D)"
177.38.200.209 - - [01/Mar/2016:13:41:14 -0300] "GET /user/lookup/ HTTP/1.1" 200 961 "-" "Dalvik/2.1.0 (Linux; U; Android 5.1; Samsung Galaxy S6 - 5.1.0 - API 22 - 1440x2560 Build/LMY47D)"
177.38.200.209 - - [01/Mar/2016:13:41:35 -0300] "GET /content/upas.json HTTP/1.1" 200 104519 "-" "Dalvik/2.1.0 (Linux; U; Android 5.1; Samsung Galaxy S6 - 5.1.0 - API 22 - 1440x2560 Build/LMY47D)"
177.38.200.209 - - [01/Mar/2016:13:46:23 -0300] "GET /user/lookup/ HTTP/1.1" 200 961 "-" "Dalvik/2.1.0 (Linux; U; Android 5.1; Samsung Galaxy S6 - 5.1.0 - API 22 - 1440x2560 Build/LMY47D)"
177.38.200.209 - - [01/Mar/2016:13:47:55 -0300] "GET /content/upas.json HTTP/1.1" 200 104519 "-" "Dalvik/2.1.0 (Linux; U; Android 5.1; Samsung Galaxy S6 - 5.1.0 - API 22 - 1440x2560 Build/LMY47D)"
177.38.200.209 - - [01/Mar/2016:13:48:47 -0300] "GET /content/upas.json HTTP/1.1" 200 104519 "-" "Dalvik/2.1.0 (Linux; U; Android 5.1; Samsung Galaxy S6 - 5.1.0 - API 22 - 1440x2560 Build/LMY47D)"
177.38.200.209 - - [01/Mar/2016:13:52:42 -0300] "GET /user/lookup/ HTTP/1.1" 200 961 "-" "Dalvik/2.1.0 (Linux; U; Android 5.1; Samsung Galaxy S6 - 5.1.0 - API 22 - 1440x2560 Build/LMY47D)"
177.38.200.209 - - [01/Mar/2016:13:52:45 -0300] "GET /user/lookup/ HTTP/1.1" 403 68 "-" "Guardioes da Saude/1.1.3 (iPhone; iOS 9.2.1; Scale/2.00)"
177.38.200.209 - - [01/Mar/2016:13:53:55 -0300] "GET /content/upas.json HTTP/1.1" 200 104519 "-" "Dalvik/2.1.0 (Linux; U; Android 5.1; Samsung Galaxy S6 - 5.1.0 - API 22 - 1440x2560 Build/LMY47D)"
177.38.200.209 - - [01/Mar/2016:13:57:55 -0300] "GET /user/lookup/ HTTP/1.1" 200 961 "-" "Dalvik/2.1.0 (Linux; U; Android 5.1; Samsung Galaxy S6 - 5.1.0 - API 22 - 1440x2560 Build/LMY47D)"
177.38.200.209 - - [01/Mar/2016:13:59:35 -0300] "GET /content/upas.json HTTP/1.1" 200 104519 "-" "Dalvik/2.1.0 (Linux; U; Android 5.1; Samsung Galaxy S6 - 5.1.0 - API 22 - 1440x2560 Build/LMY47D)"
177.38.200.209 - - [01/Mar/2016:14:02:17 -0300] "POST /user/login HTTP/1.1" 200 1185 "-" "Guardioes da Saude/1.1.3 (iPhone; iOS 9.2.1; Scale/2.00)"
177.38.200.209 - - [01/Mar/2016:14:02:20 -0300] "GET /user/household/56d4ca5acbe1d4881f2e4551 HTTP/1.1" 200 34 "-" "Guardioes da Saude/1.1.3 (iPhone; iOS 9.2.1; Scale/2.00)"
177.38.200.209 - - [01/Mar/2016:14:04:07 -0300] "GET /user/lookup/ HTTP/1.1" 200 1131 "-" "Guardioes da Saude/1.1.3 (iPhone; iOS 9.2.1; Scale/2.00)"
177.38.200.209 - - [01/Mar/2016:14:04:11 -0300] "GET /user/household/56d4ca5acbe1d4881f2e4551 HTTP/1.1" 304 0 "-" "Guardioes da Saude/1.1.3 (iPhone; iOS 9.2.1; Scale/2.00)"
177.38.200.209 - - [01/Mar/2016:14:05:22 -0300] "GET /user/lookup/ HTTP/1.1" 200 961 "-" "Dalvik/2.1.0 (Linux; U; Android 5.1; Samsung Galaxy S6 - 5.1.0 - API 22 - 1440x2560 Build/LMY47D)"
177.38.200.209 - - [01/Mar/2016:14:07:19 -0300] "GET /content/upas.json HTTP/1.1" 200 104519 "-" "Dalvik/2.1.0 (Linux; U; Android 5.1; Samsung Galaxy S6 - 5.1.0 - API 22 - 1440x2560 Build/LMY47D)"
177.38.200.209 - - [01/Mar/2016:14:07:59 -0300] "GET /user/lookup/ HTTP/1.1" 200 1131 "-" "Guardioes da Saude/1.1.3 (iPhone; iOS 9.2.1; Scale/2.00)"
177.38.200.209 - - [01/Mar/2016:14:08:03 -0300] "GET /user/household/56d4ca5acbe1d4881f2e4551 HTTP/1.1" 304 0 "-" "Guardioes da Saude/1.1.3 (iPhone; iOS 9.2.1; Scale/2.00)"
