177.38.200.177 - - [27/Jun/2016:14:24:29 -0300] "GET /user/calendar/day HTTP/1.1" 200 115 "https://guardioesdasaude.org/game/tutorial" "Mozilla/5.0 (Macintosh; Intel Mac OS X 10_11_5) AppleWebKit/601.6.17 (KHTML, like Gecko) Version/9.1.1 Safari/601.6.17"
177.38.200.177 - - [27/Jun/2016:14:24:29 -0300] "GET /user/lookup HTTP/1.1" 200 2777 "https://guardioesdasaude.org/game/tutorial" "Mozilla/5.0 (Macintosh; Intel Mac OS X 10_11_5) AppleWebKit/601.6.17 (KHTML, like Gecko) Version/9.1.1 Safari/601.6.17"
177.38.200.177 - - [27/Jun/2016:14:24:34 -0300] "GET /user/calendar/day HTTP/1.1" 200 115 "https://guardioesdasaude.org/game/home" "Mozilla/5.0 (Macintosh; Intel Mac OS X 10_11_5) AppleWebKit/601.6.17 (KHTML, like Gecko) Version/9.1.1 Safari/601.6.17"
177.38.200.177 - - [27/Jun/2016:14:24:34 -0300] "GET /user/lookup HTTP/1.1" 200 2779 "https://guardioesdasaude.org/game/tutorial" "Mozilla/5.0 (Macintosh; Intel Mac OS X 10_11_5) AppleWebKit/601.6.17 (KHTML, like Gecko) Version/9.1.1 Safari/601.6.17"
50.112.95.211 - - [27/Jun/2016:14:24:40 -0300] "GET / HTTP/1.0" 200 11894 "-" "NewRelicPinger/1.0 (954132)"
54.247.188.179 - - [27/Jun/2016:14:25:34 -0300] "GET / HTTP/1.0" 200 11894 "-" "NewRelicPinger/1.0 (954132)"
184.73.237.85 - - [27/Jun/2016:14:25:53 -0300] "GET / HTTP/1.0" 200 11894 "-" "NewRelicPinger/1.0 (954132)"
54.251.34.67 - - [27/Jun/2016:14:26:01 -0300] "GET / HTTP/1.0" 200 11894 "-" "NewRelicPinger/1.0 (954132)"
54.248.250.232 - - [27/Jun/2016:14:26:32 -0300] "GET / HTTP/1.0" 200 11894 "-" "NewRelicPinger/1.0 (954132)"
177.38.200.177 - - [27/Jun/2016:14:26:44 -0300] "GET /user/get?fb=10153906661824787 HTTP/1.1" 200 11988 "-" "Guardioes da Saude/2.0 (iPhone; iOS 9.3.2; Scale/2.00)"
177.38.200.177 - - [27/Jun/2016:14:26:44 -0300] "POST /user/login HTTP/1.1" 200 12008 "-" "Guardioes da Saude/2.0 (iPhone; iOS 9.3.2; Scale/2.00)"
177.38.200.177 - - [27/Jun/2016:14:26:44 -0300] "GET /user/calendar/day?&day=27&month=6&year=2016 HTTP/1.1" 200 115 "-" "Guardioes da Saude/2.0 (iPhone; iOS 9.3.2; Scale/2.00)"
177.38.200.177 - - [27/Jun/2016:14:26:55 -0300] "GET /game/questions/?lang=pt_BR HTTP/1.1" 200 751 "https://guardioesdasaude.org/game/home" "Mozilla/5.0 (Macintosh; Intel Mac OS X 10_11_5) AppleWebKit/601.6.17 (KHTML, like Gecko) Version/9.1.1 Safari/601.6.17"
177.38.200.177 - - [27/Jun/2016:14:27:05 -0300] "OPTIONS /game/ HTTP/1.1" 204 0 "https://guardioesdasaude.org/game/home" "Mozilla/5.0 (Macintosh; Intel Mac OS X 10_11_5) AppleWebKit/601.6.17 (KHTML, like Gecko) Version/9.1.1 Safari/601.6.17"
177.38.200.177 - - [27/Jun/2016:14:27:05 -0300] "POST /game/ HTTP/1.1" 200 165 "https://guardioesdasaude.org/game/home" "Mozilla/5.0 (Macintosh; Intel Mac OS X 10_11_5) AppleWebKit/601.6.17 (KHTML, like Gecko) Version/9.1.1 Safari/601.6.17"
177.38.200.177 - - [27/Jun/2016:14:27:05 -0300] "OPTIONS /user/update HTTP/1.1" 204 0 "https://guardioesdasaude.org/game/home" "Mozilla/5.0 (Macintosh; Intel Mac OS X 10_11_5) AppleWebKit/601.6.17 (KHTML, like Gecko) Version/9.1.1 Safari/601.6.17"
177.38.200.177 - - [27/Jun/2016:14:27:05 -0300] "POST /user/update HTTP/1.1" 200 86 "https://guardioesdasaude.org/game/home" "Mozilla/5.0 (Macintosh; Intel Mac OS X 10_11_5) AppleWebKit/601.6.17 (KHTML, like Gecko) Version/9.1.1 Safari/601.6.17"
50.112.95.211 - - [27/Jun/2016:14:27:10 -0300] "GET / HTTP/1.0" 200 11894 "-" "NewRelicPinger/1.0 (954132)"
177.38.200.177 - - [27/Jun/2016:14:27:30 -0300] "GET /user/calendar/day?&day=27&month=6&year=2016 HTTP/1.1" 200 115 "-" "Guardioes da Saude/2.0 (iPhone; iOS 9.3.2; Scale/2.00)"
177.38.200.177 - - [27/Jun/2016:14:27:32 -0300] "GET /user/household/56d89780852235370d360ea6 HTTP/1.1" 200 1946 "-" "Guardioes da Saude/2.0 (iPhone; iOS 9.3.2; Scale/2.00)"
177.38.200.177 - - [27/Jun/2016:14:27:32 -0300] "GET /user/survey/summary HTTP/1.1" 200 74 "-" "Guardioes da Saude/2.0 (iPhone; iOS 9.3.2; Scale/2.00)"
177.38.200.177 - - [27/Jun/2016:14:27:32 -0300] "GET /user/calendar/month?&month=6&year=2016 HTTP/1.1" 200 174 "-" "Guardioes da Saude/2.0 (iPhone; iOS 9.3.2; Scale/2.00)"
177.38.200.177 - - [27/Jun/2016:14:27:32 -0300] "GET /user/calendar/year?&year=2016 HTTP/1.1" 200 146 "-" "Guardioes da Saude/2.0 (iPhone; iOS 9.3.2; Scale/2.00)"
177.38.200.177 - - [27/Jun/2016:14:27:41 -0300] "GET /user/household/56d89780852235370d360ea6 HTTP/1.1" 304 0 "-" "Guardioes da Saude/2.0 (iPhone; iOS 9.3.2; Scale/2.00)"
177.38.200.177 - - [27/Jun/2016:14:27:41 -0300] "GET /user/survey/summary HTTP/1.1" 200 74 "-" "Guardioes da Saude/2.0 (iPhone; iOS 9.3.2; Scale/2.00)"
177.38.200.177 - - [27/Jun/2016:14:27:41 -0300] "GET /user/calendar/month?&month=6&year=2016 HTTP/1.1" 200 174 "-" "Guardioes da Saude/2.0 (iPhone; iOS 9.3.2; Scale/2.00)"
177.38.200.177 - - [27/Jun/2016:14:27:41 -0300] "GET /user/calendar/year?&year=2016 HTTP/1.1" 200 146 "-" "Guardioes da Saude/2.0 (iPhone; iOS 9.3.2; Scale/2.00)"
177.38.200.177 - - [27/Jun/2016:14:27:49 -0300] "GET /surveys/l?lat=-8.086774&lon=-34.892287 HTTP/1.1" 200 445 "-" "Guardioes da Saude/2.0 (iPhone; iOS 9.3.2; Scale/2.00)"
177.38.200.177 - - [27/Jun/2016:14:27:49 -0300] "GET /surveys/summary?lat=-8.086425229685526&lon=-34.89202551802221 HTTP/1.1" 200 230 "-" "Guardioes da Saude/2.0 (iPhone; iOS 9.3.2; Scale/2.00)"
54.247.188.179 - - [27/Jun/2016:14:28:04 -0300] "GET / HTTP/1.0" 200 11894 "-" "NewRelicPinger/1.0 (954132)"
177.38.200.177 - - [27/Jun/2016:14:28:20 -0300] "GET /game/questions/?lang=pt_BR HTTP/1.1" 200 749 "https://guardioesdasaude.org/game/home" "Mozilla/5.0 (Macintosh; Intel Mac OS X 10_11_5) AppleWebKit/601.6.17 (KHTML, like Gecko) Version/9.1.1 Safari/601.6.17"
184.73.237.85 - - [27/Jun/2016:14:28:22 -0300] "GET / HTTP/1.0" 200 11894 "-" "NewRelicPinger/1.0 (954132)"
177.38.200.177 - - [27/Jun/2016:14:28:29 -0300] "POST /game/ HTTP/1.1" 200 165 "https://guardioesdasaude.org/game/home" "Mozilla/5.0 (Macintosh; Intel Mac OS X 10_11_5) AppleWebKit/601.6.17 (KHTML, like Gecko) Version/9.1.1 Safari/601.6.17"
177.38.200.177 - - [27/Jun/2016:14:28:29 -0300] "POST /user/update HTTP/1.1" 200 86 "https://guardioesdasaude.org/game/home" "Mozilla/5.0 (Macintosh; Intel Mac OS X 10_11_5) AppleWebKit/601.6.17 (KHTML, like Gecko) Version/9.1.1 Safari/601.6.17"
54.251.34.67 - - [27/Jun/2016:14:28:31 -0300] "GET / HTTP/1.0" 200 11894 "-" "NewRelicPinger/1.0 (954132)"
177.38.200.177 - - [27/Jun/2016:14:28:34 -0300] "GET /news/get HTTP/1.1" 200 3857 "-" "Guardioes da Saude/2.0 (iPhone; iOS 9.3.2; Scale/2.00)"
177.38.200.177 - - [27/Jun/2016:14:28:38 -0300] "POST /user/update HTTP/1.1" 200 86 "https://guardioesdasaude.org/game/home" "Mozilla/5.0 (Macintosh; Intel Mac OS X 10_11_5) AppleWebKit/601.6.17 (KHTML, like Gecko) Version/9.1.1 Safari/601.6.17"
177.38.200.177 - - [27/Jun/2016:14:28:39 -0300] "POST /user/update HTTP/1.1" 200 86 "https://guardioesdasaude.org/game/home" "Mozilla/5.0 (Macintosh; Intel Mac OS X 10_11_5) AppleWebKit/601.6.17 (KHTML, like Gecko) Version/9.1.1 Safari/601.6.17"
177.38.200.177 - - [27/Jun/2016:14:28:40 -0300] "POST /game/ HTTP/1.1" 200 164 "https://guardioesdasaude.org/game/home" "Mozilla/5.0 (Macintosh; Intel Mac OS X 10_11_5) AppleWebKit/601.6.17 (KHTML, like Gecko) Version/9.1.1 Safari/601.6.17"
177.38.200.177 - - [27/Jun/2016:14:28:40 -0300] "POST /user/update HTTP/1.1" 200 86 "https://guardioesdasaude.org/game/home" "Mozilla/5.0 (Macintosh; Intel Mac OS X 10_11_5) AppleWebKit/601.6.17 (KHTML, like Gecko) Version/9.1.1 Safari/601.6.17"
177.38.200.177 - - [27/Jun/2016:14:28:43 -0300] "GET /news/get HTTP/1.1" 200 3857 "-" "Guardioes da Saude/2.0 (iPhone; iOS 9.3.2; Scale/2.00)"
177.38.200.177 - - [27/Jun/2016:14:28:48 -0300] "GET /user/household/56d89780852235370d360ea6 HTTP/1.1" 304 0 "-" "Guardioes da Saude/2.0 (iPhone; iOS 9.3.2; Scale/2.00)"
177.38.200.177 - - [27/Jun/2016:14:28:55 -0300] "GET /search/cities?limit=5 HTTP/1.1" 200 165 "https://guardioesdasaude.org/" "Mozilla/5.0 (Macintosh; Intel Mac OS X 10_11_5) AppleWebKit/601.6.17 (KHTML, like Gecko) Version/9.1.1 Safari/601.6.17"
177.38.200.177 - - [27/Jun/2016:14:28:57 -0300] "GET /search/cities?limit=5 HTTP/1.1" 200 165 "https://guardioesdasaude.org/" "Mozilla/5.0 (Macintosh; Intel Mac OS X 10_11_5) AppleWebKit/601.6.17 (KHTML, like Gecko) Version/9.1.1 Safari/601.6.17"
54.248.250.232 - - [27/Jun/2016:14:29:03 -0300] "GET / HTTP/1.0" 200 11894 "-" "NewRelicPinger/1.0 (954132)"
177.38.200.177 - - [27/Jun/2016:14:29:25 -0300] "GET /user/household/56d89780852235370d360ea6 HTTP/1.1" 304 0 "-" "Guardioes da Saude/2.0 (iPhone; iOS 9.3.2; Scale/2.00)"
50.112.95.211 - - [27/Jun/2016:14:29:40 -0300] "GET / HTTP/1.0" 200 11894 "-" "NewRelicPinger/1.0 (954132)"
177.38.200.177 - - [27/Jun/2016:14:29:52 -0300] "GET /user/household/56d89780852235370d360ea6 HTTP/1.1" 304 0 "-" "Guardioes da Saude/2.0 (iPhone; iOS 9.3.2; Scale/2.00)"
177.38.200.177 - - [27/Jun/2016:14:30:02 -0300] "GET /symptoms HTTP/1.1" 304 0 "-" "Guardioes da Saude/2.0 (iPhone; iOS 9.3.2; Scale/2.00)"
177.38.200.177 - - [27/Jun/2016:14:30:03 -0300] "GET /user/household/56d89780852235370d360ea6 HTTP/1.1" 304 0 "-" "Guardioes da Saude/2.0 (iPhone; iOS 9.3.2; Scale/2.00)"
177.38.200.177 - - [27/Jun/2016:14:30:05 -0300] "GET /symptoms HTTP/1.1" 304 0 "-" "Guardioes da Saude/2.0 (iPhone; iOS 9.3.2; Scale/2.00)"
177.38.200.177 - - [27/Jun/2016:14:30:29 -0300] "OPTIONS /user/create HTTP/1.1" 204 0 "https://guardioesdasaude.org/cadastro/email" "Mozilla/5.0 (Macintosh; Intel Mac OS X 10_11_5) AppleWebKit/601.6.17 (KHTML, like Gecko) Version/9.1.1 Safari/601.6.17"
177.38.200.177 - - [27/Jun/2016:14:30:30 -0300] "POST /user/create HTTP/1.1" 200 540 "https://guardioesdasaude.org/cadastro/email" "Mozilla/5.0 (Macintosh; Intel Mac OS X 10_11_5) AppleWebKit/601.6.17 (KHTML, like Gecko) Version/9.1.1 Safari/601.6.17"
177.38.200.177 - - [27/Jun/2016:14:30:30 -0300] "OPTIONS /search/cities?limit=5 HTTP/1.1" 204 0 "https://guardioesdasaude.org/survey/577162b6b5d0643e16663131/step-1" "Mozilla/5.0 (Macintosh; Intel Mac OS X 10_11_5) AppleWebKit/601.6.17 (KHTML, like Gecko) Version/9.1.1 Safari/601.6.17"
177.38.200.177 - - [27/Jun/2016:14:30:30 -0300] "GET /search/cities?limit=5 HTTP/1.1" 200 165 "https://guardioesdasaude.org/survey/577162b6b5d0643e16663131/step-1" "Mozilla/5.0 (Macintosh; Intel Mac OS X 10_11_5) AppleWebKit/601.6.17 (KHTML, like Gecko) Version/9.1.1 Safari/601.6.17"
177.38.200.177 - - [27/Jun/2016:14:30:34 -0300] "OPTIONS /survey/create HTTP/1.1" 204 0 "https://guardioesdasaude.org/survey/577162b6b5d0643e16663131/step-1" "Mozilla/5.0 (Macintosh; Intel Mac OS X 10_11_5) AppleWebKit/601.6.17 (KHTML, like Gecko) Version/9.1.1 Safari/601.6.17"
177.38.200.177 - - [27/Jun/2016:14:30:34 -0300] "OPTIONS /user/calendar/day HTTP/1.1" 204 0 "https://guardioesdasaude.org/survey/577162b6b5d0643e16663131/step-1" "Mozilla/5.0 (Macintosh; Intel Mac OS X 10_11_5) AppleWebKit/601.6.17 (KHTML, like Gecko) Version/9.1.1 Safari/601.6.17"
177.38.200.177 - - [27/Jun/2016:14:30:34 -0300] "POST /survey/create HTTP/1.1" 200 429 "https://guardioesdasaude.org/survey/577162b6b5d0643e16663131/step-1" "Mozilla/5.0 (Macintosh; Intel Mac OS X 10_11_5) AppleWebKit/601.6.17 (KHTML, like Gecko) Version/9.1.1 Safari/601.6.17"
54.247.188.179 - - [27/Jun/2016:14:30:34 -0300] "GET / HTTP/1.0" 200 11894 "-" "NewRelicPinger/1.0 (954132)"
177.38.200.177 - - [27/Jun/2016:14:30:34 -0300] "GET /user/calendar/day HTTP/1.1" 200 115 "https://guardioesdasaude.org/survey/577162b6b5d0643e16663131/step-1" "Mozilla/5.0 (Macintosh; Intel Mac OS X 10_11_5) AppleWebKit/601.6.17 (KHTML, like Gecko) Version/9.1.1 Safari/601.6.17"
177.38.200.177 - - [27/Jun/2016:14:30:34 -0300] "OPTIONS /user/get/577162b6b5d0643e16663131 HTTP/1.1" 204 0 "https://guardioesdasaude.org/survey/577162b6b5d0643e16663131/step-1" "Mozilla/5.0 (Macintosh; Intel Mac OS X 10_11_5) AppleWebKit/601.6.17 (KHTML, like Gecko) Version/9.1.1 Safari/601.6.17"
177.38.200.177 - - [27/Jun/2016:14:30:34 -0300] "GET /user/get/577162b6b5d0643e16663131 HTTP/1.1" 200 692 "https://guardioesdasaude.org/survey/577162b6b5d0643e16663131/step-1" "Mozilla/5.0 (Macintosh; Intel Mac OS X 10_11_5) AppleWebKit/601.6.17 (KHTML, like Gecko) Version/9.1.1 Safari/601.6.17"
177.38.200.177 - - [27/Jun/2016:14:30:36 -0300] "OPTIONS /user/survey/summary HTTP/1.1" 204 0 "https://guardioesdasaude.org/health-daily" "Mozilla/5.0 (Macintosh; Intel Mac OS X 10_11_5) AppleWebKit/601.6.17 (KHTML, like Gecko) Version/9.1.1 Safari/601.6.17"
177.38.200.177 - - [27/Jun/2016:14:30:36 -0300] "OPTIONS /user/calendar/month?month=6&year=2016 HTTP/1.1" 204 0 "https://guardioesdasaude.org/health-daily" "Mozilla/5.0 (Macintosh; Intel Mac OS X 10_11_5) AppleWebKit/601.6.17 (KHTML, like Gecko) Version/9.1.1 Safari/601.6.17"
177.38.200.177 - - [27/Jun/2016:14:30:36 -0300] "GET /user/survey/summary HTTP/1.1" 200 69 "https://guardioesdasaude.org/health-daily" "Mozilla/5.0 (Macintosh; Intel Mac OS X 10_11_5) AppleWebKit/601.6.17 (KHTML, like Gecko) Version/9.1.1 Safari/601.6.17"
177.38.200.177 - - [27/Jun/2016:14:30:36 -0300] "GET /user/calendar/month?month=6&year=2016 HTTP/1.1" 200 115 "https://guardioesdasaude.org/health-daily" "Mozilla/5.0 (Macintosh; Intel Mac OS X 10_11_5) AppleWebKit/601.6.17 (KHTML, like Gecko) Version/9.1.1 Safari/601.6.17"
177.38.200.177 - - [27/Jun/2016:14:30:36 -0300] "OPTIONS /user/calendar/year?year=2016 HTTP/1.1" 204 0 "https://guardioesdasaude.org/health-daily" "Mozilla/5.0 (Macintosh; Intel Mac OS X 10_11_5) AppleWebKit/601.6.17 (KHTML, like Gecko) Version/9.1.1 Safari/601.6.17"
177.38.200.177 - - [27/Jun/2016:14:30:36 -0300] "OPTIONS /user/chart/month?month=6&year=2016 HTTP/1.1" 204 0 "https://guardioesdasaude.org/health-daily" "Mozilla/5.0 (Macintosh; Intel Mac OS X 10_11_5) AppleWebKit/601.6.17 (KHTML, like Gecko) Version/9.1.1 Safari/601.6.17"
177.38.200.177 - - [27/Jun/2016:14:30:36 -0300] "GET /search/cities?limit=5 HTTP/1.1" 200 165 "https://guardioesdasaude.org/health-daily" "Mozilla/5.0 (Macintosh; Intel Mac OS X 10_11_5) AppleWebKit/601.6.17 (KHTML, like Gecko) Version/9.1.1 Safari/601.6.17"
177.38.200.177 - - [27/Jun/2016:14:30:36 -0300] "GET /user/calendar/year?year=2016 HTTP/1.1" 200 109 "https://guardioesdasaude.org/health-daily" "Mozilla/5.0 (Macintosh; Intel Mac OS X 10_11_5) AppleWebKit/601.6.17 (KHTML, like Gecko) Version/9.1.1 Safari/601.6.17"
177.38.200.177 - - [27/Jun/2016:14:30:36 -0300] "GET /user/chart/month?month=6&year=2016 HTTP/1.1" 200 105 "https://guardioesdasaude.org/health-daily" "Mozilla/5.0 (Macintosh; Intel Mac OS X 10_11_5) AppleWebKit/601.6.17 (KHTML, like Gecko) Version/9.1.1 Safari/601.6.17"
177.38.200.177 - - [27/Jun/2016:14:30:37 -0300] "POST /survey/create HTTP/1.1" 200 565 "-" "Guardioes da Saude/2.0 (iPhone; iOS 9.3.2; Scale/2.00)"
177.38.200.177 - - [27/Jun/2016:14:30:44 -0300] "OPTIONS /user/lookup HTTP/1.1" 204 0 "https://guardioesdasaude.org/game/tutorial" "Mozilla/5.0 (Macintosh; Intel Mac OS X 10_11_5) AppleWebKit/601.6.17 (KHTML, like Gecko) Version/9.1.1 Safari/601.6.17"
177.38.200.177 - - [27/Jun/2016:14:30:44 -0300] "GET /user/calendar/day HTTP/1.1" 200 115 "https://guardioesdasaude.org/game/tutorial" "Mozilla/5.0 (Macintosh; Intel Mac OS X 10_11_5) AppleWebKit/601.6.17 (KHTML, like Gecko) Version/9.1.1 Safari/601.6.17"
177.38.200.177 - - [27/Jun/2016:14:30:45 -0300] "GET /user/lookup HTTP/1.1" 200 826 "https://guardioesdasaude.org/game/tutorial" "Mozilla/5.0 (Macintosh; Intel Mac OS X 10_11_5) AppleWebKit/601.6.17 (KHTML, like Gecko) Version/9.1.1 Safari/601.6.17"
177.38.200.177 - - [27/Jun/2016:14:30:47 -0300] "GET /user/calendar/day?&day=27&month=6&year=2016 HTTP/1.1" 200 125 "-" "Guardioes da Saude/2.0 (iPhone; iOS 9.3.2; Scale/2.00)"
177.38.200.177 - - [27/Jun/2016:14:30:48 -0300] "GET /user/household/56d89780852235370d360ea6 HTTP/1.1" 304 0 "-" "Guardioes da Saude/2.0 (iPhone; iOS 9.3.2; Scale/2.00)"
177.38.200.177 - - [27/Jun/2016:14:30:49 -0300] "GET /symptoms HTTP/1.1" 304 0 "-" "Guardioes da Saude/2.0 (iPhone; iOS 9.3.2; Scale/2.00)"
177.38.200.177 - - [27/Jun/2016:14:30:50 -0300] "GET /user/lookup HTTP/1.1" 200 825 "https://guardioesdasaude.org/game/tutorial" "Mozilla/5.0 (Macintosh; Intel Mac OS X 10_11_5) AppleWebKit/601.6.17 (KHTML, like Gecko) Version/9.1.1 Safari/601.6.17"
177.38.200.177 - - [27/Jun/2016:14:30:50 -0300] "GET /user/calendar/day HTTP/1.1" 200 115 "https://guardioesdasaude.org/game/home" "Mozilla/5.0 (Macintosh; Intel Mac OS X 10_11_5) AppleWebKit/601.6.17 (KHTML, like Gecko) Version/9.1.1 Safari/601.6.17"
184.73.237.85 - - [27/Jun/2016:14:30:52 -0300] "GET / HTTP/1.0" 200 11894 "-" "NewRelicPinger/1.0 (954132)"
177.38.200.177 - - [27/Jun/2016:14:30:57 -0300] "GET /search/cities?limit=5 HTTP/1.1" 200 165 "https://guardioesdasaude.org/survey" "Mozilla/5.0 (Macintosh; Intel Mac OS X 10_11_5) AppleWebKit/601.6.17 (KHTML, like Gecko) Version/9.1.1 Safari/601.6.17"
177.38.200.177 - - [27/Jun/2016:14:31:00 -0300] "GET /user/calendar/day HTTP/1.1" 200 115 "https://guardioesdasaude.org/survey/577162b6b5d0643e16663131/step-1" "Mozilla/5.0 (Macintosh; Intel Mac OS X 10_11_5) AppleWebKit/601.6.17 (KHTML, like Gecko) Version/9.1.1 Safari/601.6.17"
177.38.200.177 - - [27/Jun/2016:14:31:00 -0300] "POST /survey/create HTTP/1.1" 200 432 "https://guardioesdasaude.org/survey/577162b6b5d0643e16663131/step-1" "Mozilla/5.0 (Macintosh; Intel Mac OS X 10_11_5) AppleWebKit/601.6.17 (KHTML, like Gecko) Version/9.1.1 Safari/601.6.17"
177.38.200.177 - - [27/Jun/2016:14:31:00 -0300] "GET /user/get/577162b6b5d0643e16663131 HTTP/1.1" 200 721 "https://guardioesdasaude.org/survey/577162b6b5d0643e16663131/step-1" "Mozilla/5.0 (Macintosh; Intel Mac OS X 10_11_5) AppleWebKit/601.6.17 (KHTML, like Gecko) Version/9.1.1 Safari/601.6.17"
54.251.34.67 - - [27/Jun/2016:14:31:01 -0300] "GET / HTTP/1.0" 200 11894 "-" "NewRelicPinger/1.0 (954132)"
177.38.200.177 - - [27/Jun/2016:14:31:02 -0300] "GET /user/calendar/month?month=6&year=2016 HTTP/1.1" 200 115 "https://guardioesdasaude.org/health-daily" "Mozilla/5.0 (Macintosh; Intel Mac OS X 10_11_5) AppleWebKit/601.6.17 (KHTML, like Gecko) Version/9.1.1 Safari/601.6.17"
177.38.200.177 - - [27/Jun/2016:14:31:02 -0300] "GET /user/survey/summary HTTP/1.1" 200 69 "https://guardioesdasaude.org/health-daily" "Mozilla/5.0 (Macintosh; Intel Mac OS X 10_11_5) AppleWebKit/601.6.17 (KHTML, like Gecko) Version/9.1.1 Safari/601.6.17"
177.38.200.177 - - [27/Jun/2016:14:31:02 -0300] "GET /user/calendar/year?year=2016 HTTP/1.1" 200 109 "https://guardioesdasaude.org/health-daily" "Mozilla/5.0 (Macintosh; Intel Mac OS X 10_11_5) AppleWebKit/601.6.17 (KHTML, like Gecko) Version/9.1.1 Safari/601.6.17"
177.38.200.177 - - [27/Jun/2016:14:31:02 -0300] "GET /search/cities?limit=5 HTTP/1.1" 200 165 "https://guardioesdasaude.org/health-daily" "Mozilla/5.0 (Macintosh; Intel Mac OS X 10_11_5) AppleWebKit/601.6.17 (KHTML, like Gecko) Version/9.1.1 Safari/601.6.17"
177.38.200.177 - - [27/Jun/2016:14:31:02 -0300] "GET /user/chart/month?month=6&year=2016 HTTP/1.1" 200 104 "https://guardioesdasaude.org/health-daily" "Mozilla/5.0 (Macintosh; Intel Mac OS X 10_11_5) AppleWebKit/601.6.17 (KHTML, like Gecko) Version/9.1.1 Safari/601.6.17"
177.38.200.177 - - [27/Jun/2016:14:31:04 -0300] "GET /user/calendar/day HTTP/1.1" 200 115 "https://guardioesdasaude.org/game/tutorial" "Mozilla/5.0 (Macintosh; Intel Mac OS X 10_11_5) AppleWebKit/601.6.17 (KHTML, like Gecko) Version/9.1.1 Safari/601.6.17"
177.38.200.177 - - [27/Jun/2016:14:31:04 -0300] "GET /user/lookup HTTP/1.1" 200 853 "https://guardioesdasaude.org/game/tutorial" "Mozilla/5.0 (Macintosh; Intel Mac OS X 10_11_5) AppleWebKit/601.6.17 (KHTML, like Gecko) Version/9.1.1 Safari/601.6.17"
177.38.200.177 - - [27/Jun/2016:14:31:07 -0300] "POST /survey/create HTTP/1.1" 200 574 "-" "Guardioes da Saude/2.0 (iPhone; iOS 9.3.2; Scale/2.00)"
177.38.200.177 - - [27/Jun/2016:14:31:10 -0300] "GET /user/calendar/day HTTP/1.1" 200 115 "https://guardioesdasaude.org/game/home" "Mozilla/5.0 (Macintosh; Intel Mac OS X 10_11_5) AppleWebKit/601.6.17 (KHTML, like Gecko) Version/9.1.1 Safari/601.6.17"
177.38.200.177 - - [27/Jun/2016:14:31:10 -0300] "GET /user/lookup HTTP/1.1" 200 853 "https://guardioesdasaude.org/game/tutorial" "Mozilla/5.0 (Macintosh; Intel Mac OS X 10_11_5) AppleWebKit/601.6.17 (KHTML, like Gecko) Version/9.1.1 Safari/601.6.17"
177.38.200.177 - - [27/Jun/2016:14:31:16 -0300] "GET /user/calendar/day?&day=27&month=6&year=2016 HTTP/1.1" 200 126 "-" "Guardioes da Saude/2.0 (iPhone; iOS 9.3.2; Scale/2.00)"
177.38.200.177 - - [27/Jun/2016:14:31:17 -0300] "GET /user/household/56d89780852235370d360ea6 HTTP/1.1" 304 0 "-" "Guardioes da Saude/2.0 (iPhone; iOS 9.3.2; Scale/2.00)"
177.38.200.177 - - [27/Jun/2016:14:31:19 -0300] "POST /survey/create HTTP/1.1" 200 554 "-" "Guardioes da Saude/2.0 (iPhone; iOS 9.3.2; Scale/2.00)"
177.38.200.177 - - [27/Jun/2016:14:31:32 -0300] "GET /user/calendar/day?&day=27&month=6&year=2016 HTTP/1.1" 200 124 "-" "Guardioes da Saude/2.0 (iPhone; iOS 9.3.2; Scale/2.00)"
54.248.250.232 - - [27/Jun/2016:14:31:33 -0300] "GET / HTTP/1.0" 200 11894 "-" "NewRelicPinger/1.0 (954132)"
177.38.200.177 - - [27/Jun/2016:14:31:35 -0300] "GET /user/household/56d89780852235370d360ea6 HTTP/1.1" 304 0 "-" "Guardioes da Saude/2.0 (iPhone; iOS 9.3.2; Scale/2.00)"
50.112.95.211 - - [27/Jun/2016:14:32:20 -0300] "GET / HTTP/1.0" 200 11894 "-" "NewRelicPinger/1.0 (954132)"
177.38.200.177 - - [27/Jun/2016:14:32:39 -0300] "GET /user/survey/summary HTTP/1.1" 200 69 "https://guardioesdasaude.org/health-daily" "Mozilla/5.0 (Macintosh; Intel Mac OS X 10_11_5) AppleWebKit/601.6.17 (KHTML, like Gecko) Version/9.1.1 Safari/601.6.17"
177.38.200.177 - - [27/Jun/2016:14:32:39 -0300] "GET /user/chart/month?month=6&year=2016 HTTP/1.1" 200 104 "https://guardioesdasaude.org/health-daily" "Mozilla/5.0 (Macintosh; Intel Mac OS X 10_11_5) AppleWebKit/601.6.17 (KHTML, like Gecko) Version/9.1.1 Safari/601.6.17"
177.38.200.177 - - [27/Jun/2016:14:32:39 -0300] "GET /search/cities?limit=5 HTTP/1.1" 200 165 "https://guardioesdasaude.org/health-daily" "Mozilla/5.0 (Macintosh; Intel Mac OS X 10_11_5) AppleWebKit/601.6.17 (KHTML, like Gecko) Version/9.1.1 Safari/601.6.17"
177.38.200.177 - - [27/Jun/2016:14:32:39 -0300] "GET /user/calendar/month?month=6&year=2016 HTTP/1.1" 200 115 "https://guardioesdasaude.org/health-daily" "Mozilla/5.0 (Macintosh; Intel Mac OS X 10_11_5) AppleWebKit/601.6.17 (KHTML, like Gecko) Version/9.1.1 Safari/601.6.17"
177.38.200.177 - - [27/Jun/2016:14:32:39 -0300] "GET /user/calendar/year?year=2016 HTTP/1.1" 200 109 "https://guardioesdasaude.org/health-daily" "Mozilla/5.0 (Macintosh; Intel Mac OS X 10_11_5) AppleWebKit/601.6.17 (KHTML, like Gecko) Version/9.1.1 Safari/601.6.17"
177.38.200.177 - - [27/Jun/2016:14:32:52 -0300] "GET /search/cities?limit=5 HTTP/1.1" 200 165 "https://guardioesdasaude.org/" "Mozilla/5.0 (Macintosh; Intel Mac OS X 10_11_5) AppleWebKit/601.6.17 (KHTML, like Gecko) Version/9.1.1 Safari/601.6.17"
54.247.188.179 - - [27/Jun/2016:14:33:04 -0300] "GET / HTTP/1.0" 200 11894 "-" "NewRelicPinger/1.0 (954132)"
177.38.200.177 - - [27/Jun/2016:14:33:07 -0300] "GET /user/household/56d89780852235370d360ea6 HTTP/1.1" 304 0 "-" "Guardioes da Saude/2.0 (iPhone; iOS 9.3.2; Scale/2.00)"
177.38.200.177 - - [27/Jun/2016:14:33:19 -0300] "GET /user/household/56d89780852235370d360ea6 HTTP/1.1" 304 0 "-" "Guardioes da Saude/2.0 (iPhone; iOS 9.3.2; Scale/2.00)"
184.73.237.85 - - [27/Jun/2016:14:33:23 -0300] "GET / HTTP/1.0" 200 11894 "-" "NewRelicPinger/1.0 (954132)"
54.251.34.67 - - [27/Jun/2016:14:33:31 -0300] "GET / HTTP/1.0" 200 11894 "-" "NewRelicPinger/1.0 (954132)"
177.38.200.177 - - [27/Jun/2016:14:33:35 -0300] "GET /user/household/56d89780852235370d360ea6 HTTP/1.1" 304 0 "-" "Guardioes da Saude/2.0 (iPhone; iOS 9.3.2; Scale/2.00)"
177.38.200.177 - - [27/Jun/2016:14:33:42 -0300] "GET /user/household/56d89780852235370d360ea6 HTTP/1.1" 304 0 "-" "Guardioes da Saude/2.0 (iPhone; iOS 9.3.2; Scale/2.00)"
54.248.250.232 - - [27/Jun/2016:14:34:03 -0300] "GET / HTTP/1.0" 200 11894 "-" "NewRelicPinger/1.0 (954132)"
177.38.200.177 - - [27/Jun/2016:14:34:06 -0300] "GET /user/household/56d89780852235370d360ea6 HTTP/1.1" 304 0 "-" "Guardioes da Saude/2.0 (iPhone; iOS 9.3.2; Scale/2.00)"
177.38.200.177 - - [27/Jun/2016:14:34:28 -0300] "POST /email/log HTTP/1.1" 200 15 "-" "Guardioes da Saude/2.0 (iPhone; iOS 9.3.2; Scale/2.00)"
50.112.95.211 - - [27/Jun/2016:14:34:40 -0300] "GET / HTTP/1.0" 200 11894 "-" "NewRelicPinger/1.0 (954132)"
177.38.200.177 - - [27/Jun/2016:14:35:19 -0300] "GET /user/calendar/day?&day=27&month=6&year=2016 HTTP/1.1" 200 124 "-" "Guardioes da Saude/2.0 (iPhone; iOS 9.3.2; Scale/2.00)"
177.38.200.177 - - [27/Jun/2016:14:35:34 -0300] "GET /user/household/56d89780852235370d360ea6 HTTP/1.1" 304 0 "-" "Guardioes da Saude/2.0 (iPhone; iOS 9.3.2; Scale/2.00)"
177.38.200.177 - - [27/Jun/2016:14:35:34 -0300] "GET /user/calendar/month?&month=6&year=2016 HTTP/1.1" 200 177 "-" "Guardioes da Saude/2.0 (iPhone; iOS 9.3.2; Scale/2.00)"
177.38.200.177 - - [27/Jun/2016:14:35:34 -0300] "GET /user/calendar/year?&year=2016 HTTP/1.1" 200 146 "-" "Guardioes da Saude/2.0 (iPhone; iOS 9.3.2; Scale/2.00)"
177.38.200.177 - - [27/Jun/2016:14:35:34 -0300] "GET /user/survey/summary HTTP/1.1" 200 74 "-" "Guardioes da Saude/2.0 (iPhone; iOS 9.3.2; Scale/2.00)"
54.247.188.179 - - [27/Jun/2016:14:35:35 -0300] "GET / HTTP/1.0" 200 11894 "-" "NewRelicPinger/1.0 (954132)"
177.38.200.177 - - [27/Jun/2016:14:35:48 -0300] "GET /user/household/56d89780852235370d360ea6 HTTP/1.1" 304 0 "-" "Guardioes da Saude/2.0 (iPhone; iOS 9.3.2; Scale/2.00)"
184.73.237.85 - - [27/Jun/2016:14:35:53 -0300] "GET / HTTP/1.0" 200 11894 "-" "NewRelicPinger/1.0 (954132)"
177.38.200.177 - - [27/Jun/2016:14:35:55 -0300] "GET /household/survey/summary?household_id=56dc7056f4f5a3e352aa59ca HTTP/1.1" 200 69 "-" "Guardioes da Saude/2.0 (iPhone; iOS 9.3.2; Scale/2.00)"
177.38.200.177 - - [27/Jun/2016:14:35:55 -0300] "GET /household/calendar/month?household_id=56dc7056f4f5a3e352aa59ca&month=6&year=2016 HTTP/1.1" 200 58 "-" "Guardioes da Saude/2.0 (iPhone; iOS 9.3.2; Scale/2.00)"
177.38.200.177 - - [27/Jun/2016:14:35:55 -0300] "GET /household/calendar/year?household_id=56dc7056f4f5a3e352aa59ca&year=2016 HTTP/1.1" 200 109 "-" "Guardioes da Saude/2.0 (iPhone; iOS 9.3.2; Scale/2.00)"
54.251.34.67 - - [27/Jun/2016:14:36:01 -0300] "GET / HTTP/1.0" 200 11894 "-" "NewRelicPinger/1.0 (954132)"
177.38.200.177 - - [27/Jun/2016:14:36:08 -0300] "GET /user/household/56d89780852235370d360ea6 HTTP/1.1" 304 0 "-" "Guardioes da Saude/2.0 (iPhone; iOS 9.3.2; Scale/2.00)"
54.248.250.232 - - [27/Jun/2016:14:36:33 -0300] "GET / HTTP/1.0" 200 11894 "-" "NewRelicPinger/1.0 (954132)"
177.38.200.177 - - [27/Jun/2016:14:36:42 -0300] "POST /household/create HTTP/1.1" 200 243 "-" "Guardioes da Saude/2.0 (iPhone; iOS 9.3.2; Scale/2.00)"
177.38.200.177 - - [27/Jun/2016:14:36:48 -0300] "GET /user/household/56d89780852235370d360ea6 HTTP/1.1" 200 2037 "-" "Guardioes da Saude/2.0 (iPhone; iOS 9.3.2; Scale/2.00)"
177.38.200.177 - - [27/Jun/2016:14:36:51 -0300] "GET /user/household/56d89780852235370d360ea6 HTTP/1.1" 304 0 "-" "Guardioes da Saude/2.0 (iPhone; iOS 9.3.2; Scale/2.00)"
177.38.200.177 - - [27/Jun/2016:14:36:52 -0300] "GET /user/survey/summary HTTP/1.1" 200 74 "-" "Guardioes da Saude/2.0 (iPhone; iOS 9.3.2; Scale/2.00)"
177.38.200.177 - - [27/Jun/2016:14:36:52 -0300] "GET /user/calendar/month?&month=6&year=2016 HTTP/1.1" 200 177 "-" "Guardioes da Saude/2.0 (iPhone; iOS 9.3.2; Scale/2.00)"
177.38.200.177 - - [27/Jun/2016:14:36:52 -0300] "GET /user/calendar/year?&year=2016 HTTP/1.1" 200 146 "-" "Guardioes da Saude/2.0 (iPhone; iOS 9.3.2; Scale/2.00)"
177.38.200.177 - - [27/Jun/2016:14:36:54 -0300] "GET /user/household/56d89780852235370d360ea6 HTTP/1.1" 304 0 "-" "Guardioes da Saude/2.0 (iPhone; iOS 9.3.2; Scale/2.00)"
177.38.200.177 - - [27/Jun/2016:14:36:55 -0300] "GET /household/calendar/month?household_id=5771642ab5d0643e16663137&month=6&year=2016 HTTP/1.1" 200 58 "-" "Guardioes da Saude/2.0 (iPhone; iOS 9.3.2; Scale/2.00)"
177.38.200.177 - - [27/Jun/2016:14:36:55 -0300] "GET /household/calendar/year?household_id=5771642ab5d0643e16663137&year=2016 HTTP/1.1" 200 58 "-" "Guardioes da Saude/2.0 (iPhone; iOS 9.3.2; Scale/2.00)"
177.38.200.177 - - [27/Jun/2016:14:36:55 -0300] "GET /household/survey/summary?household_id=5771642ab5d0643e16663137 HTTP/1.1" 200 66 "-" "Guardioes da Saude/2.0 (iPhone; iOS 9.3.2; Scale/2.00)"
177.38.200.177 - - [27/Jun/2016:14:36:59 -0300] "GET /search/cities?limit=5 HTTP/1.1" 200 165 "https://guardioesdasaude.org/" "Mozilla/5.0 (Macintosh; Intel Mac OS X 10_11_5) AppleWebKit/601.6.17 (KHTML, like Gecko) Version/9.1.1 Safari/601.6.17"
177.38.200.177 - - [27/Jun/2016:14:37:09 -0300] "GET /surveys/l?lat=-8.086782&lon=-34.892308 HTTP/1.1" 200 461 "-" "Guardioes da Saude/2.0 (iPhone; iOS 9.3.2; Scale/2.00)"
177.38.200.177 - - [27/Jun/2016:14:37:10 -0300] "GET /surveys/summary?lat=-8.086757543932542&lon=-34.89225672932108 HTTP/1.1" 200 230 "-" "Guardioes da Saude/2.0 (iPhone; iOS 9.3.2; Scale/2.00)"
50.112.95.211 - - [27/Jun/2016:14:37:10 -0300] "GET / HTTP/1.0" 200 11894 "-" "NewRelicPinger/1.0 (954132)"
177.38.200.177 - - [27/Jun/2016:14:37:12 -0300] "GET /user/survey/summary HTTP/1.1" 200 74 "-" "Guardioes da Saude/2.0 (iPhone; iOS 9.3.2; Scale/2.00)"
177.38.200.177 - - [27/Jun/2016:14:37:12 -0300] "GET /user/calendar/month?&month=6&year=2016 HTTP/1.1" 200 177 "-" "Guardioes da Saude/2.0 (iPhone; iOS 9.3.2; Scale/2.00)"
177.38.200.177 - - [27/Jun/2016:14:37:12 -0300] "GET /user/calendar/year?&year=2016 HTTP/1.1" 200 146 "-" "Guardioes da Saude/2.0 (iPhone; iOS 9.3.2; Scale/2.00)"
177.38.200.177 - - [27/Jun/2016:14:37:12 -0300] "GET /user/household/56d89780852235370d360ea6 HTTP/1.1" 304 0 "-" "Guardioes da Saude/2.0 (iPhone; iOS 9.3.2; Scale/2.00)"
177.38.200.177 - - [27/Jun/2016:14:37:49 -0300] "GET /content/upas.json HTTP/1.1" 200 22982 "-" "Guardioes da Saude/2.0 (iPhone; iOS 9.3.2; Scale/2.00)"
177.38.200.177 - - [27/Jun/2016:14:38:00 -0300] "GET /user/household/574362a40f40feac12d4d4b1 HTTP/1.1" 200 2962 "-" "Dalvik/2.1.0 (Linux; U; Android 6.0; XT1069 Build/MPB24.65-34)"
54.247.188.179 - - [27/Jun/2016:14:38:04 -0300] "GET / HTTP/1.0" 200 11894 "-" "NewRelicPinger/1.0 (954132)"
177.38.200.177 - - [27/Jun/2016:14:38:14 -0300] "GET /user/household/574362a40f40feac12d4d4b1 HTTP/1.1" 200 2962 "-" "Dalvik/2.1.0 (Linux; U; Android 6.0; XT1069 Build/MPB24.65-34)"
184.73.237.85 - - [27/Jun/2016:14:38:23 -0300] "GET / HTTP/1.0" 200 11894 "-" "NewRelicPinger/1.0 (954132)"
54.251.34.67 - - [27/Jun/2016:14:38:31 -0300] "GET / HTTP/1.0" 200 11894 "-" "NewRelicPinger/1.0 (954132)"
54.248.250.232 - - [27/Jun/2016:14:39:03 -0300] "GET / HTTP/1.0" 200 11894 "-" "NewRelicPinger/1.0 (954132)"
177.38.200.177 - - [27/Jun/2016:14:39:18 -0300] "GET /user/calendar/day?&day=27&month=6&year=2016 HTTP/1.1" 200 124 "-" "Guardioes da Saude/2.0 (iPhone; iOS 9.3.2; Scale/2.00)"
50.112.95.211 - - [27/Jun/2016:14:39:41 -0300] "GET / HTTP/1.0" 200 11894 "-" "NewRelicPinger/1.0 (954132)"
177.38.200.177 - - [27/Jun/2016:14:40:17 -0300] "GET /game/ranking/ HTTP/1.1" 200 136 "-" "Guardioes da Saude/2.0 (iPhone; iOS 9.3.2; Scale/2.00)"
177.38.200.177 - - [27/Jun/2016:14:40:27 -0300] "GET /game/questions/?lang=en HTTP/1.1" 200 666 "-" "Guardioes da Saude/2.0 (iPhone; iOS 9.3.2; Scale/2.00)"
177.38.200.177 - - [27/Jun/2016:14:40:33 -0300] "POST /game/ HTTP/1.1" 200 166 "-" "Guardioes da Saude/2.0 (iPhone; iOS 9.3.2; Scale/2.00)"
54.247.188.179 - - [27/Jun/2016:14:40:34 -0300] "GET / HTTP/1.0" 200 11894 "-" "NewRelicPinger/1.0 (954132)"
177.38.200.177 - - [27/Jun/2016:14:40:41 -0300] "POST /game/ HTTP/1.1" 200 166 "-" "Guardioes da Saude/2.0 (iPhone; iOS 9.3.2; Scale/2.00)"
177.38.200.177 - - [27/Jun/2016:14:40:46 -0300] "POST /game/ HTTP/1.1" 200 165 "-" "Guardioes da Saude/2.0 (iPhone; iOS 9.3.2; Scale/2.00)"
184.73.237.85 - - [27/Jun/2016:14:40:53 -0300] "GET / HTTP/1.0" 200 11894 "-" "NewRelicPinger/1.0 (954132)"
177.38.200.177 - - [27/Jun/2016:14:40:57 -0300] "GET /game/questions/?lang=en HTTP/1.1" 200 770 "-" "Guardioes da Saude/2.0 (iPhone; iOS 9.3.2; Scale/2.00)"
177.38.200.177 - - [27/Jun/2016:14:41:01 -0300] "GET /game/questions/?lang=en HTTP/1.1" 200 763 "-" "Guardioes da Saude/2.0 (iPhone; iOS 9.3.2; Scale/2.00)"
177.38.200.177 - - [27/Jun/2016:14:41:04 -0300] "GET /game/questions/?lang=en HTTP/1.1" 200 700 "-" "Guardioes da Saude/2.0 (iPhone; iOS 9.3.2; Scale/2.00)"
177.38.200.177 - - [27/Jun/2016:14:41:06 -0300] "GET /game/questions/?lang=en HTTP/1.1" 200 842 "-" "Guardioes da Saude/2.0 (iPhone; iOS 9.3.2; Scale/2.00)"
177.38.200.177 - - [27/Jun/2016:14:41:08 -0300] "GET /game/questions/?lang=en HTTP/1.1" 200 718 "-" "Guardioes da Saude/2.0 (iPhone; iOS 9.3.2; Scale/2.00)"
177.38.200.177 - - [27/Jun/2016:14:41:10 -0300] "GET /game/questions/?lang=en HTTP/1.1" 200 640 "-" "Guardioes da Saude/2.0 (iPhone; iOS 9.3.2; Scale/2.00)"
54.251.34.67 - - [27/Jun/2016:14:41:10 -0300] "GET / HTTP/1.0" 200 11894 "-" "NewRelicPinger/1.0 (954132)"
177.38.200.177 - - [27/Jun/2016:14:41:11 -0300] "GET /game/questions/?lang=en HTTP/1.1" 200 759 "-" "Guardioes da Saude/2.0 (iPhone; iOS 9.3.2; Scale/2.00)"
177.38.200.177 - - [27/Jun/2016:14:41:13 -0300] "GET /game/questions/?lang=en HTTP/1.1" 200 718 "-" "Guardioes da Saude/2.0 (iPhone; iOS 9.3.2; Scale/2.00)"
177.38.200.177 - - [27/Jun/2016:14:41:15 -0300] "GET /game/questions/?lang=en HTTP/1.1" 200 726 "-" "Guardioes da Saude/2.0 (iPhone; iOS 9.3.2; Scale/2.00)"
177.38.200.177 - - [27/Jun/2016:14:41:16 -0300] "GET /game/questions/?lang=en HTTP/1.1" 200 709 "-" "Guardioes da Saude/2.0 (iPhone; iOS 9.3.2; Scale/2.00)"
177.38.200.177 - - [27/Jun/2016:14:41:19 -0300] "POST /game/ HTTP/1.1" 200 163 "-" "Guardioes da Saude/2.0 (iPhone; iOS 9.3.2; Scale/2.00)"
54.248.250.232 - - [27/Jun/2016:14:41:33 -0300] "GET / HTTP/1.0" 200 11894 "-" "NewRelicPinger/1.0 (954132)"
177.38.200.177 - - [27/Jun/2016:14:41:46 -0300] "GET /user/household/56d89780852235370d360ea6 HTTP/1.1" 200 2060 "-" "Guardioes da Saude/2.0 (iPhone; iOS 9.3.2; Scale/2.00)"
177.38.200.177 - - [27/Jun/2016:14:41:48 -0300] "POST /survey/create HTTP/1.1" 200 555 "-" "Guardioes da Saude/2.0 (iPhone; iOS 9.3.2; Scale/2.00)"
177.38.200.177 - - [27/Jun/2016:14:41:50 -0300] "GET /user/calendar/day?&day=27&month=6&year=2016 HTTP/1.1" 200 128 "-" "Guardioes da Saude/2.0 (iPhone; iOS 9.3.2; Scale/2.00)"
177.38.200.177 - - [27/Jun/2016:14:41:54 -0300] "GET /game/questions/?lang=en HTTP/1.1" 200 733 "-" "Guardioes da Saude/2.0 (iPhone; iOS 9.3.2; Scale/2.00)"
50.112.95.211 - - [27/Jun/2016:14:42:10 -0300] "GET / HTTP/1.0" 200 11894 "-" "NewRelicPinger/1.0 (954132)"
177.38.200.177 - - [27/Jun/2016:14:42:17 -0300] "GET /news/get HTTP/1.1" 200 3862 "-" "Guardioes da Saude/2.0 (iPhone; iOS 9.3.2; Scale/2.00)"
54.247.188.179 - - [27/Jun/2016:14:43:04 -0300] "GET / HTTP/1.0" 200 11894 "-" "NewRelicPinger/1.0 (954132)"
184.73.237.85 - - [27/Jun/2016:14:43:25 -0300] "GET / HTTP/1.0" 200 11894 "-" "NewRelicPinger/1.0 (954132)"
54.251.34.67 - - [27/Jun/2016:14:43:31 -0300] "GET / HTTP/1.0" 200 11894 "-" "NewRelicPinger/1.0 (954132)"
189.8.29.19 - - [27/Jun/2016:14:43:41 -0300] "OPTIONS /symptoms HTTP/1.1" 204 0 "https://guardioesdasaude.org/survey/57581721948b0ddb73dfb229/step-2" "Mozilla/5.0 (Windows NT 6.3; Win64; x64) AppleWebKit/537.36 (KHTML, like Gecko) Chrome/51.0.2704.103 Safari/537.36"
189.8.29.19 - - [27/Jun/2016:14:43:41 -0300] "GET /symptoms HTTP/1.1" 200 706 "https://guardioesdasaude.org/survey/57581721948b0ddb73dfb229/step-2" "Mozilla/5.0 (Windows NT 6.3; Win64; x64) AppleWebKit/537.36 (KHTML, like Gecko) Chrome/51.0.2704.103 Safari/537.36"
54.248.250.232 - - [27/Jun/2016:14:44:03 -0300] "GET / HTTP/1.0" 200 11894 "-" "NewRelicPinger/1.0 (954132)"
50.112.95.211 - - [27/Jun/2016:14:44:40 -0300] "GET / HTTP/1.0" 200 11894 "-" "NewRelicPinger/1.0 (954132)"
54.247.188.179 - - [27/Jun/2016:14:45:34 -0300] "GET / HTTP/1.0" 200 11894 "-" "NewRelicPinger/1.0 (954132)"
184.73.237.85 - - [27/Jun/2016:14:45:55 -0300] "GET / HTTP/1.0" 200 11894 "-" "NewRelicPinger/1.0 (954132)"
54.251.34.67 - - [27/Jun/2016:14:46:01 -0300] "GET / HTTP/1.0" 200 11894 "-" "NewRelicPinger/1.0 (954132)"
54.248.250.232 - - [27/Jun/2016:14:46:33 -0300] "GET / HTTP/1.0" 200 11894 "-" "NewRelicPinger/1.0 (954132)"
189.8.29.19 - - [27/Jun/2016:14:46:43 -0300] "OPTIONS /user/calendar/day HTTP/1.1" 204 0 "https://guardioesdasaude.org/survey/57581721948b0ddb73dfb229/step-1" "Mozilla/5.0 (Windows NT 6.3; Win64; x64) AppleWebKit/537.36 (KHTML, like Gecko) Chrome/51.0.2704.103 Safari/537.36"
189.8.29.19 - - [27/Jun/2016:14:46:43 -0300] "OPTIONS /survey/create HTTP/1.1" 204 0 "https://guardioesdasaude.org/survey/57581721948b0ddb73dfb229/step-1" "Mozilla/5.0 (Windows NT 6.3; Win64; x64) AppleWebKit/537.36 (KHTML, like Gecko) Chrome/51.0.2704.103 Safari/537.36"
189.8.29.19 - - [27/Jun/2016:14:46:43 -0300] "GET /user/calendar/day HTTP/1.1" 200 115 "https://guardioesdasaude.org/survey/57581721948b0ddb73dfb229/step-1" "Mozilla/5.0 (Windows NT 6.3; Win64; x64) AppleWebKit/537.36 (KHTML, like Gecko) Chrome/51.0.2704.103 Safari/537.36"
189.8.29.19 - - [27/Jun/2016:14:46:43 -0300] "POST /survey/create HTTP/1.1" 200 418 "https://guardioesdasaude.org/survey/57581721948b0ddb73dfb229/step-1" "Mozilla/5.0 (Windows NT 6.3; Win64; x64) AppleWebKit/537.36 (KHTML, like Gecko) Chrome/51.0.2704.103 Safari/537.36"
189.8.29.19 - - [27/Jun/2016:14:46:43 -0300] "OPTIONS /user/get/57581721948b0ddb73dfb229 HTTP/1.1" 204 0 "https://guardioesdasaude.org/survey/57581721948b0ddb73dfb229/step-1" "Mozilla/5.0 (Windows NT 6.3; Win64; x64) AppleWebKit/537.36 (KHTML, like Gecko) Chrome/51.0.2704.103 Safari/537.36"
189.8.29.19 - - [27/Jun/2016:14:46:43 -0300] "GET /user/get/57581721948b0ddb73dfb229 HTTP/1.1" 200 1703 "https://guardioesdasaude.org/survey/57581721948b0ddb73dfb229/step-1" "Mozilla/5.0 (Windows NT 6.3; Win64; x64) AppleWebKit/537.36 (KHTML, like Gecko) Chrome/51.0.2704.103 Safari/537.36"
189.8.29.19 - - [27/Jun/2016:14:46:44 -0300] "OPTIONS /user/update HTTP/1.1" 204 0 "https://guardioesdasaude.org/survey/57581721948b0ddb73dfb229/step-1" "Mozilla/5.0 (Windows NT 6.3; Win64; x64) AppleWebKit/537.36 (KHTML, like Gecko) Chrome/51.0.2704.103 Safari/537.36"
189.8.29.19 - - [27/Jun/2016:14:46:44 -0300] "OPTIONS /user/survey/summary HTTP/1.1" 204 0 "https://guardioesdasaude.org/health-daily" "Mozilla/5.0 (Windows NT 6.3; Win64; x64) AppleWebKit/537.36 (KHTML, like Gecko) Chrome/51.0.2704.103 Safari/537.36"
189.8.29.19 - - [27/Jun/2016:14:46:44 -0300] "OPTIONS /user/calendar/month?month=6&year=2016 HTTP/1.1" 204 0 "https://guardioesdasaude.org/health-daily" "Mozilla/5.0 (Windows NT 6.3; Win64; x64) AppleWebKit/537.36 (KHTML, like Gecko) Chrome/51.0.2704.103 Safari/537.36"
189.8.29.19 - - [27/Jun/2016:14:46:44 -0300] "OPTIONS /user/calendar/year?year=2016 HTTP/1.1" 204 0 "https://guardioesdasaude.org/health-daily" "Mozilla/5.0 (Windows NT 6.3; Win64; x64) AppleWebKit/537.36 (KHTML, like Gecko) Chrome/51.0.2704.103 Safari/537.36"
189.8.29.19 - - [27/Jun/2016:14:46:44 -0300] "OPTIONS /search/cities?limit=5 HTTP/1.1" 204 0 "https://guardioesdasaude.org/health-daily" "Mozilla/5.0 (Windows NT 6.3; Win64; x64) AppleWebKit/537.36 (KHTML, like Gecko) Chrome/51.0.2704.103 Safari/537.36"
189.8.29.19 - - [27/Jun/2016:14:46:44 -0300] "OPTIONS /user/calendar/month?month=6&year=2016 HTTP/1.1" 204 0 "https://guardioesdasaude.org/health-daily" "Mozilla/5.0 (Windows NT 6.3; Win64; x64) AppleWebKit/537.36 (KHTML, like Gecko) Chrome/51.0.2704.103 Safari/537.36"
189.8.29.19 - - [27/Jun/2016:14:46:44 -0300] "GET /user/survey/summary HTTP/1.1" 200 71 "https://guardioesdasaude.org/health-daily" "Mozilla/5.0 (Windows NT 6.3; Win64; x64) AppleWebKit/537.36 (KHTML, like Gecko) Chrome/51.0.2704.103 Safari/537.36"
189.8.29.19 - - [27/Jun/2016:14:46:44 -0300] "POST /user/update HTTP/1.1" 200 86 "https://guardioesdasaude.org/health-daily" "Mozilla/5.0 (Windows NT 6.3; Win64; x64) AppleWebKit/537.36 (KHTML, like Gecko) Chrome/51.0.2704.103 Safari/537.36"
189.8.29.19 - - [27/Jun/2016:14:46:44 -0300] "GET /user/calendar/year?year=2016 HTTP/1.1" 200 110 "https://guardioesdasaude.org/health-daily" "Mozilla/5.0 (Windows NT 6.3; Win64; x64) AppleWebKit/537.36 (KHTML, like Gecko) Chrome/51.0.2704.103 Safari/537.36"
189.8.29.19 - - [27/Jun/2016:14:46:44 -0300] "GET /user/calendar/month?month=6&year=2016 HTTP/1.1" 200 155 "https://guardioesdasaude.org/health-daily" "Mozilla/5.0 (Windows NT 6.3; Win64; x64) AppleWebKit/537.36 (KHTML, like Gecko) Chrome/51.0.2704.103 Safari/537.36"
189.8.29.19 - - [27/Jun/2016:14:46:44 -0300] "GET /search/cities?limit=5 HTTP/1.1" 200 165 "https://guardioesdasaude.org/health-daily" "Mozilla/5.0 (Windows NT 6.3; Win64; x64) AppleWebKit/537.36 (KHTML, like Gecko) Chrome/51.0.2704.103 Safari/537.36"
189.8.29.19 - - [27/Jun/2016:14:46:44 -0300] "OPTIONS /user/chart/month?month=6&year=2016 HTTP/1.1" 204 0 "https://guardioesdasaude.org/health-daily" "Mozilla/5.0 (Windows NT 6.3; Win64; x64) AppleWebKit/537.36 (KHTML, like Gecko) Chrome/51.0.2704.103 Safari/537.36"
189.8.29.19 - - [27/Jun/2016:14:46:44 -0300] "OPTIONS /user/chart/month?month=6&year=2016 HTTP/1.1" 204 0 "https://guardioesdasaude.org/health-daily" "Mozilla/5.0 (Windows NT 6.3; Win64; x64) AppleWebKit/537.36 (KHTML, like Gecko) Chrome/51.0.2704.103 Safari/537.36"
189.8.29.19 - - [27/Jun/2016:14:46:44 -0300] "OPTIONS /user/chart/month?month=6&year=2016 HTTP/1.1" 204 0 "https://guardioesdasaude.org/health-daily" "Mozilla/5.0 (Windows NT 6.3; Win64; x64) AppleWebKit/537.36 (KHTML, like Gecko) Chrome/51.0.2704.103 Safari/537.36"
189.8.29.19 - - [27/Jun/2016:14:46:44 -0300] "GET /user/get/57581721948b0ddb73dfb229 HTTP/1.1" 200 1705 "https://guardioesdasaude.org/health-daily" "Mozilla/5.0 (Windows NT 6.3; Win64; x64) AppleWebKit/537.36 (KHTML, like Gecko) Chrome/51.0.2704.103 Safari/537.36"
189.8.29.19 - - [27/Jun/2016:14:46:44 -0300] "GET /user/calendar/month?month=6&year=2016 HTTP/1.1" 200 155 "https://guardioesdasaude.org/health-daily" "Mozilla/5.0 (Windows NT 6.3; Win64; x64) AppleWebKit/537.36 (KHTML, like Gecko) Chrome/51.0.2704.103 Safari/537.36"
189.8.29.19 - - [27/Jun/2016:14:46:45 -0300] "GET /user/chart/month?month=6&year=2016 HTTP/1.1" 200 123 "https://guardioesdasaude.org/health-daily" "Mozilla/5.0 (Windows NT 6.3; Win64; x64) AppleWebKit/537.36 (KHTML, like Gecko) Chrome/51.0.2704.103 Safari/537.36"
189.8.29.19 - - [27/Jun/2016:14:46:45 -0300] "GET /user/chart/month?month=6&year=2016 HTTP/1.1" 200 123 "https://guardioesdasaude.org/health-daily" "Mozilla/5.0 (Windows NT 6.3; Win64; x64) AppleWebKit/537.36 (KHTML, like Gecko) Chrome/51.0.2704.103 Safari/537.36"
189.8.29.19 - - [27/Jun/2016:14:46:45 -0300] "GET /user/chart/month?month=6&year=2016 HTTP/1.1" 200 123 "https://guardioesdasaude.org/health-daily" "Mozilla/5.0 (Windows NT 6.3; Win64; x64) AppleWebKit/537.36 (KHTML, like Gecko) Chrome/51.0.2704.103 Safari/537.36"
189.8.29.19 - - [27/Jun/2016:14:46:45 -0300] "GET /search/cities?limit=5 HTTP/1.1" 200 165 "https://guardioesdasaude.org/health-tips" "Mozilla/5.0 (Windows NT 6.3; Win64; x64) AppleWebKit/537.36 (KHTML, like Gecko) Chrome/51.0.2704.103 Safari/537.36"
177.38.200.177 - - [27/Jun/2016:14:47:14 -0300] "OPTIONS /user/survey/summary HTTP/1.1" 204 0 "https://guardioesdasaude.org/health-daily" "Mozilla/5.0 (Macintosh; Intel Mac OS X 10_11_5) AppleWebKit/601.6.17 (KHTML, like Gecko) Version/9.1.1 Safari/601.6.17"
177.38.200.177 - - [27/Jun/2016:14:47:14 -0300] "GET /user/survey/summary HTTP/1.1" 200 69 "https://guardioesdasaude.org/health-daily" "Mozilla/5.0 (Macintosh; Intel Mac OS X 10_11_5) AppleWebKit/601.6.17 (KHTML, like Gecko) Version/9.1.1 Safari/601.6.17"
177.38.200.177 - - [27/Jun/2016:14:47:14 -0300] "OPTIONS /search/cities?limit=5 HTTP/1.1" 204 0 "https://guardioesdasaude.org/health-daily" "Mozilla/5.0 (Macintosh; Intel Mac OS X 10_11_5) AppleWebKit/601.6.17 (KHTML, like Gecko) Version/9.1.1 Safari/601.6.17"
177.38.200.177 - - [27/Jun/2016:14:47:14 -0300] "OPTIONS /user/calendar/month?month=6&year=2016 HTTP/1.1" 204 0 "https://guardioesdasaude.org/health-daily" "Mozilla/5.0 (Macintosh; Intel Mac OS X 10_11_5) AppleWebKit/601.6.17 (KHTML, like Gecko) Version/9.1.1 Safari/601.6.17"
177.38.200.177 - - [27/Jun/2016:14:47:14 -0300] "OPTIONS /user/calendar/year?year=2016 HTTP/1.1" 204 0 "https://guardioesdasaude.org/health-daily" "Mozilla/5.0 (Macintosh; Intel Mac OS X 10_11_5) AppleWebKit/601.6.17 (KHTML, like Gecko) Version/9.1.1 Safari/601.6.17"
177.38.200.177 - - [27/Jun/2016:14:47:14 -0300] "OPTIONS /user/chart/month?month=6&year=2016 HTTP/1.1" 204 0 "https://guardioesdasaude.org/health-daily" "Mozilla/5.0 (Macintosh; Intel Mac OS X 10_11_5) AppleWebKit/601.6.17 (KHTML, like Gecko) Version/9.1.1 Safari/601.6.17"
177.38.200.177 - - [27/Jun/2016:14:47:14 -0300] "GET /search/cities?limit=5 HTTP/1.1" 200 165 "https://guardioesdasaude.org/health-daily" "Mozilla/5.0 (Macintosh; Intel Mac OS X 10_11_5) AppleWebKit/601.6.17 (KHTML, like Gecko) Version/9.1.1 Safari/601.6.17"
177.38.200.177 - - [27/Jun/2016:14:47:14 -0300] "GET /user/calendar/year?year=2016 HTTP/1.1" 200 109 "https://guardioesdasaude.org/health-daily" "Mozilla/5.0 (Macintosh; Intel Mac OS X 10_11_5) AppleWebKit/601.6.17 (KHTML, like Gecko) Version/9.1.1 Safari/601.6.17"
177.38.200.177 - - [27/Jun/2016:14:47:14 -0300] "GET /user/calendar/month?month=6&year=2016 HTTP/1.1" 200 115 "https://guardioesdasaude.org/health-daily" "Mozilla/5.0 (Macintosh; Intel Mac OS X 10_11_5) AppleWebKit/601.6.17 (KHTML, like Gecko) Version/9.1.1 Safari/601.6.17"
177.38.200.177 - - [27/Jun/2016:14:47:14 -0300] "GET /user/chart/month?month=6&year=2016 HTTP/1.1" 200 104 "https://guardioesdasaude.org/health-daily" "Mozilla/5.0 (Macintosh; Intel Mac OS X 10_11_5) AppleWebKit/601.6.17 (KHTML, like Gecko) Version/9.1.1 Safari/601.6.17"
177.38.200.177 - - [27/Jun/2016:14:47:16 -0300] "GET /search/cities?limit=5 HTTP/1.1" 200 165 "https://guardioesdasaude.org/health-tips" "Mozilla/5.0 (Macintosh; Intel Mac OS X 10_11_5) AppleWebKit/601.6.17 (KHTML, like Gecko) Version/9.1.1 Safari/601.6.17"
189.8.29.19 - - [27/Jun/2016:14:47:18 -0300] "GET /content/upas.json HTTP/1.1" 200 22982 "https://guardioesdasaude.org/health-tips" "Mozilla/5.0 (Windows NT 6.3; Win64; x64) AppleWebKit/537.36 (KHTML, like Gecko) Chrome/51.0.2704.103 Safari/537.36"
50.112.95.211 - - [27/Jun/2016:14:47:20 -0300] "GET / HTTP/1.0" 200 11894 "-" "NewRelicPinger/1.0 (954132)"
189.8.29.19 - - [27/Jun/2016:14:47:21 -0300] "GET /content/places?lat=-23.5660785&lon=-46.6841766&radius=10000&types=pharmacy HTTP/1.1" 200 7488 "https://guardioesdasaude.org/health-tips" "Mozilla/5.0 (Windows NT 6.3; Win64; x64) AppleWebKit/537.36 (KHTML, like Gecko) Chrome/51.0.2704.103 Safari/537.36"
54.247.188.179 - - [27/Jun/2016:14:48:04 -0300] "GET / HTTP/1.0" 200 11894 "-" "NewRelicPinger/1.0 (954132)"
184.73.237.85 - - [27/Jun/2016:14:48:24 -0300] "GET / HTTP/1.0" 200 11894 "-" "NewRelicPinger/1.0 (954132)"
54.251.34.67 - - [27/Jun/2016:14:48:31 -0300] "GET / HTTP/1.0" 200 11894 "-" "NewRelicPinger/1.0 (954132)"
54.248.250.232 - - [27/Jun/2016:14:49:04 -0300] "GET / HTTP/1.0" 200 11894 "-" "NewRelicPinger/1.0 (954132)"
50.112.95.211 - - [27/Jun/2016:14:49:50 -0300] "GET / HTTP/1.0" 200 11894 "-" "NewRelicPinger/1.0 (954132)"
54.247.188.179 - - [27/Jun/2016:14:50:34 -0300] "GET / HTTP/1.0" 200 11894 "-" "NewRelicPinger/1.0 (954132)"
54.251.34.67 - - [27/Jun/2016:14:51:01 -0300] "GET / HTTP/1.0" 200 11894 "-" "NewRelicPinger/1.0 (954132)"
184.73.237.85 - - [27/Jun/2016:14:51:07 -0300] "GET / HTTP/1.0" 200 11894 "-" "NewRelicPinger/1.0 (954132)"
54.248.250.232 - - [27/Jun/2016:14:51:33 -0300] "GET / HTTP/1.0" 200 11894 "-" "NewRelicPinger/1.0 (954132)"
50.112.95.211 - - [27/Jun/2016:14:52:19 -0300] "GET / HTTP/1.0" 200 11894 "-" "NewRelicPinger/1.0 (954132)"
54.247.188.179 - - [27/Jun/2016:14:53:04 -0300] "GET / HTTP/1.0" 200 11894 "-" "NewRelicPinger/1.0 (954132)"
54.251.34.67 - - [27/Jun/2016:14:53:31 -0300] "GET / HTTP/1.0" 200 11894 "-" "NewRelicPinger/1.0 (954132)"
184.73.237.85 - - [27/Jun/2016:14:53:36 -0300] "GET / HTTP/1.0" 200 11894 "-" "NewRelicPinger/1.0 (954132)"
54.248.250.232 - - [27/Jun/2016:14:54:03 -0300] "GET / HTTP/1.0" 200 11894 "-" "NewRelicPinger/1.0 (954132)"
50.112.95.211 - - [27/Jun/2016:14:54:50 -0300] "GET / HTTP/1.0" 200 11894 "-" "NewRelicPinger/1.0 (954132)"
54.247.188.179 - - [27/Jun/2016:14:55:34 -0300] "GET / HTTP/1.0" 200 11894 "-" "NewRelicPinger/1.0 (954132)"
177.135.152.114 - - [27/Jun/2016:14:55:42 -0300] "OPTIONS /search/cities?limit=5 HTTP/1.1" 204 0 "https://guardioesdasaude.org/" "Mozilla/5.0 (Windows NT 10.0; WOW64) AppleWebKit/537.36 (KHTML, like Gecko) Chrome/51.0.2704.103 Safari/537.36"
177.135.152.114 - - [27/Jun/2016:14:55:42 -0300] "GET /search/cities?limit=5 HTTP/1.1" 200 165 "https://guardioesdasaude.org/" "Mozilla/5.0 (Windows NT 10.0; WOW64) AppleWebKit/537.36 (KHTML, like Gecko) Chrome/51.0.2704.103 Safari/537.36"
54.251.34.67 - - [27/Jun/2016:14:56:01 -0300] "GET / HTTP/1.0" 200 11894 "-" "NewRelicPinger/1.0 (954132)"
184.73.237.85 - - [27/Jun/2016:14:56:07 -0300] "GET / HTTP/1.0" 200 11894 "-" "NewRelicPinger/1.0 (954132)"
54.248.250.232 - - [27/Jun/2016:14:56:33 -0300] "GET / HTTP/1.0" 200 11894 "-" "NewRelicPinger/1.0 (954132)"
50.112.95.211 - - [27/Jun/2016:14:57:19 -0300] "GET / HTTP/1.0" 200 11894 "-" "NewRelicPinger/1.0 (954132)"
54.247.188.179 - - [27/Jun/2016:14:58:05 -0300] "GET / HTTP/1.0" 200 11894 "-" "NewRelicPinger/1.0 (954132)"
54.251.34.67 - - [27/Jun/2016:14:58:31 -0300] "GET / HTTP/1.0" 200 11894 "-" "NewRelicPinger/1.0 (954132)"
184.73.237.85 - - [27/Jun/2016:14:58:37 -0300] "GET / HTTP/1.0" 200 11894 "-" "NewRelicPinger/1.0 (954132)"
54.248.250.232 - - [27/Jun/2016:14:59:03 -0300] "GET / HTTP/1.0" 200 11894 "-" "NewRelicPinger/1.0 (954132)"
