54.248.250.232 - - [18/Jul/2016:06:45:43 -0300] "GET / HTTP/1.0" 200 11894 "-" "NewRelicPinger/1.0 (954132)"
54.247.188.179 - - [18/Jul/2016:06:46:03 -0300] "GET / HTTP/1.0" 200 11894 "-" "NewRelicPinger/1.0 (954132)"
54.251.34.67 - - [18/Jul/2016:06:46:08 -0300] "GET / HTTP/1.0" 200 11894 "-" "NewRelicPinger/1.0 (954132)"
50.112.95.211 - - [18/Jul/2016:06:46:54 -0300] "GET / HTTP/1.0" 200 11894 "-" "NewRelicPinger/1.0 (954132)"
54.248.250.232 - - [18/Jul/2016:06:47:43 -0300] "GET / HTTP/1.0" 200 11894 "-" "NewRelicPinger/1.0 (954132)"
54.247.188.179 - - [18/Jul/2016:06:48:03 -0300] "GET / HTTP/1.0" 200 11894 "-" "NewRelicPinger/1.0 (954132)"
54.251.34.67 - - [18/Jul/2016:06:48:07 -0300] "GET / HTTP/1.0" 200 11894 "-" "NewRelicPinger/1.0 (954132)"
50.112.95.211 - - [18/Jul/2016:06:48:53 -0300] "GET / HTTP/1.0" 200 11894 "-" "NewRelicPinger/1.0 (954132)"
54.248.250.232 - - [18/Jul/2016:06:49:43 -0300] "GET / HTTP/1.0" 200 11894 "-" "NewRelicPinger/1.0 (954132)"
54.247.188.179 - - [18/Jul/2016:06:50:02 -0300] "GET / HTTP/1.0" 200 11894 "-" "NewRelicPinger/1.0 (954132)"
54.251.34.67 - - [18/Jul/2016:06:50:08 -0300] "GET / HTTP/1.0" 200 11894 "-" "NewRelicPinger/1.0 (954132)"
50.112.95.211 - - [18/Jul/2016:06:50:53 -0300] "GET / HTTP/1.0" 200 11894 "-" "NewRelicPinger/1.0 (954132)"
54.248.250.232 - - [18/Jul/2016:06:51:43 -0300] "GET / HTTP/1.0" 200 11894 "-" "NewRelicPinger/1.0 (954132)"
54.247.188.179 - - [18/Jul/2016:06:52:03 -0300] "GET / HTTP/1.0" 200 11894 "-" "NewRelicPinger/1.0 (954132)"
54.251.34.67 - - [18/Jul/2016:06:52:09 -0300] "GET / HTTP/1.0" 200 11894 "-" "NewRelicPinger/1.0 (954132)"
50.112.95.211 - - [18/Jul/2016:06:52:54 -0300] "GET / HTTP/1.0" 200 11894 "-" "NewRelicPinger/1.0 (954132)"
54.248.250.232 - - [18/Jul/2016:06:53:43 -0300] "GET / HTTP/1.0" 200 11894 "-" "NewRelicPinger/1.0 (954132)"
54.247.188.179 - - [18/Jul/2016:06:54:03 -0300] "GET / HTTP/1.0" 200 11894 "-" "NewRelicPinger/1.0 (954132)"
54.251.34.67 - - [18/Jul/2016:06:54:09 -0300] "GET / HTTP/1.0" 200 11894 "-" "NewRelicPinger/1.0 (954132)"
177.134.136.235 - - [18/Jul/2016:06:54:25 -0300] "OPTIONS /search/cities?limit=5 HTTP/1.1" 204 0 "https://guardioesdasaude.org/" "Mozilla/5.0 (iPhone; CPU iPhone OS 9_3_1 like Mac OS X) AppleWebKit/601.1.46 (KHTML, like Gecko) Mobile/13E238 [FBAN/FBIOS;FBAV/59.0.0.51.142;FBBV/33266808;FBRV/0;FBDV/iPhone6,2;FBMD/iPhone;FBSN/iPhone OS;FBSV/9.3.1;FBSS/2;FBCR/Oi;FBID/phone;FBLC/pt_BR;FBOP/5]"
177.134.136.235 - - [18/Jul/2016:06:54:25 -0300] "GET /search/cities?limit=5 HTTP/1.1" 200 165 "https://guardioesdasaude.org/" "Mozilla/5.0 (iPhone; CPU iPhone OS 9_3_1 like Mac OS X) AppleWebKit/601.1.46 (KHTML, like Gecko) Mobile/13E238 [FBAN/FBIOS;FBAV/59.0.0.51.142;FBBV/33266808;FBRV/0;FBDV/iPhone6,2;FBMD/iPhone;FBSN/iPhone OS;FBSV/9.3.1;FBSS/2;FBCR/Oi;FBID/phone;FBLC/pt_BR;FBOP/5]"
50.112.95.211 - - [18/Jul/2016:06:54:54 -0300] "GET / HTTP/1.0" 200 11894 "-" "NewRelicPinger/1.0 (954132)"
54.248.250.232 - - [18/Jul/2016:06:55:43 -0300] "GET / HTTP/1.0" 200 11894 "-" "NewRelicPinger/1.0 (954132)"
54.247.188.179 - - [18/Jul/2016:06:56:04 -0300] "GET / HTTP/1.0" 200 11894 "-" "NewRelicPinger/1.0 (954132)"
54.251.34.67 - - [18/Jul/2016:06:56:10 -0300] "GET / HTTP/1.0" 200 11894 "-" "NewRelicPinger/1.0 (954132)"
50.112.95.211 - - [18/Jul/2016:06:57:02 -0300] "GET / HTTP/1.0" 200 11894 "-" "NewRelicPinger/1.0 (954132)"
54.248.250.232 - - [18/Jul/2016:06:57:43 -0300] "GET / HTTP/1.0" 200 11894 "-" "NewRelicPinger/1.0 (954132)"
54.247.188.179 - - [18/Jul/2016:06:58:03 -0300] "GET / HTTP/1.0" 200 11894 "-" "NewRelicPinger/1.0 (954132)"
54.251.34.67 - - [18/Jul/2016:06:58:08 -0300] "GET / HTTP/1.0" 200 11894 "-" "NewRelicPinger/1.0 (954132)"
50.112.95.211 - - [18/Jul/2016:06:59:01 -0300] "GET / HTTP/1.0" 200 11894 "-" "NewRelicPinger/1.0 (954132)"
54.248.250.232 - - [18/Jul/2016:06:59:43 -0300] "GET / HTTP/1.0" 200 11894 "-" "NewRelicPinger/1.0 (954132)"
66.249.69.180 - - [18/Jul/2016:06:59:53 -0300] "GET /robots.txt HTTP/1.1" 200 220 "-" "Mozilla/5.0 (compatible; Googlebot/2.1; +http://www.google.com/bot.html)"
54.247.188.179 - - [18/Jul/2016:07:00:04 -0300] "GET / HTTP/1.0" 200 11894 "-" "NewRelicPinger/1.0 (954132)"
54.251.34.67 - - [18/Jul/2016:07:00:09 -0300] "GET / HTTP/1.0" 200 11894 "-" "NewRelicPinger/1.0 (954132)"
50.112.95.211 - - [18/Jul/2016:07:01:10 -0300] "GET / HTTP/1.0" 200 11894 "-" "NewRelicPinger/1.0 (954132)"
54.248.250.232 - - [18/Jul/2016:07:01:43 -0300] "GET / HTTP/1.0" 200 11894 "-" "NewRelicPinger/1.0 (954132)"
54.247.188.179 - - [18/Jul/2016:07:02:03 -0300] "GET / HTTP/1.0" 200 11894 "-" "NewRelicPinger/1.0 (954132)"
54.251.34.67 - - [18/Jul/2016:07:02:09 -0300] "GET / HTTP/1.0" 200 11894 "-" "NewRelicPinger/1.0 (954132)"
50.112.95.211 - - [18/Jul/2016:07:03:13 -0300] "GET / HTTP/1.0" 200 11894 "-" "NewRelicPinger/1.0 (954132)"
54.248.250.232 - - [18/Jul/2016:07:03:43 -0300] "GET / HTTP/1.0" 200 11894 "-" "NewRelicPinger/1.0 (954132)"
54.247.188.179 - - [18/Jul/2016:07:04:03 -0300] "GET / HTTP/1.0" 200 11894 "-" "NewRelicPinger/1.0 (954132)"
54.251.34.67 - - [18/Jul/2016:07:04:09 -0300] "GET / HTTP/1.0" 200 11894 "-" "NewRelicPinger/1.0 (954132)"
50.112.95.211 - - [18/Jul/2016:07:05:01 -0300] "GET / HTTP/1.0" 200 11894 "-" "NewRelicPinger/1.0 (954132)"
54.248.250.232 - - [18/Jul/2016:07:05:43 -0300] "GET / HTTP/1.0" 200 11894 "-" "NewRelicPinger/1.0 (954132)"
54.247.188.179 - - [18/Jul/2016:07:06:04 -0300] "GET / HTTP/1.0" 200 11894 "-" "NewRelicPinger/1.0 (954132)"
54.251.34.67 - - [18/Jul/2016:07:06:09 -0300] "GET / HTTP/1.0" 200 11894 "-" "NewRelicPinger/1.0 (954132)"
50.112.95.211 - - [18/Jul/2016:07:07:02 -0300] "GET / HTTP/1.0" 200 11894 "-" "NewRelicPinger/1.0 (954132)"
54.248.250.232 - - [18/Jul/2016:07:07:43 -0300] "GET / HTTP/1.0" 200 11894 "-" "NewRelicPinger/1.0 (954132)"
54.247.188.179 - - [18/Jul/2016:07:08:06 -0300] "GET / HTTP/1.0" 200 11894 "-" "NewRelicPinger/1.0 (954132)"
54.251.34.67 - - [18/Jul/2016:07:08:09 -0300] "GET / HTTP/1.0" 200 11894 "-" "NewRelicPinger/1.0 (954132)"
50.112.95.211 - - [18/Jul/2016:07:09:01 -0300] "GET / HTTP/1.0" 200 11894 "-" "NewRelicPinger/1.0 (954132)"
54.248.250.232 - - [18/Jul/2016:07:09:43 -0300] "GET / HTTP/1.0" 200 11894 "-" "NewRelicPinger/1.0 (954132)"
54.247.188.179 - - [18/Jul/2016:07:10:03 -0300] "GET / HTTP/1.0" 200 11894 "-" "NewRelicPinger/1.0 (954132)"
54.251.34.67 - - [18/Jul/2016:07:10:10 -0300] "GET / HTTP/1.0" 200 11894 "-" "NewRelicPinger/1.0 (954132)"
50.112.95.211 - - [18/Jul/2016:07:11:00 -0300] "GET / HTTP/1.0" 200 11894 "-" "NewRelicPinger/1.0 (954132)"
54.248.250.232 - - [18/Jul/2016:07:11:43 -0300] "GET / HTTP/1.0" 200 11894 "-" "NewRelicPinger/1.0 (954132)"
54.247.188.179 - - [18/Jul/2016:07:12:07 -0300] "GET / HTTP/1.0" 200 11894 "-" "NewRelicPinger/1.0 (954132)"
54.251.34.67 - - [18/Jul/2016:07:12:10 -0300] "GET / HTTP/1.0" 200 11894 "-" "NewRelicPinger/1.0 (954132)"
50.112.95.211 - - [18/Jul/2016:07:13:02 -0300] "GET / HTTP/1.0" 200 11894 "-" "NewRelicPinger/1.0 (954132)"
54.248.250.232 - - [18/Jul/2016:07:13:54 -0300] "GET / HTTP/1.0" 200 11894 "-" "NewRelicPinger/1.0 (954132)"
54.247.188.179 - - [18/Jul/2016:07:14:05 -0300] "GET / HTTP/1.0" 200 11894 "-" "NewRelicPinger/1.0 (954132)"
54.251.34.67 - - [18/Jul/2016:07:14:52 -0300] "GET / HTTP/1.0" 200 11894 "-" "NewRelicPinger/1.0 (954132)"
50.112.95.211 - - [18/Jul/2016:07:15:02 -0300] "GET / HTTP/1.0" 200 11894 "-" "NewRelicPinger/1.0 (954132)"
54.248.250.232 - - [18/Jul/2016:07:15:54 -0300] "GET / HTTP/1.0" 200 11894 "-" "NewRelicPinger/1.0 (954132)"
54.247.188.179 - - [18/Jul/2016:07:16:04 -0300] "GET / HTTP/1.0" 200 11894 "-" "NewRelicPinger/1.0 (954132)"
50.112.95.211 - - [18/Jul/2016:07:17:01 -0300] "GET / HTTP/1.0" 200 11894 "-" "NewRelicPinger/1.0 (954132)"
54.248.250.232 - - [18/Jul/2016:07:17:54 -0300] "GET / HTTP/1.0" 200 11894 "-" "NewRelicPinger/1.0 (954132)"
54.247.188.179 - - [18/Jul/2016:07:18:05 -0300] "GET / HTTP/1.0" 200 11894 "-" "NewRelicPinger/1.0 (954132)"
50.112.95.211 - - [18/Jul/2016:07:19:01 -0300] "GET / HTTP/1.0" 200 11894 "-" "NewRelicPinger/1.0 (954132)"
54.248.250.232 - - [18/Jul/2016:07:19:54 -0300] "GET / HTTP/1.0" 200 11894 "-" "NewRelicPinger/1.0 (954132)"
54.247.188.179 - - [18/Jul/2016:07:20:04 -0300] "GET / HTTP/1.0" 200 11894 "-" "NewRelicPinger/1.0 (954132)"
50.112.95.211 - - [18/Jul/2016:07:21:01 -0300] "GET / HTTP/1.0" 200 11894 "-" "NewRelicPinger/1.0 (954132)"
54.248.250.232 - - [18/Jul/2016:07:21:54 -0300] "GET / HTTP/1.0" 200 11894 "-" "NewRelicPinger/1.0 (954132)"
54.247.188.179 - - [18/Jul/2016:07:22:06 -0300] "GET / HTTP/1.0" 200 11894 "-" "NewRelicPinger/1.0 (954132)"
54.251.34.67 - - [18/Jul/2016:07:22:33 -0300] "GET / HTTP/1.0" 200 11894 "-" "NewRelicPinger/1.0 (954132)"
50.112.95.211 - - [18/Jul/2016:07:23:01 -0300] "GET / HTTP/1.0" 200 11894 "-" "NewRelicPinger/1.0 (954132)"
54.248.250.232 - - [18/Jul/2016:07:23:54 -0300] "GET / HTTP/1.0" 200 11894 "-" "NewRelicPinger/1.0 (954132)"
54.247.188.179 - - [18/Jul/2016:07:24:05 -0300] "GET / HTTP/1.0" 200 11894 "-" "NewRelicPinger/1.0 (954132)"
186.212.245.62 - - [18/Jul/2016:07:24:24 -0300] "GET /user/lookup/ HTTP/1.1" 200 3560 "-" "Guardioes da Saude/2.0 (iPad; iOS 9.3.2; Scale/2.00)"
186.212.245.62 - - [18/Jul/2016:07:24:25 -0300] "GET /user/calendar/day?&day=18&month=7&year=2016 HTTP/1.1" 200 58 "-" "Guardioes da Saude/2.0 (iPad; iOS 9.3.2; Scale/2.00)"
186.212.245.62 - - [18/Jul/2016:07:24:27 -0300] "POST /survey/create HTTP/1.1" 200 546 "-" "Guardioes da Saude/2.0 (iPad; iOS 9.3.2; Scale/2.00)"
186.212.245.62 - - [18/Jul/2016:07:24:29 -0300] "GET /user/calendar/day?&day=18&month=7&year=2016 HTTP/1.1" 200 116 "-" "Guardioes da Saude/2.0 (iPad; iOS 9.3.2; Scale/2.00)"
54.251.34.67 - - [18/Jul/2016:07:24:32 -0300] "GET / HTTP/1.0" 200 11894 "-" "NewRelicPinger/1.0 (954132)"
186.212.245.62 - - [18/Jul/2016:07:24:45 -0300] "GET /surveys/l?lat=-8.093471&lon=-34.882892 HTTP/1.1" 200 394 "-" "Guardioes da Saude/2.0 (iPad; iOS 9.3.2; Scale/2.00)"
186.212.245.62 - - [18/Jul/2016:07:24:45 -0300] "GET /surveys/summary?lat=-8.093610545627859&lon=-34.88285050730676 HTTP/1.1" 200 211 "-" "Guardioes da Saude/2.0 (iPad; iOS 9.3.2; Scale/2.00)"
186.212.245.62 - - [18/Jul/2016:07:24:49 -0300] "GET /surveys/l?lat=-7.947223&lon=-34.900917 HTTP/1.1" 200 56 "-" "Guardioes da Saude/2.0 (iPad; iOS 9.3.2; Scale/2.00)"
186.212.245.62 - - [18/Jul/2016:07:24:49 -0300] "GET /surveys/summary?lat=-7.947223274913711&lon=-34.90091670895153 HTTP/1.1" 200 224 "-" "Guardioes da Saude/2.0 (iPad; iOS 9.3.2; Scale/2.00)"
186.212.245.62 - - [18/Jul/2016:07:24:50 -0300] "GET /surveys/l?lat=-8.147676&lon=-34.915106 HTTP/1.1" 200 795 "-" "Guardioes da Saude/2.0 (iPad; iOS 9.3.2; Scale/2.00)"
186.212.245.62 - - [18/Jul/2016:07:24:51 -0300] "GET /surveys/summary?lat=-8.147676487368386&lon=-34.91510570212509 HTTP/1.1" 200 226 "-" "Guardioes da Saude/2.0 (iPad; iOS 9.3.2; Scale/2.00)"
186.212.245.62 - - [18/Jul/2016:07:24:52 -0300] "GET /surveys/l?lat=-7.999648&lon=-34.948077 HTTP/1.1" 200 394 "-" "Guardioes da Saude/2.0 (iPad; iOS 9.3.2; Scale/2.00)"
186.212.245.62 - - [18/Jul/2016:07:24:52 -0300] "GET /surveys/summary?lat=-7.999647807705472&lon=-34.94807711540865 HTTP/1.1" 200 205 "-" "Guardioes da Saude/2.0 (iPad; iOS 9.3.2; Scale/2.00)"
186.212.245.62 - - [18/Jul/2016:07:24:57 -0300] "GET /user/household/56f9a6339bc35dac74cf5bec HTTP/1.1" 200 56 "-" "Guardioes da Saude/2.0 (iPad; iOS 9.3.2; Scale/2.00)"
186.212.245.62 - - [18/Jul/2016:07:24:57 -0300] "GET /user/calendar/year?&year=2016 HTTP/1.1" 200 152 "-" "Guardioes da Saude/2.0 (iPad; iOS 9.3.2; Scale/2.00)"
186.212.245.62 - - [18/Jul/2016:07:24:57 -0300] "GET /user/calendar/month?&month=7&year=2016 HTTP/1.1" 200 123 "-" "Guardioes da Saude/2.0 (iPad; iOS 9.3.2; Scale/2.00)"
186.212.245.62 - - [18/Jul/2016:07:24:57 -0300] "GET /user/survey/summary HTTP/1.1" 200 72 "-" "Guardioes da Saude/2.0 (iPad; iOS 9.3.2; Scale/2.00)"
50.112.95.211 - - [18/Jul/2016:07:25:01 -0300] "GET / HTTP/1.0" 200 11894 "-" "NewRelicPinger/1.0 (954132)"
54.248.250.232 - - [18/Jul/2016:07:25:54 -0300] "GET / HTTP/1.0" 200 11894 "-" "NewRelicPinger/1.0 (954132)"
54.247.188.179 - - [18/Jul/2016:07:26:18 -0300] "GET / HTTP/1.0" 200 11894 "-" "NewRelicPinger/1.0 (954132)"
54.251.34.67 - - [18/Jul/2016:07:26:32 -0300] "GET / HTTP/1.0" 200 11894 "-" "NewRelicPinger/1.0 (954132)"
186.212.245.62 - - [18/Jul/2016:07:26:43 -0300] "GET /user/calendar/day?&day=18&month=7&year=2016 HTTP/1.1" 200 116 "-" "Guardioes da Saude/2.0 (iPad; iOS 9.3.2; Scale/2.00)"
50.112.95.211 - - [18/Jul/2016:07:27:01 -0300] "GET / HTTP/1.0" 200 11894 "-" "NewRelicPinger/1.0 (954132)"
186.212.245.62 - - [18/Jul/2016:07:27:35 -0300] "GET /user/household/56f9a6339bc35dac74cf5bec HTTP/1.1" 200 56 "-" "Guardioes da Saude/2.0 (iPad; iOS 9.3.2; Scale/2.00)"
186.212.245.62 - - [18/Jul/2016:07:27:42 -0300] "GET /user/household/56f9a6339bc35dac74cf5bec HTTP/1.1" 200 56 "-" "Guardioes da Saude/2.0 (iPad; iOS 9.3.2; Scale/2.00)"
186.212.245.62 - - [18/Jul/2016:07:27:43 -0300] "GET /user/survey/summary HTTP/1.1" 200 72 "-" "Guardioes da Saude/2.0 (iPad; iOS 9.3.2; Scale/2.00)"
186.212.245.62 - - [18/Jul/2016:07:27:43 -0300] "GET /user/calendar/year?&year=2016 HTTP/1.1" 200 152 "-" "Guardioes da Saude/2.0 (iPad; iOS 9.3.2; Scale/2.00)"
186.212.245.62 - - [18/Jul/2016:07:27:43 -0300] "GET /user/calendar/month?&month=7&year=2016 HTTP/1.1" 200 123 "-" "Guardioes da Saude/2.0 (iPad; iOS 9.3.2; Scale/2.00)"
54.248.250.232 - - [18/Jul/2016:07:27:54 -0300] "GET / HTTP/1.0" 200 11894 "-" "NewRelicPinger/1.0 (954132)"
54.247.188.179 - - [18/Jul/2016:07:28:17 -0300] "GET / HTTP/1.0" 200 11894 "-" "NewRelicPinger/1.0 (954132)"
54.251.34.67 - - [18/Jul/2016:07:28:32 -0300] "GET / HTTP/1.0" 200 11894 "-" "NewRelicPinger/1.0 (954132)"
50.112.95.211 - - [18/Jul/2016:07:29:01 -0300] "GET / HTTP/1.0" 200 11894 "-" "NewRelicPinger/1.0 (954132)"
54.248.250.232 - - [18/Jul/2016:07:29:54 -0300] "GET / HTTP/1.0" 200 11894 "-" "NewRelicPinger/1.0 (954132)"
54.247.188.179 - - [18/Jul/2016:07:30:16 -0300] "GET / HTTP/1.0" 200 11894 "-" "NewRelicPinger/1.0 (954132)"
54.251.34.67 - - [18/Jul/2016:07:30:32 -0300] "GET / HTTP/1.0" 200 11894 "-" "NewRelicPinger/1.0 (954132)"
50.112.95.211 - - [18/Jul/2016:07:31:01 -0300] "GET / HTTP/1.0" 200 11894 "-" "NewRelicPinger/1.0 (954132)"
54.248.250.232 - - [18/Jul/2016:07:31:54 -0300] "GET / HTTP/1.0" 200 11894 "-" "NewRelicPinger/1.0 (954132)"
54.247.188.179 - - [18/Jul/2016:07:32:14 -0300] "GET / HTTP/1.0" 200 11894 "-" "NewRelicPinger/1.0 (954132)"
54.251.34.67 - - [18/Jul/2016:07:32:32 -0300] "GET / HTTP/1.0" 200 11894 "-" "NewRelicPinger/1.0 (954132)"
50.112.95.211 - - [18/Jul/2016:07:33:01 -0300] "GET / HTTP/1.0" 200 11894 "-" "NewRelicPinger/1.0 (954132)"
54.248.250.232 - - [18/Jul/2016:07:33:54 -0300] "GET / HTTP/1.0" 200 11894 "-" "NewRelicPinger/1.0 (954132)"
54.247.188.179 - - [18/Jul/2016:07:34:15 -0300] "GET / HTTP/1.0" 200 11894 "-" "NewRelicPinger/1.0 (954132)"
54.251.34.67 - - [18/Jul/2016:07:34:33 -0300] "GET / HTTP/1.0" 200 11894 "-" "NewRelicPinger/1.0 (954132)"
50.112.95.211 - - [18/Jul/2016:07:35:01 -0300] "GET / HTTP/1.0" 200 11894 "-" "NewRelicPinger/1.0 (954132)"
54.248.250.232 - - [18/Jul/2016:07:35:54 -0300] "GET / HTTP/1.0" 200 11894 "-" "NewRelicPinger/1.0 (954132)"
54.247.188.179 - - [18/Jul/2016:07:36:16 -0300] "GET / HTTP/1.0" 200 11894 "-" "NewRelicPinger/1.0 (954132)"
54.251.34.67 - - [18/Jul/2016:07:36:32 -0300] "GET / HTTP/1.0" 200 11894 "-" "NewRelicPinger/1.0 (954132)"
50.112.95.211 - - [18/Jul/2016:07:37:01 -0300] "GET / HTTP/1.0" 200 11894 "-" "NewRelicPinger/1.0 (954132)"
54.248.250.232 - - [18/Jul/2016:07:37:54 -0300] "GET / HTTP/1.0" 200 11894 "-" "NewRelicPinger/1.0 (954132)"
54.247.188.179 - - [18/Jul/2016:07:38:15 -0300] "GET / HTTP/1.0" 200 11894 "-" "NewRelicPinger/1.0 (954132)"
54.251.34.67 - - [18/Jul/2016:07:38:32 -0300] "GET / HTTP/1.0" 200 11894 "-" "NewRelicPinger/1.0 (954132)"
50.112.95.211 - - [18/Jul/2016:07:39:02 -0300] "GET / HTTP/1.0" 200 11894 "-" "NewRelicPinger/1.0 (954132)"
54.248.250.232 - - [18/Jul/2016:07:39:54 -0300] "GET / HTTP/1.0" 200 11894 "-" "NewRelicPinger/1.0 (954132)"
54.247.188.179 - - [18/Jul/2016:07:40:15 -0300] "GET / HTTP/1.0" 200 11894 "-" "NewRelicPinger/1.0 (954132)"
54.251.34.67 - - [18/Jul/2016:07:40:32 -0300] "GET / HTTP/1.0" 200 11894 "-" "NewRelicPinger/1.0 (954132)"
50.112.95.211 - - [18/Jul/2016:07:41:02 -0300] "GET / HTTP/1.0" 200 11894 "-" "NewRelicPinger/1.0 (954132)"
54.248.250.232 - - [18/Jul/2016:07:41:54 -0300] "GET / HTTP/1.0" 200 11894 "-" "NewRelicPinger/1.0 (954132)"
54.247.188.179 - - [18/Jul/2016:07:42:17 -0300] "GET / HTTP/1.0" 200 11894 "-" "NewRelicPinger/1.0 (954132)"
54.251.34.67 - - [18/Jul/2016:07:42:32 -0300] "GET / HTTP/1.0" 200 11894 "-" "NewRelicPinger/1.0 (954132)"
50.112.95.211 - - [18/Jul/2016:07:43:02 -0300] "GET / HTTP/1.0" 200 11894 "-" "NewRelicPinger/1.0 (954132)"
54.248.250.232 - - [18/Jul/2016:07:43:54 -0300] "GET / HTTP/1.0" 200 11894 "-" "NewRelicPinger/1.0 (954132)"
54.247.188.179 - - [18/Jul/2016:07:44:17 -0300] "GET / HTTP/1.0" 200 11894 "-" "NewRelicPinger/1.0 (954132)"
54.251.34.67 - - [18/Jul/2016:07:44:32 -0300] "GET / HTTP/1.0" 200 11894 "-" "NewRelicPinger/1.0 (954132)"
50.112.95.211 - - [18/Jul/2016:07:45:02 -0300] "GET / HTTP/1.0" 200 11894 "-" "NewRelicPinger/1.0 (954132)"
54.248.250.232 - - [18/Jul/2016:07:45:54 -0300] "GET / HTTP/1.0" 200 11894 "-" "NewRelicPinger/1.0 (954132)"
54.247.188.179 - - [18/Jul/2016:07:46:17 -0300] "GET / HTTP/1.0" 200 11894 "-" "NewRelicPinger/1.0 (954132)"
54.251.34.67 - - [18/Jul/2016:07:46:32 -0300] "GET / HTTP/1.0" 200 11894 "-" "NewRelicPinger/1.0 (954132)"
50.112.95.211 - - [18/Jul/2016:07:47:02 -0300] "GET / HTTP/1.0" 200 11894 "-" "NewRelicPinger/1.0 (954132)"
54.248.250.232 - - [18/Jul/2016:07:47:54 -0300] "GET / HTTP/1.0" 200 11894 "-" "NewRelicPinger/1.0 (954132)"
54.247.188.179 - - [18/Jul/2016:07:48:18 -0300] "GET / HTTP/1.0" 200 11894 "-" "NewRelicPinger/1.0 (954132)"
54.251.34.67 - - [18/Jul/2016:07:48:32 -0300] "GET / HTTP/1.0" 200 11894 "-" "NewRelicPinger/1.0 (954132)"
50.112.95.211 - - [18/Jul/2016:07:49:02 -0300] "GET / HTTP/1.0" 200 11894 "-" "NewRelicPinger/1.0 (954132)"
54.248.250.232 - - [18/Jul/2016:07:49:54 -0300] "GET / HTTP/1.0" 200 11894 "-" "NewRelicPinger/1.0 (954132)"
54.247.188.179 - - [18/Jul/2016:07:50:17 -0300] "GET / HTTP/1.0" 200 11894 "-" "NewRelicPinger/1.0 (954132)"
54.251.34.67 - - [18/Jul/2016:07:50:32 -0300] "GET / HTTP/1.0" 200 11894 "-" "NewRelicPinger/1.0 (954132)"
50.112.95.211 - - [18/Jul/2016:07:51:02 -0300] "GET / HTTP/1.0" 200 11894 "-" "NewRelicPinger/1.0 (954132)"
179.150.68.113 - - [18/Jul/2016:07:51:52 -0300] "OPTIONS /search/cities?limit=5 HTTP/1.1" 204 0 "https://guardioesdasaude.org/" "Mozilla/5.0 (iPhone; CPU iPhone OS 9_3_2 like Mac OS X) AppleWebKit/601.1.46 (KHTML, like Gecko) Mobile/13F69 [FBAN/FBIOS;FBAV/59.0.0.51.142;FBBV/33266808;FBRV/0;FBDV/iPhone8,1;FBMD/iPhone;FBSN/iPhone OS;FBSV/9.3.2;FBSS/2;FBCR/VIVO;FBID/phone;FBLC/pt_BR;FBOP/5]"
179.150.68.113 - - [18/Jul/2016:07:51:53 -0300] "GET /search/cities?limit=5 HTTP/1.1" 200 165 "https://guardioesdasaude.org/" "Mozilla/5.0 (iPhone; CPU iPhone OS 9_3_2 like Mac OS X) AppleWebKit/601.1.46 (KHTML, like Gecko) Mobile/13F69 [FBAN/FBIOS;FBAV/59.0.0.51.142;FBBV/33266808;FBRV/0;FBDV/iPhone8,1;FBMD/iPhone;FBSN/iPhone OS;FBSV/9.3.2;FBSS/2;FBCR/VIVO;FBID/phone;FBLC/pt_BR;FBOP/5]"
54.248.250.232 - - [18/Jul/2016:07:51:54 -0300] "GET / HTTP/1.0" 200 11894 "-" "NewRelicPinger/1.0 (954132)"
54.247.188.179 - - [18/Jul/2016:07:52:17 -0300] "GET / HTTP/1.0" 200 11894 "-" "NewRelicPinger/1.0 (954132)"
54.251.34.67 - - [18/Jul/2016:07:52:32 -0300] "GET / HTTP/1.0" 200 11894 "-" "NewRelicPinger/1.0 (954132)"
50.112.95.211 - - [18/Jul/2016:07:53:02 -0300] "GET / HTTP/1.0" 200 11894 "-" "NewRelicPinger/1.0 (954132)"
200.222.45.66 - - [18/Jul/2016:07:53:11 -0300] "OPTIONS /search/cities?limit=5 HTTP/1.1" 204 0 "-" "Mozilla/5.0 (Windows NT 6.1; rv:47.0) Gecko/20100101 Firefox/47.0"
200.222.45.66 - - [18/Jul/2016:07:53:12 -0300] "GET /search/cities?limit=5 HTTP/1.1" 200 165 "https://guardioesdasaude.org/" "Mozilla/5.0 (Windows NT 6.1; rv:47.0) Gecko/20100101 Firefox/47.0"
54.248.250.232 - - [18/Jul/2016:07:53:54 -0300] "GET / HTTP/1.0" 200 11894 "-" "NewRelicPinger/1.0 (954132)"
54.247.188.179 - - [18/Jul/2016:07:54:18 -0300] "GET / HTTP/1.0" 200 11894 "-" "NewRelicPinger/1.0 (954132)"
54.251.34.67 - - [18/Jul/2016:07:54:32 -0300] "GET / HTTP/1.0" 200 11894 "-" "NewRelicPinger/1.0 (954132)"
50.112.95.211 - - [18/Jul/2016:07:55:02 -0300] "GET / HTTP/1.0" 200 11894 "-" "NewRelicPinger/1.0 (954132)"
54.248.250.232 - - [18/Jul/2016:07:55:54 -0300] "GET / HTTP/1.0" 200 11894 "-" "NewRelicPinger/1.0 (954132)"
54.247.188.179 - - [18/Jul/2016:07:56:18 -0300] "GET / HTTP/1.0" 200 11894 "-" "NewRelicPinger/1.0 (954132)"
54.251.34.67 - - [18/Jul/2016:07:56:32 -0300] "GET / HTTP/1.0" 200 11894 "-" "NewRelicPinger/1.0 (954132)"
200.217.37.49 - - [18/Jul/2016:07:56:35 -0300] "GET /user/get?gl=109236500473472924574 HTTP/1.1" 200 56 "-" "Dalvik/2.1.0 (Linux; U; Android 5.1.1; SM-J320M Build/LMY47V)"
50.112.95.211 - - [18/Jul/2016:07:57:02 -0300] "GET / HTTP/1.0" 200 11894 "-" "NewRelicPinger/1.0 (954132)"
200.217.37.49 - - [18/Jul/2016:07:57:27 -0300] "POST /user/create HTTP/1.1" 200 609 "-" "Dalvik/2.1.0 (Linux; U; Android 5.1.1; SM-J320M Build/LMY47V)"
200.217.37.49 - - [18/Jul/2016:07:57:49 -0300] "POST /survey/create HTTP/1.1" 200 442 "-" "Dalvik/2.1.0 (Linux; U; Android 5.1.1; SM-J320M Build/LMY47V)"
200.217.37.49 - - [18/Jul/2016:07:57:52 -0300] "GET /user/calendar/day?day=18&month=6&year=2016 HTTP/1.1" 200 58 "-" "Dalvik/2.1.0 (Linux; U; Android 5.1.1; SM-J320M Build/LMY47V)"
54.248.250.232 - - [18/Jul/2016:07:57:54 -0300] "GET / HTTP/1.0" 200 11894 "-" "NewRelicPinger/1.0 (954132)"
54.247.188.179 - - [18/Jul/2016:07:58:17 -0300] "GET / HTTP/1.0" 200 11894 "-" "NewRelicPinger/1.0 (954132)"
200.217.37.49 - - [18/Jul/2016:07:58:17 -0300] "GET /user/household/578cb6174d3897087678ac3f HTTP/1.1" 200 56 "-" "Dalvik/2.1.0 (Linux; U; Android 5.1.1; SM-J320M Build/LMY47V)"
54.251.34.67 - - [18/Jul/2016:07:58:32 -0300] "GET / HTTP/1.0" 200 11894 "-" "NewRelicPinger/1.0 (954132)"
50.112.95.211 - - [18/Jul/2016:07:59:02 -0300] "GET / HTTP/1.0" 200 11894 "-" "NewRelicPinger/1.0 (954132)"
54.248.250.232 - - [18/Jul/2016:07:59:55 -0300] "GET / HTTP/1.0" 200 11894 "-" "NewRelicPinger/1.0 (954132)"
54.247.188.179 - - [18/Jul/2016:08:00:18 -0300] "GET / HTTP/1.0" 200 11894 "-" "NewRelicPinger/1.0 (954132)"
54.251.34.67 - - [18/Jul/2016:08:00:32 -0300] "GET / HTTP/1.0" 200 11894 "-" "NewRelicPinger/1.0 (954132)"
50.112.95.211 - - [18/Jul/2016:08:01:03 -0300] "GET / HTTP/1.0" 200 11894 "-" "NewRelicPinger/1.0 (954132)"
200.217.37.49 - - [18/Jul/2016:08:01:24 -0300] "GET /user/household/null HTTP/1.1" 200 56 "-" "Dalvik/2.1.0 (Linux; U; Android 5.1.1; SM-J320M Build/LMY47V)"
54.248.250.232 - - [18/Jul/2016:08:01:55 -0300] "GET / HTTP/1.0" 200 11894 "-" "NewRelicPinger/1.0 (954132)"
200.217.37.49 - - [18/Jul/2016:08:02:02 -0300] "GET /user/lookup/ HTTP/1.1" 200 906 "-" "Dalvik/2.1.0 (Linux; U; Android 5.1.1; SM-J320M Build/LMY47V)"
200.217.37.49 - - [18/Jul/2016:08:02:02 -0300] "GET /user/calendar/day?day=18&month=7&year=2016 HTTP/1.1" 200 116 "-" "Dalvik/2.1.0 (Linux; U; Android 5.1.1; SM-J320M Build/LMY47V)"
200.217.37.49 - - [18/Jul/2016:08:02:08 -0300] "GET /user/household/578cb6174d3897087678ac3f HTTP/1.1" 200 56 "-" "Dalvik/2.1.0 (Linux; U; Android 5.1.1; SM-J320M Build/LMY47V)"
54.247.188.179 - - [18/Jul/2016:08:02:17 -0300] "GET / HTTP/1.0" 200 11894 "-" "NewRelicPinger/1.0 (954132)"
200.217.37.49 - - [18/Jul/2016:08:02:31 -0300] "GET /user/household/578cb6174d3897087678ac3f HTTP/1.1" 200 56 "-" "Dalvik/2.1.0 (Linux; U; Android 5.1.1; SM-J320M Build/LMY47V)"
54.251.34.67 - - [18/Jul/2016:08:02:32 -0300] "GET / HTTP/1.0" 200 11894 "-" "NewRelicPinger/1.0 (954132)"
50.112.95.211 - - [18/Jul/2016:08:03:02 -0300] "GET / HTTP/1.0" 200 11894 "-" "NewRelicPinger/1.0 (954132)"
54.248.250.232 - - [18/Jul/2016:08:03:55 -0300] "GET / HTTP/1.0" 200 11894 "-" "NewRelicPinger/1.0 (954132)"
54.247.188.179 - - [18/Jul/2016:08:04:18 -0300] "GET / HTTP/1.0" 200 11894 "-" "NewRelicPinger/1.0 (954132)"
54.251.34.67 - - [18/Jul/2016:08:04:32 -0300] "GET / HTTP/1.0" 200 11894 "-" "NewRelicPinger/1.0 (954132)"
50.112.95.211 - - [18/Jul/2016:08:05:03 -0300] "GET / HTTP/1.0" 200 11894 "-" "NewRelicPinger/1.0 (954132)"
54.248.250.232 - - [18/Jul/2016:08:05:55 -0300] "GET / HTTP/1.0" 200 11894 "-" "NewRelicPinger/1.0 (954132)"
54.247.188.179 - - [18/Jul/2016:08:06:18 -0300] "GET / HTTP/1.0" 200 11894 "-" "NewRelicPinger/1.0 (954132)"
54.251.34.67 - - [18/Jul/2016:08:06:32 -0300] "GET / HTTP/1.0" 200 11894 "-" "NewRelicPinger/1.0 (954132)"
50.112.95.211 - - [18/Jul/2016:08:07:14 -0300] "GET / HTTP/1.0" 200 11894 "-" "NewRelicPinger/1.0 (954132)"
54.248.250.232 - - [18/Jul/2016:08:07:55 -0300] "GET / HTTP/1.0" 200 11894 "-" "NewRelicPinger/1.0 (954132)"
54.247.188.179 - - [18/Jul/2016:08:08:18 -0300] "GET / HTTP/1.0" 200 11894 "-" "NewRelicPinger/1.0 (954132)"
54.251.34.67 - - [18/Jul/2016:08:08:32 -0300] "GET / HTTP/1.0" 200 11894 "-" "NewRelicPinger/1.0 (954132)"
50.112.95.211 - - [18/Jul/2016:08:09:03 -0300] "GET / HTTP/1.0" 200 11894 "-" "NewRelicPinger/1.0 (954132)"
54.248.250.232 - - [18/Jul/2016:08:09:56 -0300] "GET / HTTP/1.0" 200 11894 "-" "NewRelicPinger/1.0 (954132)"
186.212.109.213 - - [18/Jul/2016:08:10:14 -0300] "GET /user/lookup/ HTTP/1.1" 200 1440 "-" "Dalvik/2.1.0 (Linux; U; Android 5.1.1; SM-E700M Build/LMY47X)"
186.212.109.213 - - [18/Jul/2016:08:10:15 -0300] "GET /user/calendar/day?day=18&month=7&year=2016 HTTP/1.1" 200 58 "-" "Dalvik/2.1.0 (Linux; U; Android 5.1.1; SM-E700M Build/LMY47X)"
54.247.188.179 - - [18/Jul/2016:08:10:18 -0300] "GET / HTTP/1.0" 200 11894 "-" "NewRelicPinger/1.0 (954132)"
186.212.109.213 - - [18/Jul/2016:08:10:18 -0300] "POST /survey/create HTTP/1.1" 200 454 "-" "Dalvik/2.1.0 (Linux; U; Android 5.1.1; SM-E700M Build/LMY47X)"
186.212.109.213 - - [18/Jul/2016:08:10:18 -0300] "GET /user/calendar/day?day=18&month=6&year=2016 HTTP/1.1" 200 58 "-" "Dalvik/2.1.0 (Linux; U; Android 5.1.1; SM-E700M Build/LMY47X)"
186.212.109.213 - - [18/Jul/2016:08:10:27 -0300] "GET /surveys/summary/?lon=-34.878272&lat=-8.0069421 HTTP/1.1" 200 222 "-" "Dalvik/2.1.0 (Linux; U; Android 5.1.1; SM-E700M Build/LMY47X)"
186.212.109.213 - - [18/Jul/2016:08:10:28 -0300] "GET /surveys/l?lon=-34.878272&lat=-8.0069421 HTTP/1.1" 200 56 "-" "Dalvik/2.1.0 (Linux; U; Android 5.1.1; SM-E700M Build/LMY47X)"
54.251.34.67 - - [18/Jul/2016:08:10:32 -0300] "GET / HTTP/1.0" 200 11894 "-" "NewRelicPinger/1.0 (954132)"
50.112.95.211 - - [18/Jul/2016:08:11:12 -0300] "GET / HTTP/1.0" 200 11894 "-" "NewRelicPinger/1.0 (954132)"
54.248.250.232 - - [18/Jul/2016:08:11:55 -0300] "GET / HTTP/1.0" 200 11894 "-" "NewRelicPinger/1.0 (954132)"
189.60.5.213 - - [18/Jul/2016:08:12:05 -0300] "GET /user/lookup/ HTTP/1.1" 200 732 "-" "Dalvik/2.1.0 (Linux; U; Android 6.0.1; SM-J500M Build/MMB29M)"
189.60.5.213 - - [18/Jul/2016:08:12:05 -0300] "GET /user/calendar/day?day=18&month=7&year=2016 HTTP/1.1" 200 58 "-" "Dalvik/2.1.0 (Linux; U; Android 6.0.1; SM-J500M Build/MMB29M)"
189.60.5.213 - - [18/Jul/2016:08:12:08 -0300] "POST /survey/create HTTP/1.1" 200 446 "-" "Dalvik/2.1.0 (Linux; U; Android 6.0.1; SM-J500M Build/MMB29M)"
189.60.5.213 - - [18/Jul/2016:08:12:08 -0300] "GET /user/calendar/day?day=18&month=6&year=2016 HTTP/1.1" 200 58 "-" "Dalvik/2.1.0 (Linux; U; Android 6.0.1; SM-J500M Build/MMB29M)"
54.247.188.179 - - [18/Jul/2016:08:12:17 -0300] "GET / HTTP/1.0" 200 11894 "-" "NewRelicPinger/1.0 (954132)"
189.60.5.213 - - [18/Jul/2016:08:12:22 -0300] "GET /user/household/578c38aa4d3897087678ac32 HTTP/1.1" 200 56 "-" "Dalvik/2.1.0 (Linux; U; Android 6.0.1; SM-J500M Build/MMB29M)"
189.60.5.213 - - [18/Jul/2016:08:12:22 -0300] "GET /user/calendar/month?&month=7&year=2016 HTTP/1.1" 200 116 "-" "Dalvik/2.1.0 (Linux; U; Android 6.0.1; SM-J500M Build/MMB29M)"
189.60.5.213 - - [18/Jul/2016:08:12:23 -0300] "GET /user/survey/summary HTTP/1.1" 200 69 "-" "Dalvik/2.1.0 (Linux; U; Android 6.0.1; SM-J500M Build/MMB29M)"
189.60.5.213 - - [18/Jul/2016:08:12:23 -0300] "GET /user/calendar/year?year=2016 HTTP/1.1" 200 109 "-" "Dalvik/2.1.0 (Linux; U; Android 6.0.1; SM-J500M Build/MMB29M)"
54.251.34.67 - - [18/Jul/2016:08:12:32 -0300] "GET / HTTP/1.0" 200 11894 "-" "NewRelicPinger/1.0 (954132)"
50.112.95.211 - - [18/Jul/2016:08:13:10 -0300] "GET / HTTP/1.0" 200 11894 "-" "NewRelicPinger/1.0 (954132)"
54.248.250.232 - - [18/Jul/2016:08:13:55 -0300] "GET / HTTP/1.0" 200 11894 "-" "NewRelicPinger/1.0 (954132)"
179.180.207.67 - - [18/Jul/2016:08:14:06 -0300] "OPTIONS /search/cities?limit=5 HTTP/1.1" 204 0 "https://guardioesdasaude.org/" "Mozilla/5.0 (Windows NT 6.0) AppleWebKit/537.36 (KHTML, like Gecko) Chrome/49.0.2623.112 Safari/537.36"
179.180.207.67 - - [18/Jul/2016:08:14:08 -0300] "GET /search/cities?limit=5 HTTP/1.1" 200 165 "https://guardioesdasaude.org/" "Mozilla/5.0 (Windows NT 6.0) AppleWebKit/537.36 (KHTML, like Gecko) Chrome/49.0.2623.112 Safari/537.36"
54.247.188.179 - - [18/Jul/2016:08:14:18 -0300] "GET / HTTP/1.0" 200 11894 "-" "NewRelicPinger/1.0 (954132)"
179.180.207.67 - - [18/Jul/2016:08:14:28 -0300] "OPTIONS /charts/pins?lat=-19.9166813&lon=-43.9344931 HTTP/1.1" 204 0 "https://guardioesdasaude.org/health-map" "Mozilla/5.0 (Windows NT 6.0) AppleWebKit/537.36 (KHTML, like Gecko) Chrome/49.0.2623.112 Safari/537.36"
179.180.207.67 - - [18/Jul/2016:08:14:28 -0300] "OPTIONS /surveys/summary?lat=-19.9166813&lon=-43.9344931 HTTP/1.1" 204 0 "https://guardioesdasaude.org/health-map" "Mozilla/5.0 (Windows NT 6.0) AppleWebKit/537.36 (KHTML, like Gecko) Chrome/49.0.2623.112 Safari/537.36"
179.180.207.67 - - [18/Jul/2016:08:14:28 -0300] "OPTIONS /surveys/summary?lat=-19.916559517357907&lon=-43.9344931 HTTP/1.1" 204 0 "https://guardioesdasaude.org/health-map" "Mozilla/5.0 (Windows NT 6.0) AppleWebKit/537.36 (KHTML, like Gecko) Chrome/49.0.2623.112 Safari/537.36"
179.180.207.67 - - [18/Jul/2016:08:14:28 -0300] "GET /charts/pins?lat=-19.9166813&lon=-43.9344931 HTTP/1.1" 200 56 "https://guardioesdasaude.org/health-map" "Mozilla/5.0 (Windows NT 6.0) AppleWebKit/537.36 (KHTML, like Gecko) Chrome/49.0.2623.112 Safari/537.36"
179.180.207.67 - - [18/Jul/2016:08:14:28 -0300] "OPTIONS /charts/pins?lat=-19.916559517357907&lon=-43.9344931 HTTP/1.1" 204 0 "https://guardioesdasaude.org/health-map" "Mozilla/5.0 (Windows NT 6.0) AppleWebKit/537.36 (KHTML, like Gecko) Chrome/49.0.2623.112 Safari/537.36"
179.180.207.67 - - [18/Jul/2016:08:14:29 -0300] "GET /surveys/summary?lat=-19.9166813&lon=-43.9344931 HTTP/1.1" 200 220 "https://guardioesdasaude.org/health-map" "Mozilla/5.0 (Windows NT 6.0) AppleWebKit/537.36 (KHTML, like Gecko) Chrome/49.0.2623.112 Safari/537.36"
179.180.207.67 - - [18/Jul/2016:08:14:29 -0300] "GET /surveys/summary?lat=-19.916559517357907&lon=-43.9344931 HTTP/1.1" 200 227 "https://guardioesdasaude.org/health-map" "Mozilla/5.0 (Windows NT 6.0) AppleWebKit/537.36 (KHTML, like Gecko) Chrome/49.0.2623.112 Safari/537.36"
179.180.207.67 - - [18/Jul/2016:08:14:29 -0300] "OPTIONS /charts/pins?lat=-19.916559517357907&lon=-43.9344931 HTTP/1.1" 204 0 "https://guardioesdasaude.org/health-map" "Mozilla/5.0 (Windows NT 6.0) AppleWebKit/537.36 (KHTML, like Gecko) Chrome/49.0.2623.112 Safari/537.36"
179.180.207.67 - - [18/Jul/2016:08:14:29 -0300] "GET /charts/pins?lat=-19.916559517357907&lon=-43.9344931 HTTP/1.1" 200 56 "https://guardioesdasaude.org/health-map" "Mozilla/5.0 (Windows NT 6.0) AppleWebKit/537.36 (KHTML, like Gecko) Chrome/49.0.2623.112 Safari/537.36"
179.180.207.67 - - [18/Jul/2016:08:14:29 -0300] "GET /charts/pins?lat=-19.916559517357907&lon=-43.9344931 HTTP/1.1" 200 56 "https://guardioesdasaude.org/health-map" "Mozilla/5.0 (Windows NT 6.0) AppleWebKit/537.36 (KHTML, like Gecko) Chrome/49.0.2623.112 Safari/537.36"
54.251.34.67 - - [18/Jul/2016:08:14:32 -0300] "GET / HTTP/1.0" 200 11894 "-" "NewRelicPinger/1.0 (954132)"
179.180.207.67 - - [18/Jul/2016:08:15:01 -0300] "OPTIONS /charts/pins?lat=-19.906353&lon=-43.92438240000001 HTTP/1.1" 204 0 "https://guardioesdasaude.org/health-map" "Mozilla/5.0 (Windows NT 6.0) AppleWebKit/537.36 (KHTML, like Gecko) Chrome/49.0.2623.112 Safari/537.36"
179.180.207.67 - - [18/Jul/2016:08:15:01 -0300] "OPTIONS /surveys/summary?lat=-19.906353&lon=-43.92438240000001 HTTP/1.1" 204 0 "https://guardioesdasaude.org/health-map" "Mozilla/5.0 (Windows NT 6.0) AppleWebKit/537.36 (KHTML, like Gecko) Chrome/49.0.2623.112 Safari/537.36"
179.180.207.67 - - [18/Jul/2016:08:15:01 -0300] "OPTIONS /surveys/summary?lat=-19.906231270000923&lon=-43.92438240000001 HTTP/1.1" 204 0 "https://guardioesdasaude.org/health-map" "Mozilla/5.0 (Windows NT 6.0) AppleWebKit/537.36 (KHTML, like Gecko) Chrome/49.0.2623.112 Safari/537.36"
179.180.207.67 - - [18/Jul/2016:08:15:01 -0300] "OPTIONS /charts/pins?lat=-19.906231270000923&lon=-43.92438240000001 HTTP/1.1" 204 0 "https://guardioesdasaude.org/health-map" "Mozilla/5.0 (Windows NT 6.0) AppleWebKit/537.36 (KHTML, like Gecko) Chrome/49.0.2623.112 Safari/537.36"
179.180.207.67 - - [18/Jul/2016:08:15:01 -0300] "GET /charts/pins?lat=-19.906353&lon=-43.92438240000001 HTTP/1.1" 200 56 "https://guardioesdasaude.org/health-map" "Mozilla/5.0 (Windows NT 6.0) AppleWebKit/537.36 (KHTML, like Gecko) Chrome/49.0.2623.112 Safari/537.36"
179.180.207.67 - - [18/Jul/2016:08:15:01 -0300] "GET /surveys/summary?lat=-19.906353&lon=-43.92438240000001 HTTP/1.1" 200 244 "https://guardioesdasaude.org/health-map" "Mozilla/5.0 (Windows NT 6.0) AppleWebKit/537.36 (KHTML, like Gecko) Chrome/49.0.2623.112 Safari/537.36"
179.180.207.67 - - [18/Jul/2016:08:15:02 -0300] "GET /charts/pins?lat=-19.906231270000923&lon=-43.92438240000001 HTTP/1.1" 200 56 "https://guardioesdasaude.org/health-map" "Mozilla/5.0 (Windows NT 6.0) AppleWebKit/537.36 (KHTML, like Gecko) Chrome/49.0.2623.112 Safari/537.36"
179.180.207.67 - - [18/Jul/2016:08:15:02 -0300] "GET /surveys/summary?lat=-19.906231270000923&lon=-43.92438240000001 HTTP/1.1" 200 244 "https://guardioesdasaude.org/health-map" "Mozilla/5.0 (Windows NT 6.0) AppleWebKit/537.36 (KHTML, like Gecko) Chrome/49.0.2623.112 Safari/537.36"
179.180.207.67 - - [18/Jul/2016:08:15:02 -0300] "GET /charts/pins?lat=-19.906231270000923&lon=-43.92438240000001 HTTP/1.1" 200 56 "https://guardioesdasaude.org/health-map" "Mozilla/5.0 (Windows NT 6.0) AppleWebKit/537.36 (KHTML, like Gecko) Chrome/49.0.2623.112 Safari/537.36"
50.112.95.211 - - [18/Jul/2016:08:15:11 -0300] "GET / HTTP/1.0" 200 11894 "-" "NewRelicPinger/1.0 (954132)"
179.180.207.67 - - [18/Jul/2016:08:15:14 -0300] "GET /search/cities?limit=5 HTTP/1.1" 200 165 "https://guardioesdasaude.org/" "Mozilla/5.0 (Windows NT 6.0) AppleWebKit/537.36 (KHTML, like Gecko) Chrome/49.0.2623.112 Safari/537.36"
191.195.46.239 - - [18/Jul/2016:08:15:30 -0300] "GET /user/lookup/ HTTP/1.1" 200 2580 "-" "Dalvik/2.1.0 (Linux; U; Android 6.0.1; D6633 Build/23.5.A.0.575)"
191.195.46.239 - - [18/Jul/2016:08:15:30 -0300] "GET /user/calendar/day?day=18&month=7&year=2016 HTTP/1.1" 200 58 "-" "Dalvik/2.1.0 (Linux; U; Android 6.0.1; D6633 Build/23.5.A.0.575)"
191.195.46.239 - - [18/Jul/2016:08:15:52 -0300] "POST /survey/create HTTP/1.1" 200 454 "-" "Dalvik/2.1.0 (Linux; U; Android 6.0.1; D6633 Build/23.5.A.0.575)"
191.195.46.239 - - [18/Jul/2016:08:15:53 -0300] "GET /user/calendar/day?day=18&month=6&year=2016 HTTP/1.1" 200 58 "-" "Dalvik/2.1.0 (Linux; U; Android 6.0.1; D6633 Build/23.5.A.0.575)"
54.248.250.232 - - [18/Jul/2016:08:15:56 -0300] "GET / HTTP/1.0" 200 11894 "-" "NewRelicPinger/1.0 (954132)"
54.247.188.179 - - [18/Jul/2016:08:16:19 -0300] "GET / HTTP/1.0" 200 11894 "-" "NewRelicPinger/1.0 (954132)"
54.251.34.67 - - [18/Jul/2016:08:16:32 -0300] "GET / HTTP/1.0" 200 11894 "-" "NewRelicPinger/1.0 (954132)"
50.112.95.211 - - [18/Jul/2016:08:17:11 -0300] "GET / HTTP/1.0" 200 11894 "-" "NewRelicPinger/1.0 (954132)"
54.248.250.232 - - [18/Jul/2016:08:17:55 -0300] "GET / HTTP/1.0" 200 11894 "-" "NewRelicPinger/1.0 (954132)"
54.247.188.179 - - [18/Jul/2016:08:18:19 -0300] "GET / HTTP/1.0" 200 11894 "-" "NewRelicPinger/1.0 (954132)"
54.251.34.67 - - [18/Jul/2016:08:18:32 -0300] "GET / HTTP/1.0" 200 11894 "-" "NewRelicPinger/1.0 (954132)"
50.112.95.211 - - [18/Jul/2016:08:19:12 -0300] "GET / HTTP/1.0" 200 11894 "-" "NewRelicPinger/1.0 (954132)"
54.248.250.232 - - [18/Jul/2016:08:19:55 -0300] "GET / HTTP/1.0" 200 11894 "-" "NewRelicPinger/1.0 (954132)"
54.247.188.179 - - [18/Jul/2016:08:20:18 -0300] "GET / HTTP/1.0" 200 11894 "-" "NewRelicPinger/1.0 (954132)"
54.251.34.67 - - [18/Jul/2016:08:20:41 -0300] "GET / HTTP/1.0" 200 11894 "-" "NewRelicPinger/1.0 (954132)"
50.112.95.211 - - [18/Jul/2016:08:21:11 -0300] "GET / HTTP/1.0" 200 11894 "-" "NewRelicPinger/1.0 (954132)"
54.248.250.232 - - [18/Jul/2016:08:21:55 -0300] "GET / HTTP/1.0" 200 11894 "-" "NewRelicPinger/1.0 (954132)"
54.247.188.179 - - [18/Jul/2016:08:22:19 -0300] "GET / HTTP/1.0" 200 11894 "-" "NewRelicPinger/1.0 (954132)"
54.251.34.67 - - [18/Jul/2016:08:22:42 -0300] "GET / HTTP/1.0" 200 11894 "-" "NewRelicPinger/1.0 (954132)"
50.112.95.211 - - [18/Jul/2016:08:23:11 -0300] "GET / HTTP/1.0" 200 11894 "-" "NewRelicPinger/1.0 (954132)"
54.248.250.232 - - [18/Jul/2016:08:23:55 -0300] "GET / HTTP/1.0" 200 11894 "-" "NewRelicPinger/1.0 (954132)"
179.180.207.67 - - [18/Jul/2016:08:24:09 -0300] "OPTIONS /search/cities?limit=5 HTTP/1.1" 204 0 "https://guardioesdasaude.org/" "Mozilla/5.0 (Windows NT 6.0) AppleWebKit/537.36 (KHTML, like Gecko) Chrome/49.0.2623.112 Safari/537.36"
179.180.207.67 - - [18/Jul/2016:08:24:09 -0300] "GET /search/cities?limit=5 HTTP/1.1" 200 165 "https://guardioesdasaude.org/" "Mozilla/5.0 (Windows NT 6.0) AppleWebKit/537.36 (KHTML, like Gecko) Chrome/49.0.2623.112 Safari/537.36"
54.247.188.179 - - [18/Jul/2016:08:24:28 -0300] "GET / HTTP/1.0" 200 11894 "-" "NewRelicPinger/1.0 (954132)"
54.251.34.67 - - [18/Jul/2016:08:24:40 -0300] "GET / HTTP/1.0" 200 11894 "-" "NewRelicPinger/1.0 (954132)"
50.112.95.211 - - [18/Jul/2016:08:25:11 -0300] "GET / HTTP/1.0" 200 11894 "-" "NewRelicPinger/1.0 (954132)"
54.248.250.232 - - [18/Jul/2016:08:25:56 -0300] "GET / HTTP/1.0" 200 11894 "-" "NewRelicPinger/1.0 (954132)"
54.247.188.179 - - [18/Jul/2016:08:26:28 -0300] "GET / HTTP/1.0" 200 11894 "-" "NewRelicPinger/1.0 (954132)"
54.251.34.67 - - [18/Jul/2016:08:26:42 -0300] "GET / HTTP/1.0" 200 11894 "-" "NewRelicPinger/1.0 (954132)"
50.112.95.211 - - [18/Jul/2016:08:27:11 -0300] "GET / HTTP/1.0" 200 11894 "-" "NewRelicPinger/1.0 (954132)"
54.248.250.232 - - [18/Jul/2016:08:27:55 -0300] "GET / HTTP/1.0" 200 11894 "-" "NewRelicPinger/1.0 (954132)"
54.247.188.179 - - [18/Jul/2016:08:28:28 -0300] "GET / HTTP/1.0" 200 11894 "-" "NewRelicPinger/1.0 (954132)"
54.251.34.67 - - [18/Jul/2016:08:28:40 -0300] "GET / HTTP/1.0" 200 11894 "-" "NewRelicPinger/1.0 (954132)"
50.112.95.211 - - [18/Jul/2016:08:29:11 -0300] "GET / HTTP/1.0" 200 11894 "-" "NewRelicPinger/1.0 (954132)"
54.248.250.232 - - [18/Jul/2016:08:29:55 -0300] "GET / HTTP/1.0" 200 11894 "-" "NewRelicPinger/1.0 (954132)"
54.247.188.179 - - [18/Jul/2016:08:30:28 -0300] "GET / HTTP/1.0" 200 11894 "-" "NewRelicPinger/1.0 (954132)"
54.251.34.67 - - [18/Jul/2016:08:30:41 -0300] "GET / HTTP/1.0" 200 11894 "-" "NewRelicPinger/1.0 (954132)"
50.112.95.211 - - [18/Jul/2016:08:31:14 -0300] "GET / HTTP/1.0" 200 11894 "-" "NewRelicPinger/1.0 (954132)"
54.248.250.232 - - [18/Jul/2016:08:31:55 -0300] "GET / HTTP/1.0" 200 11894 "-" "NewRelicPinger/1.0 (954132)"
54.247.188.179 - - [18/Jul/2016:08:32:28 -0300] "GET / HTTP/1.0" 200 11894 "-" "NewRelicPinger/1.0 (954132)"
54.251.34.67 - - [18/Jul/2016:08:32:41 -0300] "GET / HTTP/1.0" 200 11894 "-" "NewRelicPinger/1.0 (954132)"
50.112.95.211 - - [18/Jul/2016:08:33:13 -0300] "GET / HTTP/1.0" 200 11894 "-" "NewRelicPinger/1.0 (954132)"
54.248.250.232 - - [18/Jul/2016:08:33:55 -0300] "GET / HTTP/1.0" 200 11894 "-" "NewRelicPinger/1.0 (954132)"
54.247.188.179 - - [18/Jul/2016:08:34:29 -0300] "GET / HTTP/1.0" 200 11894 "-" "NewRelicPinger/1.0 (954132)"
54.251.34.67 - - [18/Jul/2016:08:34:41 -0300] "GET / HTTP/1.0" 200 11894 "-" "NewRelicPinger/1.0 (954132)"
50.112.95.211 - - [18/Jul/2016:08:35:14 -0300] "GET / HTTP/1.0" 200 11894 "-" "NewRelicPinger/1.0 (954132)"
54.248.250.232 - - [18/Jul/2016:08:35:55 -0300] "GET / HTTP/1.0" 200 11894 "-" "NewRelicPinger/1.0 (954132)"
54.247.188.179 - - [18/Jul/2016:08:36:28 -0300] "GET / HTTP/1.0" 200 11894 "-" "NewRelicPinger/1.0 (954132)"
54.251.34.67 - - [18/Jul/2016:08:36:41 -0300] "GET / HTTP/1.0" 200 11894 "-" "NewRelicPinger/1.0 (954132)"
50.112.95.211 - - [18/Jul/2016:08:37:15 -0300] "GET / HTTP/1.0" 200 11894 "-" "NewRelicPinger/1.0 (954132)"
54.248.250.232 - - [18/Jul/2016:08:37:55 -0300] "GET / HTTP/1.0" 200 11894 "-" "NewRelicPinger/1.0 (954132)"
54.247.188.179 - - [18/Jul/2016:08:38:28 -0300] "GET / HTTP/1.0" 200 11894 "-" "NewRelicPinger/1.0 (954132)"
54.251.34.67 - - [18/Jul/2016:08:38:41 -0300] "GET / HTTP/1.0" 200 11894 "-" "NewRelicPinger/1.0 (954132)"
50.112.95.211 - - [18/Jul/2016:08:39:13 -0300] "GET / HTTP/1.0" 200 11894 "-" "NewRelicPinger/1.0 (954132)"
54.248.250.232 - - [18/Jul/2016:08:39:55 -0300] "GET / HTTP/1.0" 200 11894 "-" "NewRelicPinger/1.0 (954132)"
54.247.188.179 - - [18/Jul/2016:08:40:28 -0300] "GET / HTTP/1.0" 200 11894 "-" "NewRelicPinger/1.0 (954132)"
54.251.34.67 - - [18/Jul/2016:08:40:41 -0300] "GET / HTTP/1.0" 200 11894 "-" "NewRelicPinger/1.0 (954132)"
50.112.95.211 - - [18/Jul/2016:08:41:14 -0300] "GET / HTTP/1.0" 200 11894 "-" "NewRelicPinger/1.0 (954132)"
54.248.250.232 - - [18/Jul/2016:08:41:55 -0300] "GET / HTTP/1.0" 200 11894 "-" "NewRelicPinger/1.0 (954132)"
54.247.188.179 - - [18/Jul/2016:08:42:28 -0300] "GET / HTTP/1.0" 200 11894 "-" "NewRelicPinger/1.0 (954132)"
54.251.34.67 - - [18/Jul/2016:08:42:42 -0300] "GET / HTTP/1.0" 200 11894 "-" "NewRelicPinger/1.0 (954132)"
50.112.95.211 - - [18/Jul/2016:08:43:14 -0300] "GET / HTTP/1.0" 200 11894 "-" "NewRelicPinger/1.0 (954132)"
177.73.115.81 - - [18/Jul/2016:08:43:14 -0300] "OPTIONS /search/cities?limit=5 HTTP/1.1" 204 0 "https://guardioesdasaude.org/" "Mozilla/5.0 (Linux; Android 6.0; XT1078 Build/MPB24.65-34; wv) AppleWebKit/537.36 (KHTML, like Gecko) Version/4.0 Chrome/51.0.2704.81 Mobile Safari/537.36 [FB_IAB/FB4A;FBAV/85.0.0.15.70;]"
177.73.115.81 - - [18/Jul/2016:08:43:15 -0300] "GET /search/cities?limit=5 HTTP/1.1" 200 165 "https://guardioesdasaude.org/" "Mozilla/5.0 (Linux; Android 6.0; XT1078 Build/MPB24.65-34; wv) AppleWebKit/537.36 (KHTML, like Gecko) Version/4.0 Chrome/51.0.2704.81 Mobile Safari/537.36 [FB_IAB/FB4A;FBAV/85.0.0.15.70;]"
54.248.250.232 - - [18/Jul/2016:08:43:55 -0300] "GET / HTTP/1.0" 200 11894 "-" "NewRelicPinger/1.0 (954132)"
177.73.115.81 - - [18/Jul/2016:08:44:10 -0300] "OPTIONS /search/cities?limit=5 HTTP/1.1" 204 0 "https://guardioesdasaude.org/" "Mozilla/5.0 (Linux; Android 6.0; XT1078 Build/MPB24.65-34; wv) AppleWebKit/537.36 (KHTML, like Gecko) Version/4.0 Chrome/51.0.2704.81 Mobile Safari/537.36 [FB_IAB/FB4A;FBAV/85.0.0.15.70;]"
177.73.115.81 - - [18/Jul/2016:08:44:11 -0300] "GET /search/cities?limit=5 HTTP/1.1" 200 165 "https://guardioesdasaude.org/" "Mozilla/5.0 (Linux; Android 6.0; XT1078 Build/MPB24.65-34; wv) AppleWebKit/537.36 (KHTML, like Gecko) Version/4.0 Chrome/51.0.2704.81 Mobile Safari/537.36 [FB_IAB/FB4A;FBAV/85.0.0.15.70;]"
54.247.188.179 - - [18/Jul/2016:08:44:27 -0300] "GET / HTTP/1.0" 200 11894 "-" "NewRelicPinger/1.0 (954132)"
54.251.34.67 - - [18/Jul/2016:08:44:42 -0300] "GET / HTTP/1.0" 200 11894 "-" "NewRelicPinger/1.0 (954132)"
50.112.95.211 - - [18/Jul/2016:08:45:15 -0300] "GET / HTTP/1.0" 200 11894 "-" "NewRelicPinger/1.0 (954132)"
54.248.250.232 - - [18/Jul/2016:08:45:55 -0300] "GET / HTTP/1.0" 200 11894 "-" "NewRelicPinger/1.0 (954132)"
54.247.188.179 - - [18/Jul/2016:08:46:28 -0300] "GET / HTTP/1.0" 200 11894 "-" "NewRelicPinger/1.0 (954132)"
54.251.34.67 - - [18/Jul/2016:08:46:42 -0300] "GET / HTTP/1.0" 200 11894 "-" "NewRelicPinger/1.0 (954132)"
177.73.115.81 - - [18/Jul/2016:08:46:46 -0300] "GET /search/cities?limit=5 HTTP/1.1" 200 165 "https://guardioesdasaude.org/" "Mozilla/5.0 (Linux; Android 6.0; XT1078 Build/MPB24.65-34; wv) AppleWebKit/537.36 (KHTML, like Gecko) Version/4.0 Chrome/51.0.2704.81 Mobile Safari/537.36 [FB_IAB/FB4A;FBAV/85.0.0.15.70;]"
50.112.95.211 - - [18/Jul/2016:08:47:14 -0300] "GET / HTTP/1.0" 200 11894 "-" "NewRelicPinger/1.0 (954132)"
54.248.250.232 - - [18/Jul/2016:08:47:56 -0300] "GET / HTTP/1.0" 200 11894 "-" "NewRelicPinger/1.0 (954132)"
54.247.188.179 - - [18/Jul/2016:08:48:33 -0300] "GET / HTTP/1.0" 200 11894 "-" "NewRelicPinger/1.0 (954132)"
54.251.34.67 - - [18/Jul/2016:08:48:41 -0300] "GET / HTTP/1.0" 200 11894 "-" "NewRelicPinger/1.0 (954132)"
50.112.95.211 - - [18/Jul/2016:08:49:26 -0300] "GET / HTTP/1.0" 200 11894 "-" "NewRelicPinger/1.0 (954132)"
54.248.250.232 - - [18/Jul/2016:08:49:55 -0300] "GET / HTTP/1.0" 200 11894 "-" "NewRelicPinger/1.0 (954132)"
54.247.188.179 - - [18/Jul/2016:08:50:29 -0300] "GET / HTTP/1.0" 200 11894 "-" "NewRelicPinger/1.0 (954132)"
54.251.34.67 - - [18/Jul/2016:08:50:42 -0300] "GET / HTTP/1.0" 200 11894 "-" "NewRelicPinger/1.0 (954132)"
50.112.95.211 - - [18/Jul/2016:08:51:14 -0300] "GET / HTTP/1.0" 200 11894 "-" "NewRelicPinger/1.0 (954132)"
54.248.250.232 - - [18/Jul/2016:08:51:55 -0300] "GET / HTTP/1.0" 200 11894 "-" "NewRelicPinger/1.0 (954132)"
54.247.188.179 - - [18/Jul/2016:08:52:32 -0300] "GET / HTTP/1.0" 200 11894 "-" "NewRelicPinger/1.0 (954132)"
54.251.34.67 - - [18/Jul/2016:08:52:41 -0300] "GET / HTTP/1.0" 200 11894 "-" "NewRelicPinger/1.0 (954132)"
50.112.95.211 - - [18/Jul/2016:08:53:25 -0300] "GET / HTTP/1.0" 200 11894 "-" "NewRelicPinger/1.0 (954132)"
54.248.250.232 - - [18/Jul/2016:08:53:55 -0300] "GET / HTTP/1.0" 200 11894 "-" "NewRelicPinger/1.0 (954132)"
54.247.188.179 - - [18/Jul/2016:08:54:30 -0300] "GET / HTTP/1.0" 200 11894 "-" "NewRelicPinger/1.0 (954132)"
54.251.34.67 - - [18/Jul/2016:08:54:53 -0300] "GET / HTTP/1.0" 200 11894 "-" "NewRelicPinger/1.0 (954132)"
50.112.95.211 - - [18/Jul/2016:08:55:15 -0300] "GET / HTTP/1.0" 200 11894 "-" "NewRelicPinger/1.0 (954132)"
109.49.186.218 - - [18/Jul/2016:08:55:36 -0300] "OPTIONS /search/cities?limit=5 HTTP/1.1" 204 0 "https://guardioesdasaude.org/" "Mozilla/5.0 (Windows NT 10.0; WOW64) AppleWebKit/537.36 (KHTML, like Gecko) Chrome/51.0.2704.106 Safari/537.36 OPR/38.0.2220.41"
109.49.186.218 - - [18/Jul/2016:08:55:36 -0300] "GET /search/cities?limit=5 HTTP/1.1" 200 165 "https://guardioesdasaude.org/" "Mozilla/5.0 (Windows NT 10.0; WOW64) AppleWebKit/537.36 (KHTML, like Gecko) Chrome/51.0.2704.106 Safari/537.36 OPR/38.0.2220.41"
54.248.250.232 - - [18/Jul/2016:08:55:55 -0300] "GET / HTTP/1.0" 200 11894 "-" "NewRelicPinger/1.0 (954132)"
54.247.188.179 - - [18/Jul/2016:08:56:30 -0300] "GET / HTTP/1.0" 200 11894 "-" "NewRelicPinger/1.0 (954132)"
54.251.34.67 - - [18/Jul/2016:08:56:42 -0300] "GET / HTTP/1.0" 200 11894 "-" "NewRelicPinger/1.0 (954132)"
50.112.95.211 - - [18/Jul/2016:08:57:15 -0300] "GET / HTTP/1.0" 200 11894 "-" "NewRelicPinger/1.0 (954132)"
54.248.250.232 - - [18/Jul/2016:08:57:55 -0300] "GET / HTTP/1.0" 200 11894 "-" "NewRelicPinger/1.0 (954132)"
54.247.188.179 - - [18/Jul/2016:08:58:30 -0300] "GET / HTTP/1.0" 200 11894 "-" "NewRelicPinger/1.0 (954132)"
54.251.34.67 - - [18/Jul/2016:08:58:42 -0300] "GET / HTTP/1.0" 200 11894 "-" "NewRelicPinger/1.0 (954132)"
50.112.95.211 - - [18/Jul/2016:08:59:15 -0300] "GET / HTTP/1.0" 200 11894 "-" "NewRelicPinger/1.0 (954132)"
54.248.250.232 - - [18/Jul/2016:08:59:55 -0300] "GET / HTTP/1.0" 200 11894 "-" "NewRelicPinger/1.0 (954132)"
54.247.188.179 - - [18/Jul/2016:09:00:30 -0300] "GET / HTTP/1.0" 200 11894 "-" "NewRelicPinger/1.0 (954132)"
54.251.34.67 - - [18/Jul/2016:09:00:41 -0300] "GET / HTTP/1.0" 200 11894 "-" "NewRelicPinger/1.0 (954132)"
50.112.95.211 - - [18/Jul/2016:09:01:24 -0300] "GET / HTTP/1.0" 200 11894 "-" "NewRelicPinger/1.0 (954132)"
54.248.250.232 - - [18/Jul/2016:09:01:55 -0300] "GET / HTTP/1.0" 200 11894 "-" "NewRelicPinger/1.0 (954132)"
54.247.188.179 - - [18/Jul/2016:09:02:36 -0300] "GET / HTTP/1.0" 200 11894 "-" "NewRelicPinger/1.0 (954132)"
54.251.34.67 - - [18/Jul/2016:09:02:42 -0300] "GET / HTTP/1.0" 200 11894 "-" "NewRelicPinger/1.0 (954132)"
186.249.59.157 - - [18/Jul/2016:09:03:21 -0300] "OPTIONS /search/cities?limit=5 HTTP/1.1" 204 0 "https://guardioesdasaude.org/" "Mozilla/5.0 (Windows NT 6.1; WOW64) AppleWebKit/537.36 (KHTML, like Gecko) Chrome/51.0.2704.84 Safari/537.36"
186.249.59.157 - - [18/Jul/2016:09:03:22 -0300] "GET /search/cities?limit=5 HTTP/1.1" 200 165 "https://guardioesdasaude.org/" "Mozilla/5.0 (Windows NT 6.1; WOW64) AppleWebKit/537.36 (KHTML, like Gecko) Chrome/51.0.2704.84 Safari/537.36"
50.112.95.211 - - [18/Jul/2016:09:03:24 -0300] "GET / HTTP/1.0" 200 11894 "-" "NewRelicPinger/1.0 (954132)"
54.248.250.232 - - [18/Jul/2016:09:03:55 -0300] "GET / HTTP/1.0" 200 11894 "-" "NewRelicPinger/1.0 (954132)"
54.247.188.179 - - [18/Jul/2016:09:04:35 -0300] "GET / HTTP/1.0" 200 11894 "-" "NewRelicPinger/1.0 (954132)"
54.251.34.67 - - [18/Jul/2016:09:04:42 -0300] "GET / HTTP/1.0" 200 11894 "-" "NewRelicPinger/1.0 (954132)"
50.112.95.211 - - [18/Jul/2016:09:05:24 -0300] "GET / HTTP/1.0" 200 11894 "-" "NewRelicPinger/1.0 (954132)"
72.80.126.193 - - [18/Jul/2016:09:05:50 -0300] "OPTIONS /search/cities?limit=5 HTTP/1.1" 204 0 "-" "Mozilla/5.0 (Windows NT 10.0; WOW64; rv:47.0) Gecko/20100101 Firefox/47.0"
72.80.126.193 - - [18/Jul/2016:09:05:50 -0300] "GET /search/cities?limit=5 HTTP/1.1" 200 165 "https://guardioesdasaude.org/" "Mozilla/5.0 (Windows NT 10.0; WOW64; rv:47.0) Gecko/20100101 Firefox/47.0"
54.248.250.232 - - [18/Jul/2016:09:05:55 -0300] "GET / HTTP/1.0" 200 11894 "-" "NewRelicPinger/1.0 (954132)"
