187.113.115.177 - - [29/Feb/2016:21:11:58 -0300] "GET /surveys/l?q=S%C3%A3o%20Paulo HTTP/1.1" 200 55 "http://guardioesdasaude.org/health-map" "Mozilla/5.0 (Windows NT 6.3; WOW64) AppleWebKit/537.36 (KHTML, like Gecko) Chrome/48.0.2564.116 Safari/537.36"
187.113.115.177 - - [29/Feb/2016:21:11:58 -0300] "GET /surveys/summary?q=S%C3%A3o%20Paulo HTTP/1.1" 200 364 "http://guardioesdasaude.org/health-map" "Mozilla/5.0 (Windows NT 6.3; WOW64) AppleWebKit/537.36 (KHTML, like Gecko) Chrome/48.0.2564.116 Safari/537.36"
187.113.115.177 - - [29/Feb/2016:21:12:12 -0300] "GET /search/cities?limit=5 HTTP/1.1" 200 320 "http://guardioesdasaude.org/" "Mozilla/5.0 (Windows NT 6.3; WOW64) AppleWebKit/537.36 (KHTML, like Gecko) Chrome/48.0.2564.116 Safari/537.36"
187.113.115.177 - - [29/Feb/2016:21:12:16 -0300] "OPTIONS /surveys/summary?q=Olinda HTTP/1.1" 204 0 "http://guardioesdasaude.org/health-map" "Mozilla/5.0 (Windows NT 6.3; WOW64) AppleWebKit/537.36 (KHTML, like Gecko) Chrome/48.0.2564.116 Safari/537.36"
187.113.115.177 - - [29/Feb/2016:21:12:16 -0300] "OPTIONS /surveys/l?q=Olinda HTTP/1.1" 204 0 "http://guardioesdasaude.org/health-map" "Mozilla/5.0 (Windows NT 6.3; WOW64) AppleWebKit/537.36 (KHTML, like Gecko) Chrome/48.0.2564.116 Safari/537.36"
187.113.115.177 - - [29/Feb/2016:21:12:16 -0300] "GET /surveys/l?q=Olinda HTTP/1.1" 200 7826 "http://guardioesdasaude.org/health-map" "Mozilla/5.0 (Windows NT 6.3; WOW64) AppleWebKit/537.36 (KHTML, like Gecko) Chrome/48.0.2564.116 Safari/537.36"
187.113.115.177 - - [29/Feb/2016:21:12:16 -0300] "GET /surveys/summary?q=Olinda HTTP/1.1" 200 335 "http://guardioesdasaude.org/health-map" "Mozilla/5.0 (Windows NT 6.3; WOW64) AppleWebKit/537.36 (KHTML, like Gecko) Chrome/48.0.2564.116 Safari/537.36"
187.113.115.177 - - [29/Feb/2016:21:12:49 -0300] "OPTIONS /search/cities?limit=5 HTTP/1.1" 204 0 "http://guardioesdasaude.org/" "Mozilla/5.0 (Windows NT 6.3; WOW64) AppleWebKit/537.36 (KHTML, like Gecko) Chrome/48.0.2564.116 Safari/537.36"
187.113.115.177 - - [29/Feb/2016:21:12:50 -0300] "GET /search/cities?limit=5 HTTP/1.1" 200 320 "http://guardioesdasaude.org/" "Mozilla/5.0 (Windows NT 6.3; WOW64) AppleWebKit/537.36 (KHTML, like Gecko) Chrome/48.0.2564.116 Safari/537.36"
187.113.115.177 - - [29/Feb/2016:21:12:54 -0300] "OPTIONS /surveys/l?q=Recife HTTP/1.1" 204 0 "http://guardioesdasaude.org/health-map" "Mozilla/5.0 (Windows NT 6.3; WOW64) AppleWebKit/537.36 (KHTML, like Gecko) Chrome/48.0.2564.116 Safari/537.36"
187.113.115.177 - - [29/Feb/2016:21:12:54 -0300] "OPTIONS /surveys/summary?q=Recife HTTP/1.1" 204 0 "http://guardioesdasaude.org/health-map" "Mozilla/5.0 (Windows NT 6.3; WOW64) AppleWebKit/537.36 (KHTML, like Gecko) Chrome/48.0.2564.116 Safari/537.36"
187.113.115.177 - - [29/Feb/2016:21:12:54 -0300] "GET /surveys/l?q=Recife HTTP/1.1" 200 7826 "http://guardioesdasaude.org/health-map" "Mozilla/5.0 (Windows NT 6.3; WOW64) AppleWebKit/537.36 (KHTML, like Gecko) Chrome/48.0.2564.116 Safari/537.36"
187.113.115.177 - - [29/Feb/2016:21:12:55 -0300] "GET /surveys/summary?q=Recife HTTP/1.1" 200 352 "http://guardioesdasaude.org/health-map" "Mozilla/5.0 (Windows NT 6.3; WOW64) AppleWebKit/537.36 (KHTML, like Gecko) Chrome/48.0.2564.116 Safari/537.36"
191.203.186.251 - - [29/Feb/2016:21:20:11 -0300] "POST /user/create HTTP/1.1" 200 833 "-" "Guardioes da Saude/1.1.2 (iPhone; iOS 9.2.1; Scale/2.00)"
191.203.186.251 - - [29/Feb/2016:21:20:12 -0300] "GET /user/lookup/ HTTP/1.1" 200 1135 "-" "Guardioes da Saude/1.1.2 (iPhone; iOS 9.2.1; Scale/2.00)"
191.203.186.251 - - [29/Feb/2016:21:20:12 -0300] "GET /symptoms HTTP/1.1" 200 3570 "-" "Guardioes da Saude/1.1.2 (iPhone; iOS 9.2.1; Scale/2.00)"
191.203.186.251 - - [29/Feb/2016:21:20:14 -0300] "GET /news/get HTTP/1.1" 200 66737 "-" "Guardioes da Saude/1.1.2 (iPhone; iOS 9.2.1; Scale/2.00)"
191.203.186.251 - - [29/Feb/2016:21:20:27 -0300] "GET /user/household/56d4e03b1d58e0732293650d HTTP/1.1" 200 34 "-" "Guardioes da Saude/1.1.2 (iPhone; iOS 9.2.1; Scale/2.00)"
191.203.186.251 - - [29/Feb/2016:21:20:47 -0300] "POST /user/update HTTP/1.1" 200 65 "-" "Guardioes da Saude/1.1.2 (iPhone; iOS 9.2.1; Scale/2.00)"
191.203.186.251 - - [29/Feb/2016:21:20:51 -0300] "GET /user/household/56d4e03b1d58e0732293650d HTTP/1.1" 304 0 "-" "Guardioes da Saude/1.1.2 (iPhone; iOS 9.2.1; Scale/2.00)"
191.203.186.251 - - [29/Feb/2016:21:20:52 -0300] "GET /user/household/56d4e03b1d58e0732293650d HTTP/1.1" 304 0 "-" "Guardioes da Saude/1.1.2 (iPhone; iOS 9.2.1; Scale/2.00)"
191.203.186.251 - - [29/Feb/2016:21:20:57 -0300] "GET /user/lookup/ HTTP/1.1" 200 1135 "-" "Guardioes da Saude/1.1.2 (iPhone; iOS 9.2.1; Scale/2.00)"
191.203.186.251 - - [29/Feb/2016:21:20:57 -0300] "GET /symptoms HTTP/1.1" 304 0 "-" "Guardioes da Saude/1.1.2 (iPhone; iOS 9.2.1; Scale/2.00)"
191.203.186.251 - - [29/Feb/2016:21:20:59 -0300] "GET /news/get HTTP/1.1" 200 66737 "-" "Guardioes da Saude/1.1.2 (iPhone; iOS 9.2.1; Scale/2.00)"
191.203.186.251 - - [29/Feb/2016:21:20:59 -0300] "GET /surveys/l?lat=-23.001505&lon=-43.328468 HTTP/1.1" 200 34 "-" "Guardioes da Saude/1.1.2 (iPhone; iOS 9.2.1; Scale/2.00)"
191.203.186.251 - - [29/Feb/2016:21:21:00 -0300] "GET /surveys/summary?lat=-23.00150494093355&lon=-43.32846787762207 HTTP/1.1" 200 386 "-" "Guardioes da Saude/1.1.2 (iPhone; iOS 9.2.1; Scale/2.00)"
198.20.69.74 - - [29/Feb/2016:21:22:30 -0300] "GET / HTTP/1.1" 200 12596 "-" "-"
198.20.69.74 - - [29/Feb/2016:21:22:31 -0300] "GET /robots.txt HTTP/1.1" 200 276 "-" "-"
198.20.69.74 - - [29/Feb/2016:21:22:31 -0300] "GET /sitemap.xml HTTP/1.1" 404 0 "-" "-"
198.20.69.74 - - [29/Feb/2016:21:22:32 -0300] "" 400 0 "-" "-"
198.20.69.74 - - [29/Feb/2016:21:22:32 -0300] "" 400 0 "-" "-"
198.20.69.74 - - [29/Feb/2016:21:22:32 -0300] "" 400 0 "-" "-"
198.20.69.74 - - [29/Feb/2016:21:22:33 -0300] "" 400 0 "-" "-"
198.20.69.74 - - [29/Feb/2016:21:22:36 -0300] "quit" 400 181 "-" "-"
198.20.69.74 - - [29/Feb/2016:21:22:38 -0300] "" 400 0 "-" "-"
179.128.151.25 - - [29/Feb/2016:21:22:56 -0300] "OPTIONS /search/cities?limit=5 HTTP/1.1" 204 0 "http://guardioesdasaude.org/" "Mozilla/5.0 (Linux; Android 5.0.1; GT-I9515L Build/LRX22C) AppleWebKit/537.36 (KHTML, like Gecko) Chrome/48.0.2564.95 Mobile Safari/537.36"
179.128.151.25 - - [29/Feb/2016:21:22:57 -0300] "GET /search/cities?limit=5 HTTP/1.1" 200 320 "http://guardioesdasaude.org/" "Mozilla/5.0 (Linux; Android 5.0.1; GT-I9515L Build/LRX22C) AppleWebKit/537.36 (KHTML, like Gecko) Chrome/48.0.2564.95 Mobile Safari/537.36"
85.138.163.150 - - [29/Feb/2016:21:47:53 -0300] "GET /user/lookup/ HTTP/1.1" 200 1041 "-" "Dalvik/2.1.0 (Linux; U; Android 5.0.2; SM-G530FZ Build/LRX22G)"
66.249.64.239 - - [29/Feb/2016:22:00:56 -0300] "GET /robots.txt HTTP/1.1" 200 276 "-" "Mozilla/5.0 (compatible; Googlebot/2.1; +http://www.google.com/bot.html)"
66.249.64.239 - - [29/Feb/2016:22:00:56 -0300] "OPTIONS /search/cities?limit=5 HTTP/1.1" 204 0 "http://guardioesdasaude.org/" "Mozilla/5.0 (compatible; Googlebot/2.1; +http://www.google.com/bot.html)"
191.255.213.155 - - [29/Feb/2016:23:33:50 -0300] "OPTIONS /search/cities?limit=5 HTTP/1.1" 204 0 "http://guardioesdasaude.org/" "Mozilla/5.0 (Linux; Android 4.1.2; GT-I8552B Build/JZO54K) AppleWebKit/537.36 (KHTML, like Gecko) Chrome/47.0.2526.83 Mobile Safari/537.36"
191.255.213.155 - - [29/Feb/2016:23:33:52 -0300] "GET /search/cities?limit=5 HTTP/1.1" 200 320 "http://guardioesdasaude.org/" "Mozilla/5.0 (Linux; Android 4.1.2; GT-I8552B Build/JZO54K) AppleWebKit/537.36 (KHTML, like Gecko) Chrome/47.0.2526.83 Mobile Safari/537.36"
191.255.213.155 - - [29/Feb/2016:23:34:33 -0300] "GET /search/cities?limit=5 HTTP/1.1" 304 0 "http://guardioesdasaude.org/" "Mozilla/5.0 (Linux; Android 4.1.2; GT-I8552B Build/JZO54K) AppleWebKit/537.36 (KHTML, like Gecko) Chrome/47.0.2526.83 Mobile Safari/537.36"
191.255.213.155 - - [29/Feb/2016:23:34:46 -0300] "GET /search/cities?limit=5 HTTP/1.1" 304 0 "http://guardioesdasaude.org/" "Mozilla/5.0 (Linux; Android 4.1.2; GT-I8552B Build/JZO54K) AppleWebKit/537.36 (KHTML, like Gecko) Chrome/47.0.2526.83 Mobile Safari/537.36"
187.36.115.90 - - [29/Feb/2016:23:58:09 -0300] "GET /user/lookup/ HTTP/1.1" 200 2971 "-" "Dalvik/2.1.0 (Linux; U; Android 5.0; SM-G900M Build/LRX21T)"
198.20.69.74 - - [01/Mar/2016:01:43:13 -0300] "GET / HTTP/1.1" 200 12596 "-" "-"
198.20.69.74 - - [01/Mar/2016:01:43:13 -0300] "GET /robots.txt HTTP/1.1" 200 276 "-" "-"
198.20.69.74 - - [01/Mar/2016:01:43:13 -0300] "GET /sitemap.xml HTTP/1.1" 404 0 "-" "-"
198.20.69.74 - - [01/Mar/2016:01:43:14 -0300] "" 400 0 "-" "-"
198.20.69.74 - - [01/Mar/2016:01:43:14 -0300] "" 400 0 "-" "-"
198.20.69.74 - - [01/Mar/2016:01:43:15 -0300] "" 400 0 "-" "-"
198.20.69.74 - - [01/Mar/2016:01:43:15 -0300] "" 400 0 "-" "-"
198.20.69.74 - - [01/Mar/2016:01:43:18 -0300] "quit" 400 181 "-" "-"
198.20.69.74 - - [01/Mar/2016:01:43:19 -0300] "" 400 0 "-" "-"
191.248.18.220 - - [01/Mar/2016:06:34:25 -0300] "OPTIONS /search/cities?limit=5 HTTP/1.1" 204 0 "http://guardioesdasaude.org/" "Mozilla/5.0 (Linux; Android 4.4.2; SM-G800H Build/KOT49H) AppleWebKit/537.36 (KHTML, like Gecko) Chrome/48.0.2564.95 Mobile Safari/537.36"
191.248.18.220 - - [01/Mar/2016:06:34:26 -0300] "GET /search/cities?limit=5 HTTP/1.1" 200 320 "http://guardioesdasaude.org/" "Mozilla/5.0 (Linux; Android 4.4.2; SM-G800H Build/KOT49H) AppleWebKit/537.36 (KHTML, like Gecko) Chrome/48.0.2564.95 Mobile Safari/537.36"
137.116.71.170 - - [01/Mar/2016:06:47:13 -0300] "GET /robots.txt HTTP/1.1" 499 0 "-" "CSS Certificate Spider (http://www.css-security.com/certificatespider/)"
184.105.247.195 - - [01/Mar/2016:06:47:28 -0300] "GET / HTTP/1.1" 200 12596 "-" "-"
184.105.247.195 - - [01/Mar/2016:06:55:43 -0300] "GET / HTTP/1.1" 200 12596 "-" "-"
177.38.200.209 - - [01/Mar/2016:09:55:30 -0300] "OPTIONS /surveys/l?lat=-8.0639899&lon=-34.884375299999995 HTTP/1.1" 204 0 "http://localhost:9000/health-map" "Mozilla/5.0 (Macintosh; Intel Mac OS X 10_11_3) AppleWebKit/537.36 (KHTML, like Gecko) Chrome/48.0.2564.116 Safari/537.36"
177.38.200.209 - - [01/Mar/2016:09:55:30 -0300] "OPTIONS /surveys/summary?lat=-8.0639899&lon=-34.884375299999995 HTTP/1.1" 204 0 "http://localhost:9000/health-map" "Mozilla/5.0 (Macintosh; Intel Mac OS X 10_11_3) AppleWebKit/537.36 (KHTML, like Gecko) Chrome/48.0.2564.116 Safari/537.36"
177.38.200.209 - - [01/Mar/2016:09:55:30 -0300] "OPTIONS /search/cities?limit=5 HTTP/1.1" 204 0 "http://localhost:9000/health-map" "Mozilla/5.0 (Macintosh; Intel Mac OS X 10_11_3) AppleWebKit/537.36 (KHTML, like Gecko) Chrome/48.0.2564.116 Safari/537.36"
177.38.200.209 - - [01/Mar/2016:09:55:30 -0300] "OPTIONS /search/cities?limit=5 HTTP/1.1" 204 0 "http://localhost:9000/health-map" "Mozilla/5.0 (Macintosh; Intel Mac OS X 10_11_3) AppleWebKit/537.36 (KHTML, like Gecko) Chrome/48.0.2564.116 Safari/537.36"
177.38.200.209 - - [01/Mar/2016:09:55:30 -0300] "GET /surveys/l?lat=-8.0639899&lon=-34.884375299999995 HTTP/1.1" 200 7809 "http://localhost:9000/health-map" "Mozilla/5.0 (Macintosh; Intel Mac OS X 10_11_3) AppleWebKit/537.36 (KHTML, like Gecko) Chrome/48.0.2564.116 Safari/537.36"
177.38.200.209 - - [01/Mar/2016:09:55:30 -0300] "GET /search/cities?limit=5 HTTP/1.1" 200 320 "http://localhost:9000/health-map" "Mozilla/5.0 (Macintosh; Intel Mac OS X 10_11_3) AppleWebKit/537.36 (KHTML, like Gecko) Chrome/48.0.2564.116 Safari/537.36"
177.38.200.209 - - [01/Mar/2016:09:55:30 -0300] "GET /surveys/summary?lat=-8.0639899&lon=-34.884375299999995 HTTP/1.1" 200 368 "http://localhost:9000/health-map" "Mozilla/5.0 (Macintosh; Intel Mac OS X 10_11_3) AppleWebKit/537.36 (KHTML, like Gecko) Chrome/48.0.2564.116 Safari/537.36"
177.38.200.209 - - [01/Mar/2016:09:55:30 -0300] "GET /search/cities?limit=5 HTTP/1.1" 304 0 "http://localhost:9000/health-map" "Mozilla/5.0 (Macintosh; Intel Mac OS X 10_11_3) AppleWebKit/537.36 (KHTML, like Gecko) Chrome/48.0.2564.116 Safari/537.36"
177.38.200.209 - - [01/Mar/2016:10:01:55 -0300] "GET /surveys/l?lat=-8.0639899&lon=-34.884375299999995 HTTP/1.1" 304 0 "http://localhost:9000/health-map" "Mozilla/5.0 (Macintosh; Intel Mac OS X 10_11_3) AppleWebKit/537.36 (KHTML, like Gecko) Chrome/48.0.2564.116 Safari/537.36"
177.38.200.209 - - [01/Mar/2016:10:01:55 -0300] "GET /search/cities?limit=5 HTTP/1.1" 304 0 "http://localhost:9000/health-map" "Mozilla/5.0 (Macintosh; Intel Mac OS X 10_11_3) AppleWebKit/537.36 (KHTML, like Gecko) Chrome/48.0.2564.116 Safari/537.36"
177.38.200.209 - - [01/Mar/2016:10:01:56 -0300] "GET /surveys/summary?lat=-8.0639899&lon=-34.884375299999995 HTTP/1.1" 304 0 "http://localhost:9000/health-map" "Mozilla/5.0 (Macintosh; Intel Mac OS X 10_11_3) AppleWebKit/537.36 (KHTML, like Gecko) Chrome/48.0.2564.116 Safari/537.36"
177.38.200.209 - - [01/Mar/2016:10:01:56 -0300] "GET /search/cities?limit=5 HTTP/1.1" 304 0 "http://localhost:9000/health-map" "Mozilla/5.0 (Macintosh; Intel Mac OS X 10_11_3) AppleWebKit/537.36 (KHTML, like Gecko) Chrome/48.0.2564.116 Safari/537.36"
177.38.200.209 - - [01/Mar/2016:10:09:05 -0300] "POST /user/create HTTP/1.1" 200 251 "-" "Dalvik/2.1.0 (Linux; U; Android 5.1; Samsung Galaxy S6 - 5.1.0 - API 22 - 1440x2560 Build/LMY47D)"
177.38.200.209 - - [01/Mar/2016:10:09:16 -0300] "POST /user/create HTTP/1.1" 200 251 "-" "Dalvik/2.1.0 (Linux; U; Android 5.1; Samsung Galaxy S6 - 5.1.0 - API 22 - 1440x2560 Build/LMY47D)"
177.38.200.209 - - [01/Mar/2016:10:09:24 -0300] "POST /user/create HTTP/1.1" 200 252 "-" "Dalvik/2.1.0 (Linux; U; Android 5.1; Samsung Galaxy S6 - 5.1.0 - API 22 - 1440x2560 Build/LMY47D)"
177.38.200.209 - - [01/Mar/2016:10:11:51 -0300] "POST /user/create HTTP/1.1" 200 251 "-" "Dalvik/2.1.0 (Linux; U; Android 5.1; Samsung Galaxy S6 - 5.1.0 - API 22 - 1440x2560 Build/LMY47D)"
177.38.200.209 - - [01/Mar/2016:10:12:50 -0300] "POST /user/create HTTP/1.1" 200 251 "-" "Dalvik/2.1.0 (Linux; U; Android 5.1; Samsung Galaxy S6 - 5.1.0 - API 22 - 1440x2560 Build/LMY47D)"
177.38.200.209 - - [01/Mar/2016:10:15:33 -0300] "POST /user/create HTTP/1.1" 200 251 "-" "Dalvik/2.1.0 (Linux; U; Android 5.1; Samsung Galaxy S6 - 5.1.0 - API 22 - 1440x2560 Build/LMY47D)"
177.38.200.209 - - [01/Mar/2016:10:15:41 -0300] "POST /user/create HTTP/1.1" 200 659 "-" "Dalvik/2.1.0 (Linux; U; Android 5.1; Samsung Galaxy S6 - 5.1.0 - API 22 - 1440x2560 Build/LMY47D)"
177.38.200.209 - - [01/Mar/2016:10:15:50 -0300] "GET /user/household/56d595fd1d58e07322936514 HTTP/1.1" 200 34 "-" "Dalvik/2.1.0 (Linux; U; Android 5.1; Samsung Galaxy S6 - 5.1.0 - API 22 - 1440x2560 Build/LMY47D)"
177.38.200.209 - - [01/Mar/2016:10:17:50 -0300] "GET /user/lookup/ HTTP/1.1" 200 961 "-" "Dalvik/2.1.0 (Linux; U; Android 5.1; Samsung Galaxy S6 - 5.1.0 - API 22 - 1440x2560 Build/LMY47D)"
177.38.200.209 - - [01/Mar/2016:10:18:54 -0300] "GET /user/household/56d595fd1d58e07322936514 HTTP/1.1" 200 34 "-" "Dalvik/2.1.0 (Linux; U; Android 5.1; Samsung Galaxy S6 - 5.1.0 - API 22 - 1440x2560 Build/LMY47D)"
177.38.200.209 - - [01/Mar/2016:10:21:01 -0300] "GET /user/household/56d595fd1d58e07322936514 HTTP/1.1" 200 34 "-" "Dalvik/2.1.0 (Linux; U; Android 5.1; Samsung Galaxy S6 - 5.1.0 - API 22 - 1440x2560 Build/LMY47D)"
177.38.200.209 - - [01/Mar/2016:10:27:16 -0300] "GET /user/lookup/ HTTP/1.1" 403 68 "-" "Guardioes da Saude/1.1.3 (iPhone; iOS 9.2.1; Scale/2.00)"
177.38.200.209 - - [01/Mar/2016:10:29:02 -0300] "POST /user/login HTTP/1.1" 200 1185 "-" "Guardioes da Saude/1.1.3 (iPhone; iOS 9.2.1; Scale/2.00)"
177.38.200.209 - - [01/Mar/2016:10:29:12 -0300] "GET /user/household/56d4ca5acbe1d4881f2e4551 HTTP/1.1" 200 34 "-" "Guardioes da Saude/1.1.3 (iPhone; iOS 9.2.1; Scale/2.00)"
177.38.200.209 - - [01/Mar/2016:10:29:52 -0300] "GET /user/lookup/ HTTP/1.1" 200 961 "-" "Dalvik/2.1.0 (Linux; U; Android 5.1; Samsung Galaxy S6 - 5.1.0 - API 22 - 1440x2560 Build/LMY47D)"
177.38.200.209 - - [01/Mar/2016:10:30:31 -0300] "GET /user/lookup/ HTTP/1.1" 200 1131 "-" "Guardioes da Saude/1.1.3 (iPhone; iOS 9.2.1; Scale/2.00)"
177.38.200.209 - - [01/Mar/2016:10:30:33 -0300] "GET /user/household/56d4ca5acbe1d4881f2e4551 HTTP/1.1" 304 0 "-" "Guardioes da Saude/1.1.3 (iPhone; iOS 9.2.1; Scale/2.00)"
177.38.200.209 - - [01/Mar/2016:10:30:42 -0300] "GET /user/household/56d595fd1d58e07322936514 HTTP/1.1" 200 34 "-" "Dalvik/2.1.0 (Linux; U; Android 5.1; Samsung Galaxy S6 - 5.1.0 - API 22 - 1440x2560 Build/LMY47D)"
177.38.200.209 - - [01/Mar/2016:10:31:43 -0300] "GET /user/lookup/ HTTP/1.1" 200 1131 "-" "Guardioes da Saude/1.1.3 (iPhone; iOS 9.2.1; Scale/2.00)"
177.38.200.209 - - [01/Mar/2016:10:31:49 -0300] "GET /user/household/56d4ca5acbe1d4881f2e4551 HTTP/1.1" 304 0 "-" "Guardioes da Saude/1.1.3 (iPhone; iOS 9.2.1; Scale/2.00)"
201.52.53.160 - - [01/Mar/2016:10:40:53 -0300] "GET /user/get?fb=1146137778740294 HTTP/1.1" 200 34 "-" "Guardioes da Saude/1.1.2 (iPhone; iOS 9.2.1; Scale/2.00)"
201.52.53.160 - - [01/Mar/2016:10:41:05 -0300] "GET /user/get?fb=1146137778740294 HTTP/1.1" 304 0 "-" "Guardioes da Saude/1.1.2 (iPhone; iOS 9.2.1; Scale/2.00)"
191.176.153.194 - - [01/Mar/2016:10:41:10 -0300] "GET /user/get?gl=115648779983735636385 HTTP/1.1" 200 1976 "-" "Dalvik/2.1.0 (Linux; U; Android 5.0.2; SM-A500M Build/LRX22G)"
191.176.153.194 - - [01/Mar/2016:10:41:11 -0300] "POST /user/login HTTP/1.1" 200 49 "-" "Dalvik/2.1.0 (Linux; U; Android 5.0.2; SM-A500M Build/LRX22G)"
201.52.53.160 - - [01/Mar/2016:10:41:38 -0300] "GET /user/get?fb=1146137778740294 HTTP/1.1" 304 0 "-" "Guardioes da Saude/1.1.2 (iPhone; iOS 9.2.1; Scale/2.00)"
191.176.153.194 - - [01/Mar/2016:10:41:41 -0300] "POST /user/login HTTP/1.1" 200 49 "-" "Dalvik/2.1.0 (Linux; U; Android 5.0.2; SM-A500M Build/LRX22G)"
191.247.224.40 - - [01/Mar/2016:10:41:50 -0300] "GET /user/lookup/ HTTP/1.1" 200 10930 "-" "Dalvik/2.1.0 (Linux; U; Android 5.1; XT1040 Build/LPB23.13-35.5)"
191.247.225.43 - - [01/Mar/2016:10:41:51 -0300] "GET /user/lookup/ HTTP/1.1" 200 4655 "-" "Guardioes da Saude/1.1.2 (iPhone; iOS 9.2.1; Scale/2.00)"
191.247.225.43 - - [01/Mar/2016:10:41:51 -0300] "GET /symptoms HTTP/1.1" 200 3570 "-" "Guardioes da Saude/1.1.2 (iPhone; iOS 9.2.1; Scale/2.00)"
191.247.225.43 - - [01/Mar/2016:10:41:52 -0300] "GET /news/get HTTP/1.1" 200 66410 "-" "Guardioes da Saude/1.1.2 (iPhone; iOS 9.2.1; Scale/2.00)"
191.247.225.43 - - [01/Mar/2016:10:42:01 -0300] "POST /survey/create HTTP/1.1" 200 858 "-" "Guardioes da Saude/1.1.2 (iPhone; iOS 9.2.1; Scale/2.00)"
191.176.153.194 - - [01/Mar/2016:10:42:01 -0300] "POST /user/login HTTP/1.1" 200 49 "-" "Dalvik/2.1.0 (Linux; U; Android 5.0.2; SM-A500M Build/LRX22G)"
191.247.225.43 - - [01/Mar/2016:10:42:04 -0300] "GET /user/lookup/ HTTP/1.1" 200 5510 "-" "Guardioes da Saude/1.1.2 (iPhone; iOS 9.2.1; Scale/2.00)"
191.247.225.43 - - [01/Mar/2016:10:42:05 -0300] "GET /symptoms HTTP/1.1" 304 0 "-" "Guardioes da Saude/1.1.2 (iPhone; iOS 9.2.1; Scale/2.00)"
191.247.225.43 - - [01/Mar/2016:10:42:06 -0300] "GET /news/get HTTP/1.1" 200 66410 "-" "Guardioes da Saude/1.1.2 (iPhone; iOS 9.2.1; Scale/2.00)"
191.247.225.43 - - [01/Mar/2016:10:42:07 -0300] "GET /user/lookup/ HTTP/1.1" 200 5510 "-" "Guardioes da Saude/1.1.2 (iPhone; iOS 9.2.1; Scale/2.00)"
191.247.225.43 - - [01/Mar/2016:10:42:07 -0300] "GET /symptoms HTTP/1.1" 304 0 "-" "Guardioes da Saude/1.1.2 (iPhone; iOS 9.2.1; Scale/2.00)"
191.247.225.43 - - [01/Mar/2016:10:42:09 -0300] "GET /news/get HTTP/1.1" 200 66410 "-" "Guardioes da Saude/1.1.2 (iPhone; iOS 9.2.1; Scale/2.00)"
201.52.53.160 - - [01/Mar/2016:10:42:17 -0300] "POST /user/create HTTP/1.1" 200 881 "-" "Guardioes da Saude/1.1.2 (iPhone; iOS 9.2.1; Scale/2.00)"
201.52.53.160 - - [01/Mar/2016:10:42:17 -0300] "GET /user/lookup/ HTTP/1.1" 200 1183 "-" "Guardioes da Saude/1.1.2 (iPhone; iOS 9.2.1; Scale/2.00)"
201.52.53.160 - - [01/Mar/2016:10:42:18 -0300] "GET /symptoms HTTP/1.1" 200 3570 "-" "Guardioes da Saude/1.1.2 (iPhone; iOS 9.2.1; Scale/2.00)"
201.52.53.160 - - [01/Mar/2016:10:42:18 -0300] "GET /news/get HTTP/1.1" 200 66410 "-" "Guardioes da Saude/1.1.2 (iPhone; iOS 9.2.1; Scale/2.00)"
201.52.53.160 - - [01/Mar/2016:10:42:27 -0300] "GET /user/calendar/month?&month=3&year=2016 HTTP/1.1" 200 36 "-" "Guardioes da Saude/1.1.2 (iPhone; iOS 9.2.1; Scale/2.00)"
201.52.53.160 - - [01/Mar/2016:10:42:27 -0300] "GET /user/survey/summary HTTP/1.1" 200 73 "-" "Guardioes da Saude/1.1.2 (iPhone; iOS 9.2.1; Scale/2.00)"
177.38.200.209 - - [01/Mar/2016:10:42:28 -0300] "GET /user/lookup/ HTTP/1.1" 200 1131 "-" "Guardioes da Saude/1.1.3 (iPhone; iOS 9.2.1; Scale/2.00)"
201.52.53.160 - - [01/Mar/2016:10:42:29 -0300] "GET /user/calendar/year?&year=2016 HTTP/1.1" 200 36 "-" "Guardioes da Saude/1.1.2 (iPhone; iOS 9.2.1; Scale/2.00)"
177.38.200.209 - - [01/Mar/2016:10:42:29 -0300] "GET /user/household/56d4ca5acbe1d4881f2e4551 HTTP/1.1" 304 0 "-" "Guardioes da Saude/1.1.3 (iPhone; iOS 9.2.1; Scale/2.00)"
201.52.53.160 - - [01/Mar/2016:10:42:33 -0300] "GET /surveys/l?lat=-23.567269&lon=-46.557636 HTTP/1.1" 200 34 "-" "Guardioes da Saude/1.1.2 (iPhone; iOS 9.2.1; Scale/2.00)"
201.52.53.160 - - [01/Mar/2016:10:42:34 -0300] "GET /surveys/summary?lat=-23.5672688610753&lon=-46.55763605540374 HTTP/1.1" 200 402 "-" "Guardioes da Saude/1.1.2 (iPhone; iOS 9.2.1; Scale/2.00)"
201.52.53.160 - - [01/Mar/2016:10:42:51 -0300] "GET /surveys/l?lat=-23.567269&lon=-46.557636 HTTP/1.1" 304 0 "-" "Guardioes da Saude/1.1.2 (iPhone; iOS 9.2.1; Scale/2.00)"
201.52.53.160 - - [01/Mar/2016:10:42:52 -0300] "GET /surveys/summary?lat=-23.5672688610753&lon=-46.55763605540374 HTTP/1.1" 304 0 "-" "Guardioes da Saude/1.1.2 (iPhone; iOS 9.2.1; Scale/2.00)"
177.38.200.209 - - [01/Mar/2016:10:42:59 -0300] "GET /user/lookup/ HTTP/1.1" 200 2830 "-" "Guardioes da Saude/1.1.2 (iPhone; iOS 9.2; Scale/2.00)"
177.38.200.209 - - [01/Mar/2016:10:42:59 -0300] "GET /symptoms HTTP/1.1" 304 0 "-" "Guardioes da Saude/1.1.2 (iPhone; iOS 9.2; Scale/2.00)"
177.38.200.209 - - [01/Mar/2016:10:43:51 -0300] "GET /user/lookup/ HTTP/1.1" 200 1131 "-" "Guardioes da Saude/1.1.3 (iPhone; iOS 9.2.1; Scale/2.00)"
177.38.200.209 - - [01/Mar/2016:10:43:52 -0300] "GET /user/household/56d4ca5acbe1d4881f2e4551 HTTP/1.1" 304 0 "-" "Guardioes da Saude/1.1.3 (iPhone; iOS 9.2.1; Scale/2.00)"
177.38.200.209 - - [01/Mar/2016:10:47:21 -0300] "GET /user/lookup/ HTTP/1.1" 403 68 "-" "Guardioes da Saude/1.1.2 (iPhone; iOS 9.2.1; Scale/2.00)"
177.38.200.209 - - [01/Mar/2016:10:47:40 -0300] "GET /user/lookup/ HTTP/1.1" 200 1131 "-" "Guardioes da Saude/1.1.3 (iPhone; iOS 9.2.1; Scale/2.00)"
177.38.200.209 - - [01/Mar/2016:10:47:42 -0300] "GET /user/household/56d4ca5acbe1d4881f2e4551 HTTP/1.1" 304 0 "-" "Guardioes da Saude/1.1.3 (iPhone; iOS 9.2.1; Scale/2.00)"
177.38.200.209 - - [01/Mar/2016:10:47:57 -0300] "GET /user/lookup/ HTTP/1.1" 200 961 "-" "Dalvik/2.1.0 (Linux; U; Android 5.1; Samsung Galaxy S6 - 5.1.0 - API 22 - 1440x2560 Build/LMY47D)"
177.38.200.209 - - [01/Mar/2016:10:48:02 -0300] "GET /user/household/56d595fd1d58e07322936514 HTTP/1.1" 200 34 "-" "Dalvik/2.1.0 (Linux; U; Android 5.1; Samsung Galaxy S6 - 5.1.0 - API 22 - 1440x2560 Build/LMY47D)"
179.10.253.147 - - [01/Mar/2016:10:50:06 -0300] "GET /user/get?fb=null HTTP/1.1" 200 34 "-" "Dalvik/2.1.0 (Linux; U; Android 5.1.1; SM-J500M Build/LMY48B)"
179.10.253.147 - - [01/Mar/2016:10:50:07 -0300] "GET /user/get?fb=966476593431413 HTTP/1.1" 200 5733 "-" "Dalvik/2.1.0 (Linux; U; Android 5.1.1; SM-J500M Build/LMY48B)"
179.10.253.147 - - [01/Mar/2016:10:50:08 -0300] "POST /user/login HTTP/1.1" 200 49 "-" "Dalvik/2.1.0 (Linux; U; Android 5.1.1; SM-J500M Build/LMY48B)"
179.10.253.147 - - [01/Mar/2016:10:50:23 -0300] "GET /user/get?fb=966476593431413 HTTP/1.1" 200 5733 "-" "Dalvik/2.1.0 (Linux; U; Android 5.1.1; SM-J500M Build/LMY48B)"
179.10.253.147 - - [01/Mar/2016:10:50:24 -0300] "POST /user/login HTTP/1.1" 200 49 "-" "Dalvik/2.1.0 (Linux; U; Android 5.1.1; SM-J500M Build/LMY48B)"
179.10.253.147 - - [01/Mar/2016:10:50:25 -0300] "GET /user/get?fb=966476593431413 HTTP/1.1" 200 5733 "-" "Dalvik/2.1.0 (Linux; U; Android 5.1.1; SM-J500M Build/LMY48B)"
179.10.253.147 - - [01/Mar/2016:10:50:26 -0300] "POST /user/login HTTP/1.1" 200 49 "-" "Dalvik/2.1.0 (Linux; U; Android 5.1.1; SM-J500M Build/LMY48B)"
177.38.200.209 - - [01/Mar/2016:10:50:33 -0300] "GET /user/lookup/ HTTP/1.1" 200 961 "-" "Dalvik/2.1.0 (Linux; U; Android 5.1; Samsung Galaxy S6 - 5.1.0 - API 22 - 1440x2560 Build/LMY47D)"
179.10.253.147 - - [01/Mar/2016:10:50:38 -0300] "GET /user/get?fb=966476593431413 HTTP/1.1" 200 5733 "-" "Dalvik/2.1.0 (Linux; U; Android 5.1.1; SM-J500M Build/LMY48B)"
179.10.253.147 - - [01/Mar/2016:10:50:40 -0300] "POST /user/login HTTP/1.1" 200 49 "-" "Dalvik/2.1.0 (Linux; U; Android 5.1.1; SM-J500M Build/LMY48B)"
179.10.253.147 - - [01/Mar/2016:10:50:41 -0300] "GET /user/get?fb=966476593431413 HTTP/1.1" 200 5733 "-" "Dalvik/2.1.0 (Linux; U; Android 5.1.1; SM-J500M Build/LMY48B)"
179.10.253.147 - - [01/Mar/2016:10:50:42 -0300] "POST /user/login HTTP/1.1" 200 49 "-" "Dalvik/2.1.0 (Linux; U; Android 5.1.1; SM-J500M Build/LMY48B)"
179.10.253.147 - - [01/Mar/2016:10:50:59 -0300] "GET /user/get?fb=966476593431413 HTTP/1.1" 200 5733 "-" "Dalvik/2.1.0 (Linux; U; Android 5.1.1; SM-J500M Build/LMY48B)"
179.10.253.147 - - [01/Mar/2016:10:51:00 -0300] "POST /user/login HTTP/1.1" 200 49 "-" "Dalvik/2.1.0 (Linux; U; Android 5.1.1; SM-J500M Build/LMY48B)"
179.10.253.147 - - [01/Mar/2016:10:51:01 -0300] "GET /user/get?fb=966476593431413 HTTP/1.1" 200 5733 "-" "Dalvik/2.1.0 (Linux; U; Android 5.1.1; SM-J500M Build/LMY48B)"
179.10.253.147 - - [01/Mar/2016:10:51:03 -0300] "POST /user/login HTTP/1.1" 200 49 "-" "Dalvik/2.1.0 (Linux; U; Android 5.1.1; SM-J500M Build/LMY48B)"
177.38.200.209 - - [01/Mar/2016:10:51:31 -0300] "GET /user/lookup/ HTTP/1.1" 200 1131 "-" "Guardioes da Saude/1.1.3 (iPhone; iOS 9.2.1; Scale/2.00)"
177.38.200.209 - - [01/Mar/2016:10:51:41 -0300] "GET /user/household/56d4ca5acbe1d4881f2e4551 HTTP/1.1" 304 0 "-" "Guardioes da Saude/1.1.3 (iPhone; iOS 9.2.1; Scale/2.00)"
179.10.253.147 - - [01/Mar/2016:10:51:42 -0300] "GET /user/get?gl=107003443229690675911 HTTP/1.1" 200 34 "-" "Dalvik/2.1.0 (Linux; U; Android 5.1.1; SM-J500M Build/LMY48B)"
177.38.200.209 - - [01/Mar/2016:10:52:53 -0300] "GET /user/household/56d595fd1d58e07322936514 HTTP/1.1" 200 34 "-" "Dalvik/2.1.0 (Linux; U; Android 5.1; Samsung Galaxy S6 - 5.1.0 - API 22 - 1440x2560 Build/LMY47D)"
179.10.253.147 - - [01/Mar/2016:10:54:18 -0300] "GET /user/get?fb=966476593431413 HTTP/1.1" 200 5733 "-" "Dalvik/2.1.0 (Linux; U; Android 5.1.1; SM-J500M Build/LMY48B)"
179.10.253.147 - - [01/Mar/2016:10:54:19 -0300] "POST /user/login HTTP/1.1" 200 49 "-" "Dalvik/2.1.0 (Linux; U; Android 5.1.1; SM-J500M Build/LMY48B)"
179.10.253.147 - - [01/Mar/2016:10:54:20 -0300] "GET /user/get?fb=966476593431413 HTTP/1.1" 200 5733 "-" "Dalvik/2.1.0 (Linux; U; Android 5.1.1; SM-J500M Build/LMY48B)"
179.10.253.147 - - [01/Mar/2016:10:54:21 -0300] "POST /user/login HTTP/1.1" 200 49 "-" "Dalvik/2.1.0 (Linux; U; Android 5.1.1; SM-J500M Build/LMY48B)"
177.38.200.209 - - [01/Mar/2016:10:54:34 -0300] "GET /user/get?fb=10153906661824787 HTTP/1.1" 200 2826 "-" "Guardioes da Saude/1.1.2 (iPhone; iOS 9.2; Scale/2.00)"
177.38.200.209 - - [01/Mar/2016:10:54:34 -0300] "POST /user/login HTTP/1.1" 200 2887 "-" "Guardioes da Saude/1.1.2 (iPhone; iOS 9.2; Scale/2.00)"
177.38.200.209 - - [01/Mar/2016:10:54:35 -0300] "GET /news/get HTTP/1.1" 200 66410 "-" "Guardioes da Saude/1.1.2 (iPhone; iOS 9.2; Scale/2.00)"
177.38.200.209 - - [01/Mar/2016:10:54:35 -0300] "GET /user/lookup/ HTTP/1.1" 200 2830 "-" "Guardioes da Saude/1.1.2 (iPhone; iOS 9.2; Scale/2.00)"
177.38.200.209 - - [01/Mar/2016:10:54:35 -0300] "GET /symptoms HTTP/1.1" 304 0 "-" "Guardioes da Saude/1.1.2 (iPhone; iOS 9.2; Scale/2.00)"
177.38.200.209 - - [01/Mar/2016:10:54:36 -0300] "GET /news/get HTTP/1.1" 200 66410 "-" "Guardioes da Saude/1.1.2 (iPhone; iOS 9.2; Scale/2.00)"
191.247.224.40 - - [01/Mar/2016:10:54:37 -0300] "POST /user/login HTTP/1.1" 200 49 "-" "Dalvik/2.1.0 (Linux; U; Android 5.1; XT1040 Build/LPB23.13-35.5)"
191.247.224.40 - - [01/Mar/2016:10:55:10 -0300] "POST /user/login HTTP/1.1" 200 49 "-" "Dalvik/2.1.0 (Linux; U; Android 5.1; XT1040 Build/LPB23.13-35.5)"
191.247.224.40 - - [01/Mar/2016:10:55:24 -0300] "POST /user/login HTTP/1.1" 200 49 "-" "Dalvik/2.1.0 (Linux; U; Android 5.1; XT1040 Build/LPB23.13-35.5)"
191.247.224.40 - - [01/Mar/2016:10:55:40 -0300] "GET /user/get?gl=108277096950974735127 HTTP/1.1" 200 11340 "-" "Dalvik/2.1.0 (Linux; U; Android 5.1; XT1040 Build/LPB23.13-35.5)"
191.247.224.40 - - [01/Mar/2016:10:55:42 -0300] "POST /user/login HTTP/1.1" 200 49 "-" "Dalvik/2.1.0 (Linux; U; Android 5.1; XT1040 Build/LPB23.13-35.5)"
191.247.224.40 - - [01/Mar/2016:10:55:50 -0300] "GET /user/get?gl=108277096950974735127 HTTP/1.1" 200 11340 "-" "Dalvik/2.1.0 (Linux; U; Android 5.1; XT1040 Build/LPB23.13-35.5)"
191.247.224.40 - - [01/Mar/2016:10:55:53 -0300] "POST /user/login HTTP/1.1" 200 49 "-" "Dalvik/2.1.0 (Linux; U; Android 5.1; XT1040 Build/LPB23.13-35.5)"
191.247.224.40 - - [01/Mar/2016:10:56:20 -0300] "GET /user/get?gl=108277096950974735127 HTTP/1.1" 200 11340 "-" "Dalvik/2.1.0 (Linux; U; Android 5.1; XT1040 Build/LPB23.13-35.5)"
191.247.224.40 - - [01/Mar/2016:10:56:22 -0300] "POST /user/login HTTP/1.1" 200 49 "-" "Dalvik/2.1.0 (Linux; U; Android 5.1; XT1040 Build/LPB23.13-35.5)"
179.10.253.147 - - [01/Mar/2016:10:57:14 -0300] "GET /user/get?fb=966476593431413 HTTP/1.1" 200 5733 "-" "Dalvik/2.1.0 (Linux; U; Android 5.1.1; SM-J500M Build/LMY48B)"
179.10.253.147 - - [01/Mar/2016:10:57:15 -0300] "POST /user/login HTTP/1.1" 200 49 "-" "Dalvik/2.1.0 (Linux; U; Android 5.1.1; SM-J500M Build/LMY48B)"
179.10.253.147 - - [01/Mar/2016:10:57:16 -0300] "GET /user/get?fb=966476593431413 HTTP/1.1" 200 5733 "-" "Dalvik/2.1.0 (Linux; U; Android 5.1.1; SM-J500M Build/LMY48B)"
179.10.253.147 - - [01/Mar/2016:10:57:17 -0300] "POST /user/login HTTP/1.1" 200 49 "-" "Dalvik/2.1.0 (Linux; U; Android 5.1.1; SM-J500M Build/LMY48B)"
191.247.224.40 - - [01/Mar/2016:10:57:26 -0300] "POST /user/create HTTP/1.1" 200 253 "-" "Dalvik/2.1.0 (Linux; U; Android 5.1; XT1040 Build/LPB23.13-35.5)"
179.10.253.147 - - [01/Mar/2016:10:57:38 -0300] "GET /user/get?fb=null HTTP/1.1" 200 34 "-" "Dalvik/2.1.0 (Linux; U; Android 5.1.1; SM-J500M Build/LMY48B)"
179.10.253.147 - - [01/Mar/2016:10:57:39 -0300] "GET /user/get?fb=966476593431413 HTTP/1.1" 200 5733 "-" "Dalvik/2.1.0 (Linux; U; Android 5.1.1; SM-J500M Build/LMY48B)"
179.10.253.147 - - [01/Mar/2016:10:57:41 -0300] "POST /user/login HTTP/1.1" 200 49 "-" "Dalvik/2.1.0 (Linux; U; Android 5.1.1; SM-J500M Build/LMY48B)"
177.38.200.209 - - [01/Mar/2016:10:57:56 -0300] "GET /user/lookup/ HTTP/1.1" 200 2830 "-" "Guardioes da Saude/1.1.2 (iPhone; iOS 9.2; Scale/2.00)"
177.38.200.209 - - [01/Mar/2016:10:57:56 -0300] "GET /symptoms HTTP/1.1" 304 0 "-" "Guardioes da Saude/1.1.2 (iPhone; iOS 9.2; Scale/2.00)"
177.38.200.209 - - [01/Mar/2016:10:57:57 -0300] "GET /news/get HTTP/1.1" 200 66410 "-" "Guardioes da Saude/1.1.2 (iPhone; iOS 9.2; Scale/2.00)"
191.247.224.40 - - [01/Mar/2016:10:57:59 -0300] "POST /user/login HTTP/1.1" 200 49 "-" "Dalvik/2.1.0 (Linux; U; Android 5.1; XT1040 Build/LPB23.13-35.5)"
179.10.253.147 - - [01/Mar/2016:10:58:06 -0300] "POST /user/create HTTP/1.1" 200 258 "-" "Dalvik/2.1.0 (Linux; U; Android 5.1.1; SM-J500M Build/LMY48B)"
191.247.224.40 - - [01/Mar/2016:10:58:19 -0300] "POST /user/forgot-password HTTP/1.1" 200 66 "-" "Dalvik/2.1.0 (Linux; U; Android 5.1; XT1040 Build/LPB23.13-35.5)"
179.10.253.147 - - [01/Mar/2016:10:58:32 -0300] "GET /user/get?fb=966476593431413 HTTP/1.1" 200 5733 "-" "Dalvik/2.1.0 (Linux; U; Android 5.1.1; SM-J500M Build/LMY48B)"
179.10.253.147 - - [01/Mar/2016:10:58:33 -0300] "POST /user/login HTTP/1.1" 200 49 "-" "Dalvik/2.1.0 (Linux; U; Android 5.1.1; SM-J500M Build/LMY48B)"
179.10.253.147 - - [01/Mar/2016:10:58:34 -0300] "GET /user/get?fb=966476593431413 HTTP/1.1" 200 5733 "-" "Dalvik/2.1.0 (Linux; U; Android 5.1.1; SM-J500M Build/LMY48B)"
179.10.253.147 - - [01/Mar/2016:10:58:35 -0300] "POST /user/login HTTP/1.1" 200 49 "-" "Dalvik/2.1.0 (Linux; U; Android 5.1.1; SM-J500M Build/LMY48B)"
179.10.253.147 - - [01/Mar/2016:10:58:44 -0300] "GET /user/get?fb=966476593431413 HTTP/1.1" 200 5733 "-" "Dalvik/2.1.0 (Linux; U; Android 5.1.1; SM-J500M Build/LMY48B)"
179.10.253.147 - - [01/Mar/2016:10:58:45 -0300] "POST /user/login HTTP/1.1" 200 49 "-" "Dalvik/2.1.0 (Linux; U; Android 5.1.1; SM-J500M Build/LMY48B)"
179.10.253.147 - - [01/Mar/2016:10:58:46 -0300] "GET /user/get?fb=966476593431413 HTTP/1.1" 200 5733 "-" "Dalvik/2.1.0 (Linux; U; Android 5.1.1; SM-J500M Build/LMY48B)"
179.10.253.147 - - [01/Mar/2016:10:58:47 -0300] "POST /user/login HTTP/1.1" 200 49 "-" "Dalvik/2.1.0 (Linux; U; Android 5.1.1; SM-J500M Build/LMY48B)"
191.247.224.40 - - [01/Mar/2016:11:00:25 -0300] "POST /user/login HTTP/1.1" 200 49 "-" "Dalvik/2.1.0 (Linux; U; Android 5.1; XT1040 Build/LPB23.13-35.5)"
177.38.200.209 - - [01/Mar/2016:11:02:23 -0300] "OPTIONS /search/cities?limit=5 HTTP/1.1" 204 0 "http://guardioesdasaude.org/" "Mozilla/5.0 (Macintosh; Intel Mac OS X 10_10_5) AppleWebKit/537.36 (KHTML, like Gecko) Chrome/48.0.2564.116 Safari/537.36"
177.38.200.209 - - [01/Mar/2016:11:02:23 -0300] "GET /search/cities?limit=5 HTTP/1.1" 200 320 "http://guardioesdasaude.org/" "Mozilla/5.0 (Macintosh; Intel Mac OS X 10_10_5) AppleWebKit/537.36 (KHTML, like Gecko) Chrome/48.0.2564.116 Safari/537.36"
177.38.200.209 - - [01/Mar/2016:11:02:29 -0300] "OPTIONS /user/get?fb=10153906661824787 HTTP/1.1" 204 0 "http://guardioesdasaude.org/login" "Mozilla/5.0 (Macintosh; Intel Mac OS X 10_10_5) AppleWebKit/537.36 (KHTML, like Gecko) Chrome/48.0.2564.116 Safari/537.36"
177.38.200.209 - - [01/Mar/2016:11:02:29 -0300] "GET /user/get?fb=10153906661824787 HTTP/1.1" 200 2826 "http://guardioesdasaude.org/login" "Mozilla/5.0 (Macintosh; Intel Mac OS X 10_10_5) AppleWebKit/537.36 (KHTML, like Gecko) Chrome/48.0.2564.116 Safari/537.36"
177.38.200.209 - - [01/Mar/2016:11:02:29 -0300] "OPTIONS /user/login HTTP/1.1" 204 0 "http://guardioesdasaude.org/login" "Mozilla/5.0 (Macintosh; Intel Mac OS X 10_10_5) AppleWebKit/537.36 (KHTML, like Gecko) Chrome/48.0.2564.116 Safari/537.36"
177.38.200.209 - - [01/Mar/2016:11:02:30 -0300] "POST /user/login HTTP/1.1" 200 2887 "http://guardioesdasaude.org/login" "Mozilla/5.0 (Macintosh; Intel Mac OS X 10_10_5) AppleWebKit/537.36 (KHTML, like Gecko) Chrome/48.0.2564.116 Safari/537.36"
177.38.200.209 - - [01/Mar/2016:11:02:30 -0300] "GET /search/cities?limit=5 HTTP/1.1" 304 0 "http://guardioesdasaude.org/health-daily" "Mozilla/5.0 (Macintosh; Intel Mac OS X 10_10_5) AppleWebKit/537.36 (KHTML, like Gecko) Chrome/48.0.2564.116 Safari/537.36"
177.38.200.209 - - [01/Mar/2016:11:02:30 -0300] "OPTIONS /user/survey/summary HTTP/1.1" 204 0 "http://guardioesdasaude.org/health-daily" "Mozilla/5.0 (Macintosh; Intel Mac OS X 10_10_5) AppleWebKit/537.36 (KHTML, like Gecko) Chrome/48.0.2564.116 Safari/537.36"
177.38.200.209 - - [01/Mar/2016:11:02:30 -0300] "OPTIONS /user/calendar/year?year=2016 HTTP/1.1" 204 0 "http://guardioesdasaude.org/health-daily" "Mozilla/5.0 (Macintosh; Intel Mac OS X 10_10_5) AppleWebKit/537.36 (KHTML, like Gecko) Chrome/48.0.2564.116 Safari/537.36"
177.38.200.209 - - [01/Mar/2016:11:02:30 -0300] "OPTIONS /user/calendar/month?month=3&year=2016 HTTP/1.1" 204 0 "http://guardioesdasaude.org/health-daily" "Mozilla/5.0 (Macintosh; Intel Mac OS X 10_10_5) AppleWebKit/537.36 (KHTML, like Gecko) Chrome/48.0.2564.116 Safari/537.36"
177.38.200.209 - - [01/Mar/2016:11:02:30 -0300] "OPTIONS /user/calendar/month?month=2&year=2016 HTTP/1.1" 204 0 "http://guardioesdasaude.org/health-daily" "Mozilla/5.0 (Macintosh; Intel Mac OS X 10_10_5) AppleWebKit/537.36 (KHTML, like Gecko) Chrome/48.0.2564.116 Safari/537.36"
177.38.200.209 - - [01/Mar/2016:11:02:30 -0300] "GET /search/cities?limit=5 HTTP/1.1" 304 0 "http://guardioesdasaude.org/health-daily" "Mozilla/5.0 (Macintosh; Intel Mac OS X 10_10_5) AppleWebKit/537.36 (KHTML, like Gecko) Chrome/48.0.2564.116 Safari/537.36"
177.38.200.209 - - [01/Mar/2016:11:02:30 -0300] "GET /user/survey/summary HTTP/1.1" 200 73 "http://guardioesdasaude.org/health-daily" "Mozilla/5.0 (Macintosh; Intel Mac OS X 10_10_5) AppleWebKit/537.36 (KHTML, like Gecko) Chrome/48.0.2564.116 Safari/537.36"
177.38.200.209 - - [01/Mar/2016:11:02:30 -0300] "GET /user/calendar/month?month=3&year=2016 HTTP/1.1" 200 36 "http://guardioesdasaude.org/health-daily" "Mozilla/5.0 (Macintosh; Intel Mac OS X 10_10_5) AppleWebKit/537.36 (KHTML, like Gecko) Chrome/48.0.2564.116 Safari/537.36"
177.38.200.209 - - [01/Mar/2016:11:02:30 -0300] "GET /user/calendar/year?year=2016 HTTP/1.1" 200 158 "http://guardioesdasaude.org/health-daily" "Mozilla/5.0 (Macintosh; Intel Mac OS X 10_10_5) AppleWebKit/537.36 (KHTML, like Gecko) Chrome/48.0.2564.116 Safari/537.36"
177.38.200.209 - - [01/Mar/2016:11:02:30 -0300] "GET /user/calendar/month?month=2&year=2016 HTTP/1.1" 200 320 "http://guardioesdasaude.org/health-daily" "Mozilla/5.0 (Macintosh; Intel Mac OS X 10_10_5) AppleWebKit/537.36 (KHTML, like Gecko) Chrome/48.0.2564.116 Safari/537.36"
177.38.200.209 - - [01/Mar/2016:11:02:30 -0300] "OPTIONS /user/chart/month?month=3&year=2016 HTTP/1.1" 204 0 "http://guardioesdasaude.org/health-daily" "Mozilla/5.0 (Macintosh; Intel Mac OS X 10_10_5) AppleWebKit/537.36 (KHTML, like Gecko) Chrome/48.0.2564.116 Safari/537.36"
177.38.200.209 - - [01/Mar/2016:11:02:30 -0300] "GET /user/chart/month?month=3&year=2016 HTTP/1.1" 200 36 "http://guardioesdasaude.org/health-daily" "Mozilla/5.0 (Macintosh; Intel Mac OS X 10_10_5) AppleWebKit/537.36 (KHTML, like Gecko) Chrome/48.0.2564.116 Safari/537.36"
177.38.200.209 - - [01/Mar/2016:11:02:46 -0300] "GET /surveys/l?lat=-8.086667&lon=-34.892242 HTTP/1.1" 200 7809 "-" "Guardioes da Saude/1.1.2 (iPhone; iOS 9.2; Scale/2.00)"
177.38.200.209 - - [01/Mar/2016:11:02:46 -0300] "GET /surveys/summary?lat=-8.086667433501871&lon=-34.89224210978983 HTTP/1.1" 200 366 "-" "Guardioes da Saude/1.1.2 (iPhone; iOS 9.2; Scale/2.00)"
189.28.128.241 - - [01/Mar/2016:11:03:00 -0300] "OPTIONS /search/cities?limit=5 HTTP/1.1" 204 0 "http://guardioesdasaude.org/" "Mozilla/5.0 (Windows NT 6.1; WOW64) AppleWebKit/537.36 (KHTML, like Gecko) Chrome/48.0.2564.116 Safari/537.36"
189.28.128.241 - - [01/Mar/2016:11:03:00 -0300] "GET /search/cities?limit=5 HTTP/1.1" 200 320 "http://guardioesdasaude.org/" "Mozilla/5.0 (Windows NT 6.1; WOW64) AppleWebKit/537.36 (KHTML, like Gecko) Chrome/48.0.2564.116 Safari/537.36"
191.247.224.40 - - [01/Mar/2016:11:03:04 -0300] "GET /user/get?gl=108277096950974735127 HTTP/1.1" 200 11489 "-" "Dalvik/2.1.0 (Linux; U; Android 5.1; XT1040 Build/LPB23.13-35.5)"
191.247.224.40 - - [01/Mar/2016:11:03:06 -0300] "POST /user/login HTTP/1.1" 200 49 "-" "Dalvik/2.1.0 (Linux; U; Android 5.1; XT1040 Build/LPB23.13-35.5)"
189.28.128.241 - - [01/Mar/2016:11:03:32 -0300] "OPTIONS /user/get?fb=966476593431413 HTTP/1.1" 204 0 "http://guardioesdasaude.org/login" "Mozilla/5.0 (Windows NT 6.1; WOW64) AppleWebKit/537.36 (KHTML, like Gecko) Chrome/48.0.2564.116 Safari/537.36"
189.28.128.241 - - [01/Mar/2016:11:03:33 -0300] "GET /user/get?fb=966476593431413 HTTP/1.1" 200 5733 "http://guardioesdasaude.org/login" "Mozilla/5.0 (Windows NT 6.1; WOW64) AppleWebKit/537.36 (KHTML, like Gecko) Chrome/48.0.2564.116 Safari/537.36"
189.28.128.241 - - [01/Mar/2016:11:03:33 -0300] "OPTIONS /user/login HTTP/1.1" 204 0 "http://guardioesdasaude.org/login" "Mozilla/5.0 (Windows NT 6.1; WOW64) AppleWebKit/537.36 (KHTML, like Gecko) Chrome/48.0.2564.116 Safari/537.36"
189.28.128.241 - - [01/Mar/2016:11:03:33 -0300] "POST /user/login HTTP/1.1" 200 49 "http://guardioesdasaude.org/login" "Mozilla/5.0 (Windows NT 6.1; WOW64) AppleWebKit/537.36 (KHTML, like Gecko) Chrome/48.0.2564.116 Safari/537.36"
189.28.128.241 - - [01/Mar/2016:11:04:05 -0300] "GET /search/cities?limit=5 HTTP/1.1" 304 0 "http://guardioesdasaude.org/" "Mozilla/5.0 (Windows NT 6.1; WOW64) AppleWebKit/537.36 (KHTML, like Gecko) Chrome/48.0.2564.116 Safari/537.36"
189.28.128.241 - - [01/Mar/2016:11:04:09 -0300] "GET /search/cities?limit=5 HTTP/1.1" 304 0 "http://guardioesdasaude.org/login" "Mozilla/5.0 (Windows NT 6.1; WOW64) AppleWebKit/537.36 (KHTML, like Gecko) Chrome/48.0.2564.116 Safari/537.36"
189.28.128.241 - - [01/Mar/2016:11:04:27 -0300] "GET /search/cities?limit=5 HTTP/1.1" 304 0 "http://guardioesdasaude.org/" "Mozilla/5.0 (Windows NT 6.1; WOW64) AppleWebKit/537.36 (KHTML, like Gecko) Chrome/48.0.2564.116 Safari/537.36"
177.38.200.209 - - [01/Mar/2016:11:04:29 -0300] "GET /search/cities?limit=5 HTTP/1.1" 304 0 "http://guardioesdasaude.org/" "Mozilla/5.0 (Macintosh; Intel Mac OS X 10_10_5) AppleWebKit/537.36 (KHTML, like Gecko) Chrome/48.0.2564.116 Safari/537.36"
177.38.200.209 - - [01/Mar/2016:11:04:33 -0300] "GET /search/cities?limit=5 HTTP/1.1" 304 0 "http://guardioesdasaude.org/dashboard" "Mozilla/5.0 (Macintosh; Intel Mac OS X 10_10_5) AppleWebKit/537.36 (KHTML, like Gecko) Chrome/48.0.2564.116 Safari/537.36"
177.38.200.209 - - [01/Mar/2016:11:04:40 -0300] "OPTIONS /search/cities?limit=5 HTTP/1.1" 204 0 "http://guardioesdasaude.org/" "Mozilla/5.0 (Macintosh; Intel Mac OS X 10_10_5) AppleWebKit/601.4.4 (KHTML, like Gecko) Version/9.0.3 Safari/601.4.4"
177.38.200.209 - - [01/Mar/2016:11:04:41 -0300] "GET /search/cities?limit=5 HTTP/1.1" 200 320 "http://guardioesdasaude.org/" "Mozilla/5.0 (Macintosh; Intel Mac OS X 10_10_5) AppleWebKit/601.4.4 (KHTML, like Gecko) Version/9.0.3 Safari/601.4.4"
177.38.200.209 - - [01/Mar/2016:11:04:47 -0300] "GET /search/cities?limit=5 HTTP/1.1" 304 0 "http://guardioesdasaude.org/" "Mozilla/5.0 (Macintosh; Intel Mac OS X 10_10_5) AppleWebKit/601.4.4 (KHTML, like Gecko) Version/9.0.3 Safari/601.4.4"
177.38.200.209 - - [01/Mar/2016:11:05:28 -0300] "GET /user/lookup/ HTTP/1.1" 200 961 "-" "Dalvik/2.1.0 (Linux; U; Android 5.1; Samsung Galaxy S6 - 5.1.0 - API 22 - 1440x2560 Build/LMY47D)"
191.247.224.40 - - [01/Mar/2016:11:07:51 -0300] "GET /user/get?gl=108277096950974735127 HTTP/1.1" 200 11489 "-" "Dalvik/2.1.0 (Linux; U; Android 5.1; XT1040 Build/LPB23.13-35.5)"
191.247.224.40 - - [01/Mar/2016:11:07:53 -0300] "POST /user/login HTTP/1.1" 200 49 "-" "Dalvik/2.1.0 (Linux; U; Android 5.1; XT1040 Build/LPB23.13-35.5)"
191.247.224.40 - - [01/Mar/2016:11:08:16 -0300] "POST /user/login HTTP/1.1" 200 49 "-" "Dalvik/2.1.0 (Linux; U; Android 5.1; XT1040 Build/LPB23.13-35.5)"
191.247.224.40 - - [01/Mar/2016:11:08:31 -0300] "GET /user/get?gl=108277096950974735127 HTTP/1.1" 200 11489 "-" "Dalvik/2.1.0 (Linux; U; Android 5.1; XT1040 Build/LPB23.13-35.5)"
191.247.224.40 - - [01/Mar/2016:11:08:33 -0300] "POST /user/login HTTP/1.1" 200 49 "-" "Dalvik/2.1.0 (Linux; U; Android 5.1; XT1040 Build/LPB23.13-35.5)"
177.38.200.209 - - [01/Mar/2016:11:10:08 -0300] "GET /user/household/56cdc63d34899e8d2d1ba5de HTTP/1.1" 304 0 "-" "Guardioes da Saude/1.1.2 (iPhone; iOS 9.2; Scale/2.00)"
177.38.200.209 - - [01/Mar/2016:11:10:09 -0300] "GET /user/household/56cdc63d34899e8d2d1ba5de HTTP/1.1" 304 0 "-" "Guardioes da Saude/1.1.2 (iPhone; iOS 9.2; Scale/2.00)"
177.38.200.209 - - [01/Mar/2016:11:10:12 -0300] "GET /user/lookup/ HTTP/1.1" 200 2830 "-" "Guardioes da Saude/1.1.2 (iPhone; iOS 9.2; Scale/2.00)"
177.38.200.209 - - [01/Mar/2016:11:10:13 -0300] "GET /symptoms HTTP/1.1" 304 0 "-" "Guardioes da Saude/1.1.2 (iPhone; iOS 9.2; Scale/2.00)"
177.38.200.209 - - [01/Mar/2016:11:10:14 -0300] "GET /news/get HTTP/1.1" 200 66772 "-" "Guardioes da Saude/1.1.2 (iPhone; iOS 9.2; Scale/2.00)"
177.38.200.209 - - [01/Mar/2016:11:10:28 -0300] "GET /user/household/56cdc63d34899e8d2d1ba5de HTTP/1.1" 304 0 "-" "Guardioes da Saude/1.1.2 (iPhone; iOS 9.2; Scale/2.00)"
177.38.200.209 - - [01/Mar/2016:11:10:31 -0300] "GET /user/lookup/ HTTP/1.1" 200 2830 "-" "Guardioes da Saude/1.1.2 (iPhone; iOS 9.2; Scale/2.00)"
177.38.200.209 - - [01/Mar/2016:11:10:31 -0300] "GET /symptoms HTTP/1.1" 304 0 "-" "Guardioes da Saude/1.1.2 (iPhone; iOS 9.2; Scale/2.00)"
177.38.200.209 - - [01/Mar/2016:11:10:31 -0300] "GET /news/get HTTP/1.1" 200 66772 "-" "Guardioes da Saude/1.1.2 (iPhone; iOS 9.2; Scale/2.00)"
177.38.200.209 - - [01/Mar/2016:11:10:53 -0300] "POST /user/login HTTP/1.1" 200 55 "-" "Guardioes da Saude/1.1.2 (iPhone; iOS 9.2.1; Scale/2.00)"
177.38.200.209 - - [01/Mar/2016:11:11:03 -0300] "POST /user/login HTTP/1.1" 200 55 "-" "Guardioes da Saude/1.1.2 (iPhone; iOS 9.2.1; Scale/2.00)"
177.38.200.209 - - [01/Mar/2016:11:11:09 -0300] "GET /user/lookup/ HTTP/1.1" 200 961 "-" "Dalvik/2.1.0 (Linux; U; Android 5.1; Samsung Galaxy S6 - 5.1.0 - API 22 - 1440x2560 Build/LMY47D)"
177.38.200.209 - - [01/Mar/2016:11:11:14 -0300] "POST /user/login HTTP/1.1" 200 55 "-" "Guardioes da Saude/1.1.2 (iPhone; iOS 9.2.1; Scale/2.00)"
177.38.200.209 - - [01/Mar/2016:11:11:26 -0300] "GET /user/household/56d595fd1d58e07322936514 HTTP/1.1" 200 34 "-" "Dalvik/2.1.0 (Linux; U; Android 5.1; Samsung Galaxy S6 - 5.1.0 - API 22 - 1440x2560 Build/LMY47D)"
177.38.200.209 - - [01/Mar/2016:11:11:32 -0300] "POST /user/login HTTP/1.1" 200 49 "-" "Guardioes da Saude/1.1.2 (iPhone; iOS 9.2.1; Scale/2.00)"
189.48.32.17 - - [01/Mar/2016:11:24:39 -0300] "OPTIONS /search/cities?limit=5 HTTP/1.1" 204 0 "http://guardioesdasaude.org/" "Mozilla/5.0 (Windows NT 10.0; WOW64) AppleWebKit/537.36 (KHTML, like Gecko) Chrome/48.0.2564.116 Safari/537.36"
189.48.32.17 - - [01/Mar/2016:11:24:39 -0300] "GET /search/cities?limit=5 HTTP/1.1" 200 320 "http://guardioesdasaude.org/" "Mozilla/5.0 (Windows NT 10.0; WOW64) AppleWebKit/537.36 (KHTML, like Gecko) Chrome/48.0.2564.116 Safari/537.36"
177.38.200.209 - - [01/Mar/2016:11:24:47 -0300] "GET /user/lookup/ HTTP/1.1" 200 961 "-" "Dalvik/2.1.0 (Linux; U; Android 5.1; Samsung Galaxy S6 - 5.1.0 - API 22 - 1440x2560 Build/LMY47D)"
189.48.32.17 - - [01/Mar/2016:11:25:16 -0300] "OPTIONS /user/get?fb=113482342372911 HTTP/1.1" 204 0 "http://guardioesdasaude.org/login" "Mozilla/5.0 (Windows NT 10.0; WOW64) AppleWebKit/537.36 (KHTML, like Gecko) Chrome/48.0.2564.116 Safari/537.36"
189.48.32.17 - - [01/Mar/2016:11:25:17 -0300] "GET /user/get?fb=113482342372911 HTTP/1.1" 200 34 "http://guardioesdasaude.org/login" "Mozilla/5.0 (Windows NT 10.0; WOW64) AppleWebKit/537.36 (KHTML, like Gecko) Chrome/48.0.2564.116 Safari/537.36"
189.48.32.17 - - [01/Mar/2016:11:25:37 -0300] "OPTIONS /user/create HTTP/1.1" 204 0 "http://guardioesdasaude.org/login" "Mozilla/5.0 (Windows NT 10.0; WOW64) AppleWebKit/537.36 (KHTML, like Gecko) Chrome/48.0.2564.116 Safari/537.36"
189.48.32.17 - - [01/Mar/2016:11:25:37 -0300] "POST /user/create HTTP/1.1" 200 1061 "http://guardioesdasaude.org/login" "Mozilla/5.0 (Windows NT 10.0; WOW64) AppleWebKit/537.36 (KHTML, like Gecko) Chrome/48.0.2564.116 Safari/537.36"
189.48.32.17 - - [01/Mar/2016:11:25:38 -0300] "GET /search/cities?limit=5 HTTP/1.1" 304 0 "http://guardioesdasaude.org/health-daily" "Mozilla/5.0 (Windows NT 10.0; WOW64) AppleWebKit/537.36 (KHTML, like Gecko) Chrome/48.0.2564.116 Safari/537.36"
189.48.32.17 - - [01/Mar/2016:11:25:38 -0300] "OPTIONS /user/survey/summary HTTP/1.1" 204 0 "http://guardioesdasaude.org/health-daily" "Mozilla/5.0 (Windows NT 10.0; WOW64) AppleWebKit/537.36 (KHTML, like Gecko) Chrome/48.0.2564.116 Safari/537.36"
189.48.32.17 - - [01/Mar/2016:11:25:38 -0300] "OPTIONS /user/calendar/month?month=3&year=2016 HTTP/1.1" 204 0 "http://guardioesdasaude.org/health-daily" "Mozilla/5.0 (Windows NT 10.0; WOW64) AppleWebKit/537.36 (KHTML, like Gecko) Chrome/48.0.2564.116 Safari/537.36"
189.48.32.17 - - [01/Mar/2016:11:25:38 -0300] "OPTIONS /user/calendar/year?year=2016 HTTP/1.1" 204 0 "http://guardioesdasaude.org/health-daily" "Mozilla/5.0 (Windows NT 10.0; WOW64) AppleWebKit/537.36 (KHTML, like Gecko) Chrome/48.0.2564.116 Safari/537.36"
189.48.32.17 - - [01/Mar/2016:11:25:38 -0300] "OPTIONS /user/calendar/month?month=2&year=2016 HTTP/1.1" 204 0 "http://guardioesdasaude.org/health-daily" "Mozilla/5.0 (Windows NT 10.0; WOW64) AppleWebKit/537.36 (KHTML, like Gecko) Chrome/48.0.2564.116 Safari/537.36"
189.48.32.17 - - [01/Mar/2016:11:25:38 -0300] "GET /search/cities?limit=5 HTTP/1.1" 304 0 "http://guardioesdasaude.org/health-daily" "Mozilla/5.0 (Windows NT 10.0; WOW64) AppleWebKit/537.36 (KHTML, like Gecko) Chrome/48.0.2564.116 Safari/537.36"
189.48.32.17 - - [01/Mar/2016:11:25:38 -0300] "GET /user/survey/summary HTTP/1.1" 200 73 "http://guardioesdasaude.org/health-daily" "Mozilla/5.0 (Windows NT 10.0; WOW64) AppleWebKit/537.36 (KHTML, like Gecko) Chrome/48.0.2564.116 Safari/537.36"
189.48.32.17 - - [01/Mar/2016:11:25:38 -0300] "GET /user/calendar/month?month=3&year=2016 HTTP/1.1" 200 36 "http://guardioesdasaude.org/health-daily" "Mozilla/5.0 (Windows NT 10.0; WOW64) AppleWebKit/537.36 (KHTML, like Gecko) Chrome/48.0.2564.116 Safari/537.36"
189.48.32.17 - - [01/Mar/2016:11:25:38 -0300] "GET /user/calendar/year?year=2016 HTTP/1.1" 200 36 "http://guardioesdasaude.org/health-daily" "Mozilla/5.0 (Windows NT 10.0; WOW64) AppleWebKit/537.36 (KHTML, like Gecko) Chrome/48.0.2564.116 Safari/537.36"
189.48.32.17 - - [01/Mar/2016:11:25:38 -0300] "GET /user/calendar/month?month=2&year=2016 HTTP/1.1" 200 36 "http://guardioesdasaude.org/health-daily" "Mozilla/5.0 (Windows NT 10.0; WOW64) AppleWebKit/537.36 (KHTML, like Gecko) Chrome/48.0.2564.116 Safari/537.36"
189.48.32.17 - - [01/Mar/2016:11:25:39 -0300] "OPTIONS /user/chart/month?month=3&year=2016 HTTP/1.1" 204 0 "http://guardioesdasaude.org/health-daily" "Mozilla/5.0 (Windows NT 10.0; WOW64) AppleWebKit/537.36 (KHTML, like Gecko) Chrome/48.0.2564.116 Safari/537.36"
189.48.32.17 - - [01/Mar/2016:11:25:39 -0300] "GET /user/chart/month?month=3&year=2016 HTTP/1.1" 200 36 "http://guardioesdasaude.org/health-daily" "Mozilla/5.0 (Windows NT 10.0; WOW64) AppleWebKit/537.36 (KHTML, like Gecko) Chrome/48.0.2564.116 Safari/537.36"
