189.111.20.171 - - [11/Apr/2016:08:11:33 -0300] "GET /household/survey/summary?household_id=570b860653072afe553ab0e5 HTTP/1.1" 200 69 "-" "Guardioes da Saude/1.1.4 (iPhone; iOS 9.1; Scale/2.00)"
189.111.20.171 - - [11/Apr/2016:08:11:33 -0300] "GET /household/calendar/year?household_id=570b860653072afe553ab0e5&year=2016 HTTP/1.1" 200 109 "-" "Guardioes da Saude/1.1.4 (iPhone; iOS 9.1; Scale/2.00)"
189.111.20.171 - - [11/Apr/2016:08:11:33 -0300] "GET /household/calendar/month?household_id=570b860653072afe553ab0e5&month=4&year=2016 HTTP/1.1" 200 116 "-" "Guardioes da Saude/1.1.4 (iPhone; iOS 9.1; Scale/2.00)"
189.111.20.171 - - [11/Apr/2016:08:11:34 -0300] "GET /household/calendar/month?household_id=570b860653072afe553ab0e5&month=4&year=2016 HTTP/1.1" 200 116 "-" "Guardioes da Saude/1.1.4 (iPhone; iOS 9.1; Scale/2.00)"
189.111.20.171 - - [11/Apr/2016:08:11:34 -0300] "GET /household/survey/summary?household_id=570b860653072afe553ab0e5 HTTP/1.1" 200 69 "-" "Guardioes da Saude/1.1.4 (iPhone; iOS 9.1; Scale/2.00)"
189.111.20.171 - - [11/Apr/2016:08:11:34 -0300] "GET /household/calendar/year?household_id=570b860653072afe553ab0e5&year=2016 HTTP/1.1" 200 109 "-" "Guardioes da Saude/1.1.4 (iPhone; iOS 9.1; Scale/2.00)"
189.111.20.171 - - [11/Apr/2016:08:11:56 -0300] "GET /surveys/l?lat=-22.613963&lon=-50.668613 HTTP/1.1" 200 56 "-" "Guardioes da Saude/1.1.4 (iPhone; iOS 9.1; Scale/2.00)"
189.111.20.171 - - [11/Apr/2016:08:11:57 -0300] "GET /surveys/summary?lat=-22.61396127755066&lon=-50.66859964286039 HTTP/1.1" 200 243 "-" "Guardioes da Saude/1.1.4 (iPhone; iOS 9.1; Scale/2.00)"
189.111.20.171 - - [11/Apr/2016:08:12:03 -0300] "GET /user/household/570b8564aa0bef232ebe1c20 HTTP/1.1" 304 0 "-" "Guardioes da Saude/1.1.4 (iPhone; iOS 9.1; Scale/2.00)"
189.111.20.171 - - [11/Apr/2016:08:12:03 -0300] "GET /user/survey/summary HTTP/1.1" 200 69 "-" "Guardioes da Saude/1.1.4 (iPhone; iOS 9.1; Scale/2.00)"
189.111.20.171 - - [11/Apr/2016:08:12:03 -0300] "GET /user/calendar/month?&month=4&year=2016 HTTP/1.1" 200 115 "-" "Guardioes da Saude/1.1.4 (iPhone; iOS 9.1; Scale/2.00)"
189.111.20.171 - - [11/Apr/2016:08:12:04 -0300] "GET /user/calendar/year?&year=2016 HTTP/1.1" 200 109 "-" "Guardioes da Saude/1.1.4 (iPhone; iOS 9.1; Scale/2.00)"
189.111.20.171 - - [11/Apr/2016:08:12:11 -0300] "GET /content/upas.json HTTP/1.1" 200 22982 "-" "Guardioes da Saude/1.1.4 (iPhone; iOS 9.1; Scale/2.00)"
189.71.234.18 - - [11/Apr/2016:08:13:19 -0300] "GET /news/get HTTP/1.1" 200 3547 "-" "Dalvik/2.1.0 (Linux; U; Android 5.1; XT1033 Build/LPB23.13-56)"
189.71.234.18 - - [11/Apr/2016:08:15:16 -0300] "GET /user/household/570b8629aa0bef232ebe1c21 HTTP/1.1" 200 56 "-" "Dalvik/2.1.0 (Linux; U; Android 5.1; XT1033 Build/LPB23.13-56)"
189.71.234.18 - - [11/Apr/2016:08:15:17 -0300] "GET /user/calendar/year?year=2016 HTTP/1.1" 200 58 "-" "Dalvik/2.1.0 (Linux; U; Android 5.1; XT1033 Build/LPB23.13-56)"
189.71.234.18 - - [11/Apr/2016:08:15:18 -0300] "GET /user/survey/summary HTTP/1.1" 200 66 "-" "Dalvik/2.1.0 (Linux; U; Android 5.1; XT1033 Build/LPB23.13-56)"
179.167.102.185 - - [11/Apr/2016:08:22:08 -0300] "POST /user/login HTTP/1.1" 200 77 "-" "Guardioes da Saude/1.1.4 (iPhone; iOS 9.3.1; Scale/3.00)"
179.167.102.185 - - [11/Apr/2016:08:22:32 -0300] "GET /user/get?fb=1257305800965500 HTTP/1.1" 200 56 "-" "Guardioes da Saude/1.1.4 (iPhone; iOS 9.3.1; Scale/3.00)"
179.167.102.185 - - [11/Apr/2016:08:22:44 -0300] "GET /user/get?fb=1257305800965500 HTTP/1.1" 200 56 "-" "Guardioes da Saude/1.1.4 (iPhone; iOS 9.3.1; Scale/3.00)"
179.167.102.185 - - [11/Apr/2016:08:22:55 -0300] "GET /user/get?fb=1257305800965500 HTTP/1.1" 200 56 "-" "Guardioes da Saude/1.1.4 (iPhone; iOS 9.3.1; Scale/3.00)"
179.167.102.185 - - [11/Apr/2016:08:23:21 -0300] "GET /user/get?fb=1257305800965500 HTTP/1.1" 200 56 "-" "Guardioes da Saude/1.1.4 (iPhone; iOS 9.3.1; Scale/3.00)"
179.167.102.185 - - [11/Apr/2016:08:24:06 -0300] "POST /user/create HTTP/1.1" 200 443 "-" "Guardioes da Saude/1.1.4 (iPhone; iOS 9.3.1; Scale/3.00)"
189.71.234.18 - - [11/Apr/2016:08:25:49 -0300] "OPTIONS /search/cities?limit=5 HTTP/1.1" 204 0 "http://guardioesdasaude.org/" "Mozilla/5.0 (Linux; Android 5.1; XT1033 Build/LPB23.13-56; wv) AppleWebKit/537.36 (KHTML, like Gecko) Version/4.0 Chrome/49.0.2623.105 Mobile Safari/537.36 [FB_IAB/FB4A;FBAV/71.0.0.17.73;]"
189.71.234.18 - - [11/Apr/2016:08:25:50 -0300] "GET /search/cities?limit=5 HTTP/1.1" 200 163 "http://guardioesdasaude.org/" "Mozilla/5.0 (Linux; Android 5.1; XT1033 Build/LPB23.13-56; wv) AppleWebKit/537.36 (KHTML, like Gecko) Version/4.0 Chrome/49.0.2623.105 Mobile Safari/537.36 [FB_IAB/FB4A;FBAV/71.0.0.17.73;]"
189.71.234.18 - - [11/Apr/2016:08:28:14 -0300] "OPTIONS /user/get?fb=767176103419005 HTTP/1.1" 204 0 "http://guardioesdasaude.org/cadastro" "Mozilla/5.0 (Linux; Android 5.1; XT1033 Build/LPB23.13-56; wv) AppleWebKit/537.36 (KHTML, like Gecko) Version/4.0 Chrome/49.0.2623.105 Mobile Safari/537.36 [FB_IAB/FB4A;FBAV/71.0.0.17.73;]"
189.71.234.18 - - [11/Apr/2016:08:28:15 -0300] "GET /user/get?fb=767176103419005 HTTP/1.1" 200 689 "http://guardioesdasaude.org/cadastro" "Mozilla/5.0 (Linux; Android 5.1; XT1033 Build/LPB23.13-56; wv) AppleWebKit/537.36 (KHTML, like Gecko) Version/4.0 Chrome/49.0.2623.105 Mobile Safari/537.36 [FB_IAB/FB4A;FBAV/71.0.0.17.73;]"
189.71.234.18 - - [11/Apr/2016:08:28:15 -0300] "OPTIONS /user/login HTTP/1.1" 204 0 "http://guardioesdasaude.org/cadastro" "Mozilla/5.0 (Linux; Android 5.1; XT1033 Build/LPB23.13-56; wv) AppleWebKit/537.36 (KHTML, like Gecko) Version/4.0 Chrome/49.0.2623.105 Mobile Safari/537.36 [FB_IAB/FB4A;FBAV/71.0.0.17.73;]"
189.71.234.18 - - [11/Apr/2016:08:28:15 -0300] "POST /user/login HTTP/1.1" 200 836 "http://guardioesdasaude.org/cadastro" "Mozilla/5.0 (Linux; Android 5.1; XT1033 Build/LPB23.13-56; wv) AppleWebKit/537.36 (KHTML, like Gecko) Version/4.0 Chrome/49.0.2623.105 Mobile Safari/537.36 [FB_IAB/FB4A;FBAV/71.0.0.17.73;]"
189.71.234.18 - - [11/Apr/2016:08:28:16 -0300] "GET /search/cities?limit=5 HTTP/1.1" 200 163 "http://guardioesdasaude.org/health-daily" "Mozilla/5.0 (Linux; Android 5.1; XT1033 Build/LPB23.13-56; wv) AppleWebKit/537.36 (KHTML, like Gecko) Version/4.0 Chrome/49.0.2623.105 Mobile Safari/537.36 [FB_IAB/FB4A;FBAV/71.0.0.17.73;]"
189.71.234.18 - - [11/Apr/2016:08:28:16 -0300] "OPTIONS /user/survey/summary HTTP/1.1" 204 0 "http://guardioesdasaude.org/health-daily" "Mozilla/5.0 (Linux; Android 5.1; XT1033 Build/LPB23.13-56; wv) AppleWebKit/537.36 (KHTML, like Gecko) Version/4.0 Chrome/49.0.2623.105 Mobile Safari/537.36 [FB_IAB/FB4A;FBAV/71.0.0.17.73;]"
189.71.234.18 - - [11/Apr/2016:08:28:16 -0300] "OPTIONS /user/calendar/month?month=4&year=2016 HTTP/1.1" 204 0 "http://guardioesdasaude.org/health-daily" "Mozilla/5.0 (Linux; Android 5.1; XT1033 Build/LPB23.13-56; wv) AppleWebKit/537.36 (KHTML, like Gecko) Version/4.0 Chrome/49.0.2623.105 Mobile Safari/537.36 [FB_IAB/FB4A;FBAV/71.0.0.17.73;]"
189.71.234.18 - - [11/Apr/2016:08:28:16 -0300] "OPTIONS /user/calendar/year?year=2016 HTTP/1.1" 204 0 "http://guardioesdasaude.org/health-daily" "Mozilla/5.0 (Linux; Android 5.1; XT1033 Build/LPB23.13-56; wv) AppleWebKit/537.36 (KHTML, like Gecko) Version/4.0 Chrome/49.0.2623.105 Mobile Safari/537.36 [FB_IAB/FB4A;FBAV/71.0.0.17.73;]"
189.71.234.18 - - [11/Apr/2016:08:28:16 -0300] "GET /search/cities?limit=5 HTTP/1.1" 200 163 "http://guardioesdasaude.org/health-daily" "Mozilla/5.0 (Linux; Android 5.1; XT1033 Build/LPB23.13-56; wv) AppleWebKit/537.36 (KHTML, like Gecko) Version/4.0 Chrome/49.0.2623.105 Mobile Safari/537.36 [FB_IAB/FB4A;FBAV/71.0.0.17.73;]"
189.71.234.18 - - [11/Apr/2016:08:28:16 -0300] "OPTIONS /user/calendar/month?month=4&year=2016 HTTP/1.1" 204 0 "http://guardioesdasaude.org/health-daily" "Mozilla/5.0 (Linux; Android 5.1; XT1033 Build/LPB23.13-56; wv) AppleWebKit/537.36 (KHTML, like Gecko) Version/4.0 Chrome/49.0.2623.105 Mobile Safari/537.36 [FB_IAB/FB4A;FBAV/71.0.0.17.73;]"
189.71.234.18 - - [11/Apr/2016:08:28:16 -0300] "GET /search/cities?limit=5 HTTP/1.1" 200 163 "http://guardioesdasaude.org/health-daily" "Mozilla/5.0 (Linux; Android 5.1; XT1033 Build/LPB23.13-56; wv) AppleWebKit/537.36 (KHTML, like Gecko) Version/4.0 Chrome/49.0.2623.105 Mobile Safari/537.36 [FB_IAB/FB4A;FBAV/71.0.0.17.73;]"
189.71.234.18 - - [11/Apr/2016:08:28:17 -0300] "GET /user/survey/summary HTTP/1.1" 200 66 "http://guardioesdasaude.org/health-daily" "Mozilla/5.0 (Linux; Android 5.1; XT1033 Build/LPB23.13-56; wv) AppleWebKit/537.36 (KHTML, like Gecko) Version/4.0 Chrome/49.0.2623.105 Mobile Safari/537.36 [FB_IAB/FB4A;FBAV/71.0.0.17.73;]"
189.71.234.18 - - [11/Apr/2016:08:28:17 -0300] "GET /user/calendar/year?year=2016 HTTP/1.1" 200 58 "http://guardioesdasaude.org/health-daily" "Mozilla/5.0 (Linux; Android 5.1; XT1033 Build/LPB23.13-56; wv) AppleWebKit/537.36 (KHTML, like Gecko) Version/4.0 Chrome/49.0.2623.105 Mobile Safari/537.36 [FB_IAB/FB4A;FBAV/71.0.0.17.73;]"
189.71.234.18 - - [11/Apr/2016:08:28:17 -0300] "GET /user/calendar/month?month=4&year=2016 HTTP/1.1" 200 58 "http://guardioesdasaude.org/health-daily" "Mozilla/5.0 (Linux; Android 5.1; XT1033 Build/LPB23.13-56; wv) AppleWebKit/537.36 (KHTML, like Gecko) Version/4.0 Chrome/49.0.2623.105 Mobile Safari/537.36 [FB_IAB/FB4A;FBAV/71.0.0.17.73;]"
189.71.234.18 - - [11/Apr/2016:08:28:17 -0300] "OPTIONS /user/chart/month?month=4&year=2016 HTTP/1.1" 204 0 "http://guardioesdasaude.org/health-daily" "Mozilla/5.0 (Linux; Android 5.1; XT1033 Build/LPB23.13-56; wv) AppleWebKit/537.36 (KHTML, like Gecko) Version/4.0 Chrome/49.0.2623.105 Mobile Safari/537.36 [FB_IAB/FB4A;FBAV/71.0.0.17.73;]"
189.71.234.18 - - [11/Apr/2016:08:28:17 -0300] "GET /user/calendar/month?month=4&year=2016 HTTP/1.1" 200 58 "http://guardioesdasaude.org/health-daily" "Mozilla/5.0 (Linux; Android 5.1; XT1033 Build/LPB23.13-56; wv) AppleWebKit/537.36 (KHTML, like Gecko) Version/4.0 Chrome/49.0.2623.105 Mobile Safari/537.36 [FB_IAB/FB4A;FBAV/71.0.0.17.73;]"
189.71.234.18 - - [11/Apr/2016:08:28:17 -0300] "GET /user/chart/month?month=4&year=2016 HTTP/1.1" 200 58 "http://guardioesdasaude.org/health-daily" "Mozilla/5.0 (Linux; Android 5.1; XT1033 Build/LPB23.13-56; wv) AppleWebKit/537.36 (KHTML, like Gecko) Version/4.0 Chrome/49.0.2623.105 Mobile Safari/537.36 [FB_IAB/FB4A;FBAV/71.0.0.17.73;]"
189.71.234.18 - - [11/Apr/2016:08:30:37 -0300] "OPTIONS /household/create HTTP/1.1" 204 0 "http://guardioesdasaude.org/survey" "Mozilla/5.0 (Linux; Android 5.1; XT1033 Build/LPB23.13-56; wv) AppleWebKit/537.36 (KHTML, like Gecko) Version/4.0 Chrome/49.0.2623.105 Mobile Safari/537.36 [FB_IAB/FB4A;FBAV/71.0.0.17.73;]"
189.71.234.18 - - [11/Apr/2016:08:30:37 -0300] "POST /household/create HTTP/1.1" 200 402 "http://guardioesdasaude.org/survey" "Mozilla/5.0 (Linux; Android 5.1; XT1033 Build/LPB23.13-56; wv) AppleWebKit/537.36 (KHTML, like Gecko) Version/4.0 Chrome/49.0.2623.105 Mobile Safari/537.36 [FB_IAB/FB4A;FBAV/71.0.0.17.73;]"
189.71.234.18 - - [11/Apr/2016:08:30:37 -0300] "OPTIONS /user/get/570b8629aa0bef232ebe1c21 HTTP/1.1" 204 0 "http://guardioesdasaude.org/survey" "Mozilla/5.0 (Linux; Android 5.1; XT1033 Build/LPB23.13-56; wv) AppleWebKit/537.36 (KHTML, like Gecko) Version/4.0 Chrome/49.0.2623.105 Mobile Safari/537.36 [FB_IAB/FB4A;FBAV/71.0.0.17.73;]"
189.71.234.18 - - [11/Apr/2016:08:30:37 -0300] "GET /user/get/570b8629aa0bef232ebe1c21 HTTP/1.1" 200 887 "http://guardioesdasaude.org/survey" "Mozilla/5.0 (Linux; Android 5.1; XT1033 Build/LPB23.13-56; wv) AppleWebKit/537.36 (KHTML, like Gecko) Version/4.0 Chrome/49.0.2623.105 Mobile Safari/537.36 [FB_IAB/FB4A;FBAV/71.0.0.17.73;]"
189.71.234.18 - - [11/Apr/2016:08:30:59 -0300] "GET /user/survey/summary HTTP/1.1" 200 66 "http://guardioesdasaude.org/health-daily" "Mozilla/5.0 (Linux; Android 5.1; XT1033 Build/LPB23.13-56; wv) AppleWebKit/537.36 (KHTML, like Gecko) Version/4.0 Chrome/49.0.2623.105 Mobile Safari/537.36 [FB_IAB/FB4A;FBAV/71.0.0.17.73;]"
189.71.234.18 - - [11/Apr/2016:08:31:00 -0300] "GET /user/calendar/month?month=4&year=2016 HTTP/1.1" 200 58 "http://guardioesdasaude.org/health-daily" "Mozilla/5.0 (Linux; Android 5.1; XT1033 Build/LPB23.13-56; wv) AppleWebKit/537.36 (KHTML, like Gecko) Version/4.0 Chrome/49.0.2623.105 Mobile Safari/537.36 [FB_IAB/FB4A;FBAV/71.0.0.17.73;]"
189.71.234.18 - - [11/Apr/2016:08:31:00 -0300] "GET /user/calendar/year?year=2016 HTTP/1.1" 200 58 "http://guardioesdasaude.org/health-daily" "Mozilla/5.0 (Linux; Android 5.1; XT1033 Build/LPB23.13-56; wv) AppleWebKit/537.36 (KHTML, like Gecko) Version/4.0 Chrome/49.0.2623.105 Mobile Safari/537.36 [FB_IAB/FB4A;FBAV/71.0.0.17.73;]"
189.71.234.18 - - [11/Apr/2016:08:31:00 -0300] "GET /user/calendar/month?month=4&year=2016 HTTP/1.1" 200 58 "http://guardioesdasaude.org/health-daily" "Mozilla/5.0 (Linux; Android 5.1; XT1033 Build/LPB23.13-56; wv) AppleWebKit/537.36 (KHTML, like Gecko) Version/4.0 Chrome/49.0.2623.105 Mobile Safari/537.36 [FB_IAB/FB4A;FBAV/71.0.0.17.73;]"
189.71.234.18 - - [11/Apr/2016:08:31:00 -0300] "GET /search/cities?limit=5 HTTP/1.1" 200 163 "http://guardioesdasaude.org/health-daily" "Mozilla/5.0 (Linux; Android 5.1; XT1033 Build/LPB23.13-56; wv) AppleWebKit/537.36 (KHTML, like Gecko) Version/4.0 Chrome/49.0.2623.105 Mobile Safari/537.36 [FB_IAB/FB4A;FBAV/71.0.0.17.73;]"
189.71.234.18 - - [11/Apr/2016:08:31:00 -0300] "GET /user/chart/month?month=4&year=2016 HTTP/1.1" 200 58 "http://guardioesdasaude.org/health-daily" "Mozilla/5.0 (Linux; Android 5.1; XT1033 Build/LPB23.13-56; wv) AppleWebKit/537.36 (KHTML, like Gecko) Version/4.0 Chrome/49.0.2623.105 Mobile Safari/537.36 [FB_IAB/FB4A;FBAV/71.0.0.17.73;]"
189.71.234.18 - - [11/Apr/2016:08:31:00 -0300] "GET /user/chart/month?month=4&year=2016 HTTP/1.1" 200 58 "http://guardioesdasaude.org/health-daily" "Mozilla/5.0 (Linux; Android 5.1; XT1033 Build/LPB23.13-56; wv) AppleWebKit/537.36 (KHTML, like Gecko) Version/4.0 Chrome/49.0.2623.105 Mobile Safari/537.36 [FB_IAB/FB4A;FBAV/71.0.0.17.73;]"
191.13.177.226 - - [11/Apr/2016:08:35:57 -0300] "OPTIONS /search/cities?limit=5 HTTP/1.1" 204 0 "http://guardioesdasaude.org/" "Mozilla/5.0 (Linux; Android 5.0; SM-N9005 Build/LRX21V) AppleWebKit/537.36 (KHTML, like Gecko) Chrome/49.0.2623.105 Mobile Safari/537.36"
191.13.177.226 - - [11/Apr/2016:08:35:57 -0300] "GET /search/cities?limit=5 HTTP/1.1" 200 163 "http://guardioesdasaude.org/" "Mozilla/5.0 (Linux; Android 5.0; SM-N9005 Build/LRX21V) AppleWebKit/537.36 (KHTML, like Gecko) Chrome/49.0.2623.105 Mobile Safari/537.36"
177.79.1.67 - - [11/Apr/2016:08:36:06 -0300] "OPTIONS /search/cities?limit=5 HTTP/1.1" 204 0 "http://guardioesdasaude.org/" "Mozilla/5.0 (Linux; Android 4.4.2; LG-D410 Build/KOT49I.A1411711736) AppleWebKit/537.36 (KHTML, like Gecko) Version/4.0 Chrome/30.0.0.0 Mobile Safari/537.36 [FB_IAB/FB4A;FBAV/71.0.0.17.73;]"
177.79.1.67 - - [11/Apr/2016:08:36:06 -0300] "GET /search/cities?limit=5 HTTP/1.1" 200 163 "http://guardioesdasaude.org/" "Mozilla/5.0 (Linux; Android 4.4.2; LG-D410 Build/KOT49I.A1411711736) AppleWebKit/537.36 (KHTML, like Gecko) Version/4.0 Chrome/30.0.0.0 Mobile Safari/537.36 [FB_IAB/FB4A;FBAV/71.0.0.17.73;]"
189.71.234.18 - - [11/Apr/2016:08:36:40 -0300] "OPTIONS /search/cities?limit=5 HTTP/1.1" 204 0 "http://guardioesdasaude.org/" "Mozilla/5.0 (Linux; Android 5.1; XT1033 Build/LPB23.13-56; wv) AppleWebKit/537.36 (KHTML, like Gecko) Version/4.0 Chrome/49.0.2623.105 Mobile Safari/537.36 [FB_IAB/FB4A;FBAV/71.0.0.17.73;]"
189.71.234.18 - - [11/Apr/2016:08:36:40 -0300] "OPTIONS /search/cities?limit=5 HTTP/1.1" 204 0 "http://guardioesdasaude.org/" "Mozilla/5.0 (Linux; Android 5.1; XT1033 Build/LPB23.13-56; wv) AppleWebKit/537.36 (KHTML, like Gecko) Version/4.0 Chrome/49.0.2623.105 Mobile Safari/537.36 [FB_IAB/FB4A;FBAV/71.0.0.17.73;]"
189.71.234.18 - - [11/Apr/2016:08:36:40 -0300] "OPTIONS /search/cities?limit=5 HTTP/1.1" 204 0 "http://guardioesdasaude.org/" "Mozilla/5.0 (Linux; Android 5.1; XT1033 Build/LPB23.13-56; wv) AppleWebKit/537.36 (KHTML, like Gecko) Version/4.0 Chrome/49.0.2623.105 Mobile Safari/537.36 [FB_IAB/FB4A;FBAV/71.0.0.17.73;]"
189.71.234.18 - - [11/Apr/2016:08:36:40 -0300] "GET /search/cities?limit=5 HTTP/1.1" 200 163 "http://guardioesdasaude.org/" "Mozilla/5.0 (Linux; Android 5.1; XT1033 Build/LPB23.13-56; wv) AppleWebKit/537.36 (KHTML, like Gecko) Version/4.0 Chrome/49.0.2623.105 Mobile Safari/537.36 [FB_IAB/FB4A;FBAV/71.0.0.17.73;]"
189.71.234.18 - - [11/Apr/2016:08:36:40 -0300] "GET /search/cities?limit=5 HTTP/1.1" 200 163 "http://guardioesdasaude.org/" "Mozilla/5.0 (Linux; Android 5.1; XT1033 Build/LPB23.13-56; wv) AppleWebKit/537.36 (KHTML, like Gecko) Version/4.0 Chrome/49.0.2623.105 Mobile Safari/537.36 [FB_IAB/FB4A;FBAV/71.0.0.17.73;]"
189.71.234.18 - - [11/Apr/2016:08:36:41 -0300] "GET /search/cities?limit=5 HTTP/1.1" 200 163 "http://guardioesdasaude.org/" "Mozilla/5.0 (Linux; Android 5.1; XT1033 Build/LPB23.13-56; wv) AppleWebKit/537.36 (KHTML, like Gecko) Version/4.0 Chrome/49.0.2623.105 Mobile Safari/537.36 [FB_IAB/FB4A;FBAV/71.0.0.17.73;]"
189.71.234.18 - - [11/Apr/2016:08:37:15 -0300] "GET /search/cities?limit=5 HTTP/1.1" 200 163 "http://guardioesdasaude.org/" "Mozilla/5.0 (Linux; Android 5.1; XT1033 Build/LPB23.13-56; wv) AppleWebKit/537.36 (KHTML, like Gecko) Version/4.0 Chrome/49.0.2623.105 Mobile Safari/537.36 [FB_IAB/FB4A;FBAV/71.0.0.17.73;]"
191.13.177.226 - - [11/Apr/2016:08:37:46 -0300] "OPTIONS /search/cities?limit=5 HTTP/1.1" 204 0 "http://guardioesdasaude.org/" "Mozilla/5.0 (Linux; Android 5.0; SM-N9005 Build/LRX21V) AppleWebKit/537.36 (KHTML, like Gecko) Chrome/49.0.2623.105 Mobile Safari/537.36"
191.13.177.226 - - [11/Apr/2016:08:38:21 -0300] "GET /search/cities?limit=5 HTTP/1.1" 200 163 "http://guardioesdasaude.org/" "Mozilla/5.0 (Linux; Android 5.0; SM-N9005 Build/LRX21V) AppleWebKit/537.36 (KHTML, like Gecko) Chrome/49.0.2623.105 Mobile Safari/537.36"
179.155.191.247 - - [11/Apr/2016:08:56:48 -0300] "OPTIONS /search/cities?limit=5 HTTP/1.1" 204 0 "http://guardioesdasaude.org/" "Mozilla/5.0 (Linux; Android 4.4.2; XT918 Build/3_19A_2009) AppleWebKit/537.36 (KHTML, like Gecko) Chrome/49.0.2623.105 Mobile Safari/537.36"
179.108.220.63 - - [11/Apr/2016:08:59:35 -0300] "OPTIONS /search/cities?limit=5 HTTP/1.1" 204 0 "http://guardioesdasaude.org/" "Mozilla/5.0 (Windows NT 10.0; WOW64) AppleWebKit/537.36 (KHTML, like Gecko) Chrome/49.0.2623.110 Safari/537.36"
179.108.220.63 - - [11/Apr/2016:08:59:35 -0300] "GET /search/cities?limit=5 HTTP/1.1" 200 163 "http://guardioesdasaude.org/" "Mozilla/5.0 (Windows NT 10.0; WOW64) AppleWebKit/537.36 (KHTML, like Gecko) Chrome/49.0.2623.110 Safari/537.36"
179.108.220.63 - - [11/Apr/2016:09:00:00 -0300] "OPTIONS /surveys/l?q=Paracatu,%20Paracatu%20-%20MG,%20Brasil HTTP/1.1" 204 0 "http://guardioesdasaude.org/health-map" "Mozilla/5.0 (Windows NT 10.0; WOW64) AppleWebKit/537.36 (KHTML, like Gecko) Chrome/49.0.2623.110 Safari/537.36"
179.108.220.63 - - [11/Apr/2016:09:00:02 -0300] "GET /surveys/l?q=Paracatu,%20Paracatu%20-%20MG,%20Brasil HTTP/1.1" 200 87 "http://guardioesdasaude.org/health-map" "Mozilla/5.0 (Windows NT 10.0; WOW64) AppleWebKit/537.36 (KHTML, like Gecko) Chrome/49.0.2623.110 Safari/537.36"
179.108.220.63 - - [11/Apr/2016:09:00:03 -0300] "OPTIONS /surveys/summary?lat=-17.21743002577369&lon=-46.872306400000014 HTTP/1.1" 204 0 "http://guardioesdasaude.org/health-map" "Mozilla/5.0 (Windows NT 10.0; WOW64) AppleWebKit/537.36 (KHTML, like Gecko) Chrome/49.0.2623.110 Safari/537.36"
179.108.220.63 - - [11/Apr/2016:09:00:03 -0300] "OPTIONS /surveys/l?lat=-17.21743002577369&lon=-46.872306400000014 HTTP/1.1" 204 0 "http://guardioesdasaude.org/health-map" "Mozilla/5.0 (Windows NT 10.0; WOW64) AppleWebKit/537.36 (KHTML, like Gecko) Chrome/49.0.2623.110 Safari/537.36"
179.108.220.63 - - [11/Apr/2016:09:00:03 -0300] "GET /surveys/l?q=Paracatu,%20Paracatu%20-%20MG,%20Brasil HTTP/1.1" 200 87 "http://guardioesdasaude.org/health-map" "Mozilla/5.0 (Windows NT 10.0; WOW64) AppleWebKit/537.36 (KHTML, like Gecko) Chrome/49.0.2623.110 Safari/537.36"
179.108.220.63 - - [11/Apr/2016:09:00:03 -0300] "GET /surveys/summary?lat=-17.21743002577369&lon=-46.872306400000014 HTTP/1.1" 200 221 "http://guardioesdasaude.org/health-map" "Mozilla/5.0 (Windows NT 10.0; WOW64) AppleWebKit/537.36 (KHTML, like Gecko) Chrome/49.0.2623.110 Safari/537.36"
179.108.220.63 - - [11/Apr/2016:09:00:03 -0300] "GET /surveys/l?lat=-17.21743002577369&lon=-46.872306400000014 HTTP/1.1" 200 56 "http://guardioesdasaude.org/health-map" "Mozilla/5.0 (Windows NT 10.0; WOW64) AppleWebKit/537.36 (KHTML, like Gecko) Chrome/49.0.2623.110 Safari/537.36"
179.108.220.63 - - [11/Apr/2016:09:00:18 -0300] "OPTIONS /surveys/l?q=S%C3%A3o%20Jo%C3%A3o%20Del%20Rei,%20S%C3%A3o%20Jo%C3%A3o%20Del%20Rei%20-%20MG,%20Brasil HTTP/1.1" 204 0 "http://guardioesdasaude.org/health-map" "Mozilla/5.0 (Windows NT 10.0; WOW64) AppleWebKit/537.36 (KHTML, like Gecko) Chrome/49.0.2623.110 Safari/537.36"
179.108.220.63 - - [11/Apr/2016:09:00:18 -0300] "OPTIONS /surveys/summary?lat=-17.2174562&lon=-46.872306400000014 HTTP/1.1" 204 0 "http://guardioesdasaude.org/health-map" "Mozilla/5.0 (Windows NT 10.0; WOW64) AppleWebKit/537.36 (KHTML, like Gecko) Chrome/49.0.2623.110 Safari/537.36"
179.108.220.63 - - [11/Apr/2016:09:00:18 -0300] "GET /surveys/summary?lat=-17.2174562&lon=-46.872306400000014 HTTP/1.1" 200 227 "http://guardioesdasaude.org/health-map" "Mozilla/5.0 (Windows NT 10.0; WOW64) AppleWebKit/537.36 (KHTML, like Gecko) Chrome/49.0.2623.110 Safari/537.36"
179.108.220.63 - - [11/Apr/2016:09:00:18 -0300] "GET /surveys/l?q=S%C3%A3o%20Jo%C3%A3o%20Del%20Rei,%20S%C3%A3o%20Jo%C3%A3o%20Del%20Rei%20-%20MG,%20Brasil HTTP/1.1" 200 96 "http://guardioesdasaude.org/health-map" "Mozilla/5.0 (Windows NT 10.0; WOW64) AppleWebKit/537.36 (KHTML, like Gecko) Chrome/49.0.2623.110 Safari/537.36"
179.108.220.63 - - [11/Apr/2016:09:00:19 -0300] "OPTIONS /surveys/summary?lat=-21.131509569939173&lon=-44.25306499999999 HTTP/1.1" 204 0 "http://guardioesdasaude.org/health-map" "Mozilla/5.0 (Windows NT 10.0; WOW64) AppleWebKit/537.36 (KHTML, like Gecko) Chrome/49.0.2623.110 Safari/537.36"
179.108.220.63 - - [11/Apr/2016:09:00:19 -0300] "OPTIONS /surveys/l?lat=-21.131509569939173&lon=-44.25306499999999 HTTP/1.1" 204 0 "http://guardioesdasaude.org/health-map" "Mozilla/5.0 (Windows NT 10.0; WOW64) AppleWebKit/537.36 (KHTML, like Gecko) Chrome/49.0.2623.110 Safari/537.36"
179.108.220.63 - - [11/Apr/2016:09:00:19 -0300] "GET /surveys/l?lat=-21.131509569939173&lon=-44.25306499999999 HTTP/1.1" 200 56 "http://guardioesdasaude.org/health-map" "Mozilla/5.0 (Windows NT 10.0; WOW64) AppleWebKit/537.36 (KHTML, like Gecko) Chrome/49.0.2623.110 Safari/537.36"
179.108.220.63 - - [11/Apr/2016:09:00:19 -0300] "OPTIONS /surveys/l?q=Centro,%20S%C3%A3o%20Jo%C3%A3o%20Del%20Rei%20-%20MG,%20Brasil HTTP/1.1" 204 0 "http://guardioesdasaude.org/health-map" "Mozilla/5.0 (Windows NT 10.0; WOW64) AppleWebKit/537.36 (KHTML, like Gecko) Chrome/49.0.2623.110 Safari/537.36"
179.108.220.63 - - [11/Apr/2016:09:00:19 -0300] "GET /surveys/summary?lat=-21.131509569939173&lon=-44.25306499999999 HTTP/1.1" 200 223 "http://guardioesdasaude.org/health-map" "Mozilla/5.0 (Windows NT 10.0; WOW64) AppleWebKit/537.36 (KHTML, like Gecko) Chrome/49.0.2623.110 Safari/537.36"
179.108.220.63 - - [11/Apr/2016:09:00:19 -0300] "GET /surveys/l?q=Centro,%20S%C3%A3o%20Jo%C3%A3o%20Del%20Rei%20-%20MG,%20Brasil HTTP/1.1" 200 100 "http://guardioesdasaude.org/health-map" "Mozilla/5.0 (Windows NT 10.0; WOW64) AppleWebKit/537.36 (KHTML, like Gecko) Chrome/49.0.2623.110 Safari/537.36"
179.108.220.63 - - [11/Apr/2016:09:00:31 -0300] "OPTIONS /surveys/summary?lat=-21.131509569939173&lon=-44.27417934936523 HTTP/1.1" 204 0 "http://guardioesdasaude.org/health-map" "Mozilla/5.0 (Windows NT 10.0; WOW64) AppleWebKit/537.36 (KHTML, like Gecko) Chrome/49.0.2623.110 Safari/537.36"
179.108.220.63 - - [11/Apr/2016:09:00:31 -0300] "OPTIONS /surveys/l?lat=-21.131509569939173&lon=-44.27417934936523 HTTP/1.1" 204 0 "http://guardioesdasaude.org/health-map" "Mozilla/5.0 (Windows NT 10.0; WOW64) AppleWebKit/537.36 (KHTML, like Gecko) Chrome/49.0.2623.110 Safari/537.36"
179.108.220.63 - - [11/Apr/2016:09:00:32 -0300] "GET /surveys/l?lat=-21.131509569939173&lon=-44.27417934936523 HTTP/1.1" 200 56 "http://guardioesdasaude.org/health-map" "Mozilla/5.0 (Windows NT 10.0; WOW64) AppleWebKit/537.36 (KHTML, like Gecko) Chrome/49.0.2623.110 Safari/537.36"
179.108.220.63 - - [11/Apr/2016:09:00:32 -0300] "OPTIONS /surveys/l?q=Tejuco,%20S%C3%A3o%20Jo%C3%A3o%20Del%20Rei%20-%20MG,%20Brasil HTTP/1.1" 204 0 "http://guardioesdasaude.org/health-map" "Mozilla/5.0 (Windows NT 10.0; WOW64) AppleWebKit/537.36 (KHTML, like Gecko) Chrome/49.0.2623.110 Safari/537.36"
179.108.220.63 - - [11/Apr/2016:09:00:32 -0300] "GET /surveys/summary?lat=-21.131509569939173&lon=-44.27417934936523 HTTP/1.1" 200 246 "http://guardioesdasaude.org/health-map" "Mozilla/5.0 (Windows NT 10.0; WOW64) AppleWebKit/537.36 (KHTML, like Gecko) Chrome/49.0.2623.110 Safari/537.36"
179.108.220.63 - - [11/Apr/2016:09:00:32 -0300] "GET /surveys/l?q=Tejuco,%20S%C3%A3o%20Jo%C3%A3o%20Del%20Rei%20-%20MG,%20Brasil HTTP/1.1" 200 100 "http://guardioesdasaude.org/health-map" "Mozilla/5.0 (Windows NT 10.0; WOW64) AppleWebKit/537.36 (KHTML, like Gecko) Chrome/49.0.2623.110 Safari/537.36"
201.9.6.227 - - [11/Apr/2016:09:15:52 -0300] "OPTIONS /search/cities?limit=5 HTTP/1.1" 204 0 "http://guardioesdasaude.org/" "Mozilla/5.0 (Windows NT 6.3; WOW64) AppleWebKit/537.36 (KHTML, like Gecko) Chrome/49.0.2623.110 Safari/537.36"
201.9.6.227 - - [11/Apr/2016:09:15:52 -0300] "GET /search/cities?limit=5 HTTP/1.1" 200 163 "http://guardioesdasaude.org/" "Mozilla/5.0 (Windows NT 6.3; WOW64) AppleWebKit/537.36 (KHTML, like Gecko) Chrome/49.0.2623.110 Safari/537.36"
201.9.6.227 - - [11/Apr/2016:09:19:11 -0300] "OPTIONS /user/get?gl=109476705396790997209 HTTP/1.1" 204 0 "http://guardioesdasaude.org/cadastro" "Mozilla/5.0 (Windows NT 6.3; WOW64) AppleWebKit/537.36 (KHTML, like Gecko) Chrome/49.0.2623.110 Safari/537.36"
201.9.6.227 - - [11/Apr/2016:09:19:12 -0300] "GET /user/get?gl=109476705396790997209 HTTP/1.1" 200 56 "http://guardioesdasaude.org/cadastro" "Mozilla/5.0 (Windows NT 6.3; WOW64) AppleWebKit/537.36 (KHTML, like Gecko) Chrome/49.0.2623.110 Safari/537.36"
189.72.238.26 - - [11/Apr/2016:09:20:07 -0300] "OPTIONS /search/cities?limit=5 HTTP/1.1" 204 0 "http://guardioesdasaude.org/" "Mozilla/5.0 (Linux; Android 4.4.2; LG-E977 Build/KOT49I) AppleWebKit/537.36 (KHTML, like Gecko) Version/4.0 Chrome/30.0.0.0 Mobile Safari/537.36 [FB_IAB/FB4A;FBAV/70.0.0.22.83;]"
201.9.6.227 - - [11/Apr/2016:09:20:07 -0300] "OPTIONS /user/create HTTP/1.1" 204 0 "http://guardioesdasaude.org/cadastro" "Mozilla/5.0 (Windows NT 6.3; WOW64) AppleWebKit/537.36 (KHTML, like Gecko) Chrome/49.0.2623.110 Safari/537.36"
189.72.238.26 - - [11/Apr/2016:09:20:07 -0300] "GET /search/cities?limit=5 HTTP/1.1" 200 163 "http://guardioesdasaude.org/" "Mozilla/5.0 (Linux; Android 4.4.2; LG-E977 Build/KOT49I) AppleWebKit/537.36 (KHTML, like Gecko) Version/4.0 Chrome/30.0.0.0 Mobile Safari/537.36 [FB_IAB/FB4A;FBAV/70.0.0.22.83;]"
201.9.6.227 - - [11/Apr/2016:09:20:07 -0300] "POST /user/create HTTP/1.1" 200 518 "http://guardioesdasaude.org/cadastro" "Mozilla/5.0 (Windows NT 6.3; WOW64) AppleWebKit/537.36 (KHTML, like Gecko) Chrome/49.0.2623.110 Safari/537.36"
201.9.6.227 - - [11/Apr/2016:09:20:08 -0300] "GET /search/cities?limit=5 HTTP/1.1" 200 163 "http://guardioesdasaude.org/health-daily" "Mozilla/5.0 (Windows NT 6.3; WOW64) AppleWebKit/537.36 (KHTML, like Gecko) Chrome/49.0.2623.110 Safari/537.36"
201.9.6.227 - - [11/Apr/2016:09:20:08 -0300] "OPTIONS /user/survey/summary HTTP/1.1" 204 0 "http://guardioesdasaude.org/health-daily" "Mozilla/5.0 (Windows NT 6.3; WOW64) AppleWebKit/537.36 (KHTML, like Gecko) Chrome/49.0.2623.110 Safari/537.36"
201.9.6.227 - - [11/Apr/2016:09:20:08 -0300] "OPTIONS /user/calendar/month?month=4&year=2016 HTTP/1.1" 204 0 "http://guardioesdasaude.org/health-daily" "Mozilla/5.0 (Windows NT 6.3; WOW64) AppleWebKit/537.36 (KHTML, like Gecko) Chrome/49.0.2623.110 Safari/537.36"
201.9.6.227 - - [11/Apr/2016:09:20:08 -0300] "OPTIONS /user/calendar/year?year=2016 HTTP/1.1" 204 0 "http://guardioesdasaude.org/health-daily" "Mozilla/5.0 (Windows NT 6.3; WOW64) AppleWebKit/537.36 (KHTML, like Gecko) Chrome/49.0.2623.110 Safari/537.36"
201.9.6.227 - - [11/Apr/2016:09:20:08 -0300] "OPTIONS /user/calendar/month?month=4&year=2016 HTTP/1.1" 204 0 "http://guardioesdasaude.org/health-daily" "Mozilla/5.0 (Windows NT 6.3; WOW64) AppleWebKit/537.36 (KHTML, like Gecko) Chrome/49.0.2623.110 Safari/537.36"
201.9.6.227 - - [11/Apr/2016:09:20:08 -0300] "GET /search/cities?limit=5 HTTP/1.1" 200 163 "http://guardioesdasaude.org/health-daily" "Mozilla/5.0 (Windows NT 6.3; WOW64) AppleWebKit/537.36 (KHTML, like Gecko) Chrome/49.0.2623.110 Safari/537.36"
201.9.6.227 - - [11/Apr/2016:09:20:08 -0300] "GET /user/survey/summary HTTP/1.1" 200 66 "http://guardioesdasaude.org/health-daily" "Mozilla/5.0 (Windows NT 6.3; WOW64) AppleWebKit/537.36 (KHTML, like Gecko) Chrome/49.0.2623.110 Safari/537.36"
201.9.6.227 - - [11/Apr/2016:09:20:08 -0300] "GET /user/calendar/month?month=4&year=2016 HTTP/1.1" 200 58 "http://guardioesdasaude.org/health-daily" "Mozilla/5.0 (Windows NT 6.3; WOW64) AppleWebKit/537.36 (KHTML, like Gecko) Chrome/49.0.2623.110 Safari/537.36"
201.9.6.227 - - [11/Apr/2016:09:20:08 -0300] "GET /user/calendar/year?year=2016 HTTP/1.1" 200 58 "http://guardioesdasaude.org/health-daily" "Mozilla/5.0 (Windows NT 6.3; WOW64) AppleWebKit/537.36 (KHTML, like Gecko) Chrome/49.0.2623.110 Safari/537.36"
201.9.6.227 - - [11/Apr/2016:09:20:08 -0300] "GET /search/cities?limit=5 HTTP/1.1" 200 163 "http://guardioesdasaude.org/health-daily" "Mozilla/5.0 (Windows NT 6.3; WOW64) AppleWebKit/537.36 (KHTML, like Gecko) Chrome/49.0.2623.110 Safari/537.36"
201.9.6.227 - - [11/Apr/2016:09:20:08 -0300] "OPTIONS /user/chart/month?month=4&year=2016 HTTP/1.1" 204 0 "http://guardioesdasaude.org/health-daily" "Mozilla/5.0 (Windows NT 6.3; WOW64) AppleWebKit/537.36 (KHTML, like Gecko) Chrome/49.0.2623.110 Safari/537.36"
201.9.6.227 - - [11/Apr/2016:09:20:08 -0300] "GET /user/calendar/month?month=4&year=2016 HTTP/1.1" 200 58 "http://guardioesdasaude.org/health-daily" "Mozilla/5.0 (Windows NT 6.3; WOW64) AppleWebKit/537.36 (KHTML, like Gecko) Chrome/49.0.2623.110 Safari/537.36"
201.9.6.227 - - [11/Apr/2016:09:20:08 -0300] "GET /user/chart/month?month=4&year=2016 HTTP/1.1" 200 58 "http://guardioesdasaude.org/health-daily" "Mozilla/5.0 (Windows NT 6.3; WOW64) AppleWebKit/537.36 (KHTML, like Gecko) Chrome/49.0.2623.110 Safari/537.36"
189.72.238.26 - - [11/Apr/2016:09:21:23 -0300] "OPTIONS /search/cities?limit=5 HTTP/1.1" 204 0 "http://guardioesdasaude.org/" "Mozilla/5.0 (Linux; Android 4.4.2; LG-E977 Build/KOT49I) AppleWebKit/537.36 (KHTML, like Gecko) Version/4.0 Chrome/30.0.0.0 Mobile Safari/537.36 [FB_IAB/FB4A;FBAV/70.0.0.22.83;]"
189.72.238.26 - - [11/Apr/2016:09:21:25 -0300] "GET /search/cities?limit=5 HTTP/1.1" 200 163 "http://guardioesdasaude.org/" "Mozilla/5.0 (Linux; Android 4.4.2; LG-E977 Build/KOT49I) AppleWebKit/537.36 (KHTML, like Gecko) Version/4.0 Chrome/30.0.0.0 Mobile Safari/537.36 [FB_IAB/FB4A;FBAV/70.0.0.22.83;]"
189.60.7.145 - - [11/Apr/2016:09:21:37 -0300] "OPTIONS /search/cities?limit=5 HTTP/1.1" 204 0 "http://guardioesdasaude.org/" "Mozilla/5.0 (iPhone; CPU iPhone OS 9_3_1 like Mac OS X) AppleWebKit/601.1.46 (KHTML, like Gecko) Mobile/13E238 [FBAN/FBIOS;FBAV/52.0.0.46.157;FBBV/26424168;FBDV/iPhone6,1;FBMD/iPhone;FBSN/iPhone OS;FBSV/9.3.1;FBSS/2; FBCR/VIVO;FBID/phone;FBLC/pt_BR;FBOP/5]"
189.60.7.145 - - [11/Apr/2016:09:21:37 -0300] "GET /search/cities?limit=5 HTTP/1.1" 200 163 "http://guardioesdasaude.org/" "Mozilla/5.0 (iPhone; CPU iPhone OS 9_3_1 like Mac OS X) AppleWebKit/601.1.46 (KHTML, like Gecko) Mobile/13E238 [FBAN/FBIOS;FBAV/52.0.0.46.157;FBBV/26424168;FBDV/iPhone6,1;FBMD/iPhone;FBSN/iPhone OS;FBSV/9.3.1;FBSS/2; FBCR/VIVO;FBID/phone;FBLC/pt_BR;FBOP/5]"
168.181.42.110 - - [11/Apr/2016:09:21:44 -0300] "GET /user/lookup/ HTTP/1.1" 200 1105 "-" "Guardioes da Saude/1.1.4 (iPhone; iOS 9.3.1; Scale/2.00)"
189.72.238.26 - - [11/Apr/2016:09:21:47 -0300] "GET /search/cities?limit=5 HTTP/1.1" 200 163 "http://guardioesdasaude.org/" "Mozilla/5.0 (Linux; Android 4.4.2; LG-E977 Build/KOT49I) AppleWebKit/537.36 (KHTML, like Gecko) Version/4.0 Chrome/30.0.0.0 Mobile Safari/537.36 [FB_IAB/FB4A;FBAV/70.0.0.22.83;]"
168.181.42.110 - - [11/Apr/2016:09:21:50 -0300] "GET /user/household/5702e0ebaa0bef232ebe1aec HTTP/1.1" 200 56 "-" "Guardioes da Saude/1.1.4 (iPhone; iOS 9.3.1; Scale/2.00)"
168.181.42.110 - - [11/Apr/2016:09:21:54 -0300] "GET /symptoms HTTP/1.1" 304 0 "-" "Guardioes da Saude/1.1.4 (iPhone; iOS 9.3.1; Scale/2.00)"
177.124.4.2 - - [11/Apr/2016:09:22:11 -0300] "OPTIONS /search/cities?limit=5 HTTP/1.1" 204 0 "http://guardioesdasaude.org/" "Mozilla/5.0 (Linux; Android 5.0.1; LG-H342 Build/LRX21Y; wv) AppleWebKit/537.36 (KHTML, like Gecko) Version/4.0 Chrome/46.0.2490.76 Mobile Safari/537.36 [FB_IAB/FB4A;FBAV/67.0.0.21.154;]"
168.181.42.110 - - [11/Apr/2016:09:22:12 -0300] "POST /survey/create HTTP/1.1" 200 554 "-" "Guardioes da Saude/1.1.4 (iPhone; iOS 9.3.1; Scale/2.00)"
177.124.4.2 - - [11/Apr/2016:09:22:12 -0300] "GET /search/cities?limit=5 HTTP/1.1" 200 163 "http://guardioesdasaude.org/" "Mozilla/5.0 (Linux; Android 5.0.1; LG-H342 Build/LRX21Y; wv) AppleWebKit/537.36 (KHTML, like Gecko) Version/4.0 Chrome/46.0.2490.76 Mobile Safari/537.36 [FB_IAB/FB4A;FBAV/67.0.0.21.154;]"
201.9.6.227 - - [11/Apr/2016:09:22:13 -0300] "OPTIONS /household/create HTTP/1.1" 204 0 "http://guardioesdasaude.org/survey" "Mozilla/5.0 (Windows NT 6.3; WOW64) AppleWebKit/537.36 (KHTML, like Gecko) Chrome/49.0.2623.110 Safari/537.36"
201.9.6.227 - - [11/Apr/2016:09:22:14 -0300] "POST /household/create HTTP/1.1" 200 371 "http://guardioesdasaude.org/survey" "Mozilla/5.0 (Windows NT 6.3; WOW64) AppleWebKit/537.36 (KHTML, like Gecko) Chrome/49.0.2623.110 Safari/537.36"
201.9.6.227 - - [11/Apr/2016:09:22:14 -0300] "OPTIONS /user/get/570b9677aa0bef232ebe1c24 HTTP/1.1" 204 0 "http://guardioesdasaude.org/survey" "Mozilla/5.0 (Windows NT 6.3; WOW64) AppleWebKit/537.36 (KHTML, like Gecko) Chrome/49.0.2623.110 Safari/537.36"
201.9.6.227 - - [11/Apr/2016:09:22:14 -0300] "GET /user/get/570b9677aa0bef232ebe1c24 HTTP/1.1" 200 736 "http://guardioesdasaude.org/survey" "Mozilla/5.0 (Windows NT 6.3; WOW64) AppleWebKit/537.36 (KHTML, like Gecko) Chrome/49.0.2623.110 Safari/537.36"
201.9.6.227 - - [11/Apr/2016:09:22:42 -0300] "POST /household/create HTTP/1.1" 200 372 "http://guardioesdasaude.org/survey" "Mozilla/5.0 (Windows NT 6.3; WOW64) AppleWebKit/537.36 (KHTML, like Gecko) Chrome/49.0.2623.110 Safari/537.36"
201.9.6.227 - - [11/Apr/2016:09:22:42 -0300] "GET /user/get/570b9677aa0bef232ebe1c24 HTTP/1.1" 200 775 "http://guardioesdasaude.org/survey" "Mozilla/5.0 (Windows NT 6.3; WOW64) AppleWebKit/537.36 (KHTML, like Gecko) Chrome/49.0.2623.110 Safari/537.36"
201.9.6.227 - - [11/Apr/2016:09:23:41 -0300] "OPTIONS /symptoms HTTP/1.1" 204 0 "http://guardioesdasaude.org/survey/household/570b96f61a19da082e9d9532/step-2" "Mozilla/5.0 (Windows NT 6.3; WOW64) AppleWebKit/537.36 (KHTML, like Gecko) Chrome/49.0.2623.110 Safari/537.36"
201.9.6.227 - - [11/Apr/2016:09:23:41 -0300] "GET /symptoms HTTP/1.1" 200 706 "http://guardioesdasaude.org/survey/household/570b96f61a19da082e9d9532/step-2" "Mozilla/5.0 (Windows NT 6.3; WOW64) AppleWebKit/537.36 (KHTML, like Gecko) Chrome/49.0.2623.110 Safari/537.36"
201.9.6.227 - - [11/Apr/2016:09:24:11 -0300] "GET /search/cities?limit=5 HTTP/1.1" 200 163 "http://guardioesdasaude.org/" "Mozilla/5.0 (Windows NT 6.3; WOW64) AppleWebKit/537.36 (KHTML, like Gecko) Chrome/49.0.2623.110 Safari/537.36"
201.9.6.227 - - [11/Apr/2016:09:25:03 -0300] "OPTIONS /surveys/l?q=Fortaleza,%20Fortaleza%20-%20CE,%20Brasil HTTP/1.1" 204 0 "http://guardioesdasaude.org/health-map" "Mozilla/5.0 (Windows NT 6.3; WOW64) AppleWebKit/537.36 (KHTML, like Gecko) Chrome/49.0.2623.110 Safari/537.36"
201.9.6.227 - - [11/Apr/2016:09:25:03 -0300] "GET /surveys/l?q=Fortaleza,%20Fortaleza%20-%20CE,%20Brasil HTTP/1.1" 200 1086 "http://guardioesdasaude.org/health-map" "Mozilla/5.0 (Windows NT 6.3; WOW64) AppleWebKit/537.36 (KHTML, like Gecko) Chrome/49.0.2623.110 Safari/537.36"
201.9.6.227 - - [11/Apr/2016:09:25:03 -0300] "OPTIONS /surveys/summary?lat=-3.731855587315837&lon=-38.5266704 HTTP/1.1" 204 0 "http://guardioesdasaude.org/health-map" "Mozilla/5.0 (Windows NT 6.3; WOW64) AppleWebKit/537.36 (KHTML, like Gecko) Chrome/49.0.2623.110 Safari/537.36"
201.9.6.227 - - [11/Apr/2016:09:25:03 -0300] "OPTIONS /surveys/l?lat=-3.731855587315837&lon=-38.5266704 HTTP/1.1" 204 0 "http://guardioesdasaude.org/health-map" "Mozilla/5.0 (Windows NT 6.3; WOW64) AppleWebKit/537.36 (KHTML, like Gecko) Chrome/49.0.2623.110 Safari/537.36"
201.9.6.227 - - [11/Apr/2016:09:25:04 -0300] "GET /surveys/l?lat=-3.731855587315837&lon=-38.5266704 HTTP/1.1" 200 1075 "http://guardioesdasaude.org/health-map" "Mozilla/5.0 (Windows NT 6.3; WOW64) AppleWebKit/537.36 (KHTML, like Gecko) Chrome/49.0.2623.110 Safari/537.36"
201.9.6.227 - - [11/Apr/2016:09:25:04 -0300] "GET /surveys/summary?lat=-3.731855587315837&lon=-38.5266704 HTTP/1.1" 200 204 "http://guardioesdasaude.org/health-map" "Mozilla/5.0 (Windows NT 6.3; WOW64) AppleWebKit/537.36 (KHTML, like Gecko) Chrome/49.0.2623.110 Safari/537.36"
201.9.6.227 - - [11/Apr/2016:09:25:04 -0300] "OPTIONS /surveys/l?q=Rua%20Pedro%20Primeiro,%20sn%20-%20Centro,%20Fortaleza%20-%20CE,%20Brasil HTTP/1.1" 204 0 "http://guardioesdasaude.org/health-map" "Mozilla/5.0 (Windows NT 6.3; WOW64) AppleWebKit/537.36 (KHTML, like Gecko) Chrome/49.0.2623.110 Safari/537.36"
201.9.6.227 - - [11/Apr/2016:09:25:04 -0300] "GET /surveys/l?q=Rua%20Pedro%20Primeiro,%20sn%20-%20Centro,%20Fortaleza%20-%20CE,%20Brasil HTTP/1.1" 200 1106 "http://guardioesdasaude.org/health-map" "Mozilla/5.0 (Windows NT 6.3; WOW64) AppleWebKit/537.36 (KHTML, like Gecko) Chrome/49.0.2623.110 Safari/537.36"
177.124.4.2 - - [11/Apr/2016:09:25:07 -0300] "OPTIONS /user/get?fb=665141113624128 HTTP/1.1" 204 0 "http://guardioesdasaude.org/cadastro" "Mozilla/5.0 (Linux; Android 5.0.1; LG-H342 Build/LRX21Y; wv) AppleWebKit/537.36 (KHTML, like Gecko) Version/4.0 Chrome/46.0.2490.76 Mobile Safari/537.36 [FB_IAB/FB4A;FBAV/67.0.0.21.154;]"
177.124.4.2 - - [11/Apr/2016:09:25:07 -0300] "GET /user/get?fb=665141113624128 HTTP/1.1" 200 56 "http://guardioesdasaude.org/cadastro" "Mozilla/5.0 (Linux; Android 5.0.1; LG-H342 Build/LRX21Y; wv) AppleWebKit/537.36 (KHTML, like Gecko) Version/4.0 Chrome/46.0.2490.76 Mobile Safari/537.36 [FB_IAB/FB4A;FBAV/67.0.0.21.154;]"
201.9.6.227 - - [11/Apr/2016:09:25:26 -0300] "OPTIONS /surveys/summary?lat=-3.730827804066599&lon=-38.60082811484375 HTTP/1.1" 204 0 "http://guardioesdasaude.org/health-map" "Mozilla/5.0 (Windows NT 6.3; WOW64) AppleWebKit/537.36 (KHTML, like Gecko) Chrome/49.0.2623.110 Safari/537.36"
201.9.6.227 - - [11/Apr/2016:09:25:26 -0300] "OPTIONS /surveys/l?lat=-3.730827804066599&lon=-38.60082811484375 HTTP/1.1" 204 0 "http://guardioesdasaude.org/health-map" "Mozilla/5.0 (Windows NT 6.3; WOW64) AppleWebKit/537.36 (KHTML, like Gecko) Chrome/49.0.2623.110 Safari/537.36"
201.9.6.227 - - [11/Apr/2016:09:25:26 -0300] "GET /surveys/l?lat=-3.730827804066599&lon=-38.60082811484375 HTTP/1.1" 200 56 "http://guardioesdasaude.org/health-map" "Mozilla/5.0 (Windows NT 6.3; WOW64) AppleWebKit/537.36 (KHTML, like Gecko) Chrome/49.0.2623.110 Safari/537.36"
201.9.6.227 - - [11/Apr/2016:09:25:26 -0300] "GET /surveys/summary?lat=-3.730827804066599&lon=-38.60082811484375 HTTP/1.1" 200 221 "http://guardioesdasaude.org/health-map" "Mozilla/5.0 (Windows NT 6.3; WOW64) AppleWebKit/537.36 (KHTML, like Gecko) Chrome/49.0.2623.110 Safari/537.36"
201.9.6.227 - - [11/Apr/2016:09:25:26 -0300] "OPTIONS /surveys/l?q=Rua%20do%20Trabalhador,%202556%20-%20Quintino%20Cunha,%20Fortaleza%20-%20CE,%20Brasil HTTP/1.1" 204 0 "http://guardioesdasaude.org/health-map" "Mozilla/5.0 (Windows NT 6.3; WOW64) AppleWebKit/537.36 (KHTML, like Gecko) Chrome/49.0.2623.110 Safari/537.36"
201.9.6.227 - - [11/Apr/2016:09:25:26 -0300] "GET /surveys/l?q=Rua%20do%20Trabalhador,%202556%20-%20Quintino%20Cunha,%20Fortaleza%20-%20CE,%20Brasil HTTP/1.1" 200 124 "http://guardioesdasaude.org/health-map" "Mozilla/5.0 (Windows NT 6.3; WOW64) AppleWebKit/537.36 (KHTML, like Gecko) Chrome/49.0.2623.110 Safari/537.36"
177.124.4.2 - - [11/Apr/2016:09:25:47 -0300] "GET /user/get?fb=665141113624128 HTTP/1.1" 200 56 "http://guardioesdasaude.org/cadastro" "Mozilla/5.0 (Linux; Android 5.0.1; LG-H342 Build/LRX21Y; wv) AppleWebKit/537.36 (KHTML, like Gecko) Version/4.0 Chrome/46.0.2490.76 Mobile Safari/537.36 [FB_IAB/FB4A;FBAV/67.0.0.21.154;]"
189.60.7.145 - - [11/Apr/2016:09:26:00 -0300] "GET /user/get?fb=846419482147722 HTTP/1.1" 200 56 "-" "Guardioes da Saude/1.1.4 (iPhone; iOS 9.3.1; Scale/2.00)"
177.124.4.2 - - [11/Apr/2016:09:26:41 -0300] "GET /user/get?fb=665141113624128 HTTP/1.1" 200 56 "http://guardioesdasaude.org/login" "Mozilla/5.0 (Linux; Android 5.0.1; LG-H342 Build/LRX21Y; wv) AppleWebKit/537.36 (KHTML, like Gecko) Version/4.0 Chrome/46.0.2490.76 Mobile Safari/537.36 [FB_IAB/FB4A;FBAV/67.0.0.21.154;]"
189.60.7.145 - - [11/Apr/2016:09:26:50 -0300] "POST /user/create HTTP/1.1" 200 525 "-" "Guardioes da Saude/1.1.4 (iPhone; iOS 9.3.1; Scale/2.00)"
201.9.6.227 - - [11/Apr/2016:09:26:50 -0300] "OPTIONS /survey/create HTTP/1.1" 204 0 "http://guardioesdasaude.org/survey/household/570b96f61a19da082e9d9532/step-1" "Mozilla/5.0 (Windows NT 6.3; WOW64) AppleWebKit/537.36 (KHTML, like Gecko) Chrome/49.0.2623.110 Safari/537.36"
201.9.6.227 - - [11/Apr/2016:09:26:50 -0300] "POST /survey/create HTTP/1.1" 200 430 "http://guardioesdasaude.org/survey/household/570b96f61a19da082e9d9532/step-1" "Mozilla/5.0 (Windows NT 6.3; WOW64) AppleWebKit/537.36 (KHTML, like Gecko) Chrome/49.0.2623.110 Safari/537.36"
201.9.6.227 - - [11/Apr/2016:09:26:50 -0300] "GET /user/get/570b9677aa0bef232ebe1c24 HTTP/1.1" 200 884 "http://guardioesdasaude.org/survey/household/570b96f61a19da082e9d9532/step-1" "Mozilla/5.0 (Windows NT 6.3; WOW64) AppleWebKit/537.36 (KHTML, like Gecko) Chrome/49.0.2623.110 Safari/537.36"
201.9.6.227 - - [11/Apr/2016:09:26:51 -0300] "OPTIONS /user/update HTTP/1.1" 204 0 "http://guardioesdasaude.org/survey/household/570b96f61a19da082e9d9532/step-1" "Mozilla/5.0 (Windows NT 6.3; WOW64) AppleWebKit/537.36 (KHTML, like Gecko) Chrome/49.0.2623.110 Safari/537.36"
201.9.6.227 - - [11/Apr/2016:09:26:51 -0300] "POST /user/update HTTP/1.1" 200 86 "http://guardioesdasaude.org/survey/household/570b96f61a19da082e9d9532/step-1" "Mozilla/5.0 (Windows NT 6.3; WOW64) AppleWebKit/537.36 (KHTML, like Gecko) Chrome/49.0.2623.110 Safari/537.36"
201.9.6.227 - - [11/Apr/2016:09:26:51 -0300] "GET /user/get/570b9677aa0bef232ebe1c24 HTTP/1.1" 200 890 "http://guardioesdasaude.org/survey/household/570b96f61a19da082e9d9532/step-1" "Mozilla/5.0 (Windows NT 6.3; WOW64) AppleWebKit/537.36 (KHTML, like Gecko) Chrome/49.0.2623.110 Safari/537.36"
177.124.4.2 - - [11/Apr/2016:09:26:56 -0300] "GET /search/cities?limit=5 HTTP/1.1" 200 163 "http://guardioesdasaude.org/" "Mozilla/5.0 (Linux; Android 5.0.1; LG-H342 Build/LRX21Y; wv) AppleWebKit/537.36 (KHTML, like Gecko) Version/4.0 Chrome/46.0.2490.76 Mobile Safari/537.36 [FB_IAB/FB4A;FBAV/67.0.0.21.154;]"
189.60.7.145 - - [11/Apr/2016:09:26:59 -0300] "GET /user/household/570b980ad2abb8432e48e435 HTTP/1.1" 200 56 "-" "Guardioes da Saude/1.1.4 (iPhone; iOS 9.3.1; Scale/2.00)"
201.9.6.227 - - [11/Apr/2016:09:27:01 -0300] "GET /user/survey/summary HTTP/1.1" 200 66 "http://guardioesdasaude.org/health-daily" "Mozilla/5.0 (Windows NT 6.3; WOW64) AppleWebKit/537.36 (KHTML, like Gecko) Chrome/49.0.2623.110 Safari/537.36"
201.9.6.227 - - [11/Apr/2016:09:27:01 -0300] "GET /user/calendar/month?month=4&year=2016 HTTP/1.1" 200 116 "http://guardioesdasaude.org/health-daily" "Mozilla/5.0 (Windows NT 6.3; WOW64) AppleWebKit/537.36 (KHTML, like Gecko) Chrome/49.0.2623.110 Safari/537.36"
201.9.6.227 - - [11/Apr/2016:09:27:01 -0300] "OPTIONS /search/cities?limit=5 HTTP/1.1" 204 0 "http://guardioesdasaude.org/health-daily" "Mozilla/5.0 (Windows NT 6.3; WOW64) AppleWebKit/537.36 (KHTML, like Gecko) Chrome/49.0.2623.110 Safari/537.36"
201.9.6.227 - - [11/Apr/2016:09:27:01 -0300] "GET /user/calendar/year?year=2016 HTTP/1.1" 200 109 "http://guardioesdasaude.org/health-daily" "Mozilla/5.0 (Windows NT 6.3; WOW64) AppleWebKit/537.36 (KHTML, like Gecko) Chrome/49.0.2623.110 Safari/537.36"
201.9.6.227 - - [11/Apr/2016:09:27:01 -0300] "GET /user/chart/month?month=4&year=2016 HTTP/1.1" 200 58 "http://guardioesdasaude.org/health-daily" "Mozilla/5.0 (Windows NT 6.3; WOW64) AppleWebKit/537.36 (KHTML, like Gecko) Chrome/49.0.2623.110 Safari/537.36"
201.9.6.227 - - [11/Apr/2016:09:27:01 -0300] "GET /user/calendar/month?month=4&year=2016 HTTP/1.1" 200 116 "http://guardioesdasaude.org/health-daily" "Mozilla/5.0 (Windows NT 6.3; WOW64) AppleWebKit/537.36 (KHTML, like Gecko) Chrome/49.0.2623.110 Safari/537.36"
201.9.6.227 - - [11/Apr/2016:09:27:01 -0300] "GET /search/cities?limit=5 HTTP/1.1" 200 163 "http://guardioesdasaude.org/health-daily" "Mozilla/5.0 (Windows NT 6.3; WOW64) AppleWebKit/537.36 (KHTML, like Gecko) Chrome/49.0.2623.110 Safari/537.36"
201.9.6.227 - - [11/Apr/2016:09:27:01 -0300] "GET /user/chart/month?month=4&year=2016 HTTP/1.1" 200 58 "http://guardioesdasaude.org/health-daily" "Mozilla/5.0 (Windows NT 6.3; WOW64) AppleWebKit/537.36 (KHTML, like Gecko) Chrome/49.0.2623.110 Safari/537.36"
177.124.4.2 - - [11/Apr/2016:09:27:36 -0300] "GET /search/cities?limit=5 HTTP/1.1" 200 163 "http://guardioesdasaude.org/" "Mozilla/5.0 (Linux; Android 5.0.1; LG-H342 Build/LRX21Y; wv) AppleWebKit/537.36 (KHTML, like Gecko) Version/4.0 Chrome/46.0.2490.76 Mobile Safari/537.36 [FB_IAB/FB4A;FBAV/67.0.0.21.154;]"
189.60.7.145 - - [11/Apr/2016:09:28:03 -0300] "POST /household/create HTTP/1.1" 200 82 "-" "Guardioes da Saude/1.1.4 (iPhone; iOS 9.3.1; Scale/2.00)"
189.60.7.145 - - [11/Apr/2016:09:28:05 -0300] "GET /user/household/570b980ad2abb8432e48e435 HTTP/1.1" 200 56 "-" "Guardioes da Saude/1.1.4 (iPhone; iOS 9.3.1; Scale/2.00)"
189.60.7.145 - - [11/Apr/2016:09:28:12 -0300] "GET /symptoms HTTP/1.1" 200 706 "-" "Guardioes da Saude/1.1.4 (iPhone; iOS 9.3.1; Scale/2.00)"
189.60.7.145 - - [11/Apr/2016:09:28:51 -0300] "POST /survey/create HTTP/1.1" 200 520 "-" "Guardioes da Saude/1.1.4 (iPhone; iOS 9.3.1; Scale/2.00)"
189.60.7.145 - - [11/Apr/2016:09:29:01 -0300] "GET /surveys/l?lat=-22.930015&lon=-43.244076 HTTP/1.1" 200 923 "-" "Guardioes da Saude/1.1.4 (iPhone; iOS 9.3.1; Scale/2.00)"
189.60.7.145 - - [11/Apr/2016:09:29:01 -0300] "GET /surveys/summary?lat=-22.93000760024686&lon=-43.24407678101514 HTTP/1.1" 200 222 "-" "Guardioes da Saude/1.1.4 (iPhone; iOS 9.3.1; Scale/2.00)"
189.60.7.145 - - [11/Apr/2016:09:29:05 -0300] "GET /user/household/570b980ad2abb8432e48e435 HTTP/1.1" 200 56 "-" "Guardioes da Saude/1.1.4 (iPhone; iOS 9.3.1; Scale/2.00)"
189.60.7.145 - - [11/Apr/2016:09:29:06 -0300] "GET /user/calendar/month?&month=4&year=2016 HTTP/1.1" 200 116 "-" "Guardioes da Saude/1.1.4 (iPhone; iOS 9.3.1; Scale/2.00)"
189.60.7.145 - - [11/Apr/2016:09:29:06 -0300] "GET /user/survey/summary HTTP/1.1" 200 69 "-" "Guardioes da Saude/1.1.4 (iPhone; iOS 9.3.1; Scale/2.00)"
189.60.7.145 - - [11/Apr/2016:09:29:06 -0300] "GET /user/calendar/year?&year=2016 HTTP/1.1" 200 109 "-" "Guardioes da Saude/1.1.4 (iPhone; iOS 9.3.1; Scale/2.00)"
189.60.7.145 - - [11/Apr/2016:09:29:17 -0300] "GET /content/upas.json HTTP/1.1" 200 22982 "-" "Guardioes da Saude/1.1.4 (iPhone; iOS 9.3.1; Scale/2.00)"
189.60.7.145 - - [11/Apr/2016:09:29:39 -0300] "GET /news/get HTTP/1.1" 200 3657 "-" "Guardioes da Saude/1.1.4 (iPhone; iOS 9.3.1; Scale/2.00)"
189.60.7.145 - - [11/Apr/2016:09:29:51 -0300] "GET /user/household/570b980ad2abb8432e48e435 HTTP/1.1" 200 56 "-" "Guardioes da Saude/1.1.4 (iPhone; iOS 9.3.1; Scale/2.00)"
189.60.7.145 - - [11/Apr/2016:09:29:59 -0300] "POST /user/update HTTP/1.1" 200 86 "-" "Guardioes da Saude/1.1.4 (iPhone; iOS 9.3.1; Scale/2.00)"
189.60.7.145 - - [11/Apr/2016:09:30:01 -0300] "GET /user/household/570b980ad2abb8432e48e435 HTTP/1.1" 200 56 "-" "Guardioes da Saude/1.1.4 (iPhone; iOS 9.3.1; Scale/2.00)"
189.60.7.145 - - [11/Apr/2016:09:30:08 -0300] "GET /surveys/l?lat=-22.930053&lon=-43.244111 HTTP/1.1" 200 923 "-" "Guardioes da Saude/1.1.4 (iPhone; iOS 9.3.1; Scale/2.00)"
189.60.7.145 - - [11/Apr/2016:09:30:09 -0300] "GET /surveys/summary?lat=-22.93005330396543&lon=-43.2441112119945 HTTP/1.1" 200 222 "-" "Guardioes da Saude/1.1.4 (iPhone; iOS 9.3.1; Scale/2.00)"
189.60.7.145 - - [11/Apr/2016:09:30:35 -0300] "GET /surveys/l?lat=-22.930054&lon=-43.244082 HTTP/1.1" 200 923 "-" "Guardioes da Saude/1.1.4 (iPhone; iOS 9.3.1; Scale/2.00)"
189.60.7.145 - - [11/Apr/2016:09:30:35 -0300] "GET /surveys/summary?lat=-22.9300539521714&lon=-43.24408231307123 HTTP/1.1" 200 222 "-" "Guardioes da Saude/1.1.4 (iPhone; iOS 9.3.1; Scale/2.00)"
189.60.7.145 - - [11/Apr/2016:09:30:46 -0300] "GET /user/household/570b980ad2abb8432e48e435 HTTP/1.1" 200 56 "-" "Guardioes da Saude/1.1.4 (iPhone; iOS 9.3.1; Scale/2.00)"
189.60.7.145 - - [11/Apr/2016:09:30:53 -0300] "GET /symptoms HTTP/1.1" 304 0 "-" "Guardioes da Saude/1.1.4 (iPhone; iOS 9.3.1; Scale/2.00)"
189.60.7.145 - - [11/Apr/2016:09:31:09 -0300] "GET /user/household/570b980ad2abb8432e48e435 HTTP/1.1" 200 56 "-" "Guardioes da Saude/1.1.4 (iPhone; iOS 9.3.1; Scale/2.00)"
177.19.132.143 - - [11/Apr/2016:09:33:03 -0300] "GET /user/get?fb=1006606739426099 HTTP/1.1" 200 56 "-" "Guardioes da Saude/1.1.4 (iPhone; iOS 9.3.1; Scale/2.00)"
177.19.132.143 - - [11/Apr/2016:09:34:52 -0300] "POST /user/create HTTP/1.1" 200 654 "-" "Guardioes da Saude/1.1.4 (iPhone; iOS 9.3.1; Scale/2.00)"
