179.132.44.83 - - [18/Jul/2016:14:32:55 -0300] "GET /user/get?fb=10153525578957683 HTTP/1.1" 200 1976 "-" "Dalvik/2.1.0 (Linux; U; Android 5.0.1; GT-I9505 Build/LRX22C)"
179.132.44.83 - - [18/Jul/2016:14:32:58 -0300] "GET /user/get?fb=10153525578957683 HTTP/1.1" 200 1976 "-" "Dalvik/2.1.0 (Linux; U; Android 5.0.1; GT-I9505 Build/LRX22C)"
50.112.95.211 - - [18/Jul/2016:14:33:05 -0300] "GET / HTTP/1.0" 200 11894 "-" "NewRelicPinger/1.0 (954132)"
179.132.44.83 - - [18/Jul/2016:14:33:11 -0300] "GET /user/get?gl=111098142474999844925 HTTP/1.1" 200 56 "-" "Dalvik/2.1.0 (Linux; U; Android 5.0.1; GT-I9505 Build/LRX22C)"
187.122.249.217 - - [18/Jul/2016:14:33:20 -0300] "GET /user/get?gl=109251128812905690437 HTTP/1.1" 200 971 "-" "Dalvik/2.1.0 (Linux; U; Android 6.0.1; ASUS_Z00LD Build/MMB29P)"
184.73.237.85 - - [18/Jul/2016:14:33:24 -0300] "GET / HTTP/1.0" 200 11894 "-" "NewRelicPinger/1.0 (954132)"
179.132.44.83 - - [18/Jul/2016:14:33:37 -0300] "POST /user/login HTTP/1.1" 200 1129 "-" "Dalvik/2.1.0 (Linux; U; Android 5.0.1; GT-I9505 Build/LRX22C)"
179.132.44.83 - - [18/Jul/2016:14:33:41 -0300] "GET /user/household/5772e636b5d0643e16663166 HTTP/1.1" 200 56 "-" "Dalvik/2.1.0 (Linux; U; Android 5.0.1; GT-I9505 Build/LRX22C)"
179.132.44.83 - - [18/Jul/2016:14:33:46 -0300] "POST /survey/create HTTP/1.1" 200 454 "-" "Dalvik/2.1.0 (Linux; U; Android 5.0.1; GT-I9505 Build/LRX22C)"
179.132.44.83 - - [18/Jul/2016:14:33:46 -0300] "GET /user/calendar/day?day=18&month=6&year=2016 HTTP/1.1" 200 58 "-" "Dalvik/2.1.0 (Linux; U; Android 5.0.1; GT-I9505 Build/LRX22C)"
54.248.250.232 - - [18/Jul/2016:14:33:56 -0300] "GET / HTTP/1.0" 200 11894 "-" "NewRelicPinger/1.0 (954132)"
179.132.44.83 - - [18/Jul/2016:14:33:59 -0300] "GET /surveys/summary/?lon=-46.6841812&lat=-23.5660483 HTTP/1.1" 200 217 "-" "Dalvik/2.1.0 (Linux; U; Android 5.0.1; GT-I9505 Build/LRX22C)"
179.132.44.83 - - [18/Jul/2016:14:34:00 -0300] "GET /surveys/l?lon=-46.6841812&lat=-23.5660483 HTTP/1.1" 200 225 "-" "Dalvik/2.1.0 (Linux; U; Android 5.0.1; GT-I9505 Build/LRX22C)"
54.251.34.67 - - [18/Jul/2016:14:34:45 -0300] "GET / HTTP/1.0" 200 11894 "-" "NewRelicPinger/1.0 (954132)"
179.132.44.83 - - [18/Jul/2016:14:35:21 -0300] "GET /user/household/null HTTP/1.1" 200 56 "-" "Dalvik/2.1.0 (Linux; U; Android 5.0.1; GT-I9505 Build/LRX22C)"
54.247.188.179 - - [18/Jul/2016:14:35:22 -0300] "GET / HTTP/1.0" 200 11894 "-" "NewRelicPinger/1.0 (954132)"
179.132.44.83 - - [18/Jul/2016:14:35:22 -0300] "GET /user/calendar/month?&month=7&year=2016 HTTP/1.1" 200 127 "-" "Dalvik/2.1.0 (Linux; U; Android 5.0.1; GT-I9505 Build/LRX22C)"
179.132.44.83 - - [18/Jul/2016:14:35:22 -0300] "GET /user/survey/summary HTTP/1.1" 200 68 "-" "Dalvik/2.1.0 (Linux; U; Android 5.0.1; GT-I9505 Build/LRX22C)"
179.132.44.83 - - [18/Jul/2016:14:35:22 -0300] "GET /user/calendar/year?year=2016 HTTP/1.1" 200 110 "-" "Dalvik/2.1.0 (Linux; U; Android 5.0.1; GT-I9505 Build/LRX22C)"
50.112.95.211 - - [18/Jul/2016:14:35:35 -0300] "GET / HTTP/1.0" 200 11894 "-" "NewRelicPinger/1.0 (954132)"
179.132.44.83 - - [18/Jul/2016:14:35:36 -0300] "GET /news/get HTTP/1.1" 200 3602 "-" "Dalvik/2.1.0 (Linux; U; Android 5.0.1; GT-I9505 Build/LRX22C)"
179.132.44.83 - - [18/Jul/2016:14:35:47 -0300] "GET /user/household/null HTTP/1.1" 200 56 "-" "Dalvik/2.1.0 (Linux; U; Android 5.0.1; GT-I9505 Build/LRX22C)"
179.132.44.83 - - [18/Jul/2016:14:35:54 -0300] "GET /user/lookup/ HTTP/1.1" 200 1223 "-" "Dalvik/2.1.0 (Linux; U; Android 5.0.1; GT-I9505 Build/LRX22C)"
184.73.237.85 - - [18/Jul/2016:14:35:54 -0300] "GET / HTTP/1.0" 200 11894 "-" "NewRelicPinger/1.0 (954132)"
179.132.44.83 - - [18/Jul/2016:14:35:54 -0300] "GET /user/calendar/day?day=18&month=7&year=2016 HTTP/1.1" 200 116 "-" "Dalvik/2.1.0 (Linux; U; Android 5.0.1; GT-I9505 Build/LRX22C)"
179.132.44.83 - - [18/Jul/2016:14:35:58 -0300] "GET /user/household/5772e636b5d0643e16663166 HTTP/1.1" 200 56 "-" "Dalvik/2.1.0 (Linux; U; Android 5.0.1; GT-I9505 Build/LRX22C)"
179.132.44.83 - - [18/Jul/2016:14:35:59 -0300] "GET /user/survey/summary HTTP/1.1" 200 68 "-" "Dalvik/2.1.0 (Linux; U; Android 5.0.1; GT-I9505 Build/LRX22C)"
179.132.44.83 - - [18/Jul/2016:14:35:59 -0300] "GET /user/calendar/month?&month=7&year=2016 HTTP/1.1" 200 127 "-" "Dalvik/2.1.0 (Linux; U; Android 5.0.1; GT-I9505 Build/LRX22C)"
179.132.44.83 - - [18/Jul/2016:14:35:59 -0300] "GET /user/calendar/year?year=2016 HTTP/1.1" 200 110 "-" "Dalvik/2.1.0 (Linux; U; Android 5.0.1; GT-I9505 Build/LRX22C)"
54.248.250.232 - - [18/Jul/2016:14:36:26 -0300] "GET / HTTP/1.0" 200 11894 "-" "NewRelicPinger/1.0 (954132)"
54.251.34.67 - - [18/Jul/2016:14:37:15 -0300] "GET / HTTP/1.0" 200 11894 "-" "NewRelicPinger/1.0 (954132)"
54.247.188.179 - - [18/Jul/2016:14:37:52 -0300] "GET / HTTP/1.0" 200 11894 "-" "NewRelicPinger/1.0 (954132)"
50.112.95.211 - - [18/Jul/2016:14:38:05 -0300] "GET / HTTP/1.0" 200 11894 "-" "NewRelicPinger/1.0 (954132)"
184.73.237.85 - - [18/Jul/2016:14:38:24 -0300] "GET / HTTP/1.0" 200 11894 "-" "NewRelicPinger/1.0 (954132)"
54.248.250.232 - - [18/Jul/2016:14:38:56 -0300] "GET / HTTP/1.0" 200 11894 "-" "NewRelicPinger/1.0 (954132)"
54.251.34.67 - - [18/Jul/2016:14:39:56 -0300] "GET / HTTP/1.0" 200 11894 "-" "NewRelicPinger/1.0 (954132)"
54.247.188.179 - - [18/Jul/2016:14:40:22 -0300] "GET / HTTP/1.0" 200 11894 "-" "NewRelicPinger/1.0 (954132)"
50.112.95.211 - - [18/Jul/2016:14:40:35 -0300] "GET / HTTP/1.0" 200 11894 "-" "NewRelicPinger/1.0 (954132)"
184.73.237.85 - - [18/Jul/2016:14:40:54 -0300] "GET / HTTP/1.0" 200 11894 "-" "NewRelicPinger/1.0 (954132)"
54.248.250.232 - - [18/Jul/2016:14:41:26 -0300] "GET / HTTP/1.0" 200 11894 "-" "NewRelicPinger/1.0 (954132)"
54.251.34.67 - - [18/Jul/2016:14:42:26 -0300] "GET / HTTP/1.0" 200 11894 "-" "NewRelicPinger/1.0 (954132)"
54.247.188.179 - - [18/Jul/2016:14:42:52 -0300] "GET / HTTP/1.0" 200 11894 "-" "NewRelicPinger/1.0 (954132)"
50.112.95.211 - - [18/Jul/2016:14:43:05 -0300] "GET / HTTP/1.0" 200 11894 "-" "NewRelicPinger/1.0 (954132)"
177.38.200.177 - - [18/Jul/2016:14:43:23 -0300] "GET /user/household/578d01ac50452b15468e62be HTTP/1.1" 200 56 "-" "Dalvik/2.1.0 (Linux; U; Android 6.0; XT1069 Build/MPB24.65-34)"
184.73.237.85 - - [18/Jul/2016:14:43:24 -0300] "GET / HTTP/1.0" 200 11894 "-" "NewRelicPinger/1.0 (954132)"
54.248.250.232 - - [18/Jul/2016:14:43:56 -0300] "GET / HTTP/1.0" 200 11894 "-" "NewRelicPinger/1.0 (954132)"
54.251.34.67 - - [18/Jul/2016:14:44:55 -0300] "GET / HTTP/1.0" 200 11894 "-" "NewRelicPinger/1.0 (954132)"
54.247.188.179 - - [18/Jul/2016:14:45:22 -0300] "GET / HTTP/1.0" 200 11894 "-" "NewRelicPinger/1.0 (954132)"
50.112.95.211 - - [18/Jul/2016:14:45:35 -0300] "GET / HTTP/1.0" 200 11894 "-" "NewRelicPinger/1.0 (954132)"
184.73.237.85 - - [18/Jul/2016:14:45:54 -0300] "GET / HTTP/1.0" 200 11894 "-" "NewRelicPinger/1.0 (954132)"
54.248.250.232 - - [18/Jul/2016:14:46:27 -0300] "GET / HTTP/1.0" 200 11894 "-" "NewRelicPinger/1.0 (954132)"
177.38.200.177 - - [18/Jul/2016:14:46:35 -0300] "OPTIONS /search/cities?limit=5 HTTP/1.1" 204 0 "-" "Mozilla/5.0 (Macintosh; Intel Mac OS X 10.11; rv:46.0) Gecko/20100101 Firefox/46.0"
177.38.200.177 - - [18/Jul/2016:14:46:36 -0300] "GET /search/cities?limit=5 HTTP/1.1" 200 165 "https://guardioesdasaude.org/" "Mozilla/5.0 (Macintosh; Intel Mac OS X 10.11; rv:46.0) Gecko/20100101 Firefox/46.0"
54.251.34.67 - - [18/Jul/2016:14:47:26 -0300] "GET / HTTP/1.0" 200 11894 "-" "NewRelicPinger/1.0 (954132)"
54.247.188.179 - - [18/Jul/2016:14:47:52 -0300] "GET / HTTP/1.0" 200 11894 "-" "NewRelicPinger/1.0 (954132)"
50.112.95.211 - - [18/Jul/2016:14:48:05 -0300] "GET / HTTP/1.0" 200 11894 "-" "NewRelicPinger/1.0 (954132)"
184.73.237.85 - - [18/Jul/2016:14:48:35 -0300] "GET / HTTP/1.0" 200 11894 "-" "NewRelicPinger/1.0 (954132)"
54.248.250.232 - - [18/Jul/2016:14:48:56 -0300] "GET / HTTP/1.0" 200 11894 "-" "NewRelicPinger/1.0 (954132)"
54.251.34.67 - - [18/Jul/2016:14:49:55 -0300] "GET / HTTP/1.0" 200 11894 "-" "NewRelicPinger/1.0 (954132)"
54.247.188.179 - - [18/Jul/2016:14:50:22 -0300] "GET / HTTP/1.0" 200 11894 "-" "NewRelicPinger/1.0 (954132)"
50.112.95.211 - - [18/Jul/2016:14:50:35 -0300] "GET / HTTP/1.0" 200 11894 "-" "NewRelicPinger/1.0 (954132)"
184.73.237.85 - - [18/Jul/2016:14:51:02 -0300] "GET / HTTP/1.0" 200 11894 "-" "NewRelicPinger/1.0 (954132)"
54.248.250.232 - - [18/Jul/2016:14:51:27 -0300] "GET / HTTP/1.0" 200 11894 "-" "NewRelicPinger/1.0 (954132)"
54.251.34.67 - - [18/Jul/2016:14:52:26 -0300] "GET / HTTP/1.0" 200 11894 "-" "NewRelicPinger/1.0 (954132)"
54.247.188.179 - - [18/Jul/2016:14:52:52 -0300] "GET / HTTP/1.0" 200 11894 "-" "NewRelicPinger/1.0 (954132)"
50.112.95.211 - - [18/Jul/2016:14:53:05 -0300] "GET / HTTP/1.0" 200 11894 "-" "NewRelicPinger/1.0 (954132)"
184.73.237.85 - - [18/Jul/2016:14:53:31 -0300] "GET / HTTP/1.0" 200 11894 "-" "NewRelicPinger/1.0 (954132)"
179.235.89.181 - - [18/Jul/2016:14:53:48 -0300] "GET /user/get?fb=1132545333485361 HTTP/1.1" 200 56 "-" "Dalvik/1.6.0 (Linux; U; Android 4.2.2; GT-I9082L Build/JDQ39)"
54.248.250.232 - - [18/Jul/2016:14:53:56 -0300] "GET / HTTP/1.0" 200 11894 "-" "NewRelicPinger/1.0 (954132)"
54.251.34.67 - - [18/Jul/2016:14:54:57 -0300] "GET / HTTP/1.0" 200 11894 "-" "NewRelicPinger/1.0 (954132)"
179.235.89.181 - - [18/Jul/2016:14:55:08 -0300] "POST /user/create HTTP/1.1" 200 608 "-" "Dalvik/1.6.0 (Linux; U; Android 4.2.2; GT-I9082L Build/JDQ39)"
179.235.89.181 - - [18/Jul/2016:14:55:14 -0300] "GET /user/lookup/ HTTP/1.1" 200 747 "-" "Dalvik/1.6.0 (Linux; U; Android 4.2.2; GT-I9082L Build/JDQ39)"
179.235.89.181 - - [18/Jul/2016:14:55:14 -0300] "GET /user/calendar/day?month=7&year=2016&day=18 HTTP/1.1" 200 58 "-" "Dalvik/1.6.0 (Linux; U; Android 4.2.2; GT-I9082L Build/JDQ39)"
179.235.89.181 - - [18/Jul/2016:14:55:19 -0300] "POST /survey/create HTTP/1.1" 200 445 "-" "Dalvik/1.6.0 (Linux; U; Android 4.2.2; GT-I9082L Build/JDQ39)"
179.235.89.181 - - [18/Jul/2016:14:55:20 -0300] "GET /user/calendar/day?month=6&year=2016&day=18 HTTP/1.1" 200 58 "-" "Dalvik/1.6.0 (Linux; U; Android 4.2.2; GT-I9082L Build/JDQ39)"
54.247.188.179 - - [18/Jul/2016:14:55:22 -0300] "GET / HTTP/1.0" 200 11894 "-" "NewRelicPinger/1.0 (954132)"
50.112.95.211 - - [18/Jul/2016:14:55:35 -0300] "GET / HTTP/1.0" 200 11894 "-" "NewRelicPinger/1.0 (954132)"
179.235.89.181 - - [18/Jul/2016:14:55:43 -0300] "POST /survey/create HTTP/1.1" 200 445 "-" "Dalvik/1.6.0 (Linux; U; Android 4.2.2; GT-I9082L Build/JDQ39)"
179.235.89.181 - - [18/Jul/2016:14:55:43 -0300] "GET /user/calendar/day?month=6&year=2016&day=18 HTTP/1.1" 200 58 "-" "Dalvik/1.6.0 (Linux; U; Android 4.2.2; GT-I9082L Build/JDQ39)"
177.38.200.177 - - [18/Jul/2016:14:55:55 -0300] "OPTIONS /search/cities?limit=5 HTTP/1.1" 204 0 "-" "Mozilla/5.0 (Macintosh; Intel Mac OS X 10.11; rv:46.0) Gecko/20100101 Firefox/46.0"
177.38.200.177 - - [18/Jul/2016:14:55:55 -0300] "GET /search/cities?limit=5 HTTP/1.1" 200 165 "https://guardioesdasaude.org/" "Mozilla/5.0 (Macintosh; Intel Mac OS X 10.11; rv:46.0) Gecko/20100101 Firefox/46.0"
184.73.237.85 - - [18/Jul/2016:14:56:03 -0300] "GET / HTTP/1.0" 200 11894 "-" "NewRelicPinger/1.0 (954132)"
54.248.250.232 - - [18/Jul/2016:14:56:26 -0300] "GET / HTTP/1.0" 200 11894 "-" "NewRelicPinger/1.0 (954132)"
179.235.89.181 - - [18/Jul/2016:14:56:43 -0300] "GET /user/household/578d17fc50452b15468e62ce HTTP/1.1" 200 56 "-" "Dalvik/1.6.0 (Linux; U; Android 4.2.2; GT-I9082L Build/JDQ39)"
54.251.34.67 - - [18/Jul/2016:14:57:26 -0300] "GET / HTTP/1.0" 200 11894 "-" "NewRelicPinger/1.0 (954132)"
54.247.188.179 - - [18/Jul/2016:14:57:52 -0300] "GET / HTTP/1.0" 200 11894 "-" "NewRelicPinger/1.0 (954132)"
50.112.95.211 - - [18/Jul/2016:14:58:05 -0300] "GET / HTTP/1.0" 200 11894 "-" "NewRelicPinger/1.0 (954132)"
184.73.237.85 - - [18/Jul/2016:14:58:31 -0300] "GET / HTTP/1.0" 200 11894 "-" "NewRelicPinger/1.0 (954132)"
54.248.250.232 - - [18/Jul/2016:14:58:56 -0300] "GET / HTTP/1.0" 200 11894 "-" "NewRelicPinger/1.0 (954132)"
179.235.89.181 - - [18/Jul/2016:14:59:53 -0300] "POST /household/create HTTP/1.1" 200 294 "-" "Dalvik/1.6.0 (Linux; U; Android 4.2.2; GT-I9082L Build/JDQ39)"
179.235.89.181 - - [18/Jul/2016:14:59:53 -0300] "GET /user/lookup/ HTTP/1.1" 200 1016 "-" "Dalvik/1.6.0 (Linux; U; Android 4.2.2; GT-I9082L Build/JDQ39)"
54.251.34.67 - - [18/Jul/2016:14:59:56 -0300] "GET / HTTP/1.0" 200 11894 "-" "NewRelicPinger/1.0 (954132)"
54.247.188.179 - - [18/Jul/2016:15:00:22 -0300] "GET / HTTP/1.0" 200 11894 "-" "NewRelicPinger/1.0 (954132)"
179.235.89.181 - - [18/Jul/2016:15:00:35 -0300] "GET /user/household/578d17fc50452b15468e62ce HTTP/1.1" 200 588 "-" "Dalvik/1.6.0 (Linux; U; Android 4.2.2; GT-I9082L Build/JDQ39)"
50.112.95.211 - - [18/Jul/2016:15:00:36 -0300] "GET / HTTP/1.0" 200 11894 "-" "NewRelicPinger/1.0 (954132)"
179.235.89.181 - - [18/Jul/2016:15:00:37 -0300] "GET /user/survey/summary HTTP/1.1" 200 69 "-" "Dalvik/1.6.0 (Linux; U; Android 4.2.2; GT-I9082L Build/JDQ39)"
179.235.89.181 - - [18/Jul/2016:15:00:37 -0300] "GET /user/calendar/month?&month=7&year=2016 HTTP/1.1" 200 115 "-" "Dalvik/1.6.0 (Linux; U; Android 4.2.2; GT-I9082L Build/JDQ39)"
179.235.89.181 - - [18/Jul/2016:15:00:38 -0300] "GET /user/calendar/year?year=2016 HTTP/1.1" 200 109 "-" "Dalvik/1.6.0 (Linux; U; Android 4.2.2; GT-I9082L Build/JDQ39)"
184.73.237.85 - - [18/Jul/2016:15:01:01 -0300] "GET / HTTP/1.0" 200 11894 "-" "NewRelicPinger/1.0 (954132)"
179.235.89.181 - - [18/Jul/2016:15:01:11 -0300] "GET /surveys/summary/?lon=-45.5528226&lat=-23.0393119 HTTP/1.1" 200 236 "-" "Dalvik/1.6.0 (Linux; U; Android 4.2.2; GT-I9082L Build/JDQ39)"
179.235.89.181 - - [18/Jul/2016:15:01:13 -0300] "GET /surveys/l?lon=-45.5528226&lat=-23.0393119 HTTP/1.1" 200 56 "-" "Dalvik/1.6.0 (Linux; U; Android 4.2.2; GT-I9082L Build/JDQ39)"
54.248.250.232 - - [18/Jul/2016:15:01:26 -0300] "GET / HTTP/1.0" 200 11894 "-" "NewRelicPinger/1.0 (954132)"
179.235.89.181 - - [18/Jul/2016:15:02:24 -0300] "GET /news/get HTTP/1.1" 200 3605 "-" "Dalvik/1.6.0 (Linux; U; Android 4.2.2; GT-I9082L Build/JDQ39)"
54.251.34.67 - - [18/Jul/2016:15:02:26 -0300] "GET / HTTP/1.0" 200 11894 "-" "NewRelicPinger/1.0 (954132)"
54.247.188.179 - - [18/Jul/2016:15:02:52 -0300] "GET / HTTP/1.0" 200 11894 "-" "NewRelicPinger/1.0 (954132)"
179.235.89.181 - - [18/Jul/2016:15:02:54 -0300] "GET /user/household/578d17fc50452b15468e62ce HTTP/1.1" 200 588 "-" "Dalvik/1.6.0 (Linux; U; Android 4.2.2; GT-I9082L Build/JDQ39)"
50.112.95.211 - - [18/Jul/2016:15:03:06 -0300] "GET / HTTP/1.0" 200 11894 "-" "NewRelicPinger/1.0 (954132)"
184.73.237.85 - - [18/Jul/2016:15:03:32 -0300] "GET / HTTP/1.0" 200 11894 "-" "NewRelicPinger/1.0 (954132)"
54.248.250.232 - - [18/Jul/2016:15:03:56 -0300] "GET / HTTP/1.0" 200 11894 "-" "NewRelicPinger/1.0 (954132)"
54.251.34.67 - - [18/Jul/2016:15:04:56 -0300] "GET / HTTP/1.0" 200 11894 "-" "NewRelicPinger/1.0 (954132)"
54.247.188.179 - - [18/Jul/2016:15:05:22 -0300] "GET / HTTP/1.0" 200 11894 "-" "NewRelicPinger/1.0 (954132)"
50.112.95.211 - - [18/Jul/2016:15:05:36 -0300] "GET / HTTP/1.0" 200 11894 "-" "NewRelicPinger/1.0 (954132)"
184.73.237.85 - - [18/Jul/2016:15:06:03 -0300] "GET / HTTP/1.0" 200 11894 "-" "NewRelicPinger/1.0 (954132)"
54.248.250.232 - - [18/Jul/2016:15:06:26 -0300] "GET / HTTP/1.0" 200 11894 "-" "NewRelicPinger/1.0 (954132)"
54.251.34.67 - - [18/Jul/2016:15:07:26 -0300] "GET / HTTP/1.0" 200 11894 "-" "NewRelicPinger/1.0 (954132)"
54.247.188.179 - - [18/Jul/2016:15:07:52 -0300] "GET / HTTP/1.0" 200 11894 "-" "NewRelicPinger/1.0 (954132)"
184.73.237.85 - - [18/Jul/2016:15:08:32 -0300] "GET / HTTP/1.0" 200 11894 "-" "NewRelicPinger/1.0 (954132)"
54.248.250.232 - - [18/Jul/2016:15:08:57 -0300] "GET / HTTP/1.0" 200 11894 "-" "NewRelicPinger/1.0 (954132)"
50.112.95.211 - - [18/Jul/2016:15:09:51 -0300] "GET / HTTP/1.0" 200 11894 "-" "NewRelicPinger/1.0 (954132)"
54.247.188.179 - - [18/Jul/2016:15:10:22 -0300] "GET / HTTP/1.0" 200 11894 "-" "NewRelicPinger/1.0 (954132)"
184.73.237.85 - - [18/Jul/2016:15:11:02 -0300] "GET / HTTP/1.0" 200 11894 "-" "NewRelicPinger/1.0 (954132)"
54.248.250.232 - - [18/Jul/2016:15:11:26 -0300] "GET / HTTP/1.0" 200 11894 "-" "NewRelicPinger/1.0 (954132)"
50.112.95.211 - - [18/Jul/2016:15:12:21 -0300] "GET / HTTP/1.0" 200 11894 "-" "NewRelicPinger/1.0 (954132)"
54.247.188.179 - - [18/Jul/2016:15:12:52 -0300] "GET / HTTP/1.0" 200 11894 "-" "NewRelicPinger/1.0 (954132)"
187.36.89.44 - - [18/Jul/2016:15:13:07 -0300] "OPTIONS /search/cities?limit=5 HTTP/1.1" 204 0 "https://guardioesdasaude.org/" "Mozilla/5.0 (Windows NT 10.0; WOW64) AppleWebKit/537.36 (KHTML, like Gecko) Chrome/51.0.2704.103 Safari/537.36"
187.36.89.44 - - [18/Jul/2016:15:13:08 -0300] "GET /search/cities?limit=5 HTTP/1.1" 200 165 "https://guardioesdasaude.org/" "Mozilla/5.0 (Windows NT 10.0; WOW64) AppleWebKit/537.36 (KHTML, like Gecko) Chrome/51.0.2704.103 Safari/537.36"
184.73.237.85 - - [18/Jul/2016:15:13:32 -0300] "GET / HTTP/1.0" 200 11894 "-" "NewRelicPinger/1.0 (954132)"
186.215.205.123 - - [18/Jul/2016:15:13:44 -0300] "OPTIONS /search/cities?limit=5 HTTP/1.1" 204 0 "https://guardioesdasaude.org/" "Mozilla/5.0 (Windows NT 6.1; WOW64) AppleWebKit/537.36 (KHTML, like Gecko) Chrome/51.0.2704.103 Safari/537.36"
186.215.205.123 - - [18/Jul/2016:15:13:44 -0300] "GET /search/cities?limit=5 HTTP/1.1" 200 165 "https://guardioesdasaude.org/" "Mozilla/5.0 (Windows NT 6.1; WOW64) AppleWebKit/537.36 (KHTML, like Gecko) Chrome/51.0.2704.103 Safari/537.36"
54.248.250.232 - - [18/Jul/2016:15:13:56 -0300] "GET / HTTP/1.0" 200 11894 "-" "NewRelicPinger/1.0 (954132)"
186.250.5.106 - - [18/Jul/2016:15:14:04 -0300] "GET /user/get?fb=1732483987025108 HTTP/1.1" 200 56 "-" "Dalvik/2.1.0 (Linux; U; Android 5.1.1; SM-J320M Build/LMY47V)"
186.215.205.123 - - [18/Jul/2016:15:14:06 -0300] "OPTIONS /charts/pins?lat=-22.9068467&lon=-43.17289649999998 HTTP/1.1" 204 0 "https://guardioesdasaude.org/health-map" "Mozilla/5.0 (Windows NT 6.1; WOW64) AppleWebKit/537.36 (KHTML, like Gecko) Chrome/51.0.2704.103 Safari/537.36"
186.215.205.123 - - [18/Jul/2016:15:14:06 -0300] "OPTIONS /surveys/summary?lat=-22.9068467&lon=-43.17289649999998 HTTP/1.1" 204 0 "https://guardioesdasaude.org/health-map" "Mozilla/5.0 (Windows NT 6.1; WOW64) AppleWebKit/537.36 (KHTML, like Gecko) Chrome/51.0.2704.103 Safari/537.36"
186.215.205.123 - - [18/Jul/2016:15:14:06 -0300] "OPTIONS /surveys/summary?lat=-22.906710369300725&lon=-43.17289649999998 HTTP/1.1" 204 0 "https://guardioesdasaude.org/health-map" "Mozilla/5.0 (Windows NT 6.1; WOW64) AppleWebKit/537.36 (KHTML, like Gecko) Chrome/51.0.2704.103 Safari/537.36"
186.215.205.123 - - [18/Jul/2016:15:14:06 -0300] "GET /charts/pins?lat=-22.9068467&lon=-43.17289649999998 HTTP/1.1" 200 311 "https://guardioesdasaude.org/health-map" "Mozilla/5.0 (Windows NT 6.1; WOW64) AppleWebKit/537.36 (KHTML, like Gecko) Chrome/51.0.2704.103 Safari/537.36"
186.215.205.123 - - [18/Jul/2016:15:14:06 -0300] "OPTIONS /charts/pins?lat=-22.906710369300725&lon=-43.17289649999998 HTTP/1.1" 204 0 "https://guardioesdasaude.org/health-map" "Mozilla/5.0 (Windows NT 6.1; WOW64) AppleWebKit/537.36 (KHTML, like Gecko) Chrome/51.0.2704.103 Safari/537.36"
186.215.205.123 - - [18/Jul/2016:15:14:07 -0300] "GET /surveys/summary?lat=-22.9068467&lon=-43.17289649999998 HTTP/1.1" 200 235 "https://guardioesdasaude.org/health-map" "Mozilla/5.0 (Windows NT 6.1; WOW64) AppleWebKit/537.36 (KHTML, like Gecko) Chrome/51.0.2704.103 Safari/537.36"
186.215.205.123 - - [18/Jul/2016:15:14:07 -0300] "OPTIONS /charts/pins?lat=-22.906710369300725&lon=-43.17289649999998 HTTP/1.1" 204 0 "https://guardioesdasaude.org/health-map" "Mozilla/5.0 (Windows NT 6.1; WOW64) AppleWebKit/537.36 (KHTML, like Gecko) Chrome/51.0.2704.103 Safari/537.36"
186.215.205.123 - - [18/Jul/2016:15:14:07 -0300] "GET /surveys/summary?lat=-22.906710369300725&lon=-43.17289649999998 HTTP/1.1" 200 235 "https://guardioesdasaude.org/health-map" "Mozilla/5.0 (Windows NT 6.1; WOW64) AppleWebKit/537.36 (KHTML, like Gecko) Chrome/51.0.2704.103 Safari/537.36"
186.215.205.123 - - [18/Jul/2016:15:14:07 -0300] "GET /charts/pins?lat=-22.906710369300725&lon=-43.17289649999998 HTTP/1.1" 200 311 "https://guardioesdasaude.org/health-map" "Mozilla/5.0 (Windows NT 6.1; WOW64) AppleWebKit/537.36 (KHTML, like Gecko) Chrome/51.0.2704.103 Safari/537.36"
186.215.205.123 - - [18/Jul/2016:15:14:07 -0300] "GET /charts/pins?lat=-22.906710369300725&lon=-43.17289649999998 HTTP/1.1" 200 311 "https://guardioesdasaude.org/health-map" "Mozilla/5.0 (Windows NT 6.1; WOW64) AppleWebKit/537.36 (KHTML, like Gecko) Chrome/51.0.2704.103 Safari/537.36"
187.36.89.44 - - [18/Jul/2016:15:14:18 -0300] "OPTIONS /user/login HTTP/1.1" 204 0 "https://guardioesdasaude.org/login/email" "Mozilla/5.0 (Windows NT 10.0; WOW64) AppleWebKit/537.36 (KHTML, like Gecko) Chrome/51.0.2704.103 Safari/537.36"
187.36.89.44 - - [18/Jul/2016:15:14:18 -0300] "POST /user/login HTTP/1.1" 200 2061 "https://guardioesdasaude.org/login/email" "Mozilla/5.0 (Windows NT 10.0; WOW64) AppleWebKit/537.36 (KHTML, like Gecko) Chrome/51.0.2704.103 Safari/537.36"
187.36.89.44 - - [18/Jul/2016:15:14:19 -0300] "GET /search/cities?limit=5 HTTP/1.1" 200 165 "https://guardioesdasaude.org/survey" "Mozilla/5.0 (Windows NT 10.0; WOW64) AppleWebKit/537.36 (KHTML, like Gecko) Chrome/51.0.2704.103 Safari/537.36"
187.36.89.44 - - [18/Jul/2016:15:14:19 -0300] "GET /search/cities?limit=5 HTTP/1.1" 200 165 "https://guardioesdasaude.org/survey" "Mozilla/5.0 (Windows NT 10.0; WOW64) AppleWebKit/537.36 (KHTML, like Gecko) Chrome/51.0.2704.103 Safari/537.36"
187.36.89.44 - - [18/Jul/2016:15:14:26 -0300] "GET /search/cities?limit=5 HTTP/1.1" 200 165 "https://guardioesdasaude.org/" "Mozilla/5.0 (Windows NT 10.0; WOW64) AppleWebKit/537.36 (KHTML, like Gecko) Chrome/51.0.2704.103 Safari/537.36"
186.215.205.123 - - [18/Jul/2016:15:14:30 -0300] "OPTIONS /user/get?gl=113148303823846338002 HTTP/1.1" 204 0 "https://guardioesdasaude.org/login" "Mozilla/5.0 (Windows NT 6.1; WOW64) AppleWebKit/537.36 (KHTML, like Gecko) Chrome/51.0.2704.103 Safari/537.36"
186.215.205.123 - - [18/Jul/2016:15:14:30 -0300] "GET /user/get?gl=113148303823846338002 HTTP/1.1" 200 56 "https://guardioesdasaude.org/login" "Mozilla/5.0 (Windows NT 6.1; WOW64) AppleWebKit/537.36 (KHTML, like Gecko) Chrome/51.0.2704.103 Safari/537.36"
186.250.5.106 - - [18/Jul/2016:15:14:35 -0300] "POST /user/login HTTP/1.1" 200 77 "-" "Dalvik/2.1.0 (Linux; U; Android 5.1.1; SM-J320M Build/LMY47V)"
187.36.89.44 - - [18/Jul/2016:15:14:37 -0300] "OPTIONS /charts/pins?lat=-15.7942287&lon=-47.882165799999996 HTTP/1.1" 204 0 "https://guardioesdasaude.org/health-map" "Mozilla/5.0 (Windows NT 10.0; WOW64) AppleWebKit/537.36 (KHTML, like Gecko) Chrome/51.0.2704.103 Safari/537.36"
187.36.89.44 - - [18/Jul/2016:15:14:37 -0300] "OPTIONS /surveys/summary?lat=-15.7942287&lon=-47.882165799999996 HTTP/1.1" 204 0 "https://guardioesdasaude.org/health-map" "Mozilla/5.0 (Windows NT 10.0; WOW64) AppleWebKit/537.36 (KHTML, like Gecko) Chrome/51.0.2704.103 Safari/537.36"
187.36.89.44 - - [18/Jul/2016:15:14:37 -0300] "GET /charts/pins?lat=-15.7942287&lon=-47.882165799999996 HTTP/1.1" 200 213 "https://guardioesdasaude.org/health-map" "Mozilla/5.0 (Windows NT 10.0; WOW64) AppleWebKit/537.36 (KHTML, like Gecko) Chrome/51.0.2704.103 Safari/537.36"
187.36.89.44 - - [18/Jul/2016:15:14:37 -0300] "OPTIONS /surveys/summary?lat=-15.79412911248863&lon=-47.882165799999996 HTTP/1.1" 204 0 "https://guardioesdasaude.org/health-map" "Mozilla/5.0 (Windows NT 10.0; WOW64) AppleWebKit/537.36 (KHTML, like Gecko) Chrome/51.0.2704.103 Safari/537.36"
187.36.89.44 - - [18/Jul/2016:15:14:37 -0300] "OPTIONS /charts/pins?lat=-15.79412911248863&lon=-47.882165799999996 HTTP/1.1" 204 0 "https://guardioesdasaude.org/health-map" "Mozilla/5.0 (Windows NT 10.0; WOW64) AppleWebKit/537.36 (KHTML, like Gecko) Chrome/51.0.2704.103 Safari/537.36"
187.36.89.44 - - [18/Jul/2016:15:14:37 -0300] "GET /surveys/summary?lat=-15.7942287&lon=-47.882165799999996 HTTP/1.1" 200 232 "https://guardioesdasaude.org/health-map" "Mozilla/5.0 (Windows NT 10.0; WOW64) AppleWebKit/537.36 (KHTML, like Gecko) Chrome/51.0.2704.103 Safari/537.36"
187.36.89.44 - - [18/Jul/2016:15:14:38 -0300] "GET /surveys/summary?lat=-15.79412911248863&lon=-47.882165799999996 HTTP/1.1" 200 211 "https://guardioesdasaude.org/health-map" "Mozilla/5.0 (Windows NT 10.0; WOW64) AppleWebKit/537.36 (KHTML, like Gecko) Chrome/51.0.2704.103 Safari/537.36"
187.36.89.44 - - [18/Jul/2016:15:14:38 -0300] "GET /charts/pins?lat=-15.79412911248863&lon=-47.882165799999996 HTTP/1.1" 200 213 "https://guardioesdasaude.org/health-map" "Mozilla/5.0 (Windows NT 10.0; WOW64) AppleWebKit/537.36 (KHTML, like Gecko) Chrome/51.0.2704.103 Safari/537.36"
187.36.89.44 - - [18/Jul/2016:15:14:38 -0300] "GET /charts/pins?lat=-15.79412911248863&lon=-47.882165799999996 HTTP/1.1" 200 213 "https://guardioesdasaude.org/health-map" "Mozilla/5.0 (Windows NT 10.0; WOW64) AppleWebKit/537.36 (KHTML, like Gecko) Chrome/51.0.2704.103 Safari/537.36"
50.112.95.211 - - [18/Jul/2016:15:14:51 -0300] "GET / HTTP/1.0" 200 11894 "-" "NewRelicPinger/1.0 (954132)"
186.250.5.106 - - [18/Jul/2016:15:14:53 -0300] "POST /user/login HTTP/1.1" 200 77 "-" "Dalvik/2.1.0 (Linux; U; Android 5.1.1; SM-J320M Build/LMY47V)"
186.250.5.106 - - [18/Jul/2016:15:15:08 -0300] "POST /user/login HTTP/1.1" 200 77 "-" "Dalvik/2.1.0 (Linux; U; Android 5.1.1; SM-J320M Build/LMY47V)"
54.247.188.179 - - [18/Jul/2016:15:15:22 -0300] "GET / HTTP/1.0" 200 11894 "-" "NewRelicPinger/1.0 (954132)"
184.73.237.85 - - [18/Jul/2016:15:16:01 -0300] "GET / HTTP/1.0" 200 11894 "-" "NewRelicPinger/1.0 (954132)"
54.248.250.232 - - [18/Jul/2016:15:16:27 -0300] "GET / HTTP/1.0" 200 11894 "-" "NewRelicPinger/1.0 (954132)"
54.251.34.67 - - [18/Jul/2016:15:16:45 -0300] "GET / HTTP/1.0" 200 11894 "-" "NewRelicPinger/1.0 (954132)"
50.112.95.211 - - [18/Jul/2016:15:17:21 -0300] "GET / HTTP/1.0" 200 11894 "-" "NewRelicPinger/1.0 (954132)"
54.247.188.179 - - [18/Jul/2016:15:17:55 -0300] "GET / HTTP/1.0" 200 11894 "-" "NewRelicPinger/1.0 (954132)"
184.73.237.85 - - [18/Jul/2016:15:18:32 -0300] "GET / HTTP/1.0" 200 11894 "-" "NewRelicPinger/1.0 (954132)"
54.248.250.232 - - [18/Jul/2016:15:18:56 -0300] "GET / HTTP/1.0" 200 11894 "-" "NewRelicPinger/1.0 (954132)"
54.251.34.67 - - [18/Jul/2016:15:19:15 -0300] "GET / HTTP/1.0" 200 11894 "-" "NewRelicPinger/1.0 (954132)"
50.112.95.211 - - [18/Jul/2016:15:19:51 -0300] "GET / HTTP/1.0" 200 11894 "-" "NewRelicPinger/1.0 (954132)"
187.111.97.77 - - [18/Jul/2016:15:19:57 -0300] "OPTIONS /search/cities?limit=5 HTTP/1.1" 204 0 "https://guardioesdasaude.org/" "Mozilla/5.0 (Windows NT 6.1) AppleWebKit/537.36 (KHTML, like Gecko) Chrome/51.0.2704.103 Safari/537.36"
187.111.97.77 - - [18/Jul/2016:15:19:57 -0300] "GET /search/cities?limit=5 HTTP/1.1" 200 165 "https://guardioesdasaude.org/" "Mozilla/5.0 (Windows NT 6.1) AppleWebKit/537.36 (KHTML, like Gecko) Chrome/51.0.2704.103 Safari/537.36"
187.111.97.77 - - [18/Jul/2016:15:20:11 -0300] "OPTIONS /charts/pins?lat=-22.9068467&lon=-43.17289649999998 HTTP/1.1" 204 0 "https://guardioesdasaude.org/health-map" "Mozilla/5.0 (Windows NT 6.1) AppleWebKit/537.36 (KHTML, like Gecko) Chrome/51.0.2704.103 Safari/537.36"
187.111.97.77 - - [18/Jul/2016:15:20:11 -0300] "OPTIONS /surveys/summary?lat=-22.9068467&lon=-43.17289649999998 HTTP/1.1" 204 0 "https://guardioesdasaude.org/health-map" "Mozilla/5.0 (Windows NT 6.1) AppleWebKit/537.36 (KHTML, like Gecko) Chrome/51.0.2704.103 Safari/537.36"
187.111.97.77 - - [18/Jul/2016:15:20:11 -0300] "GET /charts/pins?lat=-22.9068467&lon=-43.17289649999998 HTTP/1.1" 200 311 "https://guardioesdasaude.org/health-map" "Mozilla/5.0 (Windows NT 6.1) AppleWebKit/537.36 (KHTML, like Gecko) Chrome/51.0.2704.103 Safari/537.36"
187.111.97.77 - - [18/Jul/2016:15:20:11 -0300] "GET /surveys/summary?lat=-22.9068467&lon=-43.17289649999998 HTTP/1.1" 200 235 "https://guardioesdasaude.org/health-map" "Mozilla/5.0 (Windows NT 6.1) AppleWebKit/537.36 (KHTML, like Gecko) Chrome/51.0.2704.103 Safari/537.36"
54.247.188.179 - - [18/Jul/2016:15:20:23 -0300] "GET / HTTP/1.0" 200 11894 "-" "NewRelicPinger/1.0 (954132)"
184.73.237.85 - - [18/Jul/2016:15:21:02 -0300] "GET / HTTP/1.0" 200 11894 "-" "NewRelicPinger/1.0 (954132)"
54.248.250.232 - - [18/Jul/2016:15:21:27 -0300] "GET / HTTP/1.0" 200 11894 "-" "NewRelicPinger/1.0 (954132)"
54.251.34.67 - - [18/Jul/2016:15:21:45 -0300] "GET / HTTP/1.0" 200 11894 "-" "NewRelicPinger/1.0 (954132)"
50.112.95.211 - - [18/Jul/2016:15:22:21 -0300] "GET / HTTP/1.0" 200 11894 "-" "NewRelicPinger/1.0 (954132)"
54.247.188.179 - - [18/Jul/2016:15:22:55 -0300] "GET / HTTP/1.0" 200 11894 "-" "NewRelicPinger/1.0 (954132)"
184.73.237.85 - - [18/Jul/2016:15:23:33 -0300] "GET / HTTP/1.0" 200 11894 "-" "NewRelicPinger/1.0 (954132)"
54.248.250.232 - - [18/Jul/2016:15:23:57 -0300] "GET / HTTP/1.0" 200 11894 "-" "NewRelicPinger/1.0 (954132)"
54.251.34.67 - - [18/Jul/2016:15:24:15 -0300] "GET / HTTP/1.0" 200 11894 "-" "NewRelicPinger/1.0 (954132)"
50.112.95.211 - - [18/Jul/2016:15:24:51 -0300] "GET / HTTP/1.0" 200 11894 "-" "NewRelicPinger/1.0 (954132)"
54.247.188.179 - - [18/Jul/2016:15:25:24 -0300] "GET / HTTP/1.0" 200 11894 "-" "NewRelicPinger/1.0 (954132)"
184.73.237.85 - - [18/Jul/2016:15:26:02 -0300] "GET / HTTP/1.0" 200 11894 "-" "NewRelicPinger/1.0 (954132)"
54.248.250.232 - - [18/Jul/2016:15:26:27 -0300] "GET / HTTP/1.0" 200 11894 "-" "NewRelicPinger/1.0 (954132)"
54.251.34.67 - - [18/Jul/2016:15:26:45 -0300] "GET / HTTP/1.0" 200 11894 "-" "NewRelicPinger/1.0 (954132)"
50.112.95.211 - - [18/Jul/2016:15:27:21 -0300] "GET / HTTP/1.0" 200 11894 "-" "NewRelicPinger/1.0 (954132)"
54.247.188.179 - - [18/Jul/2016:15:27:54 -0300] "GET / HTTP/1.0" 200 11894 "-" "NewRelicPinger/1.0 (954132)"
184.73.237.85 - - [18/Jul/2016:15:28:33 -0300] "GET / HTTP/1.0" 200 11894 "-" "NewRelicPinger/1.0 (954132)"
177.38.200.177 - - [18/Jul/2016:15:28:44 -0300] "POST /user/login HTTP/1.1" 200 3481 "-" "Dalvik/2.1.0 (Linux; U; Android 6.0; XT1069 Build/MPB24.65-34)"
54.248.250.232 - - [18/Jul/2016:15:28:56 -0300] "GET / HTTP/1.0" 200 11894 "-" "NewRelicPinger/1.0 (954132)"
200.137.135.50 - - [18/Jul/2016:15:29:08 -0300] "GET /user/get?fb=856827544450254 HTTP/1.1" 200 56 "-" "Dalvik/2.1.0 (Linux; U; Android 6.0.1; Nexus 5 Build/MOB30P)"
54.251.34.67 - - [18/Jul/2016:15:29:15 -0300] "GET / HTTP/1.0" 200 11894 "-" "NewRelicPinger/1.0 (954132)"
179.104.176.134 - - [18/Jul/2016:15:29:49 -0300] "OPTIONS /search/cities?limit=5 HTTP/1.1" 204 0 "https://guardioesdasaude.org/" "Mozilla/5.0 (Windows NT 6.1; WOW64) AppleWebKit/537.36 (KHTML, like Gecko) Chrome/51.0.2704.103 Safari/537.36"
179.104.176.134 - - [18/Jul/2016:15:29:49 -0300] "GET /search/cities?limit=5 HTTP/1.1" 200 165 "https://guardioesdasaude.org/" "Mozilla/5.0 (Windows NT 6.1; WOW64) AppleWebKit/537.36 (KHTML, like Gecko) Chrome/51.0.2704.103 Safari/537.36"
50.112.95.211 - - [18/Jul/2016:15:29:51 -0300] "GET / HTTP/1.0" 200 11894 "-" "NewRelicPinger/1.0 (954132)"
200.137.135.50 - - [18/Jul/2016:15:29:53 -0300] "POST /user/create HTTP/1.1" 200 604 "-" "Dalvik/2.1.0 (Linux; U; Android 6.0.1; Nexus 5 Build/MOB30P)"
54.247.188.179 - - [18/Jul/2016:15:30:25 -0300] "GET / HTTP/1.0" 200 11894 "-" "NewRelicPinger/1.0 (954132)"
200.137.135.50 - - [18/Jul/2016:15:30:27 -0300] "POST /survey/create HTTP/1.1" 200 443 "-" "Dalvik/2.1.0 (Linux; U; Android 6.0.1; Nexus 5 Build/MOB30P)"
200.137.135.50 - - [18/Jul/2016:15:30:27 -0300] "GET /user/calendar/day?day=18&month=6&year=2016 HTTP/1.1" 200 58 "-" "Dalvik/2.1.0 (Linux; U; Android 6.0.1; Nexus 5 Build/MOB30P)"
177.38.200.177 - - [18/Jul/2016:15:30:58 -0300] "GET /user/lookup/ HTTP/1.1" 200 13827 "-" "Guardioes da Saude/2.0 (iPhone; iOS 9.3.2; Scale/2.00)"
177.38.200.177 - - [18/Jul/2016:15:30:59 -0300] "GET /user/calendar/day?&day=18&month=7&year=2016 HTTP/1.1" 200 58 "-" "Guardioes da Saude/2.0 (iPhone; iOS 9.3.2; Scale/2.00)"
184.73.237.85 - - [18/Jul/2016:15:31:03 -0300] "GET / HTTP/1.0" 200 11894 "-" "NewRelicPinger/1.0 (954132)"
54.248.250.232 - - [18/Jul/2016:15:31:35 -0300] "GET / HTTP/1.0" 200 11894 "-" "NewRelicPinger/1.0 (954132)"
54.251.34.67 - - [18/Jul/2016:15:31:45 -0300] "GET / HTTP/1.0" 200 11894 "-" "NewRelicPinger/1.0 (954132)"
179.104.176.134 - - [18/Jul/2016:15:31:57 -0300] "OPTIONS /charts/pins?lat=-18.9146078&lon=-48.27538010000001 HTTP/1.1" 204 0 "https://guardioesdasaude.org/health-map" "Mozilla/5.0 (Windows NT 6.1; WOW64) AppleWebKit/537.36 (KHTML, like Gecko) Chrome/51.0.2704.103 Safari/537.36"
179.104.176.134 - - [18/Jul/2016:15:31:57 -0300] "OPTIONS /surveys/summary?lat=-18.9146078&lon=-48.27538010000001 HTTP/1.1" 204 0 "https://guardioesdasaude.org/health-map" "Mozilla/5.0 (Windows NT 6.1; WOW64) AppleWebKit/537.36 (KHTML, like Gecko) Chrome/51.0.2704.103 Safari/537.36"
179.104.176.134 - - [18/Jul/2016:15:31:57 -0300] "OPTIONS /surveys/summary?lat=-18.91449119757781&lon=-48.27538010000001 HTTP/1.1" 204 0 "https://guardioesdasaude.org/health-map" "Mozilla/5.0 (Windows NT 6.1; WOW64) AppleWebKit/537.36 (KHTML, like Gecko) Chrome/51.0.2704.103 Safari/537.36"
179.104.176.134 - - [18/Jul/2016:15:31:57 -0300] "OPTIONS /charts/pins?lat=-18.91449119757781&lon=-48.27538010000001 HTTP/1.1" 204 0 "https://guardioesdasaude.org/health-map" "Mozilla/5.0 (Windows NT 6.1; WOW64) AppleWebKit/537.36 (KHTML, like Gecko) Chrome/51.0.2704.103 Safari/537.36"
179.104.176.134 - - [18/Jul/2016:15:31:57 -0300] "OPTIONS /charts/pins?lat=-18.91449119757781&lon=-48.27538010000001 HTTP/1.1" 204 0 "https://guardioesdasaude.org/health-map" "Mozilla/5.0 (Windows NT 6.1; WOW64) AppleWebKit/537.36 (KHTML, like Gecko) Chrome/51.0.2704.103 Safari/537.36"
179.104.176.134 - - [18/Jul/2016:15:31:57 -0300] "GET /charts/pins?lat=-18.9146078&lon=-48.27538010000001 HTTP/1.1" 200 56 "https://guardioesdasaude.org/health-map" "Mozilla/5.0 (Windows NT 6.1; WOW64) AppleWebKit/537.36 (KHTML, like Gecko) Chrome/51.0.2704.103 Safari/537.36"
179.104.176.134 - - [18/Jul/2016:15:31:57 -0300] "GET /surveys/summary?lat=-18.9146078&lon=-48.27538010000001 HTTP/1.1" 200 224 "https://guardioesdasaude.org/health-map" "Mozilla/5.0 (Windows NT 6.1; WOW64) AppleWebKit/537.36 (KHTML, like Gecko) Chrome/51.0.2704.103 Safari/537.36"
179.104.176.134 - - [18/Jul/2016:15:31:57 -0300] "GET /surveys/summary?lat=-18.91449119757781&lon=-48.27538010000001 HTTP/1.1" 200 227 "https://guardioesdasaude.org/health-map" "Mozilla/5.0 (Windows NT 6.1; WOW64) AppleWebKit/537.36 (KHTML, like Gecko) Chrome/51.0.2704.103 Safari/537.36"
179.104.176.134 - - [18/Jul/2016:15:31:57 -0300] "GET /charts/pins?lat=-18.91449119757781&lon=-48.27538010000001 HTTP/1.1" 200 56 "https://guardioesdasaude.org/health-map" "Mozilla/5.0 (Windows NT 6.1; WOW64) AppleWebKit/537.36 (KHTML, like Gecko) Chrome/51.0.2704.103 Safari/537.36"
179.104.176.134 - - [18/Jul/2016:15:31:58 -0300] "GET /charts/pins?lat=-18.91449119757781&lon=-48.27538010000001 HTTP/1.1" 200 56 "https://guardioesdasaude.org/health-map" "Mozilla/5.0 (Windows NT 6.1; WOW64) AppleWebKit/537.36 (KHTML, like Gecko) Chrome/51.0.2704.103 Safari/537.36"
50.112.95.211 - - [18/Jul/2016:15:32:21 -0300] "GET / HTTP/1.0" 200 11894 "-" "NewRelicPinger/1.0 (954132)"
54.247.188.179 - - [18/Jul/2016:15:32:55 -0300] "GET / HTTP/1.0" 200 11894 "-" "NewRelicPinger/1.0 (954132)"
184.73.237.85 - - [18/Jul/2016:15:33:33 -0300] "GET / HTTP/1.0" 200 11894 "-" "NewRelicPinger/1.0 (954132)"
54.248.250.232 - - [18/Jul/2016:15:34:03 -0300] "GET / HTTP/1.0" 200 11894 "-" "NewRelicPinger/1.0 (954132)"
54.251.34.67 - - [18/Jul/2016:15:34:15 -0300] "GET / HTTP/1.0" 200 11894 "-" "NewRelicPinger/1.0 (954132)"
50.112.95.211 - - [18/Jul/2016:15:34:51 -0300] "GET / HTTP/1.0" 200 11894 "-" "NewRelicPinger/1.0 (954132)"
54.247.188.179 - - [18/Jul/2016:15:35:24 -0300] "GET / HTTP/1.0" 200 11894 "-" "NewRelicPinger/1.0 (954132)"
200.137.135.52 - - [18/Jul/2016:15:35:57 -0300] "OPTIONS /search/cities?limit=5 HTTP/1.1" 204 0 "https://guardioesdasaude.org/" "Mozilla/5.0 (Windows NT 10.0; Win64; x64) AppleWebKit/537.36 (KHTML, like Gecko) Chrome/51.0.2704.103 Safari/537.36"
200.137.135.52 - - [18/Jul/2016:15:35:57 -0300] "GET /search/cities?limit=5 HTTP/1.1" 200 165 "https://guardioesdasaude.org/" "Mozilla/5.0 (Windows NT 10.0; Win64; x64) AppleWebKit/537.36 (KHTML, like Gecko) Chrome/51.0.2704.103 Safari/537.36"
184.73.237.85 - - [18/Jul/2016:15:36:03 -0300] "GET / HTTP/1.0" 200 11894 "-" "NewRelicPinger/1.0 (954132)"
189.9.35.189 - - [18/Jul/2016:15:36:29 -0300] "GET /user/lookup/ HTTP/1.1" 200 1708 "-" "Guardioes da Saude/2.0 (iPhone; iOS 9.3.2; Scale/2.00)"
189.9.35.189 - - [18/Jul/2016:15:36:29 -0300] "GET /user/calendar/day?&day=18&month=7&year=2016 HTTP/1.1" 200 126 "-" "Guardioes da Saude/2.0 (iPhone; iOS 9.3.2; Scale/2.00)"
189.9.35.189 - - [18/Jul/2016:15:36:31 -0300] "GET /user/household/56e975a2b7bc6cce132619d5 HTTP/1.1" 200 56 "-" "Guardioes da Saude/2.0 (iPhone; iOS 9.3.2; Scale/2.00)"
189.9.35.189 - - [18/Jul/2016:15:36:33 -0300] "POST /survey/create HTTP/1.1" 200 529 "-" "Guardioes da Saude/2.0 (iPhone; iOS 9.3.2; Scale/2.00)"
54.248.250.232 - - [18/Jul/2016:15:36:34 -0300] "GET / HTTP/1.0" 200 11894 "-" "NewRelicPinger/1.0 (954132)"
189.9.35.189 - - [18/Jul/2016:15:36:38 -0300] "GET /user/calendar/day?&day=18&month=7&year=2016 HTTP/1.1" 200 126 "-" "Guardioes da Saude/2.0 (iPhone; iOS 9.3.2; Scale/2.00)"
189.9.35.189 - - [18/Jul/2016:15:36:40 -0300] "GET /user/household/56e975a2b7bc6cce132619d5 HTTP/1.1" 200 56 "-" "Guardioes da Saude/2.0 (iPhone; iOS 9.3.2; Scale/2.00)"
189.9.35.189 - - [18/Jul/2016:15:36:43 -0300] "POST /survey/create HTTP/1.1" 200 531 "-" "Guardioes da Saude/2.0 (iPhone; iOS 9.3.2; Scale/2.00)"
54.251.34.67 - - [18/Jul/2016:15:36:45 -0300] "GET / HTTP/1.0" 200 11894 "-" "NewRelicPinger/1.0 (954132)"
189.9.35.189 - - [18/Jul/2016:15:36:47 -0300] "GET /user/calendar/day?&day=18&month=7&year=2016 HTTP/1.1" 200 126 "-" "Guardioes da Saude/2.0 (iPhone; iOS 9.3.2; Scale/2.00)"
189.9.35.189 - - [18/Jul/2016:15:36:53 -0300] "GET /news/get HTTP/1.1" 200 3601 "-" "Guardioes da Saude/2.0 (iPhone; iOS 9.3.2; Scale/2.00)"
189.9.35.189 - - [18/Jul/2016:15:37:08 -0300] "GET /content/upas.json HTTP/1.1" 200 22982 "-" "Guardioes da Saude/2.0 (iPhone; iOS 9.3.2; Scale/2.00)"
50.112.95.211 - - [18/Jul/2016:15:37:21 -0300] "GET / HTTP/1.0" 200 11894 "-" "NewRelicPinger/1.0 (954132)"
189.9.35.189 - - [18/Jul/2016:15:37:37 -0300] "GET /user/household/56e975a2b7bc6cce132619d5 HTTP/1.1" 200 56 "-" "Guardioes da Saude/2.0 (iPhone; iOS 9.3.2; Scale/2.00)"
189.9.35.189 - - [18/Jul/2016:15:37:38 -0300] "GET /user/survey/summary HTTP/1.1" 200 70 "-" "Guardioes da Saude/2.0 (iPhone; iOS 9.3.2; Scale/2.00)"
189.9.35.189 - - [18/Jul/2016:15:37:38 -0300] "GET /user/calendar/year?&year=2016 HTTP/1.1" 200 135 "-" "Guardioes da Saude/2.0 (iPhone; iOS 9.3.2; Scale/2.00)"
189.9.35.189 - - [18/Jul/2016:15:37:38 -0300] "GET /user/calendar/month?&month=7&year=2016 HTTP/1.1" 200 135 "-" "Guardioes da Saude/2.0 (iPhone; iOS 9.3.2; Scale/2.00)"
189.9.35.189 - - [18/Jul/2016:15:37:53 -0300] "GET /surveys/l?lat=-15.799917&lon=-47.868593 HTTP/1.1" 200 214 "-" "Guardioes da Saude/2.0 (iPhone; iOS 9.3.2; Scale/2.00)"
189.9.35.189 - - [18/Jul/2016:15:37:53 -0300] "GET /surveys/summary?lat=-15.79991688323474&lon=-47.86859458664215 HTTP/1.1" 200 199 "-" "Guardioes da Saude/2.0 (iPhone; iOS 9.3.2; Scale/2.00)"
54.247.188.179 - - [18/Jul/2016:15:37:55 -0300] "GET / HTTP/1.0" 200 11894 "-" "NewRelicPinger/1.0 (954132)"
189.9.35.189 - - [18/Jul/2016:15:38:17 -0300] "GET /surveys/l?lat=-15.799917&lon=-47.868593 HTTP/1.1" 200 214 "-" "Guardioes da Saude/2.0 (iPhone; iOS 9.3.2; Scale/2.00)"
189.9.35.189 - - [18/Jul/2016:15:38:17 -0300] "GET /surveys/summary?lat=-15.80002557580926&lon=-47.86858625304048 HTTP/1.1" 200 199 "-" "Guardioes da Saude/2.0 (iPhone; iOS 9.3.2; Scale/2.00)"
187.122.249.217 - - [18/Jul/2016:15:38:18 -0300] "GET /user/get?gl=109251128812905690437 HTTP/1.1" 200 971 "-" "Dalvik/2.1.0 (Linux; U; Android 6.0.1; ASUS_Z00LD Build/MMB29P)"
189.9.35.189 - - [18/Jul/2016:15:38:23 -0300] "GET /surveys/l?lat=-16.120943&lon=-48.008272 HTTP/1.1" 200 56 "-" "Guardioes da Saude/2.0 (iPhone; iOS 9.3.2; Scale/2.00)"
189.9.35.189 - - [18/Jul/2016:15:38:24 -0300] "GET /surveys/summary?lat=-16.12094274294117&lon=-48.00827180840894 HTTP/1.1" 200 227 "-" "Guardioes da Saude/2.0 (iPhone; iOS 9.3.2; Scale/2.00)"
189.9.35.189 - - [18/Jul/2016:15:38:27 -0300] "GET /surveys/l?lat=-16.102227&lon=-48.009516 HTTP/1.1" 200 1179 "-" "Guardioes da Saude/2.0 (iPhone; iOS 9.3.2; Scale/2.00)"
189.9.35.189 - - [18/Jul/2016:15:38:27 -0300] "GET /surveys/summary?lat=-16.10222718456592&lon=-48.00951569888436 HTTP/1.1" 200 203 "-" "Guardioes da Saude/2.0 (iPhone; iOS 9.3.2; Scale/2.00)"
189.9.35.189 - - [18/Jul/2016:15:38:28 -0300] "GET /surveys/l?lat=-16.039956&lon=-48.002272 HTTP/1.1" 200 1179 "-" "Guardioes da Saude/2.0 (iPhone; iOS 9.3.2; Scale/2.00)"
189.9.35.189 - - [18/Jul/2016:15:38:28 -0300] "GET /surveys/summary?lat=-16.03995627339017&lon=-48.00227171519235 HTTP/1.1" 200 216 "-" "Guardioes da Saude/2.0 (iPhone; iOS 9.3.2; Scale/2.00)"
191.174.220.1 - - [18/Jul/2016:15:38:30 -0300] "GET /user/get?fb=1057184234317819 HTTP/1.1" 200 56 "-" "Guardioes da Saude/2.0 (iPhone; iOS 9.3.2; Scale/2.00)"
187.122.249.217 - - [18/Jul/2016:15:38:31 -0300] "GET /user/get?gl=109251128812905690437 HTTP/1.1" 200 971 "-" "Dalvik/2.1.0 (Linux; U; Android 6.0.1; ASUS_Z00LD Build/MMB29P)"
184.73.237.85 - - [18/Jul/2016:15:38:33 -0300] "GET / HTTP/1.0" 200 11894 "-" "NewRelicPinger/1.0 (954132)"
189.9.35.189 - - [18/Jul/2016:15:38:36 -0300] "GET /surveys/l?lat=-15.799917&lon=-47.868593 HTTP/1.1" 200 214 "-" "Guardioes da Saude/2.0 (iPhone; iOS 9.3.2; Scale/2.00)"
189.9.35.189 - - [18/Jul/2016:15:38:36 -0300] "GET /surveys/summary?lat=-15.80002557580926&lon=-47.86858625304048 HTTP/1.1" 200 199 "-" "Guardioes da Saude/2.0 (iPhone; iOS 9.3.2; Scale/2.00)"
189.9.35.189 - - [18/Jul/2016:15:38:42 -0300] "GET /user/household/56e975a2b7bc6cce132619d5 HTTP/1.1" 200 56 "-" "Guardioes da Saude/2.0 (iPhone; iOS 9.3.2; Scale/2.00)"
189.9.35.189 - - [18/Jul/2016:15:38:44 -0300] "POST /survey/create HTTP/1.1" 200 531 "-" "Guardioes da Saude/2.0 (iPhone; iOS 9.3.2; Scale/2.00)"
187.122.249.217 - - [18/Jul/2016:15:38:44 -0300] "GET /user/get?tw=69937475-xrAxANwqF6FgYWxptziYXFZTAF8n5yrMVKNFyvoiN HTTP/1.1" 200 3069 "-" "Dalvik/2.1.0 (Linux; U; Android 6.0.1; ASUS_Z00LD Build/MMB29P)"
189.9.35.189 - - [18/Jul/2016:15:38:45 -0300] "GET /user/calendar/day?&day=18&month=7&year=2016 HTTP/1.1" 200 126 "-" "Guardioes da Saude/2.0 (iPhone; iOS 9.3.2; Scale/2.00)"
189.9.35.189 - - [18/Jul/2016:15:38:47 -0300] "GET /user/household/56e975a2b7bc6cce132619d5 HTTP/1.1" 200 56 "-" "Guardioes da Saude/2.0 (iPhone; iOS 9.3.2; Scale/2.00)"
187.122.249.217 - - [18/Jul/2016:15:38:49 -0300] "GET /user/get?gl=109251128812905690437 HTTP/1.1" 200 971 "-" "Dalvik/2.1.0 (Linux; U; Android 6.0.1; ASUS_Z00LD Build/MMB29P)"
189.9.35.189 - - [18/Jul/2016:15:38:50 -0300] "GET /user/household/56e975a2b7bc6cce132619d5 HTTP/1.1" 200 56 "-" "Guardioes da Saude/2.0 (iPhone; iOS 9.3.2; Scale/2.00)"
187.122.249.217 - - [18/Jul/2016:15:38:54 -0300] "POST /user/login HTTP/1.1" 200 1119 "-" "Dalvik/2.1.0 (Linux; U; Android 6.0.1; ASUS_Z00LD Build/MMB29P)"
189.9.35.189 - - [18/Jul/2016:15:38:56 -0300] "GET /user/household/56e975a2b7bc6cce132619d5 HTTP/1.1" 200 56 "-" "Guardioes da Saude/2.0 (iPhone; iOS 9.3.2; Scale/2.00)"
187.122.249.217 - - [18/Jul/2016:15:39:03 -0300] "GET /user/get?gl=109251128812905690437 HTTP/1.1" 200 1089 "-" "Dalvik/2.1.0 (Linux; U; Android 6.0.1; ASUS_Z00LD Build/MMB29P)"
187.122.249.217 - - [18/Jul/2016:15:39:03 -0300] "POST /user/login HTTP/1.1" 200 1115 "-" "Dalvik/2.1.0 (Linux; U; Android 6.0.1; ASUS_Z00LD Build/MMB29P)"
54.248.250.232 - - [18/Jul/2016:15:39:04 -0300] "GET / HTTP/1.0" 200 11894 "-" "NewRelicPinger/1.0 (954132)"
187.122.249.217 - - [18/Jul/2016:15:39:12 -0300] "GET /user/get?tw=69937475-xrAxANwqF6FgYWxptziYXFZTAF8n5yrMVKNFyvoiN HTTP/1.1" 200 3069 "-" "Dalvik/2.1.0 (Linux; U; Android 6.0.1; ASUS_Z00LD Build/MMB29P)"
187.122.249.217 - - [18/Jul/2016:15:39:13 -0300] "POST /user/login HTTP/1.1" 200 3225 "-" "Dalvik/2.1.0 (Linux; U; Android 6.0.1; ASUS_Z00LD Build/MMB29P)"
54.251.34.67 - - [18/Jul/2016:15:39:15 -0300] "GET / HTTP/1.0" 200 11894 "-" "NewRelicPinger/1.0 (954132)"
189.9.35.189 - - [18/Jul/2016:15:39:20 -0300] "GET /user/calendar/day?&day=18&month=7&year=2016 HTTP/1.1" 200 126 "-" "Guardioes da Saude/2.0 (iPhone; iOS 9.3.2; Scale/2.00)"
189.9.35.189 - - [18/Jul/2016:15:39:23 -0300] "GET /user/household/56e975a2b7bc6cce132619d5 HTTP/1.1" 200 56 "-" "Guardioes da Saude/2.0 (iPhone; iOS 9.3.2; Scale/2.00)"
189.9.35.189 - - [18/Jul/2016:15:39:26 -0300] "POST /survey/create HTTP/1.1" 200 528 "-" "Guardioes da Saude/2.0 (iPhone; iOS 9.3.2; Scale/2.00)"
189.9.35.189 - - [18/Jul/2016:15:39:29 -0300] "GET /user/calendar/day?&day=18&month=7&year=2016 HTTP/1.1" 200 126 "-" "Guardioes da Saude/2.0 (iPhone; iOS 9.3.2; Scale/2.00)"
191.174.220.1 - - [18/Jul/2016:15:39:31 -0300] "POST /user/create HTTP/1.1" 200 530 "-" "Guardioes da Saude/2.0 (iPhone; iOS 9.3.2; Scale/2.00)"
189.9.35.189 - - [18/Jul/2016:15:39:31 -0300] "GET /user/household/56e975a2b7bc6cce132619d5 HTTP/1.1" 200 56 "-" "Guardioes da Saude/2.0 (iPhone; iOS 9.3.2; Scale/2.00)"
191.174.220.1 - - [18/Jul/2016:15:39:31 -0300] "GET /user/calendar/day?&day=18&month=7&year=2016 HTTP/1.1" 200 58 "-" "Guardioes da Saude/2.0 (iPhone; iOS 9.3.2; Scale/2.00)"
189.9.35.189 - - [18/Jul/2016:15:39:31 -0300] "GET /user/calendar/month?&month=7&year=2016 HTTP/1.1" 200 135 "-" "Guardioes da Saude/2.0 (iPhone; iOS 9.3.2; Scale/2.00)"
189.9.35.189 - - [18/Jul/2016:15:39:31 -0300] "GET /user/calendar/year?&year=2016 HTTP/1.1" 200 135 "-" "Guardioes da Saude/2.0 (iPhone; iOS 9.3.2; Scale/2.00)"
189.9.35.189 - - [18/Jul/2016:15:39:31 -0300] "GET /user/survey/summary HTTP/1.1" 200 70 "-" "Guardioes da Saude/2.0 (iPhone; iOS 9.3.2; Scale/2.00)"
191.174.220.1 - - [18/Jul/2016:15:39:35 -0300] "POST /survey/create HTTP/1.1" 200 516 "-" "Guardioes da Saude/2.0 (iPhone; iOS 9.3.2; Scale/2.00)"
189.9.35.189 - - [18/Jul/2016:15:39:40 -0300] "GET /game/ranking/ HTTP/1.1" 200 187 "-" "Guardioes da Saude/2.0 (iPhone; iOS 9.3.2; Scale/2.00)"
191.174.220.1 - - [18/Jul/2016:15:39:41 -0300] "GET /user/calendar/day?&day=18&month=7&year=2016 HTTP/1.1" 200 116 "-" "Guardioes da Saude/2.0 (iPhone; iOS 9.3.2; Scale/2.00)"
189.9.35.189 - - [18/Jul/2016:15:39:50 -0300] "GET /game/questions/?lang=pt_BR HTTP/1.1" 200 803 "-" "Guardioes da Saude/2.0 (iPhone; iOS 9.3.2; Scale/2.00)"
50.112.95.211 - - [18/Jul/2016:15:39:51 -0300] "GET / HTTP/1.0" 200 11894 "-" "NewRelicPinger/1.0 (954132)"
189.9.35.189 - - [18/Jul/2016:15:39:53 -0300] "GET /user/household/56e975a2b7bc6cce132619d5 HTTP/1.1" 200 56 "-" "Guardioes da Saude/2.0 (iPhone; iOS 9.3.2; Scale/2.00)"
189.9.35.189 - - [18/Jul/2016:15:39:55 -0300] "POST /survey/create HTTP/1.1" 200 530 "-" "Guardioes da Saude/2.0 (iPhone; iOS 9.3.2; Scale/2.00)"
189.9.35.189 - - [18/Jul/2016:15:39:56 -0300] "GET /user/calendar/day?&day=18&month=7&year=2016 HTTP/1.1" 200 126 "-" "Guardioes da Saude/2.0 (iPhone; iOS 9.3.2; Scale/2.00)"
187.122.249.217 - - [18/Jul/2016:15:39:57 -0300] "POST /user/create HTTP/1.1" 200 593 "-" "Dalvik/2.1.0 (Linux; U; Android 6.0.1; ASUS_Z00LD Build/MMB29P)"
189.9.35.189 - - [18/Jul/2016:15:39:57 -0300] "GET /user/household/56e975a2b7bc6cce132619d5 HTTP/1.1" 200 56 "-" "Guardioes da Saude/2.0 (iPhone; iOS 9.3.2; Scale/2.00)"
189.9.35.189 - - [18/Jul/2016:15:39:59 -0300] "POST /survey/create HTTP/1.1" 200 529 "-" "Guardioes da Saude/2.0 (iPhone; iOS 9.3.2; Scale/2.00)"
189.9.35.189 - - [18/Jul/2016:15:40:00 -0300] "GET /user/calendar/day?&day=18&month=7&year=2016 HTTP/1.1" 200 126 "-" "Guardioes da Saude/2.0 (iPhone; iOS 9.3.2; Scale/2.00)"
191.174.220.1 - - [18/Jul/2016:15:40:01 -0300] "GET /news/get HTTP/1.1" 200 3601 "-" "Guardioes da Saude/2.0 (iPhone; iOS 9.3.2; Scale/2.00)"
54.247.188.179 - - [18/Jul/2016:15:40:25 -0300] "GET / HTTP/1.0" 200 11894 "-" "NewRelicPinger/1.0 (954132)"
184.73.237.85 - - [18/Jul/2016:15:41:02 -0300] "GET / HTTP/1.0" 200 11894 "-" "NewRelicPinger/1.0 (954132)"
54.248.250.232 - - [18/Jul/2016:15:41:34 -0300] "GET / HTTP/1.0" 200 11894 "-" "NewRelicPinger/1.0 (954132)"
54.251.34.67 - - [18/Jul/2016:15:41:45 -0300] "GET / HTTP/1.0" 200 11894 "-" "NewRelicPinger/1.0 (954132)"
50.112.95.211 - - [18/Jul/2016:15:42:21 -0300] "GET / HTTP/1.0" 200 11894 "-" "NewRelicPinger/1.0 (954132)"
54.247.188.179 - - [18/Jul/2016:15:42:55 -0300] "GET / HTTP/1.0" 200 11894 "-" "NewRelicPinger/1.0 (954132)"
184.73.237.85 - - [18/Jul/2016:15:43:32 -0300] "GET / HTTP/1.0" 200 11894 "-" "NewRelicPinger/1.0 (954132)"
177.38.200.177 - - [18/Jul/2016:15:43:57 -0300] "GET /user/lookup/ HTTP/1.1" 200 3463 "-" "Dalvik/2.1.0 (Linux; U; Android 6.0; XT1069 Build/MPB24.65-34)"
177.38.200.177 - - [18/Jul/2016:15:43:57 -0300] "GET /user/calendar/day?day=18&month=7&year=2016 HTTP/1.1" 200 58 "-" "Dalvik/2.1.0 (Linux; U; Android 6.0; XT1069 Build/MPB24.65-34)"
177.38.200.177 - - [18/Jul/2016:15:44:04 -0300] "GET /user/lookup/ HTTP/1.1" 200 3463 "-" "Dalvik/2.1.0 (Linux; U; Android 6.0; XT1069 Build/MPB24.65-34)"
54.248.250.232 - - [18/Jul/2016:15:44:04 -0300] "GET / HTTP/1.0" 200 11894 "-" "NewRelicPinger/1.0 (954132)"
177.38.200.177 - - [18/Jul/2016:15:44:05 -0300] "GET /user/calendar/day?day=18&month=7&year=2016 HTTP/1.1" 200 58 "-" "Dalvik/2.1.0 (Linux; U; Android 6.0; XT1069 Build/MPB24.65-34)"
177.38.200.177 - - [18/Jul/2016:15:44:10 -0300] "GET /user/lookup/ HTTP/1.1" 200 3462 "-" "Dalvik/2.1.0 (Linux; U; Android 6.0; XT1069 Build/MPB24.65-34)"
177.38.200.177 - - [18/Jul/2016:15:44:11 -0300] "GET /user/calendar/day?day=18&month=7&year=2016 HTTP/1.1" 200 58 "-" "Dalvik/2.1.0 (Linux; U; Android 6.0; XT1069 Build/MPB24.65-34)"
54.251.34.67 - - [18/Jul/2016:15:44:15 -0300] "GET / HTTP/1.0" 200 11894 "-" "NewRelicPinger/1.0 (954132)"
