50.112.95.211 - - [18/Jul/2016:11:21:25 -0300] "GET / HTTP/1.0" 200 11894 "-" "NewRelicPinger/1.0 (954132)"
54.248.250.232 - - [18/Jul/2016:11:22:22 -0300] "GET / HTTP/1.0" 200 11894 "-" "NewRelicPinger/1.0 (954132)"
54.251.34.67 - - [18/Jul/2016:11:22:54 -0300] "GET / HTTP/1.0" 200 11894 "-" "NewRelicPinger/1.0 (954132)"
54.247.188.179 - - [18/Jul/2016:11:22:55 -0300] "GET / HTTP/1.0" 200 11894 "-" "NewRelicPinger/1.0 (954132)"
50.112.95.211 - - [18/Jul/2016:11:23:25 -0300] "GET / HTTP/1.0" 200 11894 "-" "NewRelicPinger/1.0 (954132)"
54.248.250.232 - - [18/Jul/2016:11:24:22 -0300] "GET / HTTP/1.0" 200 11894 "-" "NewRelicPinger/1.0 (954132)"
54.251.34.67 - - [18/Jul/2016:11:24:55 -0300] "GET / HTTP/1.0" 200 11894 "-" "NewRelicPinger/1.0 (954132)"
54.247.188.179 - - [18/Jul/2016:11:24:55 -0300] "GET / HTTP/1.0" 200 11894 "-" "NewRelicPinger/1.0 (954132)"
50.112.95.211 - - [18/Jul/2016:11:25:25 -0300] "GET / HTTP/1.0" 200 11894 "-" "NewRelicPinger/1.0 (954132)"
54.248.250.232 - - [18/Jul/2016:11:26:22 -0300] "GET / HTTP/1.0" 200 11894 "-" "NewRelicPinger/1.0 (954132)"
54.251.34.67 - - [18/Jul/2016:11:26:55 -0300] "GET / HTTP/1.0" 200 11894 "-" "NewRelicPinger/1.0 (954132)"
54.247.188.179 - - [18/Jul/2016:11:26:56 -0300] "GET / HTTP/1.0" 200 11894 "-" "NewRelicPinger/1.0 (954132)"
200.192.72.1 - - [18/Jul/2016:11:27:24 -0300] "OPTIONS /search/cities?limit=5 HTTP/1.1" 204 0 "https://guardioesdasaude.org/" "Mozilla/5.0 (Windows NT 5.1) AppleWebKit/537.36 (KHTML, like Gecko) Chrome/49.0.2623.112 Safari/537.36"
200.192.72.1 - - [18/Jul/2016:11:27:24 -0300] "GET /search/cities?limit=5 HTTP/1.1" 200 165 "https://guardioesdasaude.org/" "Mozilla/5.0 (Windows NT 5.1) AppleWebKit/537.36 (KHTML, like Gecko) Chrome/49.0.2623.112 Safari/537.36"
50.112.95.211 - - [18/Jul/2016:11:27:25 -0300] "GET / HTTP/1.0" 200 11894 "-" "NewRelicPinger/1.0 (954132)"
54.248.250.232 - - [18/Jul/2016:11:28:22 -0300] "GET / HTTP/1.0" 200 11894 "-" "NewRelicPinger/1.0 (954132)"
200.192.72.1 - - [18/Jul/2016:11:28:37 -0300] "GET /search/cities?limit=5 HTTP/1.1" 200 165 "https://guardioesdasaude.org/" "Mozilla/5.0 (Windows NT 5.1) AppleWebKit/537.36 (KHTML, like Gecko) Chrome/49.0.2623.112 Safari/537.36"
54.247.188.179 - - [18/Jul/2016:11:28:55 -0300] "GET / HTTP/1.0" 200 11894 "-" "NewRelicPinger/1.0 (954132)"
54.251.34.67 - - [18/Jul/2016:11:28:55 -0300] "GET / HTTP/1.0" 200 11894 "-" "NewRelicPinger/1.0 (954132)"
200.192.72.1 - - [18/Jul/2016:11:29:08 -0300] "GET /search/cities?limit=5 HTTP/1.1" 200 165 "https://guardioesdasaude.org/" "Mozilla/5.0 (Windows NT 5.1) AppleWebKit/537.36 (KHTML, like Gecko) Chrome/49.0.2623.112 Safari/537.36"
50.112.95.211 - - [18/Jul/2016:11:29:25 -0300] "GET / HTTP/1.0" 200 11894 "-" "NewRelicPinger/1.0 (954132)"
200.192.72.1 - - [18/Jul/2016:11:29:55 -0300] "GET /search/cities?limit=5 HTTP/1.1" 200 165 "https://guardioesdasaude.org/" "Mozilla/5.0 (Windows NT 5.1) AppleWebKit/537.36 (KHTML, like Gecko) Chrome/49.0.2623.112 Safari/537.36"
189.40.101.241 - - [18/Jul/2016:11:30:01 -0300] "OPTIONS /search/cities?limit=5 HTTP/1.1" 204 0 "https://guardioesdasaude.org/" "Mozilla/5.0 (Linux; Android 6.0; MotoG3 Build/MPI24.65-33.1) AppleWebKit/537.36 (KHTML, like Gecko) Chrome/51.0.2704.81 Mobile Safari/537.36"
189.40.101.241 - - [18/Jul/2016:11:30:01 -0300] "GET /search/cities?limit=5 HTTP/1.1" 200 165 "https://guardioesdasaude.org/" "Mozilla/5.0 (Linux; Android 6.0; MotoG3 Build/MPI24.65-33.1) AppleWebKit/537.36 (KHTML, like Gecko) Chrome/51.0.2704.81 Mobile Safari/537.36"
187.122.249.217 - - [18/Jul/2016:11:30:14 -0300] "GET /user/get?tw=69937475-xrAxANwqF6FgYWxptziYXFZTAF8n5yrMVKNFyvoiN HTTP/1.1" 200 3076 "-" "Dalvik/2.1.0 (Linux; U; Android 6.0.1; ASUS_Z00LD Build/MMB29P)"
187.122.249.217 - - [18/Jul/2016:11:30:15 -0300] "POST /user/login HTTP/1.1" 200 3092 "-" "Dalvik/2.1.0 (Linux; U; Android 6.0.1; ASUS_Z00LD Build/MMB29P)"
54.248.250.232 - - [18/Jul/2016:11:30:21 -0300] "GET / HTTP/1.0" 200 11894 "-" "NewRelicPinger/1.0 (954132)"
54.251.34.67 - - [18/Jul/2016:11:30:55 -0300] "GET / HTTP/1.0" 200 11894 "-" "NewRelicPinger/1.0 (954132)"
54.247.188.179 - - [18/Jul/2016:11:30:56 -0300] "GET / HTTP/1.0" 200 11894 "-" "NewRelicPinger/1.0 (954132)"
50.112.95.211 - - [18/Jul/2016:11:31:25 -0300] "GET / HTTP/1.0" 200 11894 "-" "NewRelicPinger/1.0 (954132)"
54.248.250.232 - - [18/Jul/2016:11:32:22 -0300] "GET / HTTP/1.0" 200 11894 "-" "NewRelicPinger/1.0 (954132)"
54.251.34.67 - - [18/Jul/2016:11:32:55 -0300] "GET / HTTP/1.0" 200 11894 "-" "NewRelicPinger/1.0 (954132)"
54.247.188.179 - - [18/Jul/2016:11:32:55 -0300] "GET / HTTP/1.0" 200 11894 "-" "NewRelicPinger/1.0 (954132)"
50.112.95.211 - - [18/Jul/2016:11:33:25 -0300] "GET / HTTP/1.0" 200 11894 "-" "NewRelicPinger/1.0 (954132)"
54.248.250.232 - - [18/Jul/2016:11:34:21 -0300] "GET / HTTP/1.0" 200 11894 "-" "NewRelicPinger/1.0 (954132)"
54.251.34.67 - - [18/Jul/2016:11:34:55 -0300] "GET / HTTP/1.0" 200 11894 "-" "NewRelicPinger/1.0 (954132)"
54.247.188.179 - - [18/Jul/2016:11:34:56 -0300] "GET / HTTP/1.0" 200 11894 "-" "NewRelicPinger/1.0 (954132)"
177.200.247.4 - - [18/Jul/2016:11:35:02 -0300] "POST /user/create HTTP/1.1" 200 603 "-" "Dalvik/2.1.0 (Linux; U; Android 6.0; MotoE2(4G-LTE) Build/MPI24.65-39)"
50.112.95.211 - - [18/Jul/2016:11:35:25 -0300] "GET / HTTP/1.0" 200 11894 "-" "NewRelicPinger/1.0 (954132)"
177.200.247.4 - - [18/Jul/2016:11:35:28 -0300] "GET /user/lookup/ HTTP/1.1" 200 743 "-" "Dalvik/2.1.0 (Linux; U; Android 6.0; MotoE2(4G-LTE) Build/MPI24.65-39)"
177.200.247.4 - - [18/Jul/2016:11:35:28 -0300] "GET /user/calendar/day?day=18&month=7&year=2016 HTTP/1.1" 200 58 "-" "Dalvik/2.1.0 (Linux; U; Android 6.0; MotoE2(4G-LTE) Build/MPI24.65-39)"
177.200.247.4 - - [18/Jul/2016:11:35:32 -0300] "POST /survey/create HTTP/1.1" 200 445 "-" "Dalvik/2.1.0 (Linux; U; Android 6.0; MotoE2(4G-LTE) Build/MPI24.65-39)"
177.200.247.4 - - [18/Jul/2016:11:35:32 -0300] "GET /user/calendar/day?day=18&month=6&year=2016 HTTP/1.1" 200 58 "-" "Dalvik/2.1.0 (Linux; U; Android 6.0; MotoE2(4G-LTE) Build/MPI24.65-39)"
177.200.247.4 - - [18/Jul/2016:11:35:46 -0300] "GET /user/household/578ce91650452b15468e629c HTTP/1.1" 200 56 "-" "Dalvik/2.1.0 (Linux; U; Android 6.0; MotoE2(4G-LTE) Build/MPI24.65-39)"
187.122.249.217 - - [18/Jul/2016:11:35:59 -0300] "GET /user/get?gl=109251128812905690437 HTTP/1.1" 200 56 "-" "Dalvik/2.1.0 (Linux; U; Android 5.1; Custom Phone - 5.1.0 - API 22 Build/LMY47D)"
177.200.247.4 - - [18/Jul/2016:11:36:00 -0300] "GET /news/get HTTP/1.1" 200 3604 "-" "Dalvik/2.1.0 (Linux; U; Android 6.0; MotoE2(4G-LTE) Build/MPI24.65-39)"
187.122.249.217 - - [18/Jul/2016:11:36:02 -0300] "GET /user/get?gl=109251128812905690437 HTTP/1.1" 200 56 "-" "Dalvik/2.1.0 (Linux; U; Android 5.1; Custom Phone - 5.1.0 - API 22 Build/LMY47D)"
54.248.250.232 - - [18/Jul/2016:11:36:22 -0300] "GET / HTTP/1.0" 200 11894 "-" "NewRelicPinger/1.0 (954132)"
54.251.34.67 - - [18/Jul/2016:11:36:55 -0300] "GET / HTTP/1.0" 200 11894 "-" "NewRelicPinger/1.0 (954132)"
177.200.247.4 - - [18/Jul/2016:11:37:10 -0300] "GET /game/ranking/ HTTP/1.1" 200 187 "-" "Dalvik/2.1.0 (Linux; U; Android 6.0; MotoE2(4G-LTE) Build/MPI24.65-39)"
54.247.188.179 - - [18/Jul/2016:11:37:19 -0300] "GET / HTTP/1.0" 200 11894 "-" "NewRelicPinger/1.0 (954132)"
50.112.95.211 - - [18/Jul/2016:11:37:25 -0300] "GET / HTTP/1.0" 200 11894 "-" "NewRelicPinger/1.0 (954132)"
177.200.247.4 - - [18/Jul/2016:11:37:41 -0300] "GET /user/household/578ce91650452b15468e629c HTTP/1.1" 200 56 "-" "Dalvik/2.1.0 (Linux; U; Android 6.0; MotoE2(4G-LTE) Build/MPI24.65-39)"
177.200.247.4 - - [18/Jul/2016:11:37:42 -0300] "GET /user/calendar/month?&month=7&year=2016 HTTP/1.1" 200 116 "-" "Dalvik/2.1.0 (Linux; U; Android 6.0; MotoE2(4G-LTE) Build/MPI24.65-39)"
177.200.247.4 - - [18/Jul/2016:11:37:42 -0300] "GET /user/survey/summary HTTP/1.1" 200 69 "-" "Dalvik/2.1.0 (Linux; U; Android 6.0; MotoE2(4G-LTE) Build/MPI24.65-39)"
177.200.247.4 - - [18/Jul/2016:11:37:42 -0300] "GET /user/calendar/year?year=2016 HTTP/1.1" 200 109 "-" "Dalvik/2.1.0 (Linux; U; Android 6.0; MotoE2(4G-LTE) Build/MPI24.65-39)"
177.200.247.4 - - [18/Jul/2016:11:37:55 -0300] "GET /surveys/summary/?lon=-35.7520758&lat=-8.235271 HTTP/1.1" 200 226 "-" "Dalvik/2.1.0 (Linux; U; Android 6.0; MotoE2(4G-LTE) Build/MPI24.65-39)"
177.200.247.4 - - [18/Jul/2016:11:37:55 -0300] "GET /surveys/l?lon=-35.7520758&lat=-8.235271 HTTP/1.1" 200 56 "-" "Dalvik/2.1.0 (Linux; U; Android 6.0; MotoE2(4G-LTE) Build/MPI24.65-39)"
177.200.247.4 - - [18/Jul/2016:11:37:57 -0300] "GET /user/household/578ce91650452b15468e629c HTTP/1.1" 200 56 "-" "Dalvik/2.1.0 (Linux; U; Android 6.0; MotoE2(4G-LTE) Build/MPI24.65-39)"
54.248.250.232 - - [18/Jul/2016:11:38:22 -0300] "GET / HTTP/1.0" 200 11894 "-" "NewRelicPinger/1.0 (954132)"
177.200.247.4 - - [18/Jul/2016:11:38:23 -0300] "GET /user/household/578ce91650452b15468e629c HTTP/1.1" 200 56 "-" "Dalvik/2.1.0 (Linux; U; Android 6.0; MotoE2(4G-LTE) Build/MPI24.65-39)"
54.251.34.67 - - [18/Jul/2016:11:38:56 -0300] "GET / HTTP/1.0" 200 11894 "-" "NewRelicPinger/1.0 (954132)"
50.112.95.211 - - [18/Jul/2016:11:39:25 -0300] "GET / HTTP/1.0" 200 11894 "-" "NewRelicPinger/1.0 (954132)"
187.122.249.217 - - [18/Jul/2016:11:39:33 -0300] "GET /user/get?gl=109251128812905690437 HTTP/1.1" 200 56 "-" "Dalvik/2.1.0 (Linux; U; Android 6.0.1; ASUS_Z00LD Build/MMB29P)"
54.248.250.232 - - [18/Jul/2016:11:40:22 -0300] "GET / HTTP/1.0" 200 11894 "-" "NewRelicPinger/1.0 (954132)"
177.200.247.4 - - [18/Jul/2016:11:40:41 -0300] "POST /user/login HTTP/1.1" 200 958 "-" "Dalvik/2.1.0 (Linux; U; Android 6.0; MotoE2(4G-LTE) Build/MPI24.65-39)"
177.200.247.4 - - [18/Jul/2016:11:40:49 -0300] "GET /user/household/578ce91650452b15468e629c HTTP/1.1" 200 56 "-" "Dalvik/2.1.0 (Linux; U; Android 6.0; MotoE2(4G-LTE) Build/MPI24.65-39)"
54.251.34.67 - - [18/Jul/2016:11:40:56 -0300] "GET / HTTP/1.0" 200 11894 "-" "NewRelicPinger/1.0 (954132)"
177.200.247.4 - - [18/Jul/2016:11:41:02 -0300] "POST /survey/create HTTP/1.1" 200 442 "-" "Dalvik/2.1.0 (Linux; U; Android 6.0; MotoE2(4G-LTE) Build/MPI24.65-39)"
177.200.247.4 - - [18/Jul/2016:11:41:02 -0300] "GET /user/calendar/day?day=18&month=6&year=2016 HTTP/1.1" 200 58 "-" "Dalvik/2.1.0 (Linux; U; Android 6.0; MotoE2(4G-LTE) Build/MPI24.65-39)"
54.247.188.179 - - [18/Jul/2016:11:41:09 -0300] "GET / HTTP/1.0" 200 11894 "-" "NewRelicPinger/1.0 (954132)"
177.200.247.4 - - [18/Jul/2016:11:41:13 -0300] "GET /user/household/578ce91650452b15468e629c HTTP/1.1" 200 56 "-" "Dalvik/2.1.0 (Linux; U; Android 6.0; MotoE2(4G-LTE) Build/MPI24.65-39)"
50.112.95.211 - - [18/Jul/2016:11:41:25 -0300] "GET / HTTP/1.0" 200 11894 "-" "NewRelicPinger/1.0 (954132)"
200.198.136.145 - - [18/Jul/2016:11:41:52 -0300] "OPTIONS /search/cities?limit=5 HTTP/1.1" 204 0 "https://guardioesdasaude.org/" "Mozilla/5.0 (Windows NT 6.1; WOW64) AppleWebKit/537.36 (KHTML, like Gecko) Chrome/51.0.2704.103 Safari/537.36"
200.198.136.145 - - [18/Jul/2016:11:41:52 -0300] "GET /search/cities?limit=5 HTTP/1.1" 200 165 "https://guardioesdasaude.org/" "Mozilla/5.0 (Windows NT 6.1; WOW64) AppleWebKit/537.36 (KHTML, like Gecko) Chrome/51.0.2704.103 Safari/537.36"
66.249.66.152 - - [18/Jul/2016:11:42:15 -0300] "GET /robots.txt HTTP/1.1" 200 220 "-" "Mozilla/5.0 (compatible; Googlebot/2.1; +http://www.google.com/bot.html)"
66.249.66.156 - - [18/Jul/2016:11:42:15 -0300] "OPTIONS /search/cities?limit=5 HTTP/1.1" 204 0 "https://guardioesdasaude.org/?utm_source=minha_vida&utm_medium=Square_Mobile&utm_content=300x250&utm_campaign=guardioes_da_saude" "Mozilla/5.0 (compatible; Googlebot/2.1; +http://www.google.com/bot.html)"
66.249.66.160 - - [18/Jul/2016:11:42:16 -0300] "GET /search/cities?limit=5 HTTP/1.1" 200 165 "https://guardioesdasaude.org/?utm_source=minha_vida&utm_medium=Square_Mobile&utm_content=300x250&utm_campaign=guardioes_da_saude" "Mozilla/5.0 (compatible; Googlebot/2.1; +http://www.google.com/bot.html)"
54.248.250.232 - - [18/Jul/2016:11:42:22 -0300] "GET / HTTP/1.0" 200 11894 "-" "NewRelicPinger/1.0 (954132)"
187.110.144.11 - - [18/Jul/2016:11:42:28 -0300] "GET /user/get?fb=982220548563932 HTTP/1.1" 200 56 "-" "Dalvik/2.1.0 (Linux; U; Android 5.1; XT1033 Build/LPBS23.13-56-2)"
54.251.34.67 - - [18/Jul/2016:11:42:56 -0300] "GET / HTTP/1.0" 200 11894 "-" "NewRelicPinger/1.0 (954132)"
187.110.144.11 - - [18/Jul/2016:11:43:05 -0300] "POST /user/login HTTP/1.1" 200 983 "-" "Dalvik/2.1.0 (Linux; U; Android 5.1; XT1033 Build/LPBS23.13-56-2)"
54.247.188.179 - - [18/Jul/2016:11:43:09 -0300] "GET / HTTP/1.0" 200 11894 "-" "NewRelicPinger/1.0 (954132)"
50.112.95.211 - - [18/Jul/2016:11:43:25 -0300] "GET / HTTP/1.0" 200 11894 "-" "NewRelicPinger/1.0 (954132)"
187.110.144.11 - - [18/Jul/2016:11:43:41 -0300] "GET /user/household/578ce4514d3897087678ac4a HTTP/1.1" 200 56 "-" "Dalvik/2.1.0 (Linux; U; Android 5.1; XT1033 Build/LPBS23.13-56-2)"
187.110.144.11 - - [18/Jul/2016:11:43:43 -0300] "GET /user/calendar/month?&month=7&year=2016 HTTP/1.1" 200 115 "-" "Dalvik/2.1.0 (Linux; U; Android 5.1; XT1033 Build/LPBS23.13-56-2)"
187.110.144.11 - - [18/Jul/2016:11:43:43 -0300] "GET /user/survey/summary HTTP/1.1" 200 69 "-" "Dalvik/2.1.0 (Linux; U; Android 5.1; XT1033 Build/LPBS23.13-56-2)"
187.110.144.11 - - [18/Jul/2016:11:43:45 -0300] "GET /user/calendar/year?year=2016 HTTP/1.1" 200 109 "-" "Dalvik/2.1.0 (Linux; U; Android 5.1; XT1033 Build/LPBS23.13-56-2)"
187.110.144.11 - - [18/Jul/2016:11:43:50 -0300] "GET /news/get HTTP/1.1" 200 3601 "-" "Dalvik/2.1.0 (Linux; U; Android 5.1; XT1033 Build/LPBS23.13-56-2)"
54.248.250.232 - - [18/Jul/2016:11:44:22 -0300] "GET / HTTP/1.0" 200 11894 "-" "NewRelicPinger/1.0 (954132)"
187.110.144.11 - - [18/Jul/2016:11:44:36 -0300] "GET /game/questions/?lang=pt_BR HTTP/1.1" 200 750 "-" "Dalvik/2.1.0 (Linux; U; Android 5.1; XT1033 Build/LPBS23.13-56-2)"
54.251.34.67 - - [18/Jul/2016:11:44:56 -0300] "GET / HTTP/1.0" 200 11894 "-" "NewRelicPinger/1.0 (954132)"
187.110.144.11 - - [18/Jul/2016:11:45:00 -0300] "POST /game/ HTTP/1.1" 200 168 "-" "Dalvik/2.1.0 (Linux; U; Android 5.1; XT1033 Build/LPBS23.13-56-2)"
187.122.249.217 - - [18/Jul/2016:11:45:05 -0300] "GET /user/get?gl=109251128812905690437 HTTP/1.1" 200 56 "-" "Dalvik/2.1.0 (Linux; U; Android 6.0.1; ASUS_Z00LD Build/MMB29P)"
54.247.188.179 - - [18/Jul/2016:11:45:10 -0300] "GET / HTTP/1.0" 200 11894 "-" "NewRelicPinger/1.0 (954132)"
50.112.95.211 - - [18/Jul/2016:11:45:25 -0300] "GET / HTTP/1.0" 200 11894 "-" "NewRelicPinger/1.0 (954132)"
187.110.144.11 - - [18/Jul/2016:11:45:33 -0300] "POST /game/ HTTP/1.1" 200 169 "-" "Dalvik/2.1.0 (Linux; U; Android 5.1; XT1033 Build/LPBS23.13-56-2)"
187.110.144.11 - - [18/Jul/2016:11:46:04 -0300] "POST /game/ HTTP/1.1" 200 168 "-" "Dalvik/2.1.0 (Linux; U; Android 5.1; XT1033 Build/LPBS23.13-56-2)"
187.110.144.11 - - [18/Jul/2016:11:46:10 -0300] "POST /game/ HTTP/1.1" 200 168 "-" "Dalvik/2.1.0 (Linux; U; Android 5.1; XT1033 Build/LPBS23.13-56-2)"
187.110.144.11 - - [18/Jul/2016:11:46:22 -0300] "POST /game/ HTTP/1.1" 200 168 "-" "Dalvik/2.1.0 (Linux; U; Android 5.1; XT1033 Build/LPBS23.13-56-2)"
54.248.250.232 - - [18/Jul/2016:11:46:22 -0300] "GET / HTTP/1.0" 200 11894 "-" "NewRelicPinger/1.0 (954132)"
187.122.249.217 - - [18/Jul/2016:11:46:26 -0300] "GET /user/get?gl=109251128812905690437 HTTP/1.1" 200 56 "-" "Dalvik/2.1.0 (Linux; U; Android 6.0.1; ASUS_Z00LD Build/MMB29P)"
187.110.144.11 - - [18/Jul/2016:11:46:35 -0300] "GET /game/questions/?lang=pt_BR HTTP/1.1" 200 738 "-" "Dalvik/2.1.0 (Linux; U; Android 5.1; XT1033 Build/LPBS23.13-56-2)"
187.110.144.11 - - [18/Jul/2016:11:46:43 -0300] "GET /user/household/578ce4514d3897087678ac4a HTTP/1.1" 200 56 "-" "Dalvik/2.1.0 (Linux; U; Android 5.1; XT1033 Build/LPBS23.13-56-2)"
187.122.249.217 - - [18/Jul/2016:11:47:03 -0300] "POST /user/create HTTP/1.1" 409 19 "-" "Dalvik/2.1.0 (Linux; U; Android 6.0.1; ASUS_Z00LD Build/MMB29P)"
54.251.34.67 - - [18/Jul/2016:11:47:03 -0300] "GET / HTTP/1.0" 200 11894 "-" "NewRelicPinger/1.0 (954132)"
54.247.188.179 - - [18/Jul/2016:11:47:10 -0300] "GET / HTTP/1.0" 200 11894 "-" "NewRelicPinger/1.0 (954132)"
187.122.249.217 - - [18/Jul/2016:11:47:14 -0300] "POST /user/create HTTP/1.1" 409 19 "-" "Dalvik/2.1.0 (Linux; U; Android 6.0.1; ASUS_Z00LD Build/MMB29P)"
187.122.249.217 - - [18/Jul/2016:11:47:18 -0300] "POST /user/create HTTP/1.1" 409 19 "-" "Dalvik/2.1.0 (Linux; U; Android 6.0.1; ASUS_Z00LD Build/MMB29P)"
50.112.95.211 - - [18/Jul/2016:11:47:25 -0300] "GET / HTTP/1.0" 200 11894 "-" "NewRelicPinger/1.0 (954132)"
187.122.249.217 - - [18/Jul/2016:11:47:32 -0300] "POST /user/create HTTP/1.1" 409 19 "-" "Dalvik/2.1.0 (Linux; U; Android 6.0.1; ASUS_Z00LD Build/MMB29P)"
54.248.250.232 - - [18/Jul/2016:11:48:22 -0300] "GET / HTTP/1.0" 200 11894 "-" "NewRelicPinger/1.0 (954132)"
54.251.34.67 - - [18/Jul/2016:11:49:01 -0300] "GET / HTTP/1.0" 200 11894 "-" "NewRelicPinger/1.0 (954132)"
54.247.188.179 - - [18/Jul/2016:11:49:10 -0300] "GET / HTTP/1.0" 200 11894 "-" "NewRelicPinger/1.0 (954132)"
50.112.95.211 - - [18/Jul/2016:11:49:26 -0300] "GET / HTTP/1.0" 200 11894 "-" "NewRelicPinger/1.0 (954132)"
54.248.250.232 - - [18/Jul/2016:11:50:23 -0300] "GET / HTTP/1.0" 200 11894 "-" "NewRelicPinger/1.0 (954132)"
54.251.34.67 - - [18/Jul/2016:11:51:00 -0300] "GET / HTTP/1.0" 200 11894 "-" "NewRelicPinger/1.0 (954132)"
54.247.188.179 - - [18/Jul/2016:11:51:10 -0300] "GET / HTTP/1.0" 200 11894 "-" "NewRelicPinger/1.0 (954132)"
50.112.95.211 - - [18/Jul/2016:11:51:25 -0300] "GET / HTTP/1.0" 200 11894 "-" "NewRelicPinger/1.0 (954132)"
54.248.250.232 - - [18/Jul/2016:11:52:22 -0300] "GET / HTTP/1.0" 200 11894 "-" "NewRelicPinger/1.0 (954132)"
54.251.34.67 - - [18/Jul/2016:11:53:00 -0300] "GET / HTTP/1.0" 200 11894 "-" "NewRelicPinger/1.0 (954132)"
54.247.188.179 - - [18/Jul/2016:11:53:10 -0300] "GET / HTTP/1.0" 200 11894 "-" "NewRelicPinger/1.0 (954132)"
50.112.95.211 - - [18/Jul/2016:11:53:25 -0300] "GET / HTTP/1.0" 200 11894 "-" "NewRelicPinger/1.0 (954132)"
54.248.250.232 - - [18/Jul/2016:11:54:22 -0300] "GET / HTTP/1.0" 200 11894 "-" "NewRelicPinger/1.0 (954132)"
54.251.34.67 - - [18/Jul/2016:11:55:00 -0300] "GET / HTTP/1.0" 200 11894 "-" "NewRelicPinger/1.0 (954132)"
54.247.188.179 - - [18/Jul/2016:11:55:10 -0300] "GET / HTTP/1.0" 200 11894 "-" "NewRelicPinger/1.0 (954132)"
50.112.95.211 - - [18/Jul/2016:11:55:25 -0300] "GET / HTTP/1.0" 200 11894 "-" "NewRelicPinger/1.0 (954132)"
54.248.250.232 - - [18/Jul/2016:11:56:23 -0300] "GET / HTTP/1.0" 200 11894 "-" "NewRelicPinger/1.0 (954132)"
54.251.34.67 - - [18/Jul/2016:11:57:00 -0300] "GET / HTTP/1.0" 200 11894 "-" "NewRelicPinger/1.0 (954132)"
54.247.188.179 - - [18/Jul/2016:11:57:10 -0300] "GET / HTTP/1.0" 200 11894 "-" "NewRelicPinger/1.0 (954132)"
50.112.95.211 - - [18/Jul/2016:11:57:25 -0300] "GET / HTTP/1.0" 200 11894 "-" "NewRelicPinger/1.0 (954132)"
54.248.250.232 - - [18/Jul/2016:11:58:23 -0300] "GET / HTTP/1.0" 200 11894 "-" "NewRelicPinger/1.0 (954132)"
187.122.249.217 - - [18/Jul/2016:11:58:39 -0300] "POST /user/create HTTP/1.1" 409 19 "-" "Dalvik/2.1.0 (Linux; U; Android 6.0.1; ASUS_Z00LD Build/MMB29P)"
187.122.249.217 - - [18/Jul/2016:11:58:42 -0300] "POST /user/create HTTP/1.1" 409 19 "-" "Dalvik/2.1.0 (Linux; U; Android 6.0.1; ASUS_Z00LD Build/MMB29P)"
187.122.249.217 - - [18/Jul/2016:11:58:46 -0300] "POST /user/create HTTP/1.1" 409 19 "-" "Dalvik/2.1.0 (Linux; U; Android 6.0.1; ASUS_Z00LD Build/MMB29P)"
54.251.34.67 - - [18/Jul/2016:11:59:00 -0300] "GET / HTTP/1.0" 200 11894 "-" "NewRelicPinger/1.0 (954132)"
54.247.188.179 - - [18/Jul/2016:11:59:10 -0300] "GET / HTTP/1.0" 200 11894 "-" "NewRelicPinger/1.0 (954132)"
50.112.95.211 - - [18/Jul/2016:11:59:25 -0300] "GET / HTTP/1.0" 200 11894 "-" "NewRelicPinger/1.0 (954132)"
54.248.250.232 - - [18/Jul/2016:12:00:22 -0300] "GET / HTTP/1.0" 200 11894 "-" "NewRelicPinger/1.0 (954132)"
54.251.34.67 - - [18/Jul/2016:12:01:00 -0300] "GET / HTTP/1.0" 200 11894 "-" "NewRelicPinger/1.0 (954132)"
54.247.188.179 - - [18/Jul/2016:12:01:10 -0300] "GET / HTTP/1.0" 200 11894 "-" "NewRelicPinger/1.0 (954132)"
50.112.95.211 - - [18/Jul/2016:12:01:25 -0300] "GET / HTTP/1.0" 200 11894 "-" "NewRelicPinger/1.0 (954132)"
54.248.250.232 - - [18/Jul/2016:12:02:23 -0300] "GET / HTTP/1.0" 200 11894 "-" "NewRelicPinger/1.0 (954132)"
54.251.34.67 - - [18/Jul/2016:12:03:00 -0300] "GET / HTTP/1.0" 200 11894 "-" "NewRelicPinger/1.0 (954132)"
54.247.188.179 - - [18/Jul/2016:12:03:10 -0300] "GET / HTTP/1.0" 200 11894 "-" "NewRelicPinger/1.0 (954132)"
50.112.95.211 - - [18/Jul/2016:12:03:25 -0300] "GET / HTTP/1.0" 200 11894 "-" "NewRelicPinger/1.0 (954132)"
54.248.250.232 - - [18/Jul/2016:12:04:23 -0300] "GET / HTTP/1.0" 200 11894 "-" "NewRelicPinger/1.0 (954132)"
54.251.34.67 - - [18/Jul/2016:12:05:00 -0300] "GET / HTTP/1.0" 200 11894 "-" "NewRelicPinger/1.0 (954132)"
54.247.188.179 - - [18/Jul/2016:12:05:10 -0300] "GET / HTTP/1.0" 200 11894 "-" "NewRelicPinger/1.0 (954132)"
50.112.95.211 - - [18/Jul/2016:12:05:25 -0300] "GET / HTTP/1.0" 200 11894 "-" "NewRelicPinger/1.0 (954132)"
54.248.250.232 - - [18/Jul/2016:12:06:23 -0300] "GET / HTTP/1.0" 200 11894 "-" "NewRelicPinger/1.0 (954132)"
54.251.34.67 - - [18/Jul/2016:12:07:00 -0300] "GET / HTTP/1.0" 200 11894 "-" "NewRelicPinger/1.0 (954132)"
54.247.188.179 - - [18/Jul/2016:12:07:10 -0300] "GET / HTTP/1.0" 200 11894 "-" "NewRelicPinger/1.0 (954132)"
50.112.95.211 - - [18/Jul/2016:12:07:25 -0300] "GET / HTTP/1.0" 200 11894 "-" "NewRelicPinger/1.0 (954132)"
187.36.89.44 - - [18/Jul/2016:12:07:47 -0300] "OPTIONS /search/cities?limit=5 HTTP/1.1" 204 0 "https://guardioesdasaude.org/" "Mozilla/5.0 (Windows NT 10.0; WOW64) AppleWebKit/537.36 (KHTML, like Gecko) Chrome/51.0.2704.103 Safari/537.36"
187.36.89.44 - - [18/Jul/2016:12:07:48 -0300] "GET /search/cities?limit=5 HTTP/1.1" 200 165 "https://guardioesdasaude.org/" "Mozilla/5.0 (Windows NT 10.0; WOW64) AppleWebKit/537.36 (KHTML, like Gecko) Chrome/51.0.2704.103 Safari/537.36"
187.36.89.44 - - [18/Jul/2016:12:08:09 -0300] "OPTIONS /search/cities?limit=5 HTTP/1.1" 204 0 "https://guardioesdasaude.org/" "Mozilla/5.0 (Windows NT 10.0; WOW64) AppleWebKit/537.36 (KHTML, like Gecko) Chrome/51.0.2704.103 Safari/537.36"
187.36.89.44 - - [18/Jul/2016:12:08:09 -0300] "GET /search/cities?limit=5 HTTP/1.1" 200 165 "https://guardioesdasaude.org/" "Mozilla/5.0 (Windows NT 10.0; WOW64) AppleWebKit/537.36 (KHTML, like Gecko) Chrome/51.0.2704.103 Safari/537.36"
54.248.250.232 - - [18/Jul/2016:12:08:23 -0300] "GET / HTTP/1.0" 200 11894 "-" "NewRelicPinger/1.0 (954132)"
54.251.34.67 - - [18/Jul/2016:12:09:00 -0300] "GET / HTTP/1.0" 200 11894 "-" "NewRelicPinger/1.0 (954132)"
54.247.188.179 - - [18/Jul/2016:12:09:10 -0300] "GET / HTTP/1.0" 200 11894 "-" "NewRelicPinger/1.0 (954132)"
50.112.95.211 - - [18/Jul/2016:12:09:25 -0300] "GET / HTTP/1.0" 200 11894 "-" "NewRelicPinger/1.0 (954132)"
187.36.89.44 - - [18/Jul/2016:12:09:46 -0300] "OPTIONS /search/cities?limit=5 HTTP/1.1" 204 0 "https://guardioesdasaude.org/" "Mozilla/5.0 (Windows NT 10.0; WOW64) AppleWebKit/537.36 (KHTML, like Gecko) Chrome/51.0.2704.103 Safari/537.36"
187.36.89.44 - - [18/Jul/2016:12:09:46 -0300] "GET /search/cities?limit=5 HTTP/1.1" 200 165 "https://guardioesdasaude.org/" "Mozilla/5.0 (Windows NT 10.0; WOW64) AppleWebKit/537.36 (KHTML, like Gecko) Chrome/51.0.2704.103 Safari/537.36"
54.248.250.232 - - [18/Jul/2016:12:10:23 -0300] "GET / HTTP/1.0" 200 11894 "-" "NewRelicPinger/1.0 (954132)"
54.251.34.67 - - [18/Jul/2016:12:11:00 -0300] "GET / HTTP/1.0" 200 11894 "-" "NewRelicPinger/1.0 (954132)"
54.247.188.179 - - [18/Jul/2016:12:11:10 -0300] "GET / HTTP/1.0" 200 11894 "-" "NewRelicPinger/1.0 (954132)"
50.112.95.211 - - [18/Jul/2016:12:11:26 -0300] "GET / HTTP/1.0" 200 11894 "-" "NewRelicPinger/1.0 (954132)"
54.248.250.232 - - [18/Jul/2016:12:12:23 -0300] "GET / HTTP/1.0" 200 11894 "-" "NewRelicPinger/1.0 (954132)"
54.251.34.67 - - [18/Jul/2016:12:13:01 -0300] "GET / HTTP/1.0" 200 11894 "-" "NewRelicPinger/1.0 (954132)"
54.247.188.179 - - [18/Jul/2016:12:13:10 -0300] "GET / HTTP/1.0" 200 11894 "-" "NewRelicPinger/1.0 (954132)"
50.112.95.211 - - [18/Jul/2016:12:13:26 -0300] "GET / HTTP/1.0" 200 11894 "-" "NewRelicPinger/1.0 (954132)"
54.248.250.232 - - [18/Jul/2016:12:14:23 -0300] "GET / HTTP/1.0" 200 11894 "-" "NewRelicPinger/1.0 (954132)"
177.13.226.27 - - [18/Jul/2016:12:14:56 -0300] "GET /user/get?gl=110635717326012870692 HTTP/1.1" 200 56 "-" "Dalvik/2.1.0 (Linux; U; Android 5.1.1; SM-J320M Build/LMY47V)"
54.251.34.67 - - [18/Jul/2016:12:15:01 -0300] "GET / HTTP/1.0" 200 11894 "-" "NewRelicPinger/1.0 (954132)"
54.247.188.179 - - [18/Jul/2016:12:15:10 -0300] "GET / HTTP/1.0" 200 11894 "-" "NewRelicPinger/1.0 (954132)"
50.112.95.211 - - [18/Jul/2016:12:15:26 -0300] "GET / HTTP/1.0" 200 11894 "-" "NewRelicPinger/1.0 (954132)"
177.13.226.27 - - [18/Jul/2016:12:15:38 -0300] "POST /user/create HTTP/1.1" 200 602 "-" "Dalvik/2.1.0 (Linux; U; Android 5.1.1; SM-J320M Build/LMY47V)"
54.248.250.232 - - [18/Jul/2016:12:16:23 -0300] "GET / HTTP/1.0" 200 11894 "-" "NewRelicPinger/1.0 (954132)"
177.13.226.27 - - [18/Jul/2016:12:16:32 -0300] "POST /survey/create HTTP/1.1" 200 444 "-" "Dalvik/2.1.0 (Linux; U; Android 5.1.1; SM-J320M Build/LMY47V)"
177.13.226.27 - - [18/Jul/2016:12:16:33 -0300] "GET /user/calendar/day?day=18&month=6&year=2016 HTTP/1.1" 200 58 "-" "Dalvik/2.1.0 (Linux; U; Android 5.1.1; SM-J320M Build/LMY47V)"
66.249.66.152 - - [18/Jul/2016:12:16:34 -0300] "OPTIONS /search/cities?limit=5 HTTP/1.1" 204 0 "https://guardioesdasaude.org/" "Mozilla/5.0 (compatible; Googlebot/2.1; +http://www.google.com/bot.html)"
54.251.34.67 - - [18/Jul/2016:12:17:01 -0300] "GET / HTTP/1.0" 200 11894 "-" "NewRelicPinger/1.0 (954132)"
177.13.226.27 - - [18/Jul/2016:12:17:04 -0300] "GET /user/household/578cf29a50452b15468e62a6 HTTP/1.1" 200 56 "-" "Dalvik/2.1.0 (Linux; U; Android 5.1.1; SM-J320M Build/LMY47V)"
54.247.188.179 - - [18/Jul/2016:12:17:10 -0300] "GET / HTTP/1.0" 200 11894 "-" "NewRelicPinger/1.0 (954132)"
191.247.227.42 - - [18/Jul/2016:12:17:22 -0300] "GET /user/get?fb=954599884595228 HTTP/1.1" 200 2493 "-" "Dalvik/2.1.0 (Linux; U; Android 5.1.1; SM-J500M Build/LMY48B)"
177.13.226.27 - - [18/Jul/2016:12:17:23 -0300] "POST /survey/create HTTP/1.1" 200 445 "-" "Dalvik/2.1.0 (Linux; U; Android 5.1.1; SM-J320M Build/LMY47V)"
177.13.226.27 - - [18/Jul/2016:12:17:24 -0300] "GET /user/calendar/day?day=18&month=6&year=2016 HTTP/1.1" 200 58 "-" "Dalvik/2.1.0 (Linux; U; Android 5.1.1; SM-J320M Build/LMY47V)"
50.112.95.211 - - [18/Jul/2016:12:17:26 -0300] "GET / HTTP/1.0" 200 11894 "-" "NewRelicPinger/1.0 (954132)"
177.13.226.27 - - [18/Jul/2016:12:17:29 -0300] "GET /news/get HTTP/1.1" 200 3610 "-" "Dalvik/2.1.0 (Linux; U; Android 5.1.1; SM-J320M Build/LMY47V)"
191.247.227.42 - - [18/Jul/2016:12:17:29 -0300] "GET /user/get?fb=954599884595228 HTTP/1.1" 200 2493 "-" "Dalvik/2.1.0 (Linux; U; Android 5.1.1; SM-J500M Build/LMY48B)"
177.13.226.27 - - [18/Jul/2016:12:17:38 -0300] "GET /user/household/578cf29a50452b15468e62a6 HTTP/1.1" 200 56 "-" "Dalvik/2.1.0 (Linux; U; Android 5.1.1; SM-J320M Build/LMY47V)"
177.13.226.27 - - [18/Jul/2016:12:17:38 -0300] "GET /user/calendar/month?&month=7&year=2016 HTTP/1.1" 200 115 "-" "Dalvik/2.1.0 (Linux; U; Android 5.1.1; SM-J320M Build/LMY47V)"
177.13.226.27 - - [18/Jul/2016:12:17:38 -0300] "GET /user/survey/summary HTTP/1.1" 200 69 "-" "Dalvik/2.1.0 (Linux; U; Android 5.1.1; SM-J320M Build/LMY47V)"
177.13.226.27 - - [18/Jul/2016:12:17:39 -0300] "GET /user/calendar/year?year=2016 HTTP/1.1" 200 109 "-" "Dalvik/2.1.0 (Linux; U; Android 5.1.1; SM-J320M Build/LMY47V)"
191.247.227.42 - - [18/Jul/2016:12:17:43 -0300] "GET /user/get?fb=954599884595228 HTTP/1.1" 200 2493 "-" "Dalvik/2.1.0 (Linux; U; Android 5.1.1; SM-J500M Build/LMY48B)"
177.13.226.27 - - [18/Jul/2016:12:17:49 -0300] "GET /surveys/l?lon=-47.6147019&lat=-15.4465487 HTTP/1.1" 200 56 "-" "Dalvik/2.1.0 (Linux; U; Android 5.1.1; SM-J320M Build/LMY47V)"
177.13.226.27 - - [18/Jul/2016:12:17:50 -0300] "GET /surveys/summary/?lon=-47.6147019&lat=-15.4465487 HTTP/1.1" 200 219 "-" "Dalvik/2.1.0 (Linux; U; Android 5.1.1; SM-J320M Build/LMY47V)"
189.9.35.189 - - [18/Jul/2016:12:18:01 -0300] "GET /user/lookup/ HTTP/1.1" 200 1418 "-" "Guardioes da Saude/2.0 (iPhone; iOS 9.3.2; Scale/2.00)"
189.9.35.189 - - [18/Jul/2016:12:18:01 -0300] "GET /user/calendar/day?&day=18&month=7&year=2016 HTTP/1.1" 200 58 "-" "Guardioes da Saude/2.0 (iPhone; iOS 9.3.2; Scale/2.00)"
189.9.35.189 - - [18/Jul/2016:12:18:03 -0300] "POST /survey/create HTTP/1.1" 200 527 "-" "Guardioes da Saude/2.0 (iPhone; iOS 9.3.2; Scale/2.00)"
189.9.35.189 - - [18/Jul/2016:12:18:05 -0300] "GET /user/calendar/day?&day=18&month=7&year=2016 HTTP/1.1" 200 116 "-" "Guardioes da Saude/2.0 (iPhone; iOS 9.3.2; Scale/2.00)"
189.9.35.189 - - [18/Jul/2016:12:18:15 -0300] "GET /game/questions/?lang=pt_BR HTTP/1.1" 200 681 "-" "Guardioes da Saude/2.0 (iPhone; iOS 9.3.2; Scale/2.00)"
189.9.35.189 - - [18/Jul/2016:12:18:20 -0300] "GET /user/household/56e975a2b7bc6cce132619d5 HTTP/1.1" 200 56 "-" "Guardioes da Saude/2.0 (iPhone; iOS 9.3.2; Scale/2.00)"
54.248.250.232 - - [18/Jul/2016:12:18:23 -0300] "GET / HTTP/1.0" 200 11894 "-" "NewRelicPinger/1.0 (954132)"
189.9.35.189 - - [18/Jul/2016:12:18:24 -0300] "POST /survey/create HTTP/1.1" 200 529 "-" "Guardioes da Saude/2.0 (iPhone; iOS 9.3.2; Scale/2.00)"
189.9.35.189 - - [18/Jul/2016:12:18:28 -0300] "GET /user/calendar/day?&day=18&month=7&year=2016 HTTP/1.1" 200 115 "-" "Guardioes da Saude/2.0 (iPhone; iOS 9.3.2; Scale/2.00)"
189.9.35.189 - - [18/Jul/2016:12:18:33 -0300] "GET /game/ranking/ HTTP/1.1" 200 187 "-" "Guardioes da Saude/2.0 (iPhone; iOS 9.3.2; Scale/2.00)"
189.9.35.189 - - [18/Jul/2016:12:18:43 -0300] "GET /user/household/56e975a2b7bc6cce132619d5 HTTP/1.1" 200 56 "-" "Guardioes da Saude/2.0 (iPhone; iOS 9.3.2; Scale/2.00)"
189.9.35.189 - - [18/Jul/2016:12:18:45 -0300] "POST /survey/create HTTP/1.1" 200 527 "-" "Guardioes da Saude/2.0 (iPhone; iOS 9.3.2; Scale/2.00)"
189.9.35.189 - - [18/Jul/2016:12:18:48 -0300] "GET /user/calendar/day?&day=18&month=7&year=2016 HTTP/1.1" 200 116 "-" "Guardioes da Saude/2.0 (iPhone; iOS 9.3.2; Scale/2.00)"
189.9.35.189 - - [18/Jul/2016:12:18:49 -0300] "GET /user/household/56e975a2b7bc6cce132619d5 HTTP/1.1" 200 56 "-" "Guardioes da Saude/2.0 (iPhone; iOS 9.3.2; Scale/2.00)"
189.9.35.189 - - [18/Jul/2016:12:18:51 -0300] "POST /survey/create HTTP/1.1" 200 527 "-" "Guardioes da Saude/2.0 (iPhone; iOS 9.3.2; Scale/2.00)"
189.9.35.189 - - [18/Jul/2016:12:18:52 -0300] "GET /user/calendar/day?&day=18&month=7&year=2016 HTTP/1.1" 200 116 "-" "Guardioes da Saude/2.0 (iPhone; iOS 9.3.2; Scale/2.00)"
191.247.227.42 - - [18/Jul/2016:12:18:53 -0300] "GET /user/get?tw=121832139-6xjG5WlPY3ShGYLz0lncSq4pZXTqHaG4WvbsNaHT HTTP/1.1" 200 56 "-" "Dalvik/2.1.0 (Linux; U; Android 5.1.1; SM-J500M Build/LMY48B)"
189.9.35.189 - - [18/Jul/2016:12:18:57 -0300] "GET /game/questions/?lang=pt_BR HTTP/1.1" 200 743 "-" "Guardioes da Saude/2.0 (iPhone; iOS 9.3.2; Scale/2.00)"
54.251.34.67 - - [18/Jul/2016:12:19:01 -0300] "GET / HTTP/1.0" 200 11894 "-" "NewRelicPinger/1.0 (954132)"
189.9.35.189 - - [18/Jul/2016:12:19:03 -0300] "GET /user/household/56e975a2b7bc6cce132619d5 HTTP/1.1" 200 56 "-" "Guardioes da Saude/2.0 (iPhone; iOS 9.3.2; Scale/2.00)"
189.9.35.189 - - [18/Jul/2016:12:19:04 -0300] "GET /symptoms HTTP/1.1" 200 706 "-" "Guardioes da Saude/2.0 (iPhone; iOS 9.3.2; Scale/2.00)"
54.247.188.179 - - [18/Jul/2016:12:19:10 -0300] "GET / HTTP/1.0" 200 11894 "-" "NewRelicPinger/1.0 (954132)"
189.9.35.189 - - [18/Jul/2016:12:19:11 -0300] "POST /survey/create HTTP/1.1" 200 538 "-" "Guardioes da Saude/2.0 (iPhone; iOS 9.3.2; Scale/2.00)"
189.9.35.189 - - [18/Jul/2016:12:19:13 -0300] "GET /user/calendar/day?&day=18&month=7&year=2016 HTTP/1.1" 200 126 "-" "Guardioes da Saude/2.0 (iPhone; iOS 9.3.2; Scale/2.00)"
50.112.95.211 - - [18/Jul/2016:12:19:26 -0300] "GET / HTTP/1.0" 200 11894 "-" "NewRelicPinger/1.0 (954132)"
191.247.227.42 - - [18/Jul/2016:12:19:42 -0300] "POST /user/create HTTP/1.1" 409 19 "-" "Dalvik/2.1.0 (Linux; U; Android 5.1.1; SM-J500M Build/LMY48B)"
54.248.250.232 - - [18/Jul/2016:12:20:23 -0300] "GET / HTTP/1.0" 200 11894 "-" "NewRelicPinger/1.0 (954132)"
54.251.34.67 - - [18/Jul/2016:12:21:01 -0300] "GET / HTTP/1.0" 200 11894 "-" "NewRelicPinger/1.0 (954132)"
54.247.188.179 - - [18/Jul/2016:12:21:10 -0300] "GET / HTTP/1.0" 200 11894 "-" "NewRelicPinger/1.0 (954132)"
50.112.95.211 - - [18/Jul/2016:12:21:26 -0300] "GET / HTTP/1.0" 200 11894 "-" "NewRelicPinger/1.0 (954132)"
54.248.250.232 - - [18/Jul/2016:12:22:23 -0300] "GET / HTTP/1.0" 200 11894 "-" "NewRelicPinger/1.0 (954132)"
54.251.34.67 - - [18/Jul/2016:12:23:01 -0300] "GET / HTTP/1.0" 200 11894 "-" "NewRelicPinger/1.0 (954132)"
54.247.188.179 - - [18/Jul/2016:12:23:10 -0300] "GET / HTTP/1.0" 200 11894 "-" "NewRelicPinger/1.0 (954132)"
50.112.95.211 - - [18/Jul/2016:12:23:26 -0300] "GET / HTTP/1.0" 200 11894 "-" "NewRelicPinger/1.0 (954132)"
54.248.250.232 - - [18/Jul/2016:12:24:23 -0300] "GET / HTTP/1.0" 200 11894 "-" "NewRelicPinger/1.0 (954132)"
54.251.34.67 - - [18/Jul/2016:12:25:01 -0300] "GET / HTTP/1.0" 200 11894 "-" "NewRelicPinger/1.0 (954132)"
54.247.188.179 - - [18/Jul/2016:12:25:10 -0300] "GET / HTTP/1.0" 200 11894 "-" "NewRelicPinger/1.0 (954132)"
50.112.95.211 - - [18/Jul/2016:12:25:26 -0300] "GET / HTTP/1.0" 200 11894 "-" "NewRelicPinger/1.0 (954132)"
187.102.182.130 - - [18/Jul/2016:12:26:20 -0300] "OPTIONS /search/cities?limit=5 HTTP/1.1" 204 0 "https://guardioesdasaude.org/" "Mozilla/5.0 (Windows NT 6.1; WOW64) AppleWebKit/537.36 (KHTML, like Gecko) Chrome/51.0.2704.103 Safari/537.36"
187.102.182.130 - - [18/Jul/2016:12:26:21 -0300] "GET /search/cities?limit=5 HTTP/1.1" 200 165 "https://guardioesdasaude.org/" "Mozilla/5.0 (Windows NT 6.1; WOW64) AppleWebKit/537.36 (KHTML, like Gecko) Chrome/51.0.2704.103 Safari/537.36"
54.248.250.232 - - [18/Jul/2016:12:26:23 -0300] "GET / HTTP/1.0" 200 11894 "-" "NewRelicPinger/1.0 (954132)"
23.112.9.17 - - [18/Jul/2016:12:26:54 -0300] "OPTIONS /search/cities?limit=5 HTTP/1.1" 204 0 "-" "Mozilla/5.0 (Macintosh; Intel Mac OS X 10.11; rv:47.0) Gecko/20100101 Firefox/47.0"
23.112.9.17 - - [18/Jul/2016:12:26:54 -0300] "GET /search/cities?limit=5 HTTP/1.1" 200 165 "https://guardioesdasaude.org/" "Mozilla/5.0 (Macintosh; Intel Mac OS X 10.11; rv:47.0) Gecko/20100101 Firefox/47.0"
54.251.34.67 - - [18/Jul/2016:12:27:01 -0300] "GET / HTTP/1.0" 200 11894 "-" "NewRelicPinger/1.0 (954132)"
54.247.188.179 - - [18/Jul/2016:12:27:10 -0300] "GET / HTTP/1.0" 200 11894 "-" "NewRelicPinger/1.0 (954132)"
50.112.95.211 - - [18/Jul/2016:12:27:26 -0300] "GET / HTTP/1.0" 200 11894 "-" "NewRelicPinger/1.0 (954132)"
54.248.250.232 - - [18/Jul/2016:12:28:23 -0300] "GET / HTTP/1.0" 200 11894 "-" "NewRelicPinger/1.0 (954132)"
54.251.34.67 - - [18/Jul/2016:12:29:01 -0300] "GET / HTTP/1.0" 200 11894 "-" "NewRelicPinger/1.0 (954132)"
54.247.188.179 - - [18/Jul/2016:12:29:10 -0300] "GET / HTTP/1.0" 200 11894 "-" "NewRelicPinger/1.0 (954132)"
50.112.95.211 - - [18/Jul/2016:12:29:26 -0300] "GET / HTTP/1.0" 200 11894 "-" "NewRelicPinger/1.0 (954132)"
54.248.250.232 - - [18/Jul/2016:12:30:23 -0300] "GET / HTTP/1.0" 200 11894 "-" "NewRelicPinger/1.0 (954132)"
54.251.34.67 - - [18/Jul/2016:12:31:01 -0300] "GET / HTTP/1.0" 200 11894 "-" "NewRelicPinger/1.0 (954132)"
200.198.136.145 - - [18/Jul/2016:12:31:08 -0300] "OPTIONS /surveys/summary?lat=-30.03448233631886&lon=-51.217658400000005 HTTP/1.1" 204 0 "https://guardioesdasaude.org/health-map" "Mozilla/5.0 (Windows NT 6.1; WOW64) AppleWebKit/537.36 (KHTML, like Gecko) Chrome/51.0.2704.103 Safari/537.36"
200.198.136.145 - - [18/Jul/2016:12:31:08 -0300] "OPTIONS /charts/pins?lat=-30.03448233631886&lon=-51.217658400000005 HTTP/1.1" 204 0 "https://guardioesdasaude.org/health-map" "Mozilla/5.0 (Windows NT 6.1; WOW64) AppleWebKit/537.36 (KHTML, like Gecko) Chrome/51.0.2704.103 Safari/537.36"
200.198.136.145 - - [18/Jul/2016:12:31:09 -0300] "OPTIONS /charts/pins?lat=-30.0346471&lon=-51.217658400000005 HTTP/1.1" 204 0 "https://guardioesdasaude.org/health-map" "Mozilla/5.0 (Windows NT 6.1; WOW64) AppleWebKit/537.36 (KHTML, like Gecko) Chrome/51.0.2704.103 Safari/537.36"
200.198.136.145 - - [18/Jul/2016:12:31:09 -0300] "GET /charts/pins?lat=-30.03448233631886&lon=-51.217658400000005 HTTP/1.1" 200 56 "https://guardioesdasaude.org/health-map" "Mozilla/5.0 (Windows NT 6.1; WOW64) AppleWebKit/537.36 (KHTML, like Gecko) Chrome/51.0.2704.103 Safari/537.36"
200.198.136.145 - - [18/Jul/2016:12:31:09 -0300] "GET /surveys/summary?lat=-30.03448233631886&lon=-51.217658400000005 HTTP/1.1" 200 237 "https://guardioesdasaude.org/health-map" "Mozilla/5.0 (Windows NT 6.1; WOW64) AppleWebKit/537.36 (KHTML, like Gecko) Chrome/51.0.2704.103 Safari/537.36"
200.198.136.145 - - [18/Jul/2016:12:31:09 -0300] "OPTIONS /surveys/summary?lat=-30.0346471&lon=-51.217658400000005 HTTP/1.1" 204 0 "https://guardioesdasaude.org/health-map" "Mozilla/5.0 (Windows NT 6.1; WOW64) AppleWebKit/537.36 (KHTML, like Gecko) Chrome/51.0.2704.103 Safari/537.36"
200.198.136.145 - - [18/Jul/2016:12:31:09 -0300] "GET /charts/pins?lat=-30.0346471&lon=-51.217658400000005 HTTP/1.1" 200 56 "https://guardioesdasaude.org/health-map" "Mozilla/5.0 (Windows NT 6.1; WOW64) AppleWebKit/537.36 (KHTML, like Gecko) Chrome/51.0.2704.103 Safari/537.36"
200.198.136.145 - - [18/Jul/2016:12:31:09 -0300] "OPTIONS /charts/pins?lat=-30.03448233631886&lon=-51.217658400000005 HTTP/1.1" 204 0 "https://guardioesdasaude.org/health-map" "Mozilla/5.0 (Windows NT 6.1; WOW64) AppleWebKit/537.36 (KHTML, like Gecko) Chrome/51.0.2704.103 Safari/537.36"
200.198.136.145 - - [18/Jul/2016:12:31:09 -0300] "GET /surveys/summary?lat=-30.0346471&lon=-51.217658400000005 HTTP/1.1" 200 244 "https://guardioesdasaude.org/health-map" "Mozilla/5.0 (Windows NT 6.1; WOW64) AppleWebKit/537.36 (KHTML, like Gecko) Chrome/51.0.2704.103 Safari/537.36"
200.198.136.145 - - [18/Jul/2016:12:31:09 -0300] "GET /charts/pins?lat=-30.03448233631886&lon=-51.217658400000005 HTTP/1.1" 200 56 "https://guardioesdasaude.org/health-map" "Mozilla/5.0 (Windows NT 6.1; WOW64) AppleWebKit/537.36 (KHTML, like Gecko) Chrome/51.0.2704.103 Safari/537.36"
54.247.188.179 - - [18/Jul/2016:12:31:10 -0300] "GET / HTTP/1.0" 200 11894 "-" "NewRelicPinger/1.0 (954132)"
50.112.95.211 - - [18/Jul/2016:12:31:26 -0300] "GET / HTTP/1.0" 200 11894 "-" "NewRelicPinger/1.0 (954132)"
187.122.249.217 - - [18/Jul/2016:12:31:45 -0300] "GET /user/get?gl=109251128812905690437 HTTP/1.1" 200 56 "-" "Dalvik/2.1.0 (Linux; U; Android 6.0.1; ASUS_Z00LD Build/MMB29P)"
187.122.249.217 - - [18/Jul/2016:12:31:51 -0300] "GET /user/get?gl=109251128812905690437 HTTP/1.1" 200 56 "-" "Dalvik/2.1.0 (Linux; U; Android 6.0.1; ASUS_Z00LD Build/MMB29P)"
187.122.249.217 - - [18/Jul/2016:12:32:21 -0300] "POST /user/create HTTP/1.1" 409 19 "-" "Dalvik/2.1.0 (Linux; U; Android 6.0.1; ASUS_Z00LD Build/MMB29P)"
54.248.250.232 - - [18/Jul/2016:12:32:23 -0300] "GET / HTTP/1.0" 200 11894 "-" "NewRelicPinger/1.0 (954132)"
54.251.34.67 - - [18/Jul/2016:12:33:01 -0300] "GET / HTTP/1.0" 200 11894 "-" "NewRelicPinger/1.0 (954132)"
54.247.188.179 - - [18/Jul/2016:12:33:10 -0300] "GET / HTTP/1.0" 200 11894 "-" "NewRelicPinger/1.0 (954132)"
50.112.95.211 - - [18/Jul/2016:12:33:26 -0300] "GET / HTTP/1.0" 200 11894 "-" "NewRelicPinger/1.0 (954132)"
54.248.250.232 - - [18/Jul/2016:12:34:23 -0300] "GET / HTTP/1.0" 200 11894 "-" "NewRelicPinger/1.0 (954132)"
54.251.34.67 - - [18/Jul/2016:12:35:01 -0300] "GET / HTTP/1.0" 200 11894 "-" "NewRelicPinger/1.0 (954132)"
54.247.188.179 - - [18/Jul/2016:12:35:24 -0300] "GET / HTTP/1.0" 200 11894 "-" "NewRelicPinger/1.0 (954132)"
50.112.95.211 - - [18/Jul/2016:12:35:26 -0300] "GET / HTTP/1.0" 200 11894 "-" "NewRelicPinger/1.0 (954132)"
54.248.250.232 - - [18/Jul/2016:12:36:23 -0300] "GET / HTTP/1.0" 200 11894 "-" "NewRelicPinger/1.0 (954132)"
54.251.34.67 - - [18/Jul/2016:12:37:01 -0300] "GET / HTTP/1.0" 200 11894 "-" "NewRelicPinger/1.0 (954132)"
54.247.188.179 - - [18/Jul/2016:12:37:20 -0300] "GET / HTTP/1.0" 200 11894 "-" "NewRelicPinger/1.0 (954132)"
50.112.95.211 - - [18/Jul/2016:12:37:26 -0300] "GET / HTTP/1.0" 200 11894 "-" "NewRelicPinger/1.0 (954132)"
66.220.145.244 - - [18/Jul/2016:12:37:48 -0300] "OPTIONS /search/cities?limit=5 HTTP/1.1" 204 0 "https://guardioesdasaude.org/" "Mozilla/5.0 (Windows NT 6.1; WOW64) AppleWebKit/537.36 (KHTML, like Gecko) Chrome/51.0.2704.103 Safari/537.36"
66.220.145.244 - - [18/Jul/2016:12:37:48 -0300] "GET /search/cities?limit=5 HTTP/1.1" 200 165 "https://guardioesdasaude.org/" "Mozilla/5.0 (Windows NT 6.1; WOW64) AppleWebKit/537.36 (KHTML, like Gecko) Chrome/51.0.2704.103 Safari/537.36"
54.248.250.232 - - [18/Jul/2016:12:38:23 -0300] "GET / HTTP/1.0" 200 11894 "-" "NewRelicPinger/1.0 (954132)"
187.122.249.217 - - [18/Jul/2016:12:38:32 -0300] "POST /user/create HTTP/1.1" 409 19 "-" "Dalvik/2.1.0 (Linux; U; Android 6.0.1; ASUS_Z00LD Build/MMB29P)"
187.122.249.217 - - [18/Jul/2016:12:38:35 -0300] "POST /user/create HTTP/1.1" 409 19 "-" "Dalvik/2.1.0 (Linux; U; Android 6.0.1; ASUS_Z00LD Build/MMB29P)"
181.88.185.202 - - [18/Jul/2016:12:38:46 -0300] "OPTIONS /search/cities?limit=5 HTTP/1.1" 204 0 "https://guardioesdasaude.org/" "Mozilla/5.0 (Windows NT 6.1) AppleWebKit/537.36 (KHTML, like Gecko) Chrome/51.0.2704.103 Safari/537.36"
181.88.185.202 - - [18/Jul/2016:12:38:46 -0300] "GET /search/cities?limit=5 HTTP/1.1" 200 165 "https://guardioesdasaude.org/" "Mozilla/5.0 (Windows NT 6.1) AppleWebKit/537.36 (KHTML, like Gecko) Chrome/51.0.2704.103 Safari/537.36"
54.251.34.67 - - [18/Jul/2016:12:39:04 -0300] "GET / HTTP/1.0" 200 11894 "-" "NewRelicPinger/1.0 (954132)"
54.247.188.179 - - [18/Jul/2016:12:39:21 -0300] "GET / HTTP/1.0" 200 11894 "-" "NewRelicPinger/1.0 (954132)"
50.112.95.211 - - [18/Jul/2016:12:39:33 -0300] "GET / HTTP/1.0" 200 11894 "-" "NewRelicPinger/1.0 (954132)"
187.67.20.214 - - [18/Jul/2016:12:40:20 -0300] "OPTIONS /search/cities?limit=5 HTTP/1.1" 204 0 "https://guardioesdasaude.org/" "Mozilla/5.0 (Linux; Android 6.0; MotoE2(4G-LTE) Build/MPI24.65-39) AppleWebKit/537.36 (KHTML, like Gecko) Chrome/51.0.2704.81 Mobile Safari/537.36"
187.67.20.214 - - [18/Jul/2016:12:40:21 -0300] "GET /search/cities?limit=5 HTTP/1.1" 200 165 "https://guardioesdasaude.org/" "Mozilla/5.0 (Linux; Android 6.0; MotoE2(4G-LTE) Build/MPI24.65-39) AppleWebKit/537.36 (KHTML, like Gecko) Chrome/51.0.2704.81 Mobile Safari/537.36"
54.248.250.232 - - [18/Jul/2016:12:40:23 -0300] "GET / HTTP/1.0" 200 11894 "-" "NewRelicPinger/1.0 (954132)"
187.122.249.217 - - [18/Jul/2016:12:40:27 -0300] "POST /user/create HTTP/1.1" 409 19 "-" "Dalvik/2.1.0 (Linux; U; Android 6.0.1; ASUS_Z00LD Build/MMB29P)"
54.251.34.67 - - [18/Jul/2016:12:41:03 -0300] "GET / HTTP/1.0" 200 11894 "-" "NewRelicPinger/1.0 (954132)"
50.112.95.211 - - [18/Jul/2016:12:41:33 -0300] "GET / HTTP/1.0" 200 11894 "-" "NewRelicPinger/1.0 (954132)"
54.247.188.179 - - [18/Jul/2016:12:41:35 -0300] "GET / HTTP/1.0" 200 11894 "-" "NewRelicPinger/1.0 (954132)"
54.248.250.232 - - [18/Jul/2016:12:42:23 -0300] "GET / HTTP/1.0" 200 11894 "-" "NewRelicPinger/1.0 (954132)"
54.251.34.67 - - [18/Jul/2016:12:43:03 -0300] "GET / HTTP/1.0" 200 11894 "-" "NewRelicPinger/1.0 (954132)"
54.247.188.179 - - [18/Jul/2016:12:43:20 -0300] "GET / HTTP/1.0" 200 11894 "-" "NewRelicPinger/1.0 (954132)"
50.112.95.211 - - [18/Jul/2016:12:43:34 -0300] "GET / HTTP/1.0" 200 11894 "-" "NewRelicPinger/1.0 (954132)"
187.105.104.76 - - [18/Jul/2016:12:44:10 -0300] "POST /user/login HTTP/1.1" 200 77 "-" "Dalvik/2.1.0 (Linux; U; Android 5.1.1; SM-J200BT Build/LMY47X)"
54.248.250.232 - - [18/Jul/2016:12:44:23 -0300] "GET / HTTP/1.0" 200 11894 "-" "NewRelicPinger/1.0 (954132)"
54.251.34.67 - - [18/Jul/2016:12:45:02 -0300] "GET / HTTP/1.0" 200 11894 "-" "NewRelicPinger/1.0 (954132)"
187.105.104.76 - - [18/Jul/2016:12:45:08 -0300] "POST /user/login HTTP/1.1" 200 77 "-" "Dalvik/2.1.0 (Linux; U; Android 5.1.1; SM-J200BT Build/LMY47X)"
54.247.188.179 - - [18/Jul/2016:12:45:20 -0300] "GET / HTTP/1.0" 200 11894 "-" "NewRelicPinger/1.0 (954132)"
50.112.95.211 - - [18/Jul/2016:12:45:33 -0300] "GET / HTTP/1.0" 200 11894 "-" "NewRelicPinger/1.0 (954132)"
187.105.104.76 - - [18/Jul/2016:12:46:03 -0300] "POST /user/forgot-password HTTP/1.1" 200 74 "-" "Dalvik/2.1.0 (Linux; U; Android 5.1.1; SM-J200BT Build/LMY47X)"
187.105.104.76 - - [18/Jul/2016:12:46:18 -0300] "POST /user/login HTTP/1.1" 200 77 "-" "Dalvik/2.1.0 (Linux; U; Android 5.1.1; SM-J200BT Build/LMY47X)"
54.248.250.232 - - [18/Jul/2016:12:46:24 -0300] "GET / HTTP/1.0" 200 11894 "-" "NewRelicPinger/1.0 (954132)"
54.251.34.67 - - [18/Jul/2016:12:47:04 -0300] "GET / HTTP/1.0" 200 11894 "-" "NewRelicPinger/1.0 (954132)"
187.105.104.76 - - [18/Jul/2016:12:47:39 -0300] "POST /user/login HTTP/1.1" 200 77 "-" "Dalvik/2.1.0 (Linux; U; Android 5.1.1; SM-J200BT Build/LMY47X)"
54.247.188.179 - - [18/Jul/2016:12:47:51 -0300] "GET / HTTP/1.0" 200 11894 "-" "NewRelicPinger/1.0 (954132)"
50.112.95.211 - - [18/Jul/2016:12:48:03 -0300] "GET / HTTP/1.0" 200 11894 "-" "NewRelicPinger/1.0 (954132)"
184.73.237.85 - - [18/Jul/2016:12:48:23 -0300] "GET / HTTP/1.0" 200 11894 "-" "NewRelicPinger/1.0 (954132)"
54.248.250.232 - - [18/Jul/2016:12:48:54 -0300] "GET / HTTP/1.0" 200 11894 "-" "NewRelicPinger/1.0 (954132)"
187.105.104.76 - - [18/Jul/2016:12:49:32 -0300] "POST /user/login HTTP/1.1" 200 77 "-" "Dalvik/2.1.0 (Linux; U; Android 5.1.1; SM-J200BT Build/LMY47X)"
54.251.34.67 - - [18/Jul/2016:12:49:33 -0300] "GET / HTTP/1.0" 200 11894 "-" "NewRelicPinger/1.0 (954132)"
187.105.104.76 - - [18/Jul/2016:12:50:01 -0300] "POST /user/login HTTP/1.1" 200 77 "-" "Dalvik/2.1.0 (Linux; U; Android 5.1.1; SM-J200BT Build/LMY47X)"
54.247.188.179 - - [18/Jul/2016:12:50:20 -0300] "GET / HTTP/1.0" 200 11894 "-" "NewRelicPinger/1.0 (954132)"
187.105.104.76 - - [18/Jul/2016:12:50:28 -0300] "POST /user/login HTTP/1.1" 200 77 "-" "Dalvik/2.1.0 (Linux; U; Android 5.1.1; SM-J200BT Build/LMY47X)"
50.112.95.211 - - [18/Jul/2016:12:50:33 -0300] "GET / HTTP/1.0" 200 11894 "-" "NewRelicPinger/1.0 (954132)"
184.73.237.85 - - [18/Jul/2016:12:50:53 -0300] "GET / HTTP/1.0" 200 11894 "-" "NewRelicPinger/1.0 (954132)"
54.248.250.232 - - [18/Jul/2016:12:51:24 -0300] "GET / HTTP/1.0" 200 11894 "-" "NewRelicPinger/1.0 (954132)"
187.105.104.76 - - [18/Jul/2016:12:52:00 -0300] "POST /user/forgot-password HTTP/1.1" 200 74 "-" "Dalvik/2.1.0 (Linux; U; Android 5.1.1; SM-J200BT Build/LMY47X)"
54.251.34.67 - - [18/Jul/2016:12:52:03 -0300] "GET / HTTP/1.0" 200 11894 "-" "NewRelicPinger/1.0 (954132)"
54.247.188.179 - - [18/Jul/2016:12:52:50 -0300] "GET / HTTP/1.0" 200 11894 "-" "NewRelicPinger/1.0 (954132)"
50.112.95.211 - - [18/Jul/2016:12:53:03 -0300] "GET / HTTP/1.0" 200 11894 "-" "NewRelicPinger/1.0 (954132)"
95.21.78.147 - - [18/Jul/2016:12:53:11 -0300] "OPTIONS /search/cities?limit=5 HTTP/1.1" 204 0 "https://guardioesdasaude.org/" "Mozilla/5.0 (Windows NT 10.0; WOW64) AppleWebKit/537.36 (KHTML, like Gecko) Chrome/51.0.2704.103 Safari/537.36"
95.21.78.147 - - [18/Jul/2016:12:53:11 -0300] "GET /search/cities?limit=5 HTTP/1.1" 200 165 "https://guardioesdasaude.org/" "Mozilla/5.0 (Windows NT 10.0; WOW64) AppleWebKit/537.36 (KHTML, like Gecko) Chrome/51.0.2704.103 Safari/537.36"
187.122.249.217 - - [18/Jul/2016:12:53:14 -0300] "GET /user/get?gl=109251128812905690437 HTTP/1.1" 200 56 "-" "Dalvik/2.1.0 (Linux; U; Android 6.0.1; ASUS_Z00LD Build/MMB29P)"
184.73.237.85 - - [18/Jul/2016:12:53:23 -0300] "GET / HTTP/1.0" 200 11894 "-" "NewRelicPinger/1.0 (954132)"
187.122.249.217 - - [18/Jul/2016:12:53:36 -0300] "POST /user/create HTTP/1.1" 409 19 "-" "Dalvik/2.1.0 (Linux; U; Android 6.0.1; ASUS_Z00LD Build/MMB29P)"
187.122.249.217 - - [18/Jul/2016:12:53:40 -0300] "POST /user/create HTTP/1.1" 409 19 "-" "Dalvik/2.1.0 (Linux; U; Android 6.0.1; ASUS_Z00LD Build/MMB29P)"
187.122.249.217 - - [18/Jul/2016:12:53:45 -0300] "POST /user/create HTTP/1.1" 409 19 "-" "Dalvik/2.1.0 (Linux; U; Android 6.0.1; ASUS_Z00LD Build/MMB29P)"
54.248.250.232 - - [18/Jul/2016:12:53:54 -0300] "GET / HTTP/1.0" 200 11894 "-" "NewRelicPinger/1.0 (954132)"
187.105.104.76 - - [18/Jul/2016:12:54:17 -0300] "POST /user/login HTTP/1.1" 200 77 "-" "Dalvik/2.1.0 (Linux; U; Android 5.1.1; SM-J200BT Build/LMY47X)"
54.251.34.67 - - [18/Jul/2016:12:54:35 -0300] "GET / HTTP/1.0" 200 11894 "-" "NewRelicPinger/1.0 (954132)"
54.247.188.179 - - [18/Jul/2016:12:55:20 -0300] "GET / HTTP/1.0" 200 11894 "-" "NewRelicPinger/1.0 (954132)"
50.112.95.211 - - [18/Jul/2016:12:55:33 -0300] "GET / HTTP/1.0" 200 11894 "-" "NewRelicPinger/1.0 (954132)"
184.73.237.85 - - [18/Jul/2016:12:55:53 -0300] "GET / HTTP/1.0" 200 11894 "-" "NewRelicPinger/1.0 (954132)"
54.248.250.232 - - [18/Jul/2016:12:56:25 -0300] "GET / HTTP/1.0" 200 11894 "-" "NewRelicPinger/1.0 (954132)"
54.251.34.67 - - [18/Jul/2016:12:57:04 -0300] "GET / HTTP/1.0" 200 11894 "-" "NewRelicPinger/1.0 (954132)"
187.122.249.217 - - [18/Jul/2016:12:57:42 -0300] "GET /user/get?gl=109251128812905690437 HTTP/1.1" 200 56 "-" "Dalvik/2.1.0 (Linux; U; Android 6.0.1; ASUS_Z00LD Build/MMB29P)"
54.247.188.179 - - [18/Jul/2016:12:57:51 -0300] "GET / HTTP/1.0" 200 11894 "-" "NewRelicPinger/1.0 (954132)"
187.122.249.217 - - [18/Jul/2016:12:58:03 -0300] "POST /user/create HTTP/1.1" 409 19 "-" "Dalvik/2.1.0 (Linux; U; Android 6.0.1; ASUS_Z00LD Build/MMB29P)"
50.112.95.211 - - [18/Jul/2016:12:58:03 -0300] "GET / HTTP/1.0" 200 11894 "-" "NewRelicPinger/1.0 (954132)"
184.73.237.85 - - [18/Jul/2016:12:58:23 -0300] "GET / HTTP/1.0" 200 11894 "-" "NewRelicPinger/1.0 (954132)"
54.248.250.232 - - [18/Jul/2016:12:58:54 -0300] "GET / HTTP/1.0" 200 11894 "-" "NewRelicPinger/1.0 (954132)"
54.251.34.67 - - [18/Jul/2016:12:59:34 -0300] "GET / HTTP/1.0" 200 11894 "-" "NewRelicPinger/1.0 (954132)"
54.247.188.179 - - [18/Jul/2016:13:00:20 -0300] "GET / HTTP/1.0" 200 11894 "-" "NewRelicPinger/1.0 (954132)"
