54.247.188.179 - - [27/Jun/2016:19:06:05 -0300] "GET / HTTP/1.0" 200 11894 "-" "NewRelicPinger/1.0 (954132)"
54.251.34.67 - - [27/Jun/2016:19:06:15 -0300] "GET / HTTP/1.0" 200 11894 "-" "NewRelicPinger/1.0 (954132)"
54.248.250.232 - - [27/Jun/2016:19:06:32 -0300] "GET / HTTP/1.0" 200 11894 "-" "NewRelicPinger/1.0 (954132)"
184.73.237.85 - - [27/Jun/2016:19:07:11 -0300] "GET / HTTP/1.0" 200 11894 "-" "NewRelicPinger/1.0 (954132)"
50.112.95.211 - - [27/Jun/2016:19:07:25 -0300] "GET / HTTP/1.0" 200 11894 "-" "NewRelicPinger/1.0 (954132)"
54.247.188.179 - - [27/Jun/2016:19:08:35 -0300] "GET / HTTP/1.0" 200 11894 "-" "NewRelicPinger/1.0 (954132)"
54.251.34.67 - - [27/Jun/2016:19:08:45 -0300] "GET / HTTP/1.0" 200 11894 "-" "NewRelicPinger/1.0 (954132)"
54.248.250.232 - - [27/Jun/2016:19:09:03 -0300] "GET / HTTP/1.0" 200 11894 "-" "NewRelicPinger/1.0 (954132)"
184.73.237.85 - - [27/Jun/2016:19:09:41 -0300] "GET / HTTP/1.0" 200 11894 "-" "NewRelicPinger/1.0 (954132)"
50.112.95.211 - - [27/Jun/2016:19:09:54 -0300] "GET / HTTP/1.0" 200 11894 "-" "NewRelicPinger/1.0 (954132)"
54.247.188.179 - - [27/Jun/2016:19:11:05 -0300] "GET / HTTP/1.0" 200 11894 "-" "NewRelicPinger/1.0 (954132)"
54.251.34.67 - - [27/Jun/2016:19:11:15 -0300] "GET / HTTP/1.0" 200 11894 "-" "NewRelicPinger/1.0 (954132)"
54.248.250.232 - - [27/Jun/2016:19:11:33 -0300] "GET / HTTP/1.0" 200 11894 "-" "NewRelicPinger/1.0 (954132)"
184.73.237.85 - - [27/Jun/2016:19:12:12 -0300] "GET / HTTP/1.0" 200 11894 "-" "NewRelicPinger/1.0 (954132)"
50.112.95.211 - - [27/Jun/2016:19:12:25 -0300] "GET / HTTP/1.0" 200 11894 "-" "NewRelicPinger/1.0 (954132)"
54.247.188.179 - - [27/Jun/2016:19:13:35 -0300] "GET / HTTP/1.0" 200 11894 "-" "NewRelicPinger/1.0 (954132)"
54.251.34.67 - - [27/Jun/2016:19:13:45 -0300] "GET / HTTP/1.0" 200 11894 "-" "NewRelicPinger/1.0 (954132)"
54.248.250.232 - - [27/Jun/2016:19:14:03 -0300] "GET / HTTP/1.0" 200 11894 "-" "NewRelicPinger/1.0 (954132)"
184.73.237.85 - - [27/Jun/2016:19:14:42 -0300] "GET / HTTP/1.0" 200 11894 "-" "NewRelicPinger/1.0 (954132)"
50.112.95.211 - - [27/Jun/2016:19:14:55 -0300] "GET / HTTP/1.0" 200 11894 "-" "NewRelicPinger/1.0 (954132)"
54.247.188.179 - - [27/Jun/2016:19:16:05 -0300] "GET / HTTP/1.0" 200 11894 "-" "NewRelicPinger/1.0 (954132)"
54.251.34.67 - - [27/Jun/2016:19:16:15 -0300] "GET / HTTP/1.0" 200 11894 "-" "NewRelicPinger/1.0 (954132)"
54.248.250.232 - - [27/Jun/2016:19:16:33 -0300] "GET / HTTP/1.0" 200 11894 "-" "NewRelicPinger/1.0 (954132)"
184.73.237.85 - - [27/Jun/2016:19:17:12 -0300] "GET / HTTP/1.0" 200 11894 "-" "NewRelicPinger/1.0 (954132)"
50.112.95.211 - - [27/Jun/2016:19:17:25 -0300] "GET / HTTP/1.0" 200 11894 "-" "NewRelicPinger/1.0 (954132)"
54.247.188.179 - - [27/Jun/2016:19:18:35 -0300] "GET / HTTP/1.0" 200 11894 "-" "NewRelicPinger/1.0 (954132)"
54.251.34.67 - - [27/Jun/2016:19:18:45 -0300] "GET / HTTP/1.0" 200 11894 "-" "NewRelicPinger/1.0 (954132)"
54.248.250.232 - - [27/Jun/2016:19:19:03 -0300] "GET / HTTP/1.0" 200 11894 "-" "NewRelicPinger/1.0 (954132)"
184.73.237.85 - - [27/Jun/2016:19:19:42 -0300] "GET / HTTP/1.0" 200 11894 "-" "NewRelicPinger/1.0 (954132)"
50.112.95.211 - - [27/Jun/2016:19:19:55 -0300] "GET / HTTP/1.0" 200 11894 "-" "NewRelicPinger/1.0 (954132)"
177.38.200.177 - - [27/Jun/2016:19:21:04 -0300] "POST /user/login HTTP/1.1" 200 4118 "-" "Dalvik/2.1.0 (Linux; U; Android 6.0; Android SDK built for x86 Build/MASTER)"
54.247.188.179 - - [27/Jun/2016:19:21:05 -0300] "GET / HTTP/1.0" 200 11894 "-" "NewRelicPinger/1.0 (954132)"
177.38.200.177 - - [27/Jun/2016:19:21:08 -0300] "GET /user/household/56e1ec59b4b758d31330799f HTTP/1.1" 200 2554 "-" "Dalvik/2.1.0 (Linux; U; Android 6.0; Android SDK built for x86 Build/MASTER)"
54.251.34.67 - - [27/Jun/2016:19:21:15 -0300] "GET / HTTP/1.0" 200 11894 "-" "NewRelicPinger/1.0 (954132)"
54.248.250.232 - - [27/Jun/2016:19:21:33 -0300] "GET / HTTP/1.0" 200 11894 "-" "NewRelicPinger/1.0 (954132)"
184.73.237.85 - - [27/Jun/2016:19:22:11 -0300] "GET / HTTP/1.0" 200 11894 "-" "NewRelicPinger/1.0 (954132)"
50.112.95.211 - - [27/Jun/2016:19:22:25 -0300] "GET / HTTP/1.0" 200 11894 "-" "NewRelicPinger/1.0 (954132)"
54.247.188.179 - - [27/Jun/2016:19:23:35 -0300] "GET / HTTP/1.0" 200 11894 "-" "NewRelicPinger/1.0 (954132)"
54.251.34.67 - - [27/Jun/2016:19:23:45 -0300] "GET / HTTP/1.0" 200 11894 "-" "NewRelicPinger/1.0 (954132)"
54.248.250.232 - - [27/Jun/2016:19:24:03 -0300] "GET / HTTP/1.0" 200 11894 "-" "NewRelicPinger/1.0 (954132)"
184.73.237.85 - - [27/Jun/2016:19:24:41 -0300] "GET / HTTP/1.0" 200 11894 "-" "NewRelicPinger/1.0 (954132)"
50.112.95.211 - - [27/Jun/2016:19:24:55 -0300] "GET / HTTP/1.0" 200 11894 "-" "NewRelicPinger/1.0 (954132)"
54.247.188.179 - - [27/Jun/2016:19:26:05 -0300] "GET / HTTP/1.0" 200 11894 "-" "NewRelicPinger/1.0 (954132)"
54.251.34.67 - - [27/Jun/2016:19:26:15 -0300] "GET / HTTP/1.0" 200 11894 "-" "NewRelicPinger/1.0 (954132)"
54.248.250.232 - - [27/Jun/2016:19:26:33 -0300] "GET / HTTP/1.0" 200 11894 "-" "NewRelicPinger/1.0 (954132)"
184.73.237.85 - - [27/Jun/2016:19:27:12 -0300] "GET / HTTP/1.0" 200 11894 "-" "NewRelicPinger/1.0 (954132)"
50.112.95.211 - - [27/Jun/2016:19:27:25 -0300] "GET / HTTP/1.0" 200 11894 "-" "NewRelicPinger/1.0 (954132)"
54.247.188.179 - - [27/Jun/2016:19:28:35 -0300] "GET / HTTP/1.0" 200 11894 "-" "NewRelicPinger/1.0 (954132)"
54.251.34.67 - - [27/Jun/2016:19:28:46 -0300] "GET / HTTP/1.0" 200 11894 "-" "NewRelicPinger/1.0 (954132)"
177.38.200.177 - - [27/Jun/2016:19:29:03 -0300] "GET /user/household/573f5c05fb2af3c50833b056 HTTP/1.1" 200 1448 "-" "Dalvik/2.1.0 (Linux; U; Android 6.0; XT1069 Build/MPB24.65-34)"
54.248.250.232 - - [27/Jun/2016:19:29:03 -0300] "GET / HTTP/1.0" 200 11894 "-" "NewRelicPinger/1.0 (954132)"
177.38.200.177 - - [27/Jun/2016:19:29:14 -0300] "GET /user/household/573f5c05fb2af3c50833b056 HTTP/1.1" 200 1448 "-" "Dalvik/2.1.0 (Linux; U; Android 6.0; XT1069 Build/MPB24.65-34)"
177.38.200.177 - - [27/Jun/2016:19:29:17 -0300] "GET /user/household/573f5c05fb2af3c50833b056 HTTP/1.1" 200 1448 "-" "Dalvik/2.1.0 (Linux; U; Android 6.0; XT1069 Build/MPB24.65-34)"
184.73.237.85 - - [27/Jun/2016:19:29:42 -0300] "GET / HTTP/1.0" 200 11894 "-" "NewRelicPinger/1.0 (954132)"
50.112.95.211 - - [27/Jun/2016:19:29:55 -0300] "GET / HTTP/1.0" 200 11894 "-" "NewRelicPinger/1.0 (954132)"
177.38.200.177 - - [27/Jun/2016:19:30:19 -0300] "POST /user/login HTTP/1.1" 200 4244 "-" "Dalvik/1.6.0 (Linux; U; Android 4.4.2; GT-N7100 Build/KOT49H)"
177.38.200.177 - - [27/Jun/2016:19:30:22 -0300] "GET /user/household/56e1ec59b4b758d31330799f HTTP/1.1" 200 2675 "-" "Dalvik/1.6.0 (Linux; U; Android 4.4.2; GT-N7100 Build/KOT49H)"
54.247.188.179 - - [27/Jun/2016:19:31:05 -0300] "GET / HTTP/1.0" 200 11894 "-" "NewRelicPinger/1.0 (954132)"
54.251.34.67 - - [27/Jun/2016:19:31:15 -0300] "GET / HTTP/1.0" 200 11894 "-" "NewRelicPinger/1.0 (954132)"
54.248.250.232 - - [27/Jun/2016:19:31:33 -0300] "GET / HTTP/1.0" 200 11894 "-" "NewRelicPinger/1.0 (954132)"
184.73.237.85 - - [27/Jun/2016:19:32:12 -0300] "GET / HTTP/1.0" 200 11894 "-" "NewRelicPinger/1.0 (954132)"
50.112.95.211 - - [27/Jun/2016:19:32:26 -0300] "GET / HTTP/1.0" 200 11894 "-" "NewRelicPinger/1.0 (954132)"
54.247.188.179 - - [27/Jun/2016:19:33:36 -0300] "GET / HTTP/1.0" 200 11894 "-" "NewRelicPinger/1.0 (954132)"
54.251.34.67 - - [27/Jun/2016:19:33:45 -0300] "GET / HTTP/1.0" 200 11894 "-" "NewRelicPinger/1.0 (954132)"
54.248.250.232 - - [27/Jun/2016:19:34:03 -0300] "GET / HTTP/1.0" 200 11894 "-" "NewRelicPinger/1.0 (954132)"
184.73.237.85 - - [27/Jun/2016:19:34:42 -0300] "GET / HTTP/1.0" 200 11894 "-" "NewRelicPinger/1.0 (954132)"
50.112.95.211 - - [27/Jun/2016:19:34:56 -0300] "GET / HTTP/1.0" 200 11894 "-" "NewRelicPinger/1.0 (954132)"
54.247.188.179 - - [27/Jun/2016:19:36:05 -0300] "GET / HTTP/1.0" 200 11894 "-" "NewRelicPinger/1.0 (954132)"
54.251.34.67 - - [27/Jun/2016:19:36:15 -0300] "GET / HTTP/1.0" 200 11894 "-" "NewRelicPinger/1.0 (954132)"
54.248.250.232 - - [27/Jun/2016:19:36:33 -0300] "GET / HTTP/1.0" 200 11894 "-" "NewRelicPinger/1.0 (954132)"
184.73.237.85 - - [27/Jun/2016:19:37:13 -0300] "GET / HTTP/1.0" 200 11894 "-" "NewRelicPinger/1.0 (954132)"
50.112.95.211 - - [27/Jun/2016:19:37:26 -0300] "GET / HTTP/1.0" 200 11894 "-" "NewRelicPinger/1.0 (954132)"
177.38.200.177 - - [27/Jun/2016:19:37:33 -0300] "POST /user/create HTTP/1.1" 200 599 "-" "Dalvik/2.1.0 (Linux; U; Android 6.0; XT1069 Build/MPB24.65-34)"
177.38.200.177 - - [27/Jun/2016:19:37:36 -0300] "GET /user/household/5771aaadb5d0643e16663142 HTTP/1.1" 200 56 "-" "Dalvik/2.1.0 (Linux; U; Android 6.0; XT1069 Build/MPB24.65-34)"
54.247.188.179 - - [27/Jun/2016:19:38:35 -0300] "GET / HTTP/1.0" 200 11894 "-" "NewRelicPinger/1.0 (954132)"
54.251.34.67 - - [27/Jun/2016:19:38:45 -0300] "GET / HTTP/1.0" 200 11894 "-" "NewRelicPinger/1.0 (954132)"
54.248.250.232 - - [27/Jun/2016:19:39:03 -0300] "GET / HTTP/1.0" 200 11894 "-" "NewRelicPinger/1.0 (954132)"
184.73.237.85 - - [27/Jun/2016:19:39:42 -0300] "GET / HTTP/1.0" 200 11894 "-" "NewRelicPinger/1.0 (954132)"
50.112.95.211 - - [27/Jun/2016:19:39:56 -0300] "GET / HTTP/1.0" 200 11894 "-" "NewRelicPinger/1.0 (954132)"
54.247.188.179 - - [27/Jun/2016:19:41:05 -0300] "GET / HTTP/1.0" 200 11894 "-" "NewRelicPinger/1.0 (954132)"
54.251.34.67 - - [27/Jun/2016:19:41:15 -0300] "GET / HTTP/1.0" 200 11894 "-" "NewRelicPinger/1.0 (954132)"
54.248.250.232 - - [27/Jun/2016:19:41:47 -0300] "GET / HTTP/1.0" 200 11894 "-" "NewRelicPinger/1.0 (954132)"
184.73.237.85 - - [27/Jun/2016:19:42:12 -0300] "GET / HTTP/1.0" 200 11894 "-" "NewRelicPinger/1.0 (954132)"
50.112.95.211 - - [27/Jun/2016:19:42:25 -0300] "GET / HTTP/1.0" 200 11894 "-" "NewRelicPinger/1.0 (954132)"
54.247.188.179 - - [27/Jun/2016:19:43:36 -0300] "GET / HTTP/1.0" 200 11894 "-" "NewRelicPinger/1.0 (954132)"
54.251.34.67 - - [27/Jun/2016:19:43:45 -0300] "GET / HTTP/1.0" 200 11894 "-" "NewRelicPinger/1.0 (954132)"
54.248.250.232 - - [27/Jun/2016:19:44:05 -0300] "GET / HTTP/1.0" 200 11894 "-" "NewRelicPinger/1.0 (954132)"
184.73.237.85 - - [27/Jun/2016:19:44:43 -0300] "GET / HTTP/1.0" 200 11894 "-" "NewRelicPinger/1.0 (954132)"
50.112.95.211 - - [27/Jun/2016:19:44:56 -0300] "GET / HTTP/1.0" 200 11894 "-" "NewRelicPinger/1.0 (954132)"
54.247.188.179 - - [27/Jun/2016:19:46:06 -0300] "GET / HTTP/1.0" 200 11894 "-" "NewRelicPinger/1.0 (954132)"
54.251.34.67 - - [27/Jun/2016:19:46:15 -0300] "GET / HTTP/1.0" 200 11894 "-" "NewRelicPinger/1.0 (954132)"
54.248.250.232 - - [27/Jun/2016:19:46:33 -0300] "GET / HTTP/1.0" 200 11894 "-" "NewRelicPinger/1.0 (954132)"
184.73.237.85 - - [27/Jun/2016:19:47:13 -0300] "GET / HTTP/1.0" 200 11894 "-" "NewRelicPinger/1.0 (954132)"
50.112.95.211 - - [27/Jun/2016:19:47:25 -0300] "GET / HTTP/1.0" 200 11894 "-" "NewRelicPinger/1.0 (954132)"
54.247.188.179 - - [27/Jun/2016:19:48:36 -0300] "GET / HTTP/1.0" 200 11894 "-" "NewRelicPinger/1.0 (954132)"
54.251.34.67 - - [27/Jun/2016:19:48:45 -0300] "GET / HTTP/1.0" 200 11894 "-" "NewRelicPinger/1.0 (954132)"
54.248.250.232 - - [27/Jun/2016:19:49:03 -0300] "GET / HTTP/1.0" 200 11894 "-" "NewRelicPinger/1.0 (954132)"
184.73.237.85 - - [27/Jun/2016:19:49:42 -0300] "GET / HTTP/1.0" 200 11894 "-" "NewRelicPinger/1.0 (954132)"
50.112.95.211 - - [27/Jun/2016:19:49:55 -0300] "GET / HTTP/1.0" 200 11894 "-" "NewRelicPinger/1.0 (954132)"
54.247.188.179 - - [27/Jun/2016:19:51:06 -0300] "GET / HTTP/1.0" 200 11894 "-" "NewRelicPinger/1.0 (954132)"
54.251.34.67 - - [27/Jun/2016:19:51:16 -0300] "GET / HTTP/1.0" 200 11894 "-" "NewRelicPinger/1.0 (954132)"
54.248.250.232 - - [27/Jun/2016:19:51:33 -0300] "GET / HTTP/1.0" 200 11894 "-" "NewRelicPinger/1.0 (954132)"
184.73.237.85 - - [27/Jun/2016:19:52:12 -0300] "GET / HTTP/1.0" 200 11894 "-" "NewRelicPinger/1.0 (954132)"
50.112.95.211 - - [27/Jun/2016:19:52:26 -0300] "GET / HTTP/1.0" 200 11894 "-" "NewRelicPinger/1.0 (954132)"
54.247.188.179 - - [27/Jun/2016:19:53:36 -0300] "GET / HTTP/1.0" 200 11894 "-" "NewRelicPinger/1.0 (954132)"
54.251.34.67 - - [27/Jun/2016:19:53:46 -0300] "GET / HTTP/1.0" 200 11894 "-" "NewRelicPinger/1.0 (954132)"
54.248.250.232 - - [27/Jun/2016:19:54:04 -0300] "GET / HTTP/1.0" 200 11894 "-" "NewRelicPinger/1.0 (954132)"
184.73.237.85 - - [27/Jun/2016:19:54:42 -0300] "GET / HTTP/1.0" 200 11894 "-" "NewRelicPinger/1.0 (954132)"
50.112.95.211 - - [27/Jun/2016:19:54:55 -0300] "GET / HTTP/1.0" 200 11894 "-" "NewRelicPinger/1.0 (954132)"
54.247.188.179 - - [27/Jun/2016:19:56:06 -0300] "GET / HTTP/1.0" 200 11894 "-" "NewRelicPinger/1.0 (954132)"
54.251.34.67 - - [27/Jun/2016:19:56:16 -0300] "GET / HTTP/1.0" 200 11894 "-" "NewRelicPinger/1.0 (954132)"
54.248.250.232 - - [27/Jun/2016:19:56:35 -0300] "GET / HTTP/1.0" 200 11894 "-" "NewRelicPinger/1.0 (954132)"
184.73.237.85 - - [27/Jun/2016:19:57:13 -0300] "GET / HTTP/1.0" 200 11894 "-" "NewRelicPinger/1.0 (954132)"
50.112.95.211 - - [27/Jun/2016:19:57:26 -0300] "GET / HTTP/1.0" 200 11894 "-" "NewRelicPinger/1.0 (954132)"
54.247.188.179 - - [27/Jun/2016:19:58:36 -0300] "GET / HTTP/1.0" 200 11894 "-" "NewRelicPinger/1.0 (954132)"
54.251.34.67 - - [27/Jun/2016:19:58:46 -0300] "GET / HTTP/1.0" 200 11894 "-" "NewRelicPinger/1.0 (954132)"
54.248.250.232 - - [27/Jun/2016:19:59:05 -0300] "GET / HTTP/1.0" 200 11894 "-" "NewRelicPinger/1.0 (954132)"
184.73.237.85 - - [27/Jun/2016:19:59:42 -0300] "GET / HTTP/1.0" 200 11894 "-" "NewRelicPinger/1.0 (954132)"
50.112.95.211 - - [27/Jun/2016:19:59:55 -0300] "GET / HTTP/1.0" 200 11894 "-" "NewRelicPinger/1.0 (954132)"
54.247.188.179 - - [27/Jun/2016:20:01:06 -0300] "GET / HTTP/1.0" 200 11894 "-" "NewRelicPinger/1.0 (954132)"
54.251.34.67 - - [27/Jun/2016:20:01:17 -0300] "GET / HTTP/1.0" 200 11894 "-" "NewRelicPinger/1.0 (954132)"
54.248.250.232 - - [27/Jun/2016:20:01:34 -0300] "GET / HTTP/1.0" 200 11894 "-" "NewRelicPinger/1.0 (954132)"
184.73.237.85 - - [27/Jun/2016:20:02:14 -0300] "GET / HTTP/1.0" 200 11894 "-" "NewRelicPinger/1.0 (954132)"
50.112.95.211 - - [27/Jun/2016:20:02:25 -0300] "GET / HTTP/1.0" 200 11894 "-" "NewRelicPinger/1.0 (954132)"
54.247.188.179 - - [27/Jun/2016:20:03:36 -0300] "GET / HTTP/1.0" 200 11894 "-" "NewRelicPinger/1.0 (954132)"
54.251.34.67 - - [27/Jun/2016:20:03:47 -0300] "GET / HTTP/1.0" 200 11894 "-" "NewRelicPinger/1.0 (954132)"
54.248.250.232 - - [27/Jun/2016:20:04:04 -0300] "GET / HTTP/1.0" 200 11894 "-" "NewRelicPinger/1.0 (954132)"
184.73.237.85 - - [27/Jun/2016:20:04:42 -0300] "GET / HTTP/1.0" 200 11894 "-" "NewRelicPinger/1.0 (954132)"
50.112.95.211 - - [27/Jun/2016:20:05:07 -0300] "GET / HTTP/1.0" 200 11894 "-" "NewRelicPinger/1.0 (954132)"
54.247.188.179 - - [27/Jun/2016:20:06:06 -0300] "GET / HTTP/1.0" 200 11894 "-" "NewRelicPinger/1.0 (954132)"
54.251.34.67 - - [27/Jun/2016:20:06:17 -0300] "GET / HTTP/1.0" 200 11894 "-" "NewRelicPinger/1.0 (954132)"
54.248.250.232 - - [27/Jun/2016:20:06:34 -0300] "GET / HTTP/1.0" 200 11894 "-" "NewRelicPinger/1.0 (954132)"
184.73.237.85 - - [27/Jun/2016:20:07:12 -0300] "GET / HTTP/1.0" 200 11894 "-" "NewRelicPinger/1.0 (954132)"
50.112.95.211 - - [27/Jun/2016:20:07:36 -0300] "GET / HTTP/1.0" 200 11894 "-" "NewRelicPinger/1.0 (954132)"
54.247.188.179 - - [27/Jun/2016:20:08:36 -0300] "GET / HTTP/1.0" 200 11894 "-" "NewRelicPinger/1.0 (954132)"
54.251.34.67 - - [27/Jun/2016:20:08:47 -0300] "GET / HTTP/1.0" 200 11894 "-" "NewRelicPinger/1.0 (954132)"
54.248.250.232 - - [27/Jun/2016:20:09:04 -0300] "GET / HTTP/1.0" 200 11894 "-" "NewRelicPinger/1.0 (954132)"
184.73.237.85 - - [27/Jun/2016:20:09:42 -0300] "GET / HTTP/1.0" 200 11894 "-" "NewRelicPinger/1.0 (954132)"
50.112.95.211 - - [27/Jun/2016:20:10:06 -0300] "GET / HTTP/1.0" 200 11894 "-" "NewRelicPinger/1.0 (954132)"
54.247.188.179 - - [27/Jun/2016:20:11:06 -0300] "GET / HTTP/1.0" 200 11894 "-" "NewRelicPinger/1.0 (954132)"
54.251.34.67 - - [27/Jun/2016:20:11:17 -0300] "GET / HTTP/1.0" 200 11894 "-" "NewRelicPinger/1.0 (954132)"
54.248.250.232 - - [27/Jun/2016:20:11:34 -0300] "GET / HTTP/1.0" 200 11894 "-" "NewRelicPinger/1.0 (954132)"
184.73.237.85 - - [27/Jun/2016:20:12:12 -0300] "GET / HTTP/1.0" 200 11894 "-" "NewRelicPinger/1.0 (954132)"
50.112.95.211 - - [27/Jun/2016:20:12:36 -0300] "GET / HTTP/1.0" 200 11894 "-" "NewRelicPinger/1.0 (954132)"
186.223.149.176 - - [27/Jun/2016:20:12:53 -0300] "GET /user/lookup/ HTTP/1.1" 200 2588 "-" "Guardioes da Saude/1.1.9 (iPhone; iOS 9.3.2; Scale/2.00)"
186.223.149.176 - - [27/Jun/2016:20:12:53 -0300] "GET /user/calendar/day?&day=27&month=6&year=2016 HTTP/1.1" 200 58 "-" "Guardioes da Saude/1.1.9 (iPhone; iOS 9.3.2; Scale/2.00)"
186.223.149.176 - - [27/Jun/2016:20:12:54 -0300] "POST /survey/create HTTP/1.1" 200 554 "-" "Guardioes da Saude/1.1.9 (iPhone; iOS 9.3.2; Scale/2.00)"
186.223.149.176 - - [27/Jun/2016:20:12:56 -0300] "GET /user/calendar/day?&day=27&month=6&year=2016 HTTP/1.1" 200 115 "-" "Guardioes da Saude/1.1.9 (iPhone; iOS 9.3.2; Scale/2.00)"
54.247.188.179 - - [27/Jun/2016:20:13:36 -0300] "GET / HTTP/1.0" 200 11894 "-" "NewRelicPinger/1.0 (954132)"
54.251.34.67 - - [27/Jun/2016:20:13:47 -0300] "GET / HTTP/1.0" 200 11894 "-" "NewRelicPinger/1.0 (954132)"
54.248.250.232 - - [27/Jun/2016:20:14:04 -0300] "GET / HTTP/1.0" 200 11894 "-" "NewRelicPinger/1.0 (954132)"
184.73.237.85 - - [27/Jun/2016:20:14:42 -0300] "GET / HTTP/1.0" 200 11894 "-" "NewRelicPinger/1.0 (954132)"
50.112.95.211 - - [27/Jun/2016:20:15:07 -0300] "GET / HTTP/1.0" 200 11894 "-" "NewRelicPinger/1.0 (954132)"
54.247.188.179 - - [27/Jun/2016:20:16:06 -0300] "GET / HTTP/1.0" 200 11894 "-" "NewRelicPinger/1.0 (954132)"
54.251.34.67 - - [27/Jun/2016:20:16:17 -0300] "GET / HTTP/1.0" 200 11894 "-" "NewRelicPinger/1.0 (954132)"
54.248.250.232 - - [27/Jun/2016:20:16:34 -0300] "GET / HTTP/1.0" 200 11894 "-" "NewRelicPinger/1.0 (954132)"
184.73.237.85 - - [27/Jun/2016:20:17:12 -0300] "GET / HTTP/1.0" 200 11894 "-" "NewRelicPinger/1.0 (954132)"
50.112.95.211 - - [27/Jun/2016:20:17:36 -0300] "GET / HTTP/1.0" 200 11894 "-" "NewRelicPinger/1.0 (954132)"
54.247.188.179 - - [27/Jun/2016:20:18:37 -0300] "GET / HTTP/1.0" 200 11894 "-" "NewRelicPinger/1.0 (954132)"
54.251.34.67 - - [27/Jun/2016:20:18:47 -0300] "GET / HTTP/1.0" 200 11894 "-" "NewRelicPinger/1.0 (954132)"
54.248.250.232 - - [27/Jun/2016:20:19:04 -0300] "GET / HTTP/1.0" 200 11894 "-" "NewRelicPinger/1.0 (954132)"
184.73.237.85 - - [27/Jun/2016:20:19:42 -0300] "GET / HTTP/1.0" 200 11894 "-" "NewRelicPinger/1.0 (954132)"
177.38.200.177 - - [27/Jun/2016:20:19:51 -0300] "GET /user/lookup/ HTTP/1.1" 200 4215 "-" "Dalvik/1.6.0 (Linux; U; Android 4.4.2; GT-N7100 Build/KOT49H)"
50.112.95.211 - - [27/Jun/2016:20:20:06 -0300] "GET / HTTP/1.0" 200 11894 "-" "NewRelicPinger/1.0 (954132)"
177.38.200.177 - - [27/Jun/2016:20:20:33 -0300] "GET /user/household/56e1ec59b4b758d31330799f HTTP/1.1" 200 2675 "-" "Dalvik/1.6.0 (Linux; U; Android 4.4.2; GT-N7100 Build/KOT49H)"
54.247.188.179 - - [27/Jun/2016:20:21:07 -0300] "GET / HTTP/1.0" 200 11894 "-" "NewRelicPinger/1.0 (954132)"
54.251.34.67 - - [27/Jun/2016:20:21:18 -0300] "GET / HTTP/1.0" 200 11894 "-" "NewRelicPinger/1.0 (954132)"
54.248.250.232 - - [27/Jun/2016:20:21:34 -0300] "GET / HTTP/1.0" 200 11894 "-" "NewRelicPinger/1.0 (954132)"
184.73.237.85 - - [27/Jun/2016:20:22:12 -0300] "GET / HTTP/1.0" 200 11894 "-" "NewRelicPinger/1.0 (954132)"
50.112.95.211 - - [27/Jun/2016:20:22:36 -0300] "GET / HTTP/1.0" 200 11894 "-" "NewRelicPinger/1.0 (954132)"
54.247.188.179 - - [27/Jun/2016:20:23:37 -0300] "GET / HTTP/1.0" 200 11894 "-" "NewRelicPinger/1.0 (954132)"
54.251.34.67 - - [27/Jun/2016:20:23:47 -0300] "GET / HTTP/1.0" 200 11894 "-" "NewRelicPinger/1.0 (954132)"
54.248.250.232 - - [27/Jun/2016:20:24:05 -0300] "GET / HTTP/1.0" 200 11894 "-" "NewRelicPinger/1.0 (954132)"
184.73.237.85 - - [27/Jun/2016:20:24:42 -0300] "GET / HTTP/1.0" 200 11894 "-" "NewRelicPinger/1.0 (954132)"
50.112.95.211 - - [27/Jun/2016:20:25:06 -0300] "GET / HTTP/1.0" 200 11894 "-" "NewRelicPinger/1.0 (954132)"
54.247.188.179 - - [27/Jun/2016:20:26:07 -0300] "GET / HTTP/1.0" 200 11894 "-" "NewRelicPinger/1.0 (954132)"
54.251.34.67 - - [27/Jun/2016:20:26:18 -0300] "GET / HTTP/1.0" 200 11894 "-" "NewRelicPinger/1.0 (954132)"
54.248.250.232 - - [27/Jun/2016:20:26:34 -0300] "GET / HTTP/1.0" 200 11894 "-" "NewRelicPinger/1.0 (954132)"
184.73.237.85 - - [27/Jun/2016:20:27:12 -0300] "GET / HTTP/1.0" 200 11894 "-" "NewRelicPinger/1.0 (954132)"
50.112.95.211 - - [27/Jun/2016:20:27:36 -0300] "GET / HTTP/1.0" 200 11894 "-" "NewRelicPinger/1.0 (954132)"
54.247.188.179 - - [27/Jun/2016:20:28:37 -0300] "GET / HTTP/1.0" 200 11894 "-" "NewRelicPinger/1.0 (954132)"
54.251.34.67 - - [27/Jun/2016:20:28:47 -0300] "GET / HTTP/1.0" 200 11894 "-" "NewRelicPinger/1.0 (954132)"
54.248.250.232 - - [27/Jun/2016:20:29:05 -0300] "GET / HTTP/1.0" 200 11894 "-" "NewRelicPinger/1.0 (954132)"
184.73.237.85 - - [27/Jun/2016:20:29:42 -0300] "GET / HTTP/1.0" 200 11894 "-" "NewRelicPinger/1.0 (954132)"
50.112.95.211 - - [27/Jun/2016:20:30:06 -0300] "GET / HTTP/1.0" 200 11894 "-" "NewRelicPinger/1.0 (954132)"
179.210.175.217 - - [27/Jun/2016:20:31:06 -0300] "OPTIONS /search/cities?limit=5 HTTP/1.1" 204 0 "https://guardioesdasaude.org/" "Mozilla/5.0 (Linux; Android 5.0; SM-G900M Build/LRX21T; wv) AppleWebKit/537.36 (KHTML, like Gecko) Version/4.0 Chrome/51.0.2704.81 Mobile Safari/537.36 [FB_IAB/FB4A;FBAV/82.0.0.23.70;]"
179.210.175.217 - - [27/Jun/2016:20:31:07 -0300] "GET /search/cities?limit=5 HTTP/1.1" 200 165 "https://guardioesdasaude.org/" "Mozilla/5.0 (Linux; Android 5.0; SM-G900M Build/LRX21T; wv) AppleWebKit/537.36 (KHTML, like Gecko) Version/4.0 Chrome/51.0.2704.81 Mobile Safari/537.36 [FB_IAB/FB4A;FBAV/82.0.0.23.70;]"
54.247.188.179 - - [27/Jun/2016:20:31:07 -0300] "GET / HTTP/1.0" 200 11894 "-" "NewRelicPinger/1.0 (954132)"
54.251.34.67 - - [27/Jun/2016:20:31:17 -0300] "GET / HTTP/1.0" 200 11894 "-" "NewRelicPinger/1.0 (954132)"
54.248.250.232 - - [27/Jun/2016:20:31:34 -0300] "GET / HTTP/1.0" 200 11894 "-" "NewRelicPinger/1.0 (954132)"
184.73.237.85 - - [27/Jun/2016:20:32:12 -0300] "GET / HTTP/1.0" 200 11894 "-" "NewRelicPinger/1.0 (954132)"
50.112.95.211 - - [27/Jun/2016:20:32:36 -0300] "GET / HTTP/1.0" 200 11894 "-" "NewRelicPinger/1.0 (954132)"
54.247.188.179 - - [27/Jun/2016:20:33:37 -0300] "GET / HTTP/1.0" 200 11894 "-" "NewRelicPinger/1.0 (954132)"
54.251.34.67 - - [27/Jun/2016:20:33:48 -0300] "GET / HTTP/1.0" 200 11894 "-" "NewRelicPinger/1.0 (954132)"
54.248.250.232 - - [27/Jun/2016:20:34:04 -0300] "GET / HTTP/1.0" 200 11894 "-" "NewRelicPinger/1.0 (954132)"
184.73.237.85 - - [27/Jun/2016:20:34:43 -0300] "GET / HTTP/1.0" 200 11894 "-" "NewRelicPinger/1.0 (954132)"
50.112.95.211 - - [27/Jun/2016:20:35:06 -0300] "GET / HTTP/1.0" 200 11894 "-" "NewRelicPinger/1.0 (954132)"
199.83.223.130 - - [27/Jun/2016:20:35:11 -0300] "GET /user/lookup/ HTTP/1.1" 200 1517 "-" "Dalvik/2.1.0 (Linux; U; Android 6.0.1; Nexus 5X Build/MTC19V)"
199.83.223.130 - - [27/Jun/2016:20:35:22 -0300] "GET /news/get HTTP/1.1" 200 4238 "-" "Dalvik/2.1.0 (Linux; U; Android 6.0.1; Nexus 5X Build/MTC19V)"
199.83.223.130 - - [27/Jun/2016:20:35:41 -0300] "GET /surveys/l?lon=-122.4183223&lat=37.7553867 HTTP/1.1" 200 56 "-" "Dalvik/2.1.0 (Linux; U; Android 6.0.1; Nexus 5X Build/MTC19V)"
199.83.223.130 - - [27/Jun/2016:20:35:54 -0300] "GET /user/household/57607e0f948b0ddb73dfb2bb HTTP/1.1" 200 56 "-" "Dalvik/2.1.0 (Linux; U; Android 6.0.1; Nexus 5X Build/MTC19V)"
199.83.223.130 - - [27/Jun/2016:20:35:54 -0300] "GET /user/calendar/month?&month=6&year=2016 HTTP/1.1" 200 126 "-" "Dalvik/2.1.0 (Linux; U; Android 6.0.1; Nexus 5X Build/MTC19V)"
199.83.223.130 - - [27/Jun/2016:20:35:54 -0300] "GET /user/survey/summary HTTP/1.1" 200 69 "-" "Dalvik/2.1.0 (Linux; U; Android 6.0.1; Nexus 5X Build/MTC19V)"
199.83.223.130 - - [27/Jun/2016:20:35:54 -0300] "GET /user/calendar/year?year=2016 HTTP/1.1" 200 109 "-" "Dalvik/2.1.0 (Linux; U; Android 6.0.1; Nexus 5X Build/MTC19V)"
54.247.188.179 - - [27/Jun/2016:20:36:07 -0300] "GET / HTTP/1.0" 200 11894 "-" "NewRelicPinger/1.0 (954132)"
54.251.34.67 - - [27/Jun/2016:20:36:17 -0300] "GET / HTTP/1.0" 200 11894 "-" "NewRelicPinger/1.0 (954132)"
191.187.186.31 - - [27/Jun/2016:20:36:33 -0300] "GET /user/lookup/ HTTP/1.1" 200 1349 "-" "Guardioes da Saude/1.1.9 (iPhone; iOS 9.3.2; Scale/2.00)"
191.187.186.31 - - [27/Jun/2016:20:36:33 -0300] "GET /user/calendar/day?&day=27&month=6&year=2016 HTTP/1.1" 200 58 "-" "Guardioes da Saude/1.1.9 (iPhone; iOS 9.3.2; Scale/2.00)"
54.248.250.232 - - [27/Jun/2016:20:36:34 -0300] "GET / HTTP/1.0" 200 11894 "-" "NewRelicPinger/1.0 (954132)"
184.73.237.85 - - [27/Jun/2016:20:37:12 -0300] "GET / HTTP/1.0" 200 11894 "-" "NewRelicPinger/1.0 (954132)"
50.112.95.211 - - [27/Jun/2016:20:37:36 -0300] "GET / HTTP/1.0" 200 11894 "-" "NewRelicPinger/1.0 (954132)"
54.247.188.179 - - [27/Jun/2016:20:38:37 -0300] "GET / HTTP/1.0" 200 11894 "-" "NewRelicPinger/1.0 (954132)"
54.251.34.67 - - [27/Jun/2016:20:38:47 -0300] "GET / HTTP/1.0" 200 11894 "-" "NewRelicPinger/1.0 (954132)"
54.248.250.232 - - [27/Jun/2016:20:39:05 -0300] "GET / HTTP/1.0" 200 11894 "-" "NewRelicPinger/1.0 (954132)"
199.83.223.130 - - [27/Jun/2016:20:39:37 -0300] "GET /user/lookup/ HTTP/1.1" 200 1514 "-" "Dalvik/2.1.0 (Linux; U; Android 6.0.1; Nexus 5X Build/MTC19V)"
199.83.223.130 - - [27/Jun/2016:20:39:41 -0300] "GET /user/household/57607e0f948b0ddb73dfb2bb HTTP/1.1" 200 56 "-" "Dalvik/2.1.0 (Linux; U; Android 6.0.1; Nexus 5X Build/MTC19V)"
199.83.223.130 - - [27/Jun/2016:20:39:41 -0300] "GET /user/calendar/month?&month=6&year=2016 HTTP/1.1" 200 126 "-" "Dalvik/2.1.0 (Linux; U; Android 6.0.1; Nexus 5X Build/MTC19V)"
199.83.223.130 - - [27/Jun/2016:20:39:41 -0300] "GET /user/survey/summary HTTP/1.1" 200 69 "-" "Dalvik/2.1.0 (Linux; U; Android 6.0.1; Nexus 5X Build/MTC19V)"
199.83.223.130 - - [27/Jun/2016:20:39:42 -0300] "GET /user/calendar/year?year=2016 HTTP/1.1" 200 109 "-" "Dalvik/2.1.0 (Linux; U; Android 6.0.1; Nexus 5X Build/MTC19V)"
184.73.237.85 - - [27/Jun/2016:20:39:42 -0300] "GET / HTTP/1.0" 200 11894 "-" "NewRelicPinger/1.0 (954132)"
50.112.95.211 - - [27/Jun/2016:20:40:06 -0300] "GET / HTTP/1.0" 200 11894 "-" "NewRelicPinger/1.0 (954132)"
199.83.223.130 - - [27/Jun/2016:20:40:17 -0300] "GET /user/lookup/ HTTP/1.1" 200 1516 "-" "Dalvik/2.1.0 (Linux; U; Android 6.0.1; Nexus 5X Build/MTC19V)"
199.83.223.130 - - [27/Jun/2016:20:40:22 -0300] "GET /news/get HTTP/1.1" 200 92 "-" "Dalvik/2.1.0 (Linux; U; Android 6.0.1; Nexus 5X Build/MTC19V)"
199.83.223.130 - - [27/Jun/2016:20:40:50 -0300] "GET /user/lookup/ HTTP/1.1" 200 1515 "-" "Dalvik/2.1.0 (Linux; U; Android 6.0.1; Nexus 5X Build/MTC19V)"
199.83.223.130 - - [27/Jun/2016:20:40:55 -0300] "GET /news/get HTTP/1.1" 200 4233 "-" "Dalvik/2.1.0 (Linux; U; Android 6.0.1; Nexus 5X Build/MTC19V)"
54.247.188.179 - - [27/Jun/2016:20:41:07 -0300] "GET / HTTP/1.0" 200 11894 "-" "NewRelicPinger/1.0 (954132)"
199.83.223.130 - - [27/Jun/2016:20:41:12 -0300] "GET /surveys/summary/?lon=-122.4183223&lat=37.7553867 HTTP/1.1" 200 212 "-" "Dalvik/2.1.0 (Linux; U; Android 6.0.1; Nexus 5X Build/MTC19V)"
199.83.223.130 - - [27/Jun/2016:20:41:12 -0300] "GET /surveys/l?lon=-122.4183223&lat=37.7553867 HTTP/1.1" 200 56 "-" "Dalvik/2.1.0 (Linux; U; Android 6.0.1; Nexus 5X Build/MTC19V)"
54.251.34.67 - - [27/Jun/2016:20:41:17 -0300] "GET / HTTP/1.0" 200 11894 "-" "NewRelicPinger/1.0 (954132)"
54.248.250.232 - - [27/Jun/2016:20:41:35 -0300] "GET / HTTP/1.0" 200 11894 "-" "NewRelicPinger/1.0 (954132)"
184.73.237.85 - - [27/Jun/2016:20:42:12 -0300] "GET / HTTP/1.0" 200 11894 "-" "NewRelicPinger/1.0 (954132)"
199.83.223.130 - - [27/Jun/2016:20:42:21 -0300] "GET /user/household/57607e0f948b0ddb73dfb2bb HTTP/1.1" 200 56 "-" "Dalvik/2.1.0 (Linux; U; Android 6.0.1; Nexus 5X Build/MTC19V)"
199.83.223.130 - - [27/Jun/2016:20:42:25 -0300] "GET /symptoms HTTP/1.1" 200 706 "-" "Dalvik/2.1.0 (Linux; U; Android 6.0.1; Nexus 5X Build/MTC19V)"
50.112.95.211 - - [27/Jun/2016:20:42:36 -0300] "GET / HTTP/1.0" 200 11894 "-" "NewRelicPinger/1.0 (954132)"
54.247.188.179 - - [27/Jun/2016:20:43:37 -0300] "GET / HTTP/1.0" 200 11894 "-" "NewRelicPinger/1.0 (954132)"
54.251.34.67 - - [27/Jun/2016:20:43:47 -0300] "GET / HTTP/1.0" 200 11894 "-" "NewRelicPinger/1.0 (954132)"
199.83.223.130 - - [27/Jun/2016:20:43:51 -0300] "GET /user/lookup/ HTTP/1.1" 200 1515 "-" "Dalvik/2.1.0 (Linux; U; Android 6.0.1; Nexus 5X Build/MTC19V)"
199.83.223.130 - - [27/Jun/2016:20:43:53 -0300] "GET /user/household/57607e0f948b0ddb73dfb2bb HTTP/1.1" 200 56 "-" "Dalvik/2.1.0 (Linux; U; Android 6.0.1; Nexus 5X Build/MTC19V)"
54.248.250.232 - - [27/Jun/2016:20:44:18 -0300] "GET / HTTP/1.0" 200 11894 "-" "NewRelicPinger/1.0 (954132)"
199.83.223.130 - - [27/Jun/2016:20:44:27 -0300] "GET /user/get?fb=10153757671610017 HTTP/1.1" 200 1083 "-" "Dalvik/2.1.0 (Linux; U; Android 6.0.1; Nexus 5X Build/MTC19V)"
199.83.223.130 - - [27/Jun/2016:20:44:34 -0300] "GET /user/get?fb=10153757671610017 HTTP/1.1" 200 1083 "-" "Dalvik/2.1.0 (Linux; U; Android 6.0.1; Nexus 5X Build/MTC19V)"
184.73.237.85 - - [27/Jun/2016:20:44:42 -0300] "GET / HTTP/1.0" 200 11894 "-" "NewRelicPinger/1.0 (954132)"
50.112.95.211 - - [27/Jun/2016:20:45:07 -0300] "GET / HTTP/1.0" 200 11894 "-" "NewRelicPinger/1.0 (954132)"
199.83.223.130 - - [27/Jun/2016:20:45:49 -0300] "POST /user/login HTTP/1.1" 200 1543 "-" "Dalvik/2.1.0 (Linux; U; Android 6.0.1; Nexus 5X Build/MTC19V)"
199.83.223.130 - - [27/Jun/2016:20:45:54 -0300] "GET /user/household/57607e0f948b0ddb73dfb2bb HTTP/1.1" 200 56 "-" "Dalvik/2.1.0 (Linux; U; Android 6.0.1; Nexus 5X Build/MTC19V)"
199.83.223.130 - - [27/Jun/2016:20:46:02 -0300] "POST /user/update HTTP/1.1" 200 213 "-" "Dalvik/2.1.0 (Linux; U; Android 6.0.1; Nexus 5X Build/MTC19V)"
199.83.223.130 - - [27/Jun/2016:20:46:05 -0300] "POST /user/update HTTP/1.1" 200 213 "-" "Dalvik/2.1.0 (Linux; U; Android 6.0.1; Nexus 5X Build/MTC19V)"
54.247.188.179 - - [27/Jun/2016:20:46:07 -0300] "GET / HTTP/1.0" 200 11894 "-" "NewRelicPinger/1.0 (954132)"
199.83.223.130 - - [27/Jun/2016:20:46:17 -0300] "POST /user/update HTTP/1.1" 200 213 "-" "Dalvik/2.1.0 (Linux; U; Android 6.0.1; Nexus 5X Build/MTC19V)"
54.251.34.67 - - [27/Jun/2016:20:46:17 -0300] "GET / HTTP/1.0" 200 11894 "-" "NewRelicPinger/1.0 (954132)"
199.83.223.130 - - [27/Jun/2016:20:46:25 -0300] "GET /user/household/57607e0f948b0ddb73dfb2bb HTTP/1.1" 200 56 "-" "Dalvik/2.1.0 (Linux; U; Android 6.0.1; Nexus 5X Build/MTC19V)"
54.248.250.232 - - [27/Jun/2016:20:46:46 -0300] "GET / HTTP/1.0" 200 11894 "-" "NewRelicPinger/1.0 (954132)"
199.83.223.130 - - [27/Jun/2016:20:46:53 -0300] "POST /user/update HTTP/1.1" 200 213 "-" "Dalvik/2.1.0 (Linux; U; Android 6.0.1; Nexus 5X Build/MTC19V)"
199.83.223.130 - - [27/Jun/2016:20:47:02 -0300] "POST /user/update HTTP/1.1" 200 213 "-" "Dalvik/2.1.0 (Linux; U; Android 6.0.1; Nexus 5X Build/MTC19V)"
199.83.223.130 - - [27/Jun/2016:20:47:06 -0300] "POST /user/update HTTP/1.1" 200 213 "-" "Dalvik/2.1.0 (Linux; U; Android 6.0.1; Nexus 5X Build/MTC19V)"
199.83.223.130 - - [27/Jun/2016:20:47:10 -0300] "GET /user/household/57607e0f948b0ddb73dfb2bb HTTP/1.1" 200 56 "-" "Dalvik/2.1.0 (Linux; U; Android 6.0.1; Nexus 5X Build/MTC19V)"
184.73.237.85 - - [27/Jun/2016:20:47:12 -0300] "GET / HTTP/1.0" 200 11894 "-" "NewRelicPinger/1.0 (954132)"
199.83.223.130 - - [27/Jun/2016:20:47:13 -0300] "GET /user/household/57607e0f948b0ddb73dfb2bb HTTP/1.1" 200 56 "-" "Dalvik/2.1.0 (Linux; U; Android 6.0.1; Nexus 5X Build/MTC19V)"
50.112.95.211 - - [27/Jun/2016:20:47:36 -0300] "GET / HTTP/1.0" 200 11894 "-" "NewRelicPinger/1.0 (954132)"
54.247.188.179 - - [27/Jun/2016:20:48:37 -0300] "GET / HTTP/1.0" 200 11894 "-" "NewRelicPinger/1.0 (954132)"
54.251.34.67 - - [27/Jun/2016:20:48:47 -0300] "GET / HTTP/1.0" 200 11894 "-" "NewRelicPinger/1.0 (954132)"
187.118.212.161 - - [27/Jun/2016:20:48:48 -0300] "GET /user/get?fb=null HTTP/1.1" 200 56 "-" "Dalvik/1.6.0 (Linux; U; Android 4.2.2; GT-I9063T Build/JDQ39)"
187.118.212.161 - - [27/Jun/2016:20:48:49 -0300] "GET /user/get?fb=1539228736385161 HTTP/1.1" 200 707 "-" "Dalvik/1.6.0 (Linux; U; Android 4.2.2; GT-I9063T Build/JDQ39)"
54.248.250.232 - - [27/Jun/2016:20:49:16 -0300] "GET / HTTP/1.0" 200 11894 "-" "NewRelicPinger/1.0 (954132)"
199.83.223.130 - - [27/Jun/2016:20:49:36 -0300] "GET /user/household/57607e0f948b0ddb73dfb2bb HTTP/1.1" 200 56 "-" "Dalvik/2.1.0 (Linux; U; Android 6.0.1; Nexus 5X Build/MTC19V)"
199.83.223.130 - - [27/Jun/2016:20:49:38 -0300] "GET /symptoms HTTP/1.1" 200 706 "-" "Dalvik/2.1.0 (Linux; U; Android 6.0.1; Nexus 5X Build/MTC19V)"
199.83.223.130 - - [27/Jun/2016:20:49:40 -0300] "POST /survey/create HTTP/1.1" 200 455 "-" "Dalvik/2.1.0 (Linux; U; Android 6.0.1; Nexus 5X Build/MTC19V)"
184.73.237.85 - - [27/Jun/2016:20:49:42 -0300] "GET / HTTP/1.0" 200 11894 "-" "NewRelicPinger/1.0 (954132)"
187.118.212.161 - - [27/Jun/2016:20:49:58 -0300] "POST /user/create HTTP/1.1" 200 502 "-" "Dalvik/1.6.0 (Linux; U; Android 4.2.2; GT-I9063T Build/JDQ39)"
187.118.212.161 - - [27/Jun/2016:20:49:59 -0300] "POST /user/login HTTP/1.1" 200 740 "-" "Dalvik/1.6.0 (Linux; U; Android 4.2.2; GT-I9063T Build/JDQ39)"
50.112.95.211 - - [27/Jun/2016:20:50:06 -0300] "GET / HTTP/1.0" 200 11894 "-" "NewRelicPinger/1.0 (954132)"
187.118.212.161 - - [27/Jun/2016:20:50:13 -0300] "GET /surveys/summary/?lon=-41.327739&lat=-21.7625061 HTTP/1.1" 200 242 "-" "Dalvik/1.6.0 (Linux; U; Android 4.2.2; GT-I9063T Build/JDQ39)"
187.118.212.161 - - [27/Jun/2016:20:50:14 -0300] "GET /surveys/l?lon=-41.327739&lat=-21.7625061 HTTP/1.1" 200 56 "-" "Dalvik/1.6.0 (Linux; U; Android 4.2.2; GT-I9063T Build/JDQ39)"
187.118.212.161 - - [27/Jun/2016:20:50:46 -0300] "GET /news/get HTTP/1.1" 200 4234 "-" "Dalvik/1.6.0 (Linux; U; Android 4.2.2; GT-I9063T Build/JDQ39)"
54.247.188.179 - - [27/Jun/2016:20:51:07 -0300] "GET / HTTP/1.0" 200 11894 "-" "NewRelicPinger/1.0 (954132)"
54.251.34.67 - - [27/Jun/2016:20:51:18 -0300] "GET / HTTP/1.0" 200 11894 "-" "NewRelicPinger/1.0 (954132)"
187.118.212.161 - - [27/Jun/2016:20:51:35 -0300] "GET /user/household/57718b93b5d0643e1666313d HTTP/1.1" 403 114 "-" "Dalvik/1.6.0 (Linux; U; Android 4.2.2; GT-I9063T Build/JDQ39)"
54.248.250.232 - - [27/Jun/2016:20:51:46 -0300] "GET / HTTP/1.0" 200 11894 "-" "NewRelicPinger/1.0 (954132)"
187.118.212.161 - - [27/Jun/2016:20:51:59 -0300] "POST /survey/create HTTP/1.1" 403 114 "-" "Dalvik/1.6.0 (Linux; U; Android 4.2.2; GT-I9063T Build/JDQ39)"
184.73.237.85 - - [27/Jun/2016:20:52:13 -0300] "GET / HTTP/1.0" 200 11894 "-" "NewRelicPinger/1.0 (954132)"
187.118.212.161 - - [27/Jun/2016:20:52:13 -0300] "GET /user/household/57718b93b5d0643e1666313d HTTP/1.1" 403 114 "-" "Dalvik/1.6.0 (Linux; U; Android 4.2.2; GT-I9063T Build/JDQ39)"
50.112.95.211 - - [27/Jun/2016:20:52:36 -0300] "GET / HTTP/1.0" 200 11894 "-" "NewRelicPinger/1.0 (954132)"
199.83.223.130 - - [27/Jun/2016:20:52:38 -0300] "GET /user/household/57607e0f948b0ddb73dfb2bb HTTP/1.1" 200 56 "-" "Dalvik/2.1.0 (Linux; U; Android 6.0.1; Nexus 5X Build/MTC19V)"
54.247.188.179 - - [27/Jun/2016:20:53:37 -0300] "GET / HTTP/1.0" 200 11894 "-" "NewRelicPinger/1.0 (954132)"
54.251.34.67 - - [27/Jun/2016:20:53:48 -0300] "GET / HTTP/1.0" 200 11894 "-" "NewRelicPinger/1.0 (954132)"
54.248.250.232 - - [27/Jun/2016:20:54:17 -0300] "GET / HTTP/1.0" 200 11894 "-" "NewRelicPinger/1.0 (954132)"
184.73.237.85 - - [27/Jun/2016:20:54:42 -0300] "GET / HTTP/1.0" 200 11894 "-" "NewRelicPinger/1.0 (954132)"
50.112.95.211 - - [27/Jun/2016:20:55:07 -0300] "GET / HTTP/1.0" 200 11894 "-" "NewRelicPinger/1.0 (954132)"
54.247.188.179 - - [27/Jun/2016:20:56:08 -0300] "GET / HTTP/1.0" 200 11894 "-" "NewRelicPinger/1.0 (954132)"
54.251.34.67 - - [27/Jun/2016:20:56:17 -0300] "GET / HTTP/1.0" 200 11894 "-" "NewRelicPinger/1.0 (954132)"
54.248.250.232 - - [27/Jun/2016:20:56:46 -0300] "GET / HTTP/1.0" 200 11894 "-" "NewRelicPinger/1.0 (954132)"
184.73.237.85 - - [27/Jun/2016:20:57:13 -0300] "GET / HTTP/1.0" 200 11894 "-" "NewRelicPinger/1.0 (954132)"
50.112.95.211 - - [27/Jun/2016:20:57:36 -0300] "GET / HTTP/1.0" 200 11894 "-" "NewRelicPinger/1.0 (954132)"
54.247.188.179 - - [27/Jun/2016:20:58:37 -0300] "GET / HTTP/1.0" 200 11894 "-" "NewRelicPinger/1.0 (954132)"
104.7.65.83 - - [27/Jun/2016:20:58:38 -0300] "POST /user/login HTTP/1.1" 200 77 "-" "Dalvik/2.1.0 (Linux; U; Android 6.0.1; SAMSUNG-SM-G930A Build/MMB29M)"
54.251.34.67 - - [27/Jun/2016:20:58:48 -0300] "GET / HTTP/1.0" 200 11894 "-" "NewRelicPinger/1.0 (954132)"
54.248.250.232 - - [27/Jun/2016:20:59:16 -0300] "GET / HTTP/1.0" 200 11894 "-" "NewRelicPinger/1.0 (954132)"
184.73.237.85 - - [27/Jun/2016:20:59:43 -0300] "GET / HTTP/1.0" 200 11894 "-" "NewRelicPinger/1.0 (954132)"
50.112.95.211 - - [27/Jun/2016:21:00:06 -0300] "GET / HTTP/1.0" 200 11894 "-" "NewRelicPinger/1.0 (954132)"
54.247.188.179 - - [27/Jun/2016:21:01:08 -0300] "GET / HTTP/1.0" 200 11894 "-" "NewRelicPinger/1.0 (954132)"
54.251.34.67 - - [27/Jun/2016:21:01:18 -0300] "GET / HTTP/1.0" 200 11894 "-" "NewRelicPinger/1.0 (954132)"
54.248.250.232 - - [27/Jun/2016:21:01:46 -0300] "GET / HTTP/1.0" 200 11894 "-" "NewRelicPinger/1.0 (954132)"
184.73.237.85 - - [27/Jun/2016:21:02:13 -0300] "GET / HTTP/1.0" 200 11894 "-" "NewRelicPinger/1.0 (954132)"
50.112.95.211 - - [27/Jun/2016:21:02:37 -0300] "GET / HTTP/1.0" 200 11894 "-" "NewRelicPinger/1.0 (954132)"
54.247.188.179 - - [27/Jun/2016:21:03:37 -0300] "GET / HTTP/1.0" 200 11894 "-" "NewRelicPinger/1.0 (954132)"
54.251.34.67 - - [27/Jun/2016:21:03:57 -0300] "GET / HTTP/1.0" 200 11894 "-" "NewRelicPinger/1.0 (954132)"
54.248.250.232 - - [27/Jun/2016:21:04:16 -0300] "GET / HTTP/1.0" 200 11894 "-" "NewRelicPinger/1.0 (954132)"
184.73.237.85 - - [27/Jun/2016:21:04:43 -0300] "GET / HTTP/1.0" 200 11894 "-" "NewRelicPinger/1.0 (954132)"
50.112.95.211 - - [27/Jun/2016:21:05:06 -0300] "GET / HTTP/1.0" 200 11894 "-" "NewRelicPinger/1.0 (954132)"
54.247.188.179 - - [27/Jun/2016:21:06:07 -0300] "GET / HTTP/1.0" 200 11894 "-" "NewRelicPinger/1.0 (954132)"
54.251.34.67 - - [27/Jun/2016:21:06:26 -0300] "GET / HTTP/1.0" 200 11894 "-" "NewRelicPinger/1.0 (954132)"
54.248.250.232 - - [27/Jun/2016:21:06:47 -0300] "GET / HTTP/1.0" 200 11894 "-" "NewRelicPinger/1.0 (954132)"
184.73.237.85 - - [27/Jun/2016:21:07:13 -0300] "GET / HTTP/1.0" 200 11894 "-" "NewRelicPinger/1.0 (954132)"
50.112.95.211 - - [27/Jun/2016:21:07:36 -0300] "GET / HTTP/1.0" 200 11894 "-" "NewRelicPinger/1.0 (954132)"
54.247.188.179 - - [27/Jun/2016:21:08:37 -0300] "GET / HTTP/1.0" 200 11894 "-" "NewRelicPinger/1.0 (954132)"
54.251.34.67 - - [27/Jun/2016:21:08:56 -0300] "GET / HTTP/1.0" 200 11894 "-" "NewRelicPinger/1.0 (954132)"
54.248.250.232 - - [27/Jun/2016:21:09:16 -0300] "GET / HTTP/1.0" 200 11894 "-" "NewRelicPinger/1.0 (954132)"
184.73.237.85 - - [27/Jun/2016:21:09:43 -0300] "GET / HTTP/1.0" 200 11894 "-" "NewRelicPinger/1.0 (954132)"
50.112.95.211 - - [27/Jun/2016:21:10:06 -0300] "GET / HTTP/1.0" 200 11894 "-" "NewRelicPinger/1.0 (954132)"
54.247.188.179 - - [27/Jun/2016:21:11:07 -0300] "GET / HTTP/1.0" 200 11894 "-" "NewRelicPinger/1.0 (954132)"
54.251.34.67 - - [27/Jun/2016:21:11:27 -0300] "GET / HTTP/1.0" 200 11894 "-" "NewRelicPinger/1.0 (954132)"
54.248.250.232 - - [27/Jun/2016:21:11:47 -0300] "GET / HTTP/1.0" 200 11894 "-" "NewRelicPinger/1.0 (954132)"
184.73.237.85 - - [27/Jun/2016:21:12:13 -0300] "GET / HTTP/1.0" 200 11894 "-" "NewRelicPinger/1.0 (954132)"
50.112.95.211 - - [27/Jun/2016:21:12:36 -0300] "GET / HTTP/1.0" 200 11894 "-" "NewRelicPinger/1.0 (954132)"
54.247.188.179 - - [27/Jun/2016:21:13:37 -0300] "GET / HTTP/1.0" 200 11894 "-" "NewRelicPinger/1.0 (954132)"
54.251.34.67 - - [27/Jun/2016:21:13:57 -0300] "GET / HTTP/1.0" 200 11894 "-" "NewRelicPinger/1.0 (954132)"
54.248.250.232 - - [27/Jun/2016:21:14:16 -0300] "GET / HTTP/1.0" 200 11894 "-" "NewRelicPinger/1.0 (954132)"
184.73.237.85 - - [27/Jun/2016:21:14:43 -0300] "GET / HTTP/1.0" 200 11894 "-" "NewRelicPinger/1.0 (954132)"
50.112.95.211 - - [27/Jun/2016:21:15:06 -0300] "GET / HTTP/1.0" 200 11894 "-" "NewRelicPinger/1.0 (954132)"
54.247.188.179 - - [27/Jun/2016:21:16:07 -0300] "GET / HTTP/1.0" 200 11894 "-" "NewRelicPinger/1.0 (954132)"
54.251.34.67 - - [27/Jun/2016:21:16:26 -0300] "GET / HTTP/1.0" 200 11894 "-" "NewRelicPinger/1.0 (954132)"
54.248.250.232 - - [27/Jun/2016:21:16:47 -0300] "GET / HTTP/1.0" 200 11894 "-" "NewRelicPinger/1.0 (954132)"
184.73.237.85 - - [27/Jun/2016:21:17:19 -0300] "GET / HTTP/1.0" 200 11894 "-" "NewRelicPinger/1.0 (954132)"
50.112.95.211 - - [27/Jun/2016:21:17:36 -0300] "GET / HTTP/1.0" 200 11894 "-" "NewRelicPinger/1.0 (954132)"
104.7.65.83 - - [27/Jun/2016:21:17:39 -0300] "POST /user/create HTTP/1.1" 200 110 "-" "Dalvik/2.1.0 (Linux; U; Android 6.0.1; SAMSUNG-SM-G930A Build/MMB29M)"
104.7.65.83 - - [27/Jun/2016:21:17:43 -0300] "POST /user/create HTTP/1.1" 200 110 "-" "Dalvik/2.1.0 (Linux; U; Android 6.0.1; SAMSUNG-SM-G930A Build/MMB29M)"
104.7.65.83 - - [27/Jun/2016:21:18:07 -0300] "POST /user/forgot-password HTTP/1.1" 200 74 "-" "Dalvik/2.1.0 (Linux; U; Android 6.0.1; SAMSUNG-SM-G930A Build/MMB29M)"
54.247.188.179 - - [27/Jun/2016:21:18:37 -0300] "GET / HTTP/1.0" 200 11894 "-" "NewRelicPinger/1.0 (954132)"
54.251.34.67 - - [27/Jun/2016:21:18:56 -0300] "GET / HTTP/1.0" 200 11894 "-" "NewRelicPinger/1.0 (954132)"
54.248.250.232 - - [27/Jun/2016:21:19:17 -0300] "GET / HTTP/1.0" 200 11894 "-" "NewRelicPinger/1.0 (954132)"
184.73.237.85 - - [27/Jun/2016:21:19:48 -0300] "GET / HTTP/1.0" 200 11894 "-" "NewRelicPinger/1.0 (954132)"
50.112.95.211 - - [27/Jun/2016:21:20:06 -0300] "GET / HTTP/1.0" 200 11894 "-" "NewRelicPinger/1.0 (954132)"
54.247.188.179 - - [27/Jun/2016:21:21:07 -0300] "GET / HTTP/1.0" 200 11894 "-" "NewRelicPinger/1.0 (954132)"
54.251.34.67 - - [27/Jun/2016:21:21:26 -0300] "GET / HTTP/1.0" 200 11894 "-" "NewRelicPinger/1.0 (954132)"
54.248.250.232 - - [27/Jun/2016:21:21:47 -0300] "GET / HTTP/1.0" 200 11894 "-" "NewRelicPinger/1.0 (954132)"
184.73.237.85 - - [27/Jun/2016:21:22:19 -0300] "GET / HTTP/1.0" 200 11894 "-" "NewRelicPinger/1.0 (954132)"
50.112.95.211 - - [27/Jun/2016:21:22:37 -0300] "GET / HTTP/1.0" 200 11894 "-" "NewRelicPinger/1.0 (954132)"
54.247.188.179 - - [27/Jun/2016:21:23:37 -0300] "GET / HTTP/1.0" 200 11894 "-" "NewRelicPinger/1.0 (954132)"
54.251.34.67 - - [27/Jun/2016:21:23:56 -0300] "GET / HTTP/1.0" 200 11894 "-" "NewRelicPinger/1.0 (954132)"
54.248.250.232 - - [27/Jun/2016:21:24:17 -0300] "GET / HTTP/1.0" 200 11894 "-" "NewRelicPinger/1.0 (954132)"
184.73.237.85 - - [27/Jun/2016:21:24:50 -0300] "GET / HTTP/1.0" 200 11894 "-" "NewRelicPinger/1.0 (954132)"
50.112.95.211 - - [27/Jun/2016:21:25:06 -0300] "GET / HTTP/1.0" 200 11894 "-" "NewRelicPinger/1.0 (954132)"
54.247.188.179 - - [27/Jun/2016:21:26:07 -0300] "GET / HTTP/1.0" 200 11894 "-" "NewRelicPinger/1.0 (954132)"
54.251.34.67 - - [27/Jun/2016:21:26:27 -0300] "GET / HTTP/1.0" 200 11894 "-" "NewRelicPinger/1.0 (954132)"
54.248.250.232 - - [27/Jun/2016:21:26:47 -0300] "GET / HTTP/1.0" 200 11894 "-" "NewRelicPinger/1.0 (954132)"
184.73.237.85 - - [27/Jun/2016:21:27:18 -0300] "GET / HTTP/1.0" 200 11894 "-" "NewRelicPinger/1.0 (954132)"
50.112.95.211 - - [27/Jun/2016:21:27:36 -0300] "GET / HTTP/1.0" 200 11894 "-" "NewRelicPinger/1.0 (954132)"
54.247.188.179 - - [27/Jun/2016:21:28:37 -0300] "GET / HTTP/1.0" 200 11894 "-" "NewRelicPinger/1.0 (954132)"
54.251.34.67 - - [27/Jun/2016:21:28:57 -0300] "GET / HTTP/1.0" 200 11894 "-" "NewRelicPinger/1.0 (954132)"
199.83.223.130 - - [27/Jun/2016:21:28:59 -0300] "POST /user/login HTTP/1.1" 200 1654 "-" "Dalvik/2.1.0 (Linux; U; Android 6.0.1; Nexus 5X Build/MTC19V)"
199.83.223.130 - - [27/Jun/2016:21:29:02 -0300] "GET /user/household/57607e0f948b0ddb73dfb2bb HTTP/1.1" 200 56 "-" "Dalvik/2.1.0 (Linux; U; Android 6.0.1; Nexus 5X Build/MTC19V)"
199.83.223.130 - - [27/Jun/2016:21:29:10 -0300] "POST /user/update HTTP/1.1" 200 213 "-" "Dalvik/2.1.0 (Linux; U; Android 6.0.1; Nexus 5X Build/MTC19V)"
54.248.250.232 - - [27/Jun/2016:21:29:17 -0300] "GET / HTTP/1.0" 200 11894 "-" "NewRelicPinger/1.0 (954132)"
199.83.223.130 - - [27/Jun/2016:21:29:17 -0300] "POST /user/update HTTP/1.1" 200 213 "-" "Dalvik/2.1.0 (Linux; U; Android 6.0.1; Nexus 5X Build/MTC19V)"
199.83.223.130 - - [27/Jun/2016:21:29:40 -0300] "POST /user/update HTTP/1.1" 200 213 "-" "Dalvik/2.1.0 (Linux; U; Android 6.0.1; Nexus 5X Build/MTC19V)"
199.83.223.130 - - [27/Jun/2016:21:29:42 -0300] "POST /user/update HTTP/1.1" 200 213 "-" "Dalvik/2.1.0 (Linux; U; Android 6.0.1; Nexus 5X Build/MTC19V)"
184.73.237.85 - - [27/Jun/2016:21:29:49 -0300] "GET / HTTP/1.0" 200 11894 "-" "NewRelicPinger/1.0 (954132)"
199.83.223.130 - - [27/Jun/2016:21:30:01 -0300] "POST /user/update HTTP/1.1" 200 213 "-" "Dalvik/2.1.0 (Linux; U; Android 6.0.1; Nexus 5X Build/MTC19V)"
50.112.95.211 - - [27/Jun/2016:21:30:06 -0300] "GET / HTTP/1.0" 200 11894 "-" "NewRelicPinger/1.0 (954132)"
54.247.188.179 - - [27/Jun/2016:21:31:07 -0300] "GET / HTTP/1.0" 200 11894 "-" "NewRelicPinger/1.0 (954132)"
199.83.223.130 - - [27/Jun/2016:21:31:13 -0300] "POST /user/update HTTP/1.1" 200 213 "-" "Dalvik/2.1.0 (Linux; U; Android 6.0.1; Nexus 5X Build/MTC19V)"
199.83.223.130 - - [27/Jun/2016:21:31:24 -0300] "POST /user/update HTTP/1.1" 200 213 "-" "Dalvik/2.1.0 (Linux; U; Android 6.0.1; Nexus 5X Build/MTC19V)"
199.83.223.130 - - [27/Jun/2016:21:31:25 -0300] "GET /user/household/57607e0f948b0ddb73dfb2bb HTTP/1.1" 200 56 "-" "Dalvik/2.1.0 (Linux; U; Android 6.0.1; Nexus 5X Build/MTC19V)"
54.251.34.67 - - [27/Jun/2016:21:31:26 -0300] "GET / HTTP/1.0" 200 11894 "-" "NewRelicPinger/1.0 (954132)"
199.83.223.130 - - [27/Jun/2016:21:31:30 -0300] "GET /user/household/57607e0f948b0ddb73dfb2bb HTTP/1.1" 200 56 "-" "Dalvik/2.1.0 (Linux; U; Android 6.0.1; Nexus 5X Build/MTC19V)"
199.83.223.130 - - [27/Jun/2016:21:31:33 -0300] "GET /user/household/57607e0f948b0ddb73dfb2bb HTTP/1.1" 200 56 "-" "Dalvik/2.1.0 (Linux; U; Android 6.0.1; Nexus 5X Build/MTC19V)"
199.83.223.130 - - [27/Jun/2016:21:31:39 -0300] "GET /user/household/57607e0f948b0ddb73dfb2bb HTTP/1.1" 200 56 "-" "Dalvik/2.1.0 (Linux; U; Android 6.0.1; Nexus 5X Build/MTC19V)"
199.83.223.130 - - [27/Jun/2016:21:31:42 -0300] "POST /survey/create HTTP/1.1" 200 454 "-" "Dalvik/2.1.0 (Linux; U; Android 6.0.1; Nexus 5X Build/MTC19V)"
199.83.223.130 - - [27/Jun/2016:21:31:45 -0300] "GET /user/household/57607e0f948b0ddb73dfb2bb HTTP/1.1" 200 56 "-" "Dalvik/2.1.0 (Linux; U; Android 6.0.1; Nexus 5X Build/MTC19V)"
54.248.250.232 - - [27/Jun/2016:21:31:47 -0300] "GET / HTTP/1.0" 200 11894 "-" "NewRelicPinger/1.0 (954132)"
199.83.223.130 - - [27/Jun/2016:21:31:51 -0300] "GET /symptoms HTTP/1.1" 200 706 "-" "Dalvik/2.1.0 (Linux; U; Android 6.0.1; Nexus 5X Build/MTC19V)"
199.83.223.130 - - [27/Jun/2016:21:32:00 -0300] "POST /survey/create HTTP/1.1" 200 559 "-" "Dalvik/2.1.0 (Linux; U; Android 6.0.1; Nexus 5X Build/MTC19V)"
199.83.223.130 - - [27/Jun/2016:21:32:03 -0300] "GET /user/household/57607e0f948b0ddb73dfb2bb HTTP/1.1" 200 56 "-" "Dalvik/2.1.0 (Linux; U; Android 6.0.1; Nexus 5X Build/MTC19V)"
199.83.223.130 - - [27/Jun/2016:21:32:07 -0300] "GET /user/household/57607e0f948b0ddb73dfb2bb HTTP/1.1" 200 56 "-" "Dalvik/2.1.0 (Linux; U; Android 6.0.1; Nexus 5X Build/MTC19V)"
199.83.223.130 - - [27/Jun/2016:21:32:08 -0300] "GET /user/calendar/month?&month=6&year=2016 HTTP/1.1" 200 140 "-" "Dalvik/2.1.0 (Linux; U; Android 6.0.1; Nexus 5X Build/MTC19V)"
199.83.223.130 - - [27/Jun/2016:21:32:08 -0300] "GET /user/survey/summary HTTP/1.1" 200 70 "-" "Dalvik/2.1.0 (Linux; U; Android 6.0.1; Nexus 5X Build/MTC19V)"
199.83.223.130 - - [27/Jun/2016:21:32:08 -0300] "GET /user/calendar/year?year=2016 HTTP/1.1" 200 110 "-" "Dalvik/2.1.0 (Linux; U; Android 6.0.1; Nexus 5X Build/MTC19V)"
184.73.237.85 - - [27/Jun/2016:21:32:19 -0300] "GET / HTTP/1.0" 200 11894 "-" "NewRelicPinger/1.0 (954132)"
50.112.95.211 - - [27/Jun/2016:21:32:36 -0300] "GET / HTTP/1.0" 200 11894 "-" "NewRelicPinger/1.0 (954132)"
54.247.188.179 - - [27/Jun/2016:21:33:37 -0300] "GET / HTTP/1.0" 200 11894 "-" "NewRelicPinger/1.0 (954132)"
54.251.34.67 - - [27/Jun/2016:21:33:57 -0300] "GET / HTTP/1.0" 200 11894 "-" "NewRelicPinger/1.0 (954132)"
54.248.250.232 - - [27/Jun/2016:21:34:17 -0300] "GET / HTTP/1.0" 200 11894 "-" "NewRelicPinger/1.0 (954132)"
184.73.237.85 - - [27/Jun/2016:21:34:49 -0300] "GET / HTTP/1.0" 200 11894 "-" "NewRelicPinger/1.0 (954132)"
50.112.95.211 - - [27/Jun/2016:21:35:07 -0300] "GET / HTTP/1.0" 200 11894 "-" "NewRelicPinger/1.0 (954132)"
199.83.223.130 - - [27/Jun/2016:21:35:40 -0300] "GET /user/household/57607e0f948b0ddb73dfb2bb HTTP/1.1" 200 56 "-" "Dalvik/2.1.0 (Linux; U; Android 6.0.1; Nexus 5X Build/MTC19V)"
54.247.188.179 - - [27/Jun/2016:21:36:07 -0300] "GET / HTTP/1.0" 200 11894 "-" "NewRelicPinger/1.0 (954132)"
54.251.34.67 - - [27/Jun/2016:21:36:27 -0300] "GET / HTTP/1.0" 200 11894 "-" "NewRelicPinger/1.0 (954132)"
54.248.250.232 - - [27/Jun/2016:21:36:47 -0300] "GET / HTTP/1.0" 200 11894 "-" "NewRelicPinger/1.0 (954132)"
199.83.223.130 - - [27/Jun/2016:21:36:58 -0300] "POST /household/create HTTP/1.1" 200 217 "-" "Dalvik/2.1.0 (Linux; U; Android 6.0.1; Nexus 5X Build/MTC19V)"
184.73.237.85 - - [27/Jun/2016:21:37:20 -0300] "GET / HTTP/1.0" 200 11894 "-" "NewRelicPinger/1.0 (954132)"
50.112.95.211 - - [27/Jun/2016:21:37:37 -0300] "GET / HTTP/1.0" 200 11894 "-" "NewRelicPinger/1.0 (954132)"
54.247.188.179 - - [27/Jun/2016:21:38:37 -0300] "GET / HTTP/1.0" 200 11894 "-" "NewRelicPinger/1.0 (954132)"
54.251.34.67 - - [27/Jun/2016:21:38:57 -0300] "GET / HTTP/1.0" 200 11894 "-" "NewRelicPinger/1.0 (954132)"
54.248.250.232 - - [27/Jun/2016:21:39:17 -0300] "GET / HTTP/1.0" 200 11894 "-" "NewRelicPinger/1.0 (954132)"
104.7.65.83 - - [27/Jun/2016:21:39:38 -0300] "GET /user/lookup/ HTTP/1.1" 200 1770 "-" "Guardioes da Saude/2.0 (iPhone; iOS 9.3.2; Scale/2.00)"
104.7.65.83 - - [27/Jun/2016:21:39:38 -0300] "GET /user/calendar/day?&day=27&month=6&year=2016 HTTP/1.1" 200 115 "-" "Guardioes da Saude/2.0 (iPhone; iOS 9.3.2; Scale/2.00)"
184.73.237.85 - - [27/Jun/2016:21:39:49 -0300] "GET / HTTP/1.0" 200 11894 "-" "NewRelicPinger/1.0 (954132)"
