191.248.241.164 - - [11/May/2016:13:34:54 -0300] "GET /user/household/57335f22fb2af3c50833ad17 HTTP/1.1" 200 56 "-" "Dalvik/2.1.0 (Linux; U; Android 6.0; XT1068 Build/MPB24.65-34)"
191.248.246.100 - - [11/May/2016:13:34:55 -0300] "GET /user/household/57335efafb2af3c50833ad0e HTTP/1.1" 200 56 "-" "Dalvik/2.1.0 (Linux; U; Android 5.1.1; SM-J500M Build/LMY48B)"
191.248.246.100 - - [11/May/2016:13:34:56 -0300] "GET /user/survey/summary HTTP/1.1" 200 66 "-" "Dalvik/2.1.0 (Linux; U; Android 5.1.1; SM-J500M Build/LMY48B)"
191.248.246.100 - - [11/May/2016:13:34:56 -0300] "GET /user/calendar/month?&month=5&year=2016 HTTP/1.1" 200 58 "-" "Dalvik/2.1.0 (Linux; U; Android 5.1.1; SM-J500M Build/LMY48B)"
187.113.173.145 - - [11/May/2016:13:34:56 -0300] "GET /user/get?fb=553897244789509 HTTP/1.1" 200 56 "-" "Dalvik/1.6.0 (Linux; U; Android 4.4.4; SM-G530H Build/KTU84P)"
186.212.141.40 - - [11/May/2016:13:34:56 -0300] "GET /user/household/57335e4dfb2af3c50833acf5 HTTP/1.1" 200 56 "-" "Dalvik/2.1.0 (Linux; U; Android 6.0; MotoG3 Build/MPI24.65-33.1)"
191.248.246.100 - - [11/May/2016:13:34:57 -0300] "GET /user/calendar/year?year=2016 HTTP/1.1" 200 58 "-" "Dalvik/2.1.0 (Linux; U; Android 5.1.1; SM-J500M Build/LMY48B)"
191.248.246.100 - - [11/May/2016:13:34:58 -0300] "GET /user/calendar/day?day=11&month=5&year=2016 HTTP/1.1" 200 58 "-" "Dalvik/2.1.0 (Linux; U; Android 5.1.1; SM-J500M Build/LMY48B)"
191.248.19.236 - - [11/May/2016:13:34:58 -0300] "GET /surveys/summary/?lon=-35.0012213&lat=-8.0776271 HTTP/1.1" 200 249 "-" "Dalvik/2.1.0 (Linux; U; Android 5.0.1; LG-H422 Build/LRX21Y)"
191.248.19.236 - - [11/May/2016:13:34:59 -0300] "GET /surveys/l?lon=-35.0012213&lat=-8.0776271 HTTP/1.1" 200 56 "-" "Dalvik/2.1.0 (Linux; U; Android 5.0.1; LG-H422 Build/LRX21Y)"
189.49.104.205 - - [11/May/2016:13:34:59 -0300] "GET /user/household/57335f14fb2af3c50833ad12 HTTP/1.1" 200 56 "-" "Dalvik/2.1.0 (Linux; U; Android 5.1; XT1032 Build/LPBS23.13-56-2)"
191.33.45.170 - - [11/May/2016:13:35:01 -0300] "GET /user/lookup/ HTTP/1.1" 200 764 "-" "Dalvik/1.6.0 (Linux; U; Android 4.4.4; SM-G530BT Build/KTU84P)"
187.59.241.58 - - [11/May/2016:13:35:02 -0300] "GET /symptoms HTTP/1.1" 200 706 "-" "Dalvik/2.1.0 (Linux; U; Android 6.0; MotoG3 Build/MPI24.65-33.1)"
152.239.142.95 - - [11/May/2016:13:35:02 -0300] "GET /news/get HTTP/1.1" 200 3955 "-" "Dalvik/2.1.0 (Linux; U; Android 6.0; MotoG3 Build/MPI24.65-25)"
186.214.132.166 - - [11/May/2016:13:35:02 -0300] "GET /user/household/57335ec5fb2af3c50833ad01 HTTP/1.1" 200 56 "-" "Dalvik/2.1.0 (Linux; U; Android 5.0.2; LG-D337 Build/LRX22G)"
187.111.85.181 - - [11/May/2016:13:35:03 -0300] "GET /user/get?fb=null HTTP/1.1" 200 56 "-" "Dalvik/2.1.0 (Linux; U; Android 5.0.1; LG-H502 Build/LRX21Y)"
187.111.85.181 - - [11/May/2016:13:35:03 -0300] "GET /user/get?fb=1733172326929346 HTTP/1.1" 200 56 "-" "Dalvik/2.1.0 (Linux; U; Android 5.0.1; LG-H502 Build/LRX21Y)"
191.248.241.164 - - [11/May/2016:13:35:04 -0300] "GET /symptoms HTTP/1.1" 200 706 "-" "Dalvik/2.1.0 (Linux; U; Android 6.0; XT1068 Build/MPB24.65-34)"
177.98.30.238 - - [11/May/2016:13:35:05 -0300] "GET /user/household/57335f25fb2af3c50833ad19 HTTP/1.1" 200 56 "-" "Dalvik/1.6.0 (Linux; U; Android 4.4.2; SM-G313M Build/KOT49H)"
189.40.80.9 - - [11/May/2016:13:35:05 -0300] "POST /user/create HTTP/1.1" 200 604 "-" "Dalvik/1.6.0 (Linux; U; Android 4.4.4; SM-G530H Build/KTU84P)"
177.98.208.210 - - [11/May/2016:13:35:05 -0300] "GET /user/household/57335eaefb2af3c50833acfc HTTP/1.1" 200 56 "-" "Dalvik/1.6.0 (Linux; U; Android 4.4.4; SM-G130BU Build/KTU84P)"
177.133.108.177 - - [11/May/2016:13:35:05 -0300] "GET /user/get?gl=117085212956530553498 HTTP/1.1" 200 56 "-" "Dalvik/2.1.0 (Linux; U; Android 5.0.2; LG-H540 Build/LRX22G)"
191.248.19.236 - - [11/May/2016:13:35:05 -0300] "GET /user/household/57335f24fb2af3c50833ad18 HTTP/1.1" 200 56 "-" "Dalvik/2.1.0 (Linux; U; Android 5.0.1; LG-H422 Build/LRX21Y)"
191.248.241.164 - - [11/May/2016:13:35:06 -0300] "GET /user/get?fb=null HTTP/1.1" 200 56 "-" "Dalvik/2.1.0 (Linux; U; Android 5.1.1; SM-J500M Build/LMY48B)"
177.98.208.210 - - [11/May/2016:13:35:06 -0300] "GET /user/calendar/month?&month=5&year=2016 HTTP/1.1" 200 116 "-" "Dalvik/1.6.0 (Linux; U; Android 4.4.4; SM-G130BU Build/KTU84P)"
177.98.208.210 - - [11/May/2016:13:35:06 -0300] "GET /user/survey/summary HTTP/1.1" 200 69 "-" "Dalvik/1.6.0 (Linux; U; Android 4.4.4; SM-G130BU Build/KTU84P)"
191.248.241.164 - - [11/May/2016:13:35:06 -0300] "GET /user/get?fb=965245643583354 HTTP/1.1" 200 56 "-" "Dalvik/2.1.0 (Linux; U; Android 5.1.1; SM-J500M Build/LMY48B)"
189.40.80.9 - - [11/May/2016:13:35:07 -0300] "POST /user/login HTTP/1.1" 200 793 "-" "Dalvik/1.6.0 (Linux; U; Android 4.4.4; SM-G530H Build/KTU84P)"
177.98.208.210 - - [11/May/2016:13:35:07 -0300] "GET /user/calendar/year?year=2016 HTTP/1.1" 200 109 "-" "Dalvik/1.6.0 (Linux; U; Android 4.4.4; SM-G130BU Build/KTU84P)"
189.49.104.205 - - [11/May/2016:13:35:07 -0300] "GET /symptoms HTTP/1.1" 200 706 "-" "Dalvik/2.1.0 (Linux; U; Android 5.1; XT1032 Build/LPBS23.13-56-2)"
177.98.208.210 - - [11/May/2016:13:35:08 -0300] "GET /user/calendar/day?day=11&month=5&year=2016 HTTP/1.1" 200 116 "-" "Dalvik/1.6.0 (Linux; U; Android 4.4.4; SM-G130BU Build/KTU84P)"
191.33.45.170 - - [11/May/2016:13:35:10 -0300] "GET /news/get HTTP/1.1" 200 3955 "-" "Dalvik/1.6.0 (Linux; U; Android 4.4.4; SM-G530BT Build/KTU84P)"
191.248.19.236 - - [11/May/2016:13:35:13 -0300] "GET /user/household/57335f24fb2af3c50833ad18 HTTP/1.1" 200 56 "-" "Dalvik/2.1.0 (Linux; U; Android 5.0.1; LG-H422 Build/LRX21Y)"
191.248.19.236 - - [11/May/2016:13:35:14 -0300] "GET /user/survey/summary HTTP/1.1" 200 66 "-" "Dalvik/2.1.0 (Linux; U; Android 5.0.1; LG-H422 Build/LRX21Y)"
191.248.19.236 - - [11/May/2016:13:35:14 -0300] "GET /user/calendar/month?&month=5&year=2016 HTTP/1.1" 200 58 "-" "Dalvik/2.1.0 (Linux; U; Android 5.0.1; LG-H422 Build/LRX21Y)"
186.214.132.166 - - [11/May/2016:13:35:14 -0300] "GET /user/household/57335ec5fb2af3c50833ad01 HTTP/1.1" 200 56 "-" "Dalvik/2.1.0 (Linux; U; Android 5.0.2; LG-D337 Build/LRX22G)"
191.248.246.100 - - [11/May/2016:13:35:14 -0300] "GET /user/household/57335efafb2af3c50833ad0e HTTP/1.1" 200 56 "-" "Dalvik/2.1.0 (Linux; U; Android 5.1.1; SM-J500M Build/LMY48B)"
191.248.19.236 - - [11/May/2016:13:35:14 -0300] "GET /user/calendar/year?year=2016 HTTP/1.1" 200 58 "-" "Dalvik/2.1.0 (Linux; U; Android 5.0.1; LG-H422 Build/LRX21Y)"
191.248.19.236 - - [11/May/2016:13:35:15 -0300] "GET /user/calendar/day?day=11&month=5&year=2016 HTTP/1.1" 200 58 "-" "Dalvik/2.1.0 (Linux; U; Android 5.0.1; LG-H422 Build/LRX21Y)"
189.70.184.183 - - [11/May/2016:13:35:18 -0300] "POST /user/create HTTP/1.1" 200 605 "-" "Dalvik/1.6.0 (Linux; U; Android 4.4.4; SM-G316M Build/KTU84P)"
187.103.67.77 - - [11/May/2016:13:35:18 -0300] "GET /user/get?fb=null HTTP/1.1" 200 56 "-" "Dalvik/2.1.0 (Linux; U; Android 5.1.1; SM-J120H Build/LMY47V)"
187.103.67.77 - - [11/May/2016:13:35:19 -0300] "GET /user/get?fb=883284295134527 HTTP/1.1" 200 56 "-" "Dalvik/2.1.0 (Linux; U; Android 5.1.1; SM-J120H Build/LMY47V)"
189.70.184.183 - - [11/May/2016:13:35:19 -0300] "POST /user/login HTTP/1.1" 200 790 "-" "Dalvik/1.6.0 (Linux; U; Android 4.4.4; SM-G316M Build/KTU84P)"
177.133.108.177 - - [11/May/2016:13:35:19 -0300] "GET /news/get HTTP/1.1" 200 3956 "-" "Dalvik/2.1.0 (Linux; U; Android 5.0.2; LG-H540 Build/LRX22G)"
177.98.208.210 - - [11/May/2016:13:35:19 -0300] "GET /user/household/57335eaefb2af3c50833acfc HTTP/1.1" 200 56 "-" "Dalvik/1.6.0 (Linux; U; Android 4.4.4; SM-G130BU Build/KTU84P)"
189.70.186.4 - - [11/May/2016:13:35:20 -0300] "POST /user/create HTTP/1.1" 200 695 "-" "Dalvik/1.6.0 (Linux; U; Android 5.1; A8 Build/KOT49H)"
187.113.125.106 - - [11/May/2016:13:35:20 -0300] "POST /user/create HTTP/1.1" 200 599 "-" "Dalvik/2.1.0 (Linux; U; Android 6.0; XT1069 Build/MPB24.65-34)"
187.113.125.106 - - [11/May/2016:13:35:22 -0300] "POST /user/login HTTP/1.1" 200 793 "-" "Dalvik/2.1.0 (Linux; U; Android 6.0; XT1069 Build/MPB24.65-34)"
191.248.241.164 - - [11/May/2016:13:35:22 -0300] "POST /survey/create HTTP/1.1" 200 428 "-" "Dalvik/2.1.0 (Linux; U; Android 6.0; XT1068 Build/MPB24.65-34)"
189.70.129.141 - - [11/May/2016:13:35:22 -0300] "POST /user/forgot-password HTTP/1.1" 200 74 "-" "Dalvik/2.1.0 (Linux; U; Android 5.1.1; D6643 Build/23.4.A.1.232)"
189.70.186.4 - - [11/May/2016:13:35:23 -0300] "POST /user/login HTTP/1.1" 200 880 "-" "Dalvik/1.6.0 (Linux; U; Android 5.1; A8 Build/KOT49H)"
191.248.246.100 - - [11/May/2016:13:35:25 -0300] "POST /survey/create HTTP/1.1" 200 432 "-" "Dalvik/2.1.0 (Linux; U; Android 5.1.1; SM-J500M Build/LMY48B)"
189.40.80.9 - - [11/May/2016:13:35:25 -0300] "GET /user/household/57335f39fb2af3c50833ad1b HTTP/1.1" 200 56 "-" "Dalvik/1.6.0 (Linux; U; Android 4.4.4; SM-G530H Build/KTU84P)"
191.248.241.164 - - [11/May/2016:13:35:26 -0300] "GET /user/household/57335f22fb2af3c50833ad17 HTTP/1.1" 200 56 "-" "Dalvik/2.1.0 (Linux; U; Android 6.0; XT1068 Build/MPB24.65-34)"
189.70.186.4 - - [11/May/2016:13:35:27 -0300] "POST /user/create HTTP/1.1" 200 225 "-" "Dalvik/1.6.0 (Linux; U; Android 5.1; A8 Build/KOT49H)"
189.49.104.205 - - [11/May/2016:13:35:28 -0300] "POST /survey/create HTTP/1.1" 200 462 "-" "Dalvik/2.1.0 (Linux; U; Android 5.1; XT1032 Build/LPBS23.13-56-2)"
191.248.241.164 - - [11/May/2016:13:35:29 -0300] "GET /symptoms HTTP/1.1" 200 706 "-" "Dalvik/2.1.0 (Linux; U; Android 6.0; XT1068 Build/MPB24.65-34)"
177.207.124.46 - - [11/May/2016:13:35:31 -0300] "POST /household/create HTTP/1.1" 200 228 "-" "Dalvik/1.6.0 (Linux; U; Android 4.4.4; SM-G530H Build/KTU84P)"
177.207.124.46 - - [11/May/2016:13:35:32 -0300] "GET /user/lookup/ HTTP/1.1" 200 781 "-" "Dalvik/1.6.0 (Linux; U; Android 4.4.4; SM-G530H Build/KTU84P)"
189.70.184.183 - - [11/May/2016:13:35:33 -0300] "GET /user/household/57335f46fb2af3c50833ad1c HTTP/1.1" 200 56 "-" "Dalvik/1.6.0 (Linux; U; Android 4.4.4; SM-G316M Build/KTU84P)"
191.248.19.236 - - [11/May/2016:13:35:33 -0300] "GET /user/household/57335f24fb2af3c50833ad18 HTTP/1.1" 200 56 "-" "Dalvik/2.1.0 (Linux; U; Android 5.0.1; LG-H422 Build/LRX21Y)"
191.35.42.100 - - [11/May/2016:13:35:34 -0300] "POST /survey/create HTTP/1.1" 200 457 "-" "Dalvik/2.1.0 (Linux; U; Android 6.0; MotoG3 Build/MPI24.65-33.1)"
177.135.59.86 - - [11/May/2016:13:35:34 -0300] "GET /user/get?fb=null HTTP/1.1" 200 56 "-" "Dalvik/1.6.0 (Linux; U; Android 4.4.2; LG-D385 Build/KOT49I.A1405661439)"
191.248.241.164 - - [11/May/2016:13:35:34 -0300] "POST /user/create HTTP/1.1" 200 688 "-" "Dalvik/2.1.0 (Linux; U; Android 5.1.1; SM-J500M Build/LMY48B)"
191.248.241.164 - - [11/May/2016:13:35:35 -0300] "POST /user/login HTTP/1.1" 200 876 "-" "Dalvik/2.1.0 (Linux; U; Android 5.1.1; SM-J500M Build/LMY48B)"
177.135.59.86 - - [11/May/2016:13:35:36 -0300] "GET /user/get?fb=1744871255755592 HTTP/1.1" 200 56 "-" "Dalvik/1.6.0 (Linux; U; Android 4.4.2; LG-D385 Build/KOT49I.A1405661439)"
187.111.85.181 - - [11/May/2016:13:35:37 -0300] "POST /user/create HTTP/1.1" 200 684 "-" "Dalvik/2.1.0 (Linux; U; Android 5.0.1; LG-H502 Build/LRX21Y)"
189.49.104.205 - - [11/May/2016:13:35:37 -0300] "GET /user/household/57335f14fb2af3c50833ad12 HTTP/1.1" 200 56 "-" "Dalvik/2.1.0 (Linux; U; Android 5.1; XT1032 Build/LPBS23.13-56-2)"
177.85.248.254 - - [11/May/2016:13:35:38 -0300] "POST /survey/create HTTP/1.1" 200 604 "-" "Dalvik/2.1.0 (Linux; U; Android 5.1.1; SM-G531BT Build/LMY48B)"
187.111.85.181 - - [11/May/2016:13:35:38 -0300] "POST /user/login HTTP/1.1" 200 878 "-" "Dalvik/2.1.0 (Linux; U; Android 5.0.1; LG-H502 Build/LRX21Y)"
177.134.203.94 - - [11/May/2016:13:35:38 -0300] "POST /user/create HTTP/1.1" 200 223 "-" "Dalvik/2.1.0 (Linux; U; Android 5.1.1; SM-J500M Build/LMY48B)"
189.49.104.205 - - [11/May/2016:13:35:38 -0300] "GET /user/survey/summary HTTP/1.1" 200 68 "-" "Dalvik/2.1.0 (Linux; U; Android 5.1; XT1032 Build/LPBS23.13-56-2)"
189.49.104.205 - - [11/May/2016:13:35:38 -0300] "GET /user/calendar/month?&month=5&year=2016 HTTP/1.1" 200 124 "-" "Dalvik/2.1.0 (Linux; U; Android 5.1; XT1032 Build/LPBS23.13-56-2)"
191.248.246.100 - - [11/May/2016:13:35:38 -0300] "GET /user/household/57335efafb2af3c50833ad0e HTTP/1.1" 200 56 "-" "Dalvik/2.1.0 (Linux; U; Android 5.1.1; SM-J500M Build/LMY48B)"
191.248.246.100 - - [11/May/2016:13:35:38 -0300] "GET /user/survey/summary HTTP/1.1" 200 69 "-" "Dalvik/2.1.0 (Linux; U; Android 5.1.1; SM-J500M Build/LMY48B)"
177.98.208.210 - - [11/May/2016:13:35:38 -0300] "POST /user/update HTTP/1.1" 200 86 "-" "Dalvik/1.6.0 (Linux; U; Android 4.4.4; SM-G130BU Build/KTU84P)"
191.248.246.100 - - [11/May/2016:13:35:39 -0300] "GET /user/calendar/month?&month=5&year=2016 HTTP/1.1" 200 116 "-" "Dalvik/2.1.0 (Linux; U; Android 5.1.1; SM-J500M Build/LMY48B)"
189.49.104.205 - - [11/May/2016:13:35:39 -0300] "GET /user/calendar/year?year=2016 HTTP/1.1" 200 109 "-" "Dalvik/2.1.0 (Linux; U; Android 5.1; XT1032 Build/LPBS23.13-56-2)"
177.98.208.210 - - [11/May/2016:13:35:39 -0300] "GET /user/lookup/ HTTP/1.1" 200 928 "-" "Dalvik/1.6.0 (Linux; U; Android 4.4.4; SM-G130BU Build/KTU84P)"
191.248.246.100 - - [11/May/2016:13:35:40 -0300] "GET /user/calendar/year?year=2016 HTTP/1.1" 200 109 "-" "Dalvik/2.1.0 (Linux; U; Android 5.1.1; SM-J500M Build/LMY48B)"
189.49.104.205 - - [11/May/2016:13:35:40 -0300] "GET /user/calendar/day?day=11&month=5&year=2016 HTTP/1.1" 200 124 "-" "Dalvik/2.1.0 (Linux; U; Android 5.1; XT1032 Build/LPBS23.13-56-2)"
191.248.246.100 - - [11/May/2016:13:35:41 -0300] "GET /user/calendar/day?day=11&month=5&year=2016 HTTP/1.1" 200 116 "-" "Dalvik/2.1.0 (Linux; U; Android 5.1.1; SM-J500M Build/LMY48B)"
152.239.142.95 - - [11/May/2016:13:35:41 -0300] "GET /user/household/57335ef6fb2af3c50833ad0c HTTP/1.1" 200 56 "-" "Dalvik/2.1.0 (Linux; U; Android 6.0; MotoG3 Build/MPI24.65-25)"
177.98.208.210 - - [11/May/2016:13:35:42 -0300] "GET /user/household/57335eaefb2af3c50833acfc HTTP/1.1" 200 56 "-" "Dalvik/1.6.0 (Linux; U; Android 4.4.4; SM-G130BU Build/KTU84P)"
177.38.200.178 - - [11/May/2016:13:35:42 -0300] "OPTIONS /search/cities?limit=5 HTTP/1.1" 204 0 "http://guardioesdasaude.org/" "Mozilla/5.0 (Macintosh; Intel Mac OS X 10_11_3) AppleWebKit/601.4.4 (KHTML, like Gecko) Version/9.0.3 Safari/601.4.4"
177.38.200.178 - - [11/May/2016:13:35:42 -0300] "GET /search/cities?limit=5 HTTP/1.1" 200 165 "http://guardioesdasaude.org/" "Mozilla/5.0 (Macintosh; Intel Mac OS X 10_11_3) AppleWebKit/601.4.4 (KHTML, like Gecko) Version/9.0.3 Safari/601.4.4"
189.40.80.9 - - [11/May/2016:13:35:42 -0300] "GET /news/get HTTP/1.1" 200 3950 "-" "Dalvik/1.6.0 (Linux; U; Android 4.4.4; SM-G530H Build/KTU84P)"
152.239.142.95 - - [11/May/2016:13:35:42 -0300] "GET /user/calendar/month?&month=5&year=2016 HTTP/1.1" 200 116 "-" "Dalvik/2.1.0 (Linux; U; Android 6.0; MotoG3 Build/MPI24.65-25)"
152.239.142.95 - - [11/May/2016:13:35:42 -0300] "GET /user/survey/summary HTTP/1.1" 200 69 "-" "Dalvik/2.1.0 (Linux; U; Android 6.0; MotoG3 Build/MPI24.65-25)"
191.248.241.164 - - [11/May/2016:13:35:43 -0300] "POST /user/create HTTP/1.1" 200 223 "-" "Dalvik/2.1.0 (Linux; U; Android 5.1.1; SM-J500M Build/LMY48B)"
177.133.108.177 - - [11/May/2016:13:35:43 -0300] "POST /user/create HTTP/1.1" 200 599 "-" "Dalvik/2.1.0 (Linux; U; Android 5.0.2; LG-H540 Build/LRX22G)"
189.70.186.4 - - [11/May/2016:13:35:43 -0300] "GET /user/household/57335f48fb2af3c50833ad1d HTTP/1.1" 200 56 "-" "Dalvik/1.6.0 (Linux; U; Android 5.1; A8 Build/KOT49H)"
152.239.142.95 - - [11/May/2016:13:35:43 -0300] "GET /user/calendar/year?year=2016 HTTP/1.1" 200 109 "-" "Dalvik/2.1.0 (Linux; U; Android 6.0; MotoG3 Build/MPI24.65-25)"
191.248.19.236 - - [11/May/2016:13:35:43 -0300] "POST /user/update HTTP/1.1" 200 86 "-" "Dalvik/2.1.0 (Linux; U; Android 5.0.1; LG-H422 Build/LRX21Y)"
177.85.248.254 - - [11/May/2016:13:35:43 -0300] "GET /user/household/57335e66fb2af3c50833acf7 HTTP/1.1" 200 959 "-" "Dalvik/2.1.0 (Linux; U; Android 5.1.1; SM-G531BT Build/LMY48B)"
177.85.248.254 - - [11/May/2016:13:35:43 -0300] "GET /user/calendar/month?&month=5&year=2016 HTTP/1.1" 200 117 "-" "Dalvik/2.1.0 (Linux; U; Android 5.1.1; SM-G531BT Build/LMY48B)"
186.214.132.166 - - [11/May/2016:13:35:44 -0300] "POST /survey/create HTTP/1.1" 200 431 "-" "Dalvik/2.1.0 (Linux; U; Android 5.0.2; LG-D337 Build/LRX22G)"
191.248.19.236 - - [11/May/2016:13:35:44 -0300] "GET /user/lookup/ HTTP/1.1" 200 897 "-" "Dalvik/2.1.0 (Linux; U; Android 5.0.1; LG-H422 Build/LRX21Y)"
177.85.248.254 - - [11/May/2016:13:35:44 -0300] "GET /user/survey/summary HTTP/1.1" 200 69 "-" "Dalvik/2.1.0 (Linux; U; Android 5.1.1; SM-G531BT Build/LMY48B)"
152.239.142.95 - - [11/May/2016:13:35:44 -0300] "GET /user/calendar/day?day=11&month=5&year=2016 HTTP/1.1" 200 116 "-" "Dalvik/2.1.0 (Linux; U; Android 6.0; MotoG3 Build/MPI24.65-25)"
177.133.108.177 - - [11/May/2016:13:35:44 -0300] "POST /user/login HTTP/1.1" 200 789 "-" "Dalvik/2.1.0 (Linux; U; Android 5.0.2; LG-H540 Build/LRX22G)"
177.85.248.254 - - [11/May/2016:13:35:44 -0300] "GET /user/calendar/year?year=2016 HTTP/1.1" 200 109 "-" "Dalvik/2.1.0 (Linux; U; Android 5.1.1; SM-G531BT Build/LMY48B)"
177.85.248.254 - - [11/May/2016:13:35:45 -0300] "GET /user/calendar/day?day=11&month=5&year=2016 HTTP/1.1" 200 116 "-" "Dalvik/2.1.0 (Linux; U; Android 5.1.1; SM-G531BT Build/LMY48B)"
191.248.19.236 - - [11/May/2016:13:35:45 -0300] "GET /user/household/57335f24fb2af3c50833ad18 HTTP/1.1" 200 56 "-" "Dalvik/2.1.0 (Linux; U; Android 5.0.1; LG-H422 Build/LRX21Y)"
177.133.108.177 - - [11/May/2016:13:35:47 -0300] "POST /user/create HTTP/1.1" 200 223 "-" "Dalvik/2.1.0 (Linux; U; Android 5.0.2; LG-H540 Build/LRX22G)"
187.111.85.181 - - [11/May/2016:13:35:47 -0300] "GET /news/get HTTP/1.1" 200 3956 "-" "Dalvik/2.1.0 (Linux; U; Android 5.0.1; LG-H502 Build/LRX21Y)"
191.248.19.236 - - [11/May/2016:13:35:47 -0300] "GET /user/household/57335f24fb2af3c50833ad18 HTTP/1.1" 200 56 "-" "Dalvik/2.1.0 (Linux; U; Android 5.0.1; LG-H422 Build/LRX21Y)"
177.85.248.254 - - [11/May/2016:13:35:48 -0300] "GET /household/calendar/day?day=11&month=5&year=2016&household_id=57335eb6fb2af3c50833ad00 HTTP/1.1" 200 117 "-" "Dalvik/2.1.0 (Linux; U; Android 5.1.1; SM-G531BT Build/LMY48B)"
177.85.248.254 - - [11/May/2016:13:35:48 -0300] "GET /household/survey/summary?household_id=57335eb6fb2af3c50833ad00 HTTP/1.1" 200 69 "-" "Dalvik/2.1.0 (Linux; U; Android 5.1.1; SM-G531BT Build/LMY48B)"
189.70.184.183 - - [11/May/2016:13:35:49 -0300] "POST /survey/create HTTP/1.1" 200 430 "-" "Dalvik/1.6.0 (Linux; U; Android 4.4.4; SM-G316M Build/KTU84P)"
177.85.248.254 - - [11/May/2016:13:35:49 -0300] "GET /household/calendar/year?year=2016&household_id=57335eb6fb2af3c50833ad00 HTTP/1.1" 200 109 "-" "Dalvik/2.1.0 (Linux; U; Android 5.1.1; SM-G531BT Build/LMY48B)"
187.111.85.181 - - [11/May/2016:13:35:52 -0300] "GET /user/household/57335f59fb2af3c50833ad26 HTTP/1.1" 200 56 "-" "Dalvik/2.1.0 (Linux; U; Android 5.0.1; LG-H502 Build/LRX21Y)"
191.248.246.100 - - [11/May/2016:13:35:53 -0300] "GET /user/household/57335efafb2af3c50833ad0e HTTP/1.1" 200 56 "-" "Dalvik/2.1.0 (Linux; U; Android 5.1.1; SM-J500M Build/LMY48B)"
189.49.104.205 - - [11/May/2016:13:35:53 -0300] "GET /user/household/57335f14fb2af3c50833ad12 HTTP/1.1" 200 56 "-" "Dalvik/2.1.0 (Linux; U; Android 5.1; XT1032 Build/LPBS23.13-56-2)"
186.214.132.166 - - [11/May/2016:13:35:53 -0300] "GET /user/household/57335ec5fb2af3c50833ad01 HTTP/1.1" 200 56 "-" "Dalvik/2.1.0 (Linux; U; Android 5.0.2; LG-D337 Build/LRX22G)"
191.248.19.236 - - [11/May/2016:13:35:54 -0300] "GET /user/household/57335f24fb2af3c50833ad18 HTTP/1.1" 200 56 "-" "Dalvik/2.1.0 (Linux; U; Android 5.0.1; LG-H422 Build/LRX21Y)"
189.70.201.147 - - [11/May/2016:13:35:54 -0300] "POST /survey/create HTTP/1.1" 200 530 "-" "Dalvik/1.6.0 (Linux; U; Android 4.4.2; 4013K Build/KOT49H)"
191.248.19.236 - - [11/May/2016:13:35:54 -0300] "GET /surveys/summary/?lon=-35.0012366&lat=-8.0775922 HTTP/1.1" 200 249 "-" "Dalvik/2.1.0 (Linux; U; Android 5.0.1; LG-H422 Build/LRX21Y)"
191.248.19.236 - - [11/May/2016:13:35:55 -0300] "GET /surveys/l?lon=-35.0012366&lat=-8.0775922 HTTP/1.1" 200 56 "-" "Dalvik/2.1.0 (Linux; U; Android 5.0.1; LG-H422 Build/LRX21Y)"
191.187.188.91 - - [11/May/2016:13:35:57 -0300] "POST /user/create HTTP/1.1" 200 278 "-" "Dalvik/2.1.0 (Linux; U; Android 5.0.2; SM-G530H Build/LRX22G)"
177.206.254.80 - - [11/May/2016:13:35:58 -0300] "GET /user/household/57335eb1fb2af3c50833acfe HTTP/1.1" 200 56 "-" "Dalvik/2.1.0 (Linux; U; Android 5.0; SM-G900M Build/LRX21T)"
189.70.129.141 - - [11/May/2016:13:35:58 -0300] "GET /user/get?fb=null HTTP/1.1" 200 56 "-" "Dalvik/2.1.0 (Linux; U; Android 5.1.1; D6643 Build/23.4.A.1.232)"
186.214.132.166 - - [11/May/2016:13:35:58 -0300] "GET /user/household/57335ec5fb2af3c50833ad01 HTTP/1.1" 200 56 "-" "Dalvik/2.1.0 (Linux; U; Android 5.0.2; LG-D337 Build/LRX22G)"
189.49.104.205 - - [11/May/2016:13:35:59 -0300] "POST /user/update HTTP/1.1" 200 86 "-" "Dalvik/2.1.0 (Linux; U; Android 5.1; XT1032 Build/LPBS23.13-56-2)"
191.248.241.164 - - [11/May/2016:13:35:59 -0300] "POST /survey/create HTTP/1.1" 200 483 "-" "Dalvik/2.1.0 (Linux; U; Android 6.0; XT1068 Build/MPB24.65-34)"
177.85.248.254 - - [11/May/2016:13:35:59 -0300] "GET /user/household/57335e66fb2af3c50833acf7 HTTP/1.1" 200 959 "-" "Dalvik/2.1.0 (Linux; U; Android 5.1.1; SM-G531BT Build/LMY48B)"
187.113.125.106 - - [11/May/2016:13:36:00 -0300] "GET /user/household/57335f48fb2af3c50833ad1e HTTP/1.1" 200 56 "-" "Dalvik/2.1.0 (Linux; U; Android 6.0; XT1069 Build/MPB24.65-34)"
189.70.186.4 - - [11/May/2016:13:36:00 -0300] "GET /user/household/57335f48fb2af3c50833ad1d HTTP/1.1" 200 56 "-" "Dalvik/1.6.0 (Linux; U; Android 5.1; A8 Build/KOT49H)"
189.49.104.205 - - [11/May/2016:13:36:00 -0300] "GET /user/lookup/ HTTP/1.1" 200 983 "-" "Dalvik/2.1.0 (Linux; U; Android 5.1; XT1032 Build/LPBS23.13-56-2)"
189.70.129.141 - - [11/May/2016:13:36:00 -0300] "GET /user/get?fb=124276224648258 HTTP/1.1" 200 56 "-" "Dalvik/2.1.0 (Linux; U; Android 5.1.1; D6643 Build/23.4.A.1.232)"
179.70.8.210 - - [11/May/2016:13:36:01 -0300] "GET /user/get?fb=null HTTP/1.1" 200 56 "-" "Dalvik/2.1.0 (Linux; U; Android 6.0; MotoG3 Build/MPI24.65-33.1)"
186.214.132.166 - - [11/May/2016:13:36:01 -0300] "GET /user/household/57335ec5fb2af3c50833ad01 HTTP/1.1" 200 56 "-" "Dalvik/2.1.0 (Linux; U; Android 5.0.2; LG-D337 Build/LRX22G)"
189.49.104.205 - - [11/May/2016:13:36:01 -0300] "GET /user/household/57335f14fb2af3c50833ad12 HTTP/1.1" 200 56 "-" "Dalvik/2.1.0 (Linux; U; Android 5.1; XT1032 Build/LPBS23.13-56-2)"
189.70.186.4 - - [11/May/2016:13:36:01 -0300] "GET /user/calendar/month?&month=5&year=2016 HTTP/1.1" 200 58 "-" "Dalvik/1.6.0 (Linux; U; Android 5.1; A8 Build/KOT49H)"
189.70.186.4 - - [11/May/2016:13:36:02 -0300] "GET /user/survey/summary HTTP/1.1" 200 66 "-" "Dalvik/1.6.0 (Linux; U; Android 5.1; A8 Build/KOT49H)"
179.70.8.210 - - [11/May/2016:13:36:02 -0300] "GET /user/get?fb=1017394768330311 HTTP/1.1" 200 56 "-" "Dalvik/2.1.0 (Linux; U; Android 6.0; MotoG3 Build/MPI24.65-33.1)"
191.248.19.236 - - [11/May/2016:13:36:02 -0300] "GET /news/get HTTP/1.1" 200 3956 "-" "Dalvik/2.1.0 (Linux; U; Android 5.0.1; LG-H422 Build/LRX21Y)"
177.207.124.46 - - [11/May/2016:13:36:02 -0300] "POST /survey/create HTTP/1.1" 200 431 "-" "Dalvik/1.6.0 (Linux; U; Android 4.4.4; SM-G530H Build/KTU84P)"
186.214.132.241 - - [11/May/2016:13:36:03 -0300] "POST /user/create HTTP/1.1" 200 278 "-" "Dalvik/2.1.0 (Linux; U; Android 6.0; MotoE2(4G-LTE) Build/MPI24.65-39)"
191.187.188.91 - - [11/May/2016:13:36:03 -0300] "POST /user/create HTTP/1.1" 200 278 "-" "Dalvik/2.1.0 (Linux; U; Android 5.0.2; SM-G530H Build/LRX22G)"
191.248.241.164 - - [11/May/2016:13:36:04 -0300] "POST /user/create HTTP/1.1" 200 223 "-" "Dalvik/2.1.0 (Linux; U; Android 5.1.1; SM-J500M Build/LMY48B)"
189.70.186.4 - - [11/May/2016:13:36:04 -0300] "GET /user/calendar/year?year=2016 HTTP/1.1" 200 58 "-" "Dalvik/1.6.0 (Linux; U; Android 5.1; A8 Build/KOT49H)"
177.206.254.80 - - [11/May/2016:13:36:04 -0300] "GET /user/household/57335eb1fb2af3c50833acfe HTTP/1.1" 200 56 "-" "Dalvik/2.1.0 (Linux; U; Android 5.0; SM-G900M Build/LRX21T)"
152.239.142.95 - - [11/May/2016:13:36:04 -0300] "GET /user/household/57335ef6fb2af3c50833ad0c HTTP/1.1" 200 56 "-" "Dalvik/2.1.0 (Linux; U; Android 6.0; MotoG3 Build/MPI24.65-25)"
191.248.241.164 - - [11/May/2016:13:36:05 -0300] "POST /user/create HTTP/1.1" 200 223 "-" "Dalvik/2.1.0 (Linux; U; Android 5.1.1; SM-J500M Build/LMY48B)"
187.113.173.145 - - [11/May/2016:13:36:05 -0300] "POST /user/create HTTP/1.1" 200 278 "-" "Dalvik/1.6.0 (Linux; U; Android 4.4.4; SM-G530H Build/KTU84P)"
189.70.186.4 - - [11/May/2016:13:36:06 -0300] "GET /user/calendar/day?day=11&month=5&year=2016 HTTP/1.1" 200 58 "-" "Dalvik/1.6.0 (Linux; U; Android 5.1; A8 Build/KOT49H)"
186.214.132.166 - - [11/May/2016:13:36:07 -0300] "GET /symptoms HTTP/1.1" 200 706 "-" "Dalvik/2.1.0 (Linux; U; Android 5.0.2; LG-D337 Build/LRX22G)"
189.115.175.186 - - [11/May/2016:13:36:09 -0300] "GET /surveys/summary/?lon=-34.9009516&lat=-7.9867832 HTTP/1.1" 200 230 "-" "Dalvik/1.6.0 (Linux; U; Android 4.4.2; XT918 Build/3_19A_2009)"
189.70.201.147 - - [11/May/2016:13:36:09 -0300] "GET /user/household/57335edbfb2af3c50833ad08 HTTP/1.1" 200 56 "-" "Dalvik/1.6.0 (Linux; U; Android 4.4.2; 4013K Build/KOT49H)"
189.115.175.186 - - [11/May/2016:13:36:10 -0300] "GET /surveys/l?lon=-34.9009516&lat=-7.9867832 HTTP/1.1" 200 56 "-" "Dalvik/1.6.0 (Linux; U; Android 4.4.2; XT918 Build/3_19A_2009)"
191.33.45.170 - - [11/May/2016:13:36:13 -0300] "GET /user/household/57335eaffb2af3c50833acfd HTTP/1.1" 200 56 "-" "Dalvik/1.6.0 (Linux; U; Android 4.4.4; SM-G530BT Build/KTU84P)"
189.70.201.147 - - [11/May/2016:13:36:14 -0300] "POST /survey/create HTTP/1.1" 200 531 "-" "Dalvik/1.6.0 (Linux; U; Android 4.4.2; 4013K Build/KOT49H)"
191.33.45.170 - - [11/May/2016:13:36:14 -0300] "GET /user/calendar/month?&month=5&year=2016 HTTP/1.1" 200 58 "-" "Dalvik/1.6.0 (Linux; U; Android 4.4.4; SM-G530BT Build/KTU84P)"
191.33.45.170 - - [11/May/2016:13:36:14 -0300] "GET /user/survey/summary HTTP/1.1" 200 66 "-" "Dalvik/1.6.0 (Linux; U; Android 4.4.4; SM-G530BT Build/KTU84P)"
191.33.45.170 - - [11/May/2016:13:36:15 -0300] "GET /user/calendar/year?year=2016 HTTP/1.1" 200 58 "-" "Dalvik/1.6.0 (Linux; U; Android 4.4.4; SM-G530BT Build/KTU84P)"
152.239.142.95 - - [11/May/2016:13:36:15 -0300] "GET /user/household/57335ef6fb2af3c50833ad0c HTTP/1.1" 200 56 "-" "Dalvik/2.1.0 (Linux; U; Android 6.0; MotoG3 Build/MPI24.65-25)"
191.248.19.236 - - [11/May/2016:13:36:15 -0300] "GET /news/get HTTP/1.1" 200 3956 "-" "Dalvik/2.1.0 (Linux; U; Android 5.0.1; LG-H422 Build/LRX21Y)"
191.33.45.170 - - [11/May/2016:13:36:16 -0300] "GET /user/calendar/day?day=11&month=5&year=2016 HTTP/1.1" 200 58 "-" "Dalvik/1.6.0 (Linux; U; Android 4.4.4; SM-G530BT Build/KTU84P)"
189.115.175.186 - - [11/May/2016:13:36:19 -0300] "GET /user/household/57335f21fb2af3c50833ad15 HTTP/1.1" 200 56 "-" "Dalvik/1.6.0 (Linux; U; Android 4.4.2; XT918 Build/3_19A_2009)"
189.115.175.186 - - [11/May/2016:13:36:20 -0300] "GET /user/calendar/month?&month=5&year=2016 HTTP/1.1" 200 58 "-" "Dalvik/1.6.0 (Linux; U; Android 4.4.2; XT918 Build/3_19A_2009)"
177.98.30.238 - - [11/May/2016:13:36:20 -0300] "POST /household/create HTTP/1.1" 200 254 "-" "Dalvik/1.6.0 (Linux; U; Android 4.4.2; SM-G313M Build/KOT49H)"
187.103.67.77 - - [11/May/2016:13:36:21 -0300] "POST /user/create HTTP/1.1" 200 687 "-" "Dalvik/2.1.0 (Linux; U; Android 5.1.1; SM-J120H Build/LMY47V)"
189.115.175.186 - - [11/May/2016:13:36:21 -0300] "GET /user/survey/summary HTTP/1.1" 200 66 "-" "Dalvik/1.6.0 (Linux; U; Android 4.4.2; XT918 Build/3_19A_2009)"
177.135.59.86 - - [11/May/2016:13:36:21 -0300] "POST /user/create HTTP/1.1" 200 605 "-" "Dalvik/1.6.0 (Linux; U; Android 4.4.2; LG-D385 Build/KOT49I.A1405661439)"
177.98.30.238 - - [11/May/2016:13:36:21 -0300] "GET /user/lookup/ HTTP/1.1" 200 883 "-" "Dalvik/1.6.0 (Linux; U; Android 4.4.2; SM-G313M Build/KOT49H)"
177.206.254.80 - - [11/May/2016:13:36:22 -0300] "POST /survey/create HTTP/1.1" 200 528 "-" "Dalvik/2.1.0 (Linux; U; Android 5.0; SM-G900M Build/LRX21T)"
187.103.67.77 - - [11/May/2016:13:36:22 -0300] "POST /user/login HTTP/1.1" 200 875 "-" "Dalvik/2.1.0 (Linux; U; Android 5.1.1; SM-J120H Build/LMY47V)"
177.135.59.86 - - [11/May/2016:13:36:22 -0300] "POST /user/login HTTP/1.1" 200 792 "-" "Dalvik/1.6.0 (Linux; U; Android 4.4.2; LG-D385 Build/KOT49I.A1405661439)"
189.115.175.186 - - [11/May/2016:13:36:23 -0300] "GET /user/calendar/year?year=2016 HTTP/1.1" 200 58 "-" "Dalvik/1.6.0 (Linux; U; Android 4.4.2; XT918 Build/3_19A_2009)"
187.103.67.77 - - [11/May/2016:13:36:23 -0300] "POST /user/create HTTP/1.1" 200 225 "-" "Dalvik/2.1.0 (Linux; U; Android 5.1.1; SM-J120H Build/LMY47V)"
191.33.45.170 - - [11/May/2016:13:36:24 -0300] "GET /user/household/57335eaffb2af3c50833acfd HTTP/1.1" 200 56 "-" "Dalvik/1.6.0 (Linux; U; Android 4.4.4; SM-G530BT Build/KTU84P)"
189.115.175.186 - - [11/May/2016:13:36:24 -0300] "GET /user/calendar/day?day=11&month=5&year=2016 HTTP/1.1" 200 58 "-" "Dalvik/1.6.0 (Linux; U; Android 4.4.2; XT918 Build/3_19A_2009)"
187.111.85.181 - - [11/May/2016:13:36:24 -0300] "POST /survey/create HTTP/1.1" 200 528 "-" "Dalvik/2.1.0 (Linux; U; Android 5.0.1; LG-H502 Build/LRX21Y)"
177.206.254.80 - - [11/May/2016:13:36:26 -0300] "POST /survey/create HTTP/1.1" 200 528 "-" "Dalvik/2.1.0 (Linux; U; Android 5.0; SM-G900M Build/LRX21T)"
189.70.186.4 - - [11/May/2016:13:36:26 -0300] "GET /user/calendar/month?&month=4&year=2016 HTTP/1.1" 200 58 "-" "Dalvik/1.6.0 (Linux; U; Android 5.1; A8 Build/KOT49H)"
187.111.85.181 - - [11/May/2016:13:36:26 -0300] "GET /symptoms HTTP/1.1" 200 706 "-" "Dalvik/2.1.0 (Linux; U; Android 5.0.1; LG-H502 Build/LRX21Y)"
189.70.129.141 - - [11/May/2016:13:36:27 -0300] "POST /user/create HTTP/1.1" 200 676 "-" "Dalvik/2.1.0 (Linux; U; Android 5.1.1; D6643 Build/23.4.A.1.232)"
187.113.121.39 - - [11/May/2016:13:36:28 -0300] "POST /household/create HTTP/1.1" 200 240 "-" "Dalvik/2.1.0 (Linux; U; Android 6.0; MotoG3 Build/MPI24.65-33.1)"
189.70.129.141 - - [11/May/2016:13:36:28 -0300] "POST /user/login HTTP/1.1" 200 872 "-" "Dalvik/2.1.0 (Linux; U; Android 5.1.1; D6643 Build/23.4.A.1.232)"
189.70.186.4 - - [11/May/2016:13:36:28 -0300] "GET /user/calendar/day?day=1&month=4&year=2016 HTTP/1.1" 200 58 "-" "Dalvik/1.6.0 (Linux; U; Android 5.1; A8 Build/KOT49H)"
191.248.246.100 - - [11/May/2016:13:36:29 -0300] "GET /user/get?fb=625193557627960 HTTP/1.1" 200 885 "-" "Dalvik/2.1.0 (Linux; U; Android 5.1.1; SM-J500M Build/LMY48B)"
177.98.208.210 - - [11/May/2016:13:36:29 -0300] "GET /user/household/57335eaefb2af3c50833acfc HTTP/1.1" 200 56 "-" "Dalvik/1.6.0 (Linux; U; Android 4.4.4; SM-G130BU Build/KTU84P)"
187.113.160.87 - - [11/May/2016:13:36:29 -0300] "GET /user/lookup/ HTTP/1.1" 200 819 "-" "Dalvik/2.1.0 (Linux; U; Android 6.0; MotoG3 Build/MPI24.65-33.1)"
191.248.246.100 - - [11/May/2016:13:36:30 -0300] "POST /user/login HTTP/1.1" 200 962 "-" "Dalvik/2.1.0 (Linux; U; Android 5.1.1; SM-J500M Build/LMY48B)"
187.111.85.181 - - [11/May/2016:13:36:30 -0300] "GET /symptoms HTTP/1.1" 200 706 "-" "Dalvik/2.1.0 (Linux; U; Android 5.0.1; LG-H502 Build/LRX21Y)"
191.248.19.236 - - [11/May/2016:13:36:31 -0300] "GET /user/household/57335f24fb2af3c50833ad18 HTTP/1.1" 200 56 "-" "Dalvik/2.1.0 (Linux; U; Android 5.0.1; LG-H422 Build/LRX21Y)"
187.58.108.226 - - [11/May/2016:13:36:31 -0300] "POST /user/create HTTP/1.1" 200 599 "-" "Dalvik/1.6.0 (Linux; U; Android 4.4.4; SM-G530H Build/KTU84P)"
189.70.186.4 - - [11/May/2016:13:36:31 -0300] "GET /user/calendar/month?&month=5&year=2016 HTTP/1.1" 200 58 "-" "Dalvik/1.6.0 (Linux; U; Android 5.1; A8 Build/KOT49H)"
177.135.59.86 - - [11/May/2016:13:36:32 -0300] "GET /user/household/57335f85fb2af3c50833ad36 HTTP/1.1" 200 56 "-" "Dalvik/1.6.0 (Linux; U; Android 4.4.2; LG-D385 Build/KOT49I.A1405661439)"
187.58.108.226 - - [11/May/2016:13:36:33 -0300] "POST /user/login HTTP/1.1" 200 790 "-" "Dalvik/1.6.0 (Linux; U; Android 4.4.4; SM-G530H Build/KTU84P)"
177.98.30.238 - - [11/May/2016:13:36:34 -0300] "GET /symptoms HTTP/1.1" 200 706 "-" "Dalvik/1.6.0 (Linux; U; Android 4.4.2; SM-G313M Build/KOT49H)"
191.248.241.164 - - [11/May/2016:13:36:36 -0300] "POST /user/create HTTP/1.1" 200 223 "-" "Dalvik/2.1.0 (Linux; U; Android 5.1.1; SM-J500M Build/LMY48B)"
152.239.142.95 - - [11/May/2016:13:36:36 -0300] "POST /survey/create HTTP/1.1" 200 428 "-" "Dalvik/2.1.0 (Linux; U; Android 6.0; MotoG3 Build/MPI24.65-25)"
189.115.175.186 - - [11/May/2016:13:36:37 -0300] "GET /user/household/57335f21fb2af3c50833ad15 HTTP/1.1" 200 56 "-" "Dalvik/1.6.0 (Linux; U; Android 4.4.2; XT918 Build/3_19A_2009)"
177.135.56.102 - - [11/May/2016:13:36:37 -0300] "POST /user/create HTTP/1.1" 200 278 "-" "Dalvik/2.1.0 (Linux; U; Android 6.0; MotoE2(4G-LTE) Build/MPI24.65-39)"
191.248.241.164 - - [11/May/2016:13:36:38 -0300] "POST /user/create HTTP/1.1" 200 223 "-" "Dalvik/2.1.0 (Linux; U; Android 5.1.1; SM-J500M Build/LMY48B)"
177.98.208.210 - - [11/May/2016:13:36:38 -0300] "GET /news/get HTTP/1.1" 200 3956 "-" "Dalvik/1.6.0 (Linux; U; Android 4.4.4; SM-G130BU Build/KTU84P)"
189.70.186.4 - - [11/May/2016:13:36:39 -0300] "GET /user/calendar/day?day=1&month=5&year=2016 HTTP/1.1" 200 58 "-" "Dalvik/1.6.0 (Linux; U; Android 5.1; A8 Build/KOT49H)"
177.133.108.177 - - [11/May/2016:13:36:39 -0300] "GET /user/calendar/month?&month=5&year=2016 HTTP/1.1" 200 58 "-" "Dalvik/2.1.0 (Linux; U; Android 5.0.2; LG-H540 Build/LRX22G)"
177.206.254.80 - - [11/May/2016:13:36:39 -0300] "GET /user/household/57335eb1fb2af3c50833acfe HTTP/1.1" 200 56 "-" "Dalvik/2.1.0 (Linux; U; Android 5.0; SM-G900M Build/LRX21T)"
177.133.108.177 - - [11/May/2016:13:36:40 -0300] "GET /user/calendar/year?year=2016 HTTP/1.1" 200 58 "-" "Dalvik/2.1.0 (Linux; U; Android 5.0.2; LG-H540 Build/LRX22G)"
187.113.173.145 - - [11/May/2016:13:36:40 -0300] "POST /user/create HTTP/1.1" 200 609 "-" "Dalvik/1.6.0 (Linux; U; Android 4.4.4; SM-G530H Build/KTU84P)"
177.133.108.177 - - [11/May/2016:13:36:40 -0300] "GET /user/household/57335ed7fb2af3c50833ad06 HTTP/1.1" 200 56 "-" "Dalvik/2.1.0 (Linux; U; Android 5.0.2; LG-H540 Build/LRX22G)"
191.248.241.164 - - [11/May/2016:13:36:40 -0300] "POST /user/create HTTP/1.1" 200 223 "-" "Dalvik/2.1.0 (Linux; U; Android 5.1.1; SM-J500M Build/LMY48B)"
177.133.108.177 - - [11/May/2016:13:36:41 -0300] "GET /user/survey/summary HTTP/1.1" 200 66 "-" "Dalvik/2.1.0 (Linux; U; Android 5.0.2; LG-H540 Build/LRX22G)"
177.133.108.177 - - [11/May/2016:13:36:41 -0300] "GET /user/calendar/day?day=11&month=5&year=2016 HTTP/1.1" 200 58 "-" "Dalvik/2.1.0 (Linux; U; Android 5.0.2; LG-H540 Build/LRX22G)"
187.113.173.145 - - [11/May/2016:13:36:41 -0300] "POST /user/login HTTP/1.1" 200 798 "-" "Dalvik/1.6.0 (Linux; U; Android 4.4.4; SM-G530H Build/KTU84P)"
177.40.181.114 - - [11/May/2016:13:36:43 -0300] "POST /user/create HTTP/1.1" 200 611 "-" "Dalvik/2.1.0 (Linux; U; Android 6.0; XT1069 Build/MPB24.65-34)"
191.187.188.91 - - [11/May/2016:13:36:43 -0300] "POST /user/create HTTP/1.1" 200 278 "-" "Dalvik/2.1.0 (Linux; U; Android 5.0.2; SM-G530H Build/LRX22G)"
186.214.132.166 - - [11/May/2016:13:36:44 -0300] "POST /survey/create HTTP/1.1" 200 461 "-" "Dalvik/2.1.0 (Linux; U; Android 5.0.2; LG-D337 Build/LRX22G)"
177.40.181.114 - - [11/May/2016:13:36:44 -0300] "POST /user/login HTTP/1.1" 200 804 "-" "Dalvik/2.1.0 (Linux; U; Android 6.0; XT1069 Build/MPB24.65-34)"
187.58.108.226 - - [11/May/2016:13:36:45 -0300] "GET /user/calendar/month?&month=5&year=2016 HTTP/1.1" 200 58 "-" "Dalvik/1.6.0 (Linux; U; Android 4.4.4; SM-G530H Build/KTU84P)"
187.58.108.226 - - [11/May/2016:13:36:46 -0300] "GET /user/household/57335f8ffb2af3c50833ad3d HTTP/1.1" 200 56 "-" "Dalvik/1.6.0 (Linux; U; Android 4.4.4; SM-G530H Build/KTU84P)"
177.135.59.86 - - [11/May/2016:13:36:46 -0300] "POST /user/update HTTP/1.1" 200 86 "-" "Dalvik/1.6.0 (Linux; U; Android 4.4.2; LG-D385 Build/KOT49I.A1405661439)"
187.58.108.226 - - [11/May/2016:13:36:46 -0300] "GET /user/calendar/year?year=2016 HTTP/1.1" 200 58 "-" "Dalvik/1.6.0 (Linux; U; Android 4.4.4; SM-G530H Build/KTU84P)"
177.135.59.86 - - [11/May/2016:13:36:47 -0300] "GET /user/lookup/ HTTP/1.1" 200 773 "-" "Dalvik/1.6.0 (Linux; U; Android 4.4.2; LG-D385 Build/KOT49I.A1405661439)"
187.58.108.226 - - [11/May/2016:13:36:47 -0300] "GET /user/survey/summary HTTP/1.1" 200 66 "-" "Dalvik/1.6.0 (Linux; U; Android 4.4.4; SM-G530H Build/KTU84P)"
187.58.108.226 - - [11/May/2016:13:36:47 -0300] "GET /user/calendar/day?day=11&month=5&year=2016 HTTP/1.1" 200 58 "-" "Dalvik/1.6.0 (Linux; U; Android 4.4.4; SM-G530H Build/KTU84P)"
177.135.59.86 - - [11/May/2016:13:36:48 -0300] "GET /user/household/57335f85fb2af3c50833ad36 HTTP/1.1" 200 56 "-" "Dalvik/1.6.0 (Linux; U; Android 4.4.2; LG-D385 Build/KOT49I.A1405661439)"
187.103.67.77 - - [11/May/2016:13:36:48 -0300] "GET /news/get HTTP/1.1" 200 3955 "-" "Dalvik/2.1.0 (Linux; U; Android 5.1.1; SM-J120H Build/LMY47V)"
189.115.175.186 - - [11/May/2016:13:36:49 -0300] "POST /survey/create HTTP/1.1" 200 539 "-" "Dalvik/1.6.0 (Linux; U; Android 4.4.2; XT918 Build/3_19A_2009)"
189.70.129.141 - - [11/May/2016:13:36:51 -0300] "GET /user/household/57335f8bfb2af3c50833ad3b HTTP/1.1" 200 56 "-" "Dalvik/2.1.0 (Linux; U; Android 5.1.1; D6643 Build/23.4.A.1.232)"
189.70.186.4 - - [11/May/2016:13:36:52 -0300] "GET /surveys/summary/?lon=-40.494165&lat=-9.388231 HTTP/1.1" 200 235 "-" "Dalvik/1.6.0 (Linux; U; Android 5.1; A8 Build/KOT49H)"
189.70.186.4 - - [11/May/2016:13:36:56 -0300] "GET /surveys/l?lon=-40.494165&lat=-9.388231 HTTP/1.1" 200 230 "-" "Dalvik/1.6.0 (Linux; U; Android 5.1; A8 Build/KOT49H)"
177.206.254.80 - - [11/May/2016:13:36:58 -0300] "GET /symptoms HTTP/1.1" 200 706 "-" "Dalvik/2.1.0 (Linux; U; Android 5.0; SM-G900M Build/LRX21T)"
189.115.173.191 - - [11/May/2016:13:36:58 -0300] "GET /user/household/57335f9bfb2af3c50833ad43 HTTP/1.1" 200 56 "-" "Dalvik/2.1.0 (Linux; U; Android 6.0; XT1069 Build/MPB24.65-34)"
186.214.132.166 - - [11/May/2016:13:37:01 -0300] "GET /user/household/57335ec5fb2af3c50833ad01 HTTP/1.1" 200 56 "-" "Dalvik/2.1.0 (Linux; U; Android 5.0.2; LG-D337 Build/LRX22G)"
187.113.173.145 - - [11/May/2016:13:37:02 -0300] "GET /news/get HTTP/1.1" 200 3956 "-" "Dalvik/1.6.0 (Linux; U; Android 4.4.4; SM-G530H Build/KTU84P)"
177.98.208.210 - - [11/May/2016:13:37:02 -0300] "GET /news/get HTTP/1.1" 200 3956 "-" "Dalvik/1.6.0 (Linux; U; Android 4.4.4; SM-G130BU Build/KTU84P)"
186.214.132.166 - - [11/May/2016:13:37:04 -0300] "GET /symptoms HTTP/1.1" 200 706 "-" "Dalvik/2.1.0 (Linux; U; Android 5.0.2; LG-D337 Build/LRX22G)"
177.98.30.238 - - [11/May/2016:13:37:06 -0300] "POST /survey/create HTTP/1.1" 200 569 "-" "Dalvik/1.6.0 (Linux; U; Android 4.4.2; SM-G313M Build/KOT49H)"
189.70.186.4 - - [11/May/2016:13:37:06 -0300] "GET /news/get HTTP/1.1" 200 3956 "-" "Dalvik/1.6.0 (Linux; U; Android 5.1; A8 Build/KOT49H)"
187.78.221.96 - - [11/May/2016:13:37:06 -0300] "GET /user/get?fb=null HTTP/1.1" 200 56 "-" "Dalvik/2.1.0 (Linux; U; Android 5.0; SM-G900MD Build/LRX21T)"
186.212.132.39 - - [11/May/2016:13:37:06 -0300] "GET /user/calendar/month?&month=5&year=2016 HTTP/1.1" 200 58 "-" "Dalvik/2.1.0 (Linux; U; Android 5.0.2; XT1069 Build/LXB22.99-16)"
186.212.132.39 - - [11/May/2016:13:37:06 -0300] "GET /user/household/57335e92fb2af3c50833acf9 HTTP/1.1" 200 56 "-" "Dalvik/2.1.0 (Linux; U; Android 5.0.2; XT1069 Build/LXB22.99-16)"
187.58.108.226 - - [11/May/2016:13:37:06 -0300] "GET /news/get HTTP/1.1" 200 3956 "-" "Dalvik/1.6.0 (Linux; U; Android 4.4.4; SM-G530H Build/KTU84P)"
186.212.132.39 - - [11/May/2016:13:37:07 -0300] "GET /user/survey/summary HTTP/1.1" 200 66 "-" "Dalvik/2.1.0 (Linux; U; Android 5.0.2; XT1069 Build/LXB22.99-16)"
187.78.221.96 - - [11/May/2016:13:37:07 -0300] "GET /user/get?fb=1004482226333065 HTTP/1.1" 200 56 "-" "Dalvik/2.1.0 (Linux; U; Android 5.0; SM-G900MD Build/LRX21T)"
186.212.132.39 - - [11/May/2016:13:37:07 -0300] "GET /user/calendar/year?year=2016 HTTP/1.1" 200 58 "-" "Dalvik/2.1.0 (Linux; U; Android 5.0.2; XT1069 Build/LXB22.99-16)"
186.212.132.39 - - [11/May/2016:13:37:08 -0300] "GET /user/calendar/day?day=11&month=5&year=2016 HTTP/1.1" 200 58 "-" "Dalvik/2.1.0 (Linux; U; Android 5.0.2; XT1069 Build/LXB22.99-16)"
177.133.108.177 - - [11/May/2016:13:37:08 -0300] "GET /user/get?gl=117085212956530553498 HTTP/1.1" 200 764 "-" "Dalvik/2.1.0 (Linux; U; Android 5.0.2; LG-H540 Build/LRX22G)"
177.133.108.177 - - [11/May/2016:13:37:10 -0300] "POST /user/login HTTP/1.1" 200 807 "-" "Dalvik/2.1.0 (Linux; U; Android 5.0.2; LG-H540 Build/LRX22G)"
191.33.45.170 - - [11/May/2016:13:37:10 -0300] "GET /user/household/57335eaffb2af3c50833acfd HTTP/1.1" 200 56 "-" "Dalvik/1.6.0 (Linux; U; Android 4.4.4; SM-G530BT Build/KTU84P)"
177.135.59.86 - - [11/May/2016:13:37:11 -0300] "GET /user/household/57335f85fb2af3c50833ad36 HTTP/1.1" 200 56 "-" "Dalvik/1.6.0 (Linux; U; Android 4.4.2; LG-D385 Build/KOT49I.A1405661439)"
191.33.42.179 - - [11/May/2016:13:37:12 -0300] "GET /user/get?fb=null HTTP/1.1" 200 56 "-" "Dalvik/2.1.0 (Linux; U; Android 5.0.2; LG-D337 Build/LRX22G)"
191.33.29.98 - - [11/May/2016:13:37:13 -0300] "GET /user/get?fb=818459391617620 HTTP/1.1" 200 56 "-" "Dalvik/2.1.0 (Linux; U; Android 5.0.2; LG-D337 Build/LRX22G)"
177.135.59.86 - - [11/May/2016:13:37:15 -0300] "GET /user/household/57335f85fb2af3c50833ad36 HTTP/1.1" 200 56 "-" "Dalvik/1.6.0 (Linux; U; Android 4.4.2; LG-D385 Build/KOT49I.A1405661439)"
187.113.173.145 - - [11/May/2016:13:37:16 -0300] "GET /user/household/57335f98fb2af3c50833ad41 HTTP/1.1" 200 56 "-" "Dalvik/1.6.0 (Linux; U; Android 4.4.4; SM-G530H Build/KTU84P)"
191.248.241.164 - - [11/May/2016:13:37:16 -0300] "GET /user/get?gl=109338577837793329452 HTTP/1.1" 200 56 "-" "Dalvik/2.1.0 (Linux; U; Android 5.1.1; SM-J500M Build/LMY48B)"
186.214.132.166 - - [11/May/2016:13:37:16 -0300] "POST /survey/create HTTP/1.1" 200 432 "-" "Dalvik/2.1.0 (Linux; U; Android 5.0.2; LG-D337 Build/LRX22G)"
187.113.173.145 - - [11/May/2016:13:37:17 -0300] "GET /user/calendar/month?&month=5&year=2016 HTTP/1.1" 200 58 "-" "Dalvik/1.6.0 (Linux; U; Android 4.4.4; SM-G530H Build/KTU84P)"
187.113.173.145 - - [11/May/2016:13:37:17 -0300] "GET /user/survey/summary HTTP/1.1" 200 66 "-" "Dalvik/1.6.0 (Linux; U; Android 4.4.4; SM-G530H Build/KTU84P)"
187.113.173.145 - - [11/May/2016:13:37:18 -0300] "GET /user/calendar/year?year=2016 HTTP/1.1" 200 58 "-" "Dalvik/1.6.0 (Linux; U; Android 4.4.4; SM-G530H Build/KTU84P)"
187.113.173.145 - - [11/May/2016:13:37:19 -0300] "GET /user/calendar/day?day=12&month=5&year=2016 HTTP/1.1" 200 58 "-" "Dalvik/1.6.0 (Linux; U; Android 4.4.4; SM-G530H Build/KTU84P)"
177.133.108.177 - - [11/May/2016:13:37:20 -0300] "GET /news/get HTTP/1.1" 200 3956 "-" "Dalvik/2.1.0 (Linux; U; Android 5.0.2; LG-H540 Build/LRX22G)"
191.33.45.170 - - [11/May/2016:13:37:25 -0300] "GET /symptoms HTTP/1.1" 200 706 "-" "Dalvik/1.6.0 (Linux; U; Android 4.4.4; SM-G530BT Build/KTU84P)"
177.135.62.128 - - [11/May/2016:13:37:25 -0300] "POST /user/create HTTP/1.1" 200 600 "-" "Dalvik/2.1.0 (Linux; U; Android 6.0; MotoG3 Build/MPI24.65-33.1)"
177.134.152.231 - - [11/May/2016:13:37:26 -0300] "POST /user/login HTTP/1.1" 200 789 "-" "Dalvik/2.1.0 (Linux; U; Android 6.0; MotoG3 Build/MPI24.65-33.1)"
177.36.10.210 - - [11/May/2016:13:37:26 -0300] "GET /user/get?gl=113999815598859896562 HTTP/1.1" 200 56 "-" "Dalvik/2.1.0 (Linux; U; Android 6.0; XT1068 Build/MPB24.65-34)"
191.248.241.164 - - [11/May/2016:13:37:27 -0300] "POST /user/create HTTP/1.1" 200 223 "-" "Dalvik/2.1.0 (Linux; U; Android 5.1.1; SM-J500M Build/LMY48B)"
177.206.254.80 - - [11/May/2016:13:37:28 -0300] "POST /survey/create HTTP/1.1" 200 528 "-" "Dalvik/2.1.0 (Linux; U; Android 5.0; SM-G900M Build/LRX21T)"
177.206.254.80 - - [11/May/2016:13:37:30 -0300] "POST /survey/create HTTP/1.1" 200 528 "-" "Dalvik/2.1.0 (Linux; U; Android 5.0; SM-G900M Build/LRX21T)"
187.113.173.145 - - [11/May/2016:13:37:33 -0300] "GET /user/calendar/month?&month=6&year=2016 HTTP/1.1" 200 58 "-" "Dalvik/1.6.0 (Linux; U; Android 4.4.4; SM-G530H Build/KTU84P)"
187.113.173.145 - - [11/May/2016:13:37:35 -0300] "GET /user/calendar/day?day=1&month=6&year=2016 HTTP/1.1" 200 58 "-" "Dalvik/1.6.0 (Linux; U; Android 4.4.4; SM-G530H Build/KTU84P)"
177.98.208.210 - - [11/May/2016:13:37:36 -0300] "GET /user/household/57335eaefb2af3c50833acfc HTTP/1.1" 200 56 "-" "Dalvik/1.6.0 (Linux; U; Android 4.4.4; SM-G130BU Build/KTU84P)"
191.248.241.164 - - [11/May/2016:13:37:36 -0300] "POST /user/create HTTP/1.1" 200 223 "-" "Dalvik/2.1.0 (Linux; U; Android 5.1.1; SM-J500M Build/LMY48B)"
187.113.173.145 - - [11/May/2016:13:37:36 -0300] "GET /user/calendar/month?&month=5&year=2016 HTTP/1.1" 200 58 "-" "Dalvik/1.6.0 (Linux; U; Android 4.4.4; SM-G530H Build/KTU84P)"
177.98.208.210 - - [11/May/2016:13:37:36 -0300] "GET /user/calendar/month?&month=5&year=2016 HTTP/1.1" 200 116 "-" "Dalvik/1.6.0 (Linux; U; Android 4.4.4; SM-G130BU Build/KTU84P)"
177.135.59.86 - - [11/May/2016:13:37:37 -0300] "GET /user/household/57335f85fb2af3c50833ad36 HTTP/1.1" 200 56 "-" "Dalvik/1.6.0 (Linux; U; Android 4.4.2; LG-D385 Build/KOT49I.A1405661439)"
177.98.208.210 - - [11/May/2016:13:37:37 -0300] "GET /user/survey/summary HTTP/1.1" 200 69 "-" "Dalvik/1.6.0 (Linux; U; Android 4.4.4; SM-G130BU Build/KTU84P)"
187.113.173.145 - - [11/May/2016:13:37:37 -0300] "GET /user/calendar/month?&month=4&year=2016 HTTP/1.1" 200 58 "-" "Dalvik/1.6.0 (Linux; U; Android 4.4.4; SM-G530H Build/KTU84P)"
189.70.129.141 - - [11/May/2016:13:37:38 -0300] "GET /user/get?fb=124276224648258 HTTP/1.1" 200 852 "-" "Dalvik/2.1.0 (Linux; U; Android 5.1.1; D6643 Build/23.4.A.1.232)"
177.135.59.86 - - [11/May/2016:13:37:38 -0300] "GET /user/calendar/month?&month=5&year=2016 HTTP/1.1" 200 58 "-" "Dalvik/1.6.0 (Linux; U; Android 4.4.2; LG-D385 Build/KOT49I.A1405661439)"
177.98.208.210 - - [11/May/2016:13:37:38 -0300] "GET /user/calendar/year?year=2016 HTTP/1.1" 200 109 "-" "Dalvik/1.6.0 (Linux; U; Android 4.4.4; SM-G130BU Build/KTU84P)"
187.113.173.145 - - [11/May/2016:13:37:38 -0300] "GET /user/calendar/day?day=1&month=4&year=2016 HTTP/1.1" 200 58 "-" "Dalvik/1.6.0 (Linux; U; Android 4.4.4; SM-G530H Build/KTU84P)"
177.98.208.210 - - [11/May/2016:13:37:39 -0300] "GET /user/calendar/day?day=11&month=5&year=2016 HTTP/1.1" 200 116 "-" "Dalvik/1.6.0 (Linux; U; Android 4.4.4; SM-G130BU Build/KTU84P)"
177.135.59.86 - - [11/May/2016:13:37:39 -0300] "GET /user/calendar/year?year=2016 HTTP/1.1" 200 58 "-" "Dalvik/1.6.0 (Linux; U; Android 4.4.2; LG-D385 Build/KOT49I.A1405661439)"
177.135.59.86 - - [11/May/2016:13:37:39 -0300] "GET /user/survey/summary HTTP/1.1" 200 66 "-" "Dalvik/1.6.0 (Linux; U; Android 4.4.2; LG-D385 Build/KOT49I.A1405661439)"
189.70.129.141 - - [11/May/2016:13:37:39 -0300] "POST /user/login HTTP/1.1" 200 889 "-" "Dalvik/2.1.0 (Linux; U; Android 5.1.1; D6643 Build/23.4.A.1.232)"
187.113.173.145 - - [11/May/2016:13:37:40 -0300] "GET /user/calendar/day?day=1&month=4&year=2016 HTTP/1.1" 200 58 "-" "Dalvik/1.6.0 (Linux; U; Android 4.4.4; SM-G530H Build/KTU84P)"
177.135.59.86 - - [11/May/2016:13:37:40 -0300] "GET /user/calendar/day?day=11&month=5&year=2016 HTTP/1.1" 200 58 "-" "Dalvik/1.6.0 (Linux; U; Android 4.4.2; LG-D385 Build/KOT49I.A1405661439)"
152.239.142.95 - - [11/May/2016:13:37:40 -0300] "GET /symptoms HTTP/1.1" 200 706 "-" "Dalvik/2.1.0 (Linux; U; Android 6.0; MotoG3 Build/MPI24.65-25)"
177.135.62.128 - - [11/May/2016:13:37:40 -0300] "GET /user/household/57335fc5fb2af3c50833ad48 HTTP/1.1" 200 56 "-" "Dalvik/2.1.0 (Linux; U; Android 6.0; MotoG3 Build/MPI24.65-33.1)"
187.113.173.145 - - [11/May/2016:13:37:41 -0300] "GET /user/calendar/month?&month=5&year=2016 HTTP/1.1" 200 58 "-" "Dalvik/1.6.0 (Linux; U; Android 4.4.4; SM-G530H Build/KTU84P)"
177.85.248.254 - - [11/May/2016:13:37:41 -0300] "GET /surveys/summary/?lon=-34.8758763&lat=-8.0312657 HTTP/1.1" 200 228 "-" "Dalvik/2.1.0 (Linux; U; Android 5.1.1; SM-G531BT Build/LMY48B)"
191.248.241.164 - - [11/May/2016:13:37:42 -0300] "POST /user/create HTTP/1.1" 200 223 "-" "Dalvik/2.1.0 (Linux; U; Android 5.1.1; SM-J500M Build/LMY48B)"
177.85.248.254 - - [11/May/2016:13:37:42 -0300] "GET /surveys/l?lon=-34.8758763&lat=-8.0312657 HTTP/1.1" 200 512 "-" "Dalvik/2.1.0 (Linux; U; Android 5.1.1; SM-G531BT Build/LMY48B)"
187.113.173.145 - - [11/May/2016:13:37:43 -0300] "GET /user/calendar/day?day=1&month=5&year=2016 HTTP/1.1" 200 58 "-" "Dalvik/1.6.0 (Linux; U; Android 4.4.4; SM-G530H Build/KTU84P)"
177.206.254.80 - - [11/May/2016:13:37:43 -0300] "GET /user/household/57335eb1fb2af3c50833acfe HTTP/1.1" 200 56 "-" "Dalvik/2.1.0 (Linux; U; Android 5.0; SM-G900M Build/LRX21T)"
189.70.129.141 - - [11/May/2016:13:37:44 -0300] "GET /user/household/57335f8bfb2af3c50833ad3b HTTP/1.1" 200 56 "-" "Dalvik/2.1.0 (Linux; U; Android 5.1.1; D6643 Build/23.4.A.1.232)"
191.248.241.164 - - [11/May/2016:13:37:54 -0300] "POST /user/create HTTP/1.1" 200 223 "-" "Dalvik/2.1.0 (Linux; U; Android 5.1.1; SM-J500M Build/LMY48B)"
177.135.56.102 - - [11/May/2016:13:37:56 -0300] "GET /user/get?fb=255516668136743 HTTP/1.1" 200 56 "-" "Dalvik/2.1.0 (Linux; U; Android 6.0; MotoE2(4G-LTE) Build/MPI24.65-39)"
191.35.5.239 - - [11/May/2016:13:37:57 -0300] "GET /user/get?fb=255516668136743 HTTP/1.1" 200 56 "-" "Dalvik/2.1.0 (Linux; U; Android 6.0; MotoE2(4G-LTE) Build/MPI24.65-39)"
177.207.122.72 - - [11/May/2016:13:37:58 -0300] "POST /survey/create HTTP/1.1" 200 554 "-" "Dalvik/1.6.0 (Linux; U; Android 4.4.4; SM-G530BT Build/KTU84P)"
177.135.62.128 - - [11/May/2016:13:38:02 -0300] "GET /symptoms HTTP/1.1" 200 706 "-" "Dalvik/2.1.0 (Linux; U; Android 6.0; MotoG3 Build/MPI24.65-33.1)"
187.113.173.145 - - [11/May/2016:13:38:02 -0300] "GET /user/household/57335f98fb2af3c50833ad41 HTTP/1.1" 200 56 "-" "Dalvik/1.6.0 (Linux; U; Android 4.4.4; SM-G530H Build/KTU84P)"
179.106.3.112 - - [11/May/2016:13:38:03 -0300] "GET /user/get?fb=null HTTP/1.1" 200 56 "-" "Dalvik/2.1.0 (Linux; U; Android 5.1; XT1033 Build/LPBS23.13-56-2)"
