54.247.188.179 - - [27/Jun/2016:13:38:04 -0300] "GET / HTTP/1.0" 200 11894 "-" "NewRelicPinger/1.0 (954132)"
184.73.237.85 - - [27/Jun/2016:13:38:19 -0300] "GET / HTTP/1.0" 200 11894 "-" "NewRelicPinger/1.0 (954132)"
54.251.34.67 - - [27/Jun/2016:13:38:31 -0300] "GET / HTTP/1.0" 200 11894 "-" "NewRelicPinger/1.0 (954132)"
54.248.250.232 - - [27/Jun/2016:13:38:50 -0300] "GET / HTTP/1.0" 200 11894 "-" "NewRelicPinger/1.0 (954132)"
50.112.95.211 - - [27/Jun/2016:13:39:33 -0300] "GET / HTTP/1.0" 200 11894 "-" "NewRelicPinger/1.0 (954132)"
54.247.188.179 - - [27/Jun/2016:13:40:34 -0300] "GET / HTTP/1.0" 200 11894 "-" "NewRelicPinger/1.0 (954132)"
184.73.237.85 - - [27/Jun/2016:13:40:49 -0300] "GET / HTTP/1.0" 200 11894 "-" "NewRelicPinger/1.0 (954132)"
54.251.34.67 - - [27/Jun/2016:13:41:01 -0300] "GET / HTTP/1.0" 200 11894 "-" "NewRelicPinger/1.0 (954132)"
54.248.250.232 - - [27/Jun/2016:13:41:20 -0300] "GET / HTTP/1.0" 200 11894 "-" "NewRelicPinger/1.0 (954132)"
50.112.95.211 - - [27/Jun/2016:13:42:03 -0300] "GET / HTTP/1.0" 200 11894 "-" "NewRelicPinger/1.0 (954132)"
54.247.188.179 - - [27/Jun/2016:13:43:04 -0300] "GET / HTTP/1.0" 200 11894 "-" "NewRelicPinger/1.0 (954132)"
184.73.237.85 - - [27/Jun/2016:13:43:19 -0300] "GET / HTTP/1.0" 200 11894 "-" "NewRelicPinger/1.0 (954132)"
54.251.34.67 - - [27/Jun/2016:13:43:31 -0300] "GET / HTTP/1.0" 200 11894 "-" "NewRelicPinger/1.0 (954132)"
54.248.250.232 - - [27/Jun/2016:13:43:50 -0300] "GET / HTTP/1.0" 200 11894 "-" "NewRelicPinger/1.0 (954132)"
177.38.200.177 - - [27/Jun/2016:13:44:04 -0300] "OPTIONS /search/cities?limit=5 HTTP/1.1" 204 0 "https://guardioesdasaude.org/" "Mozilla/5.0 (Macintosh; Intel Mac OS X 10_11_5) AppleWebKit/601.6.17 (KHTML, like Gecko) Version/9.1.1 Safari/601.6.17"
177.38.200.177 - - [27/Jun/2016:13:44:04 -0300] "GET /search/cities?limit=5 HTTP/1.1" 200 165 "https://guardioesdasaude.org/" "Mozilla/5.0 (Macintosh; Intel Mac OS X 10_11_5) AppleWebKit/601.6.17 (KHTML, like Gecko) Version/9.1.1 Safari/601.6.17"
50.112.95.211 - - [27/Jun/2016:13:44:33 -0300] "GET / HTTP/1.0" 200 11894 "-" "NewRelicPinger/1.0 (954132)"
177.38.200.177 - - [27/Jun/2016:13:45:07 -0300] "GET /search/cities?limit=5 HTTP/1.1" 200 165 "https://guardioesdasaude.org/" "Mozilla/5.0 (Macintosh; Intel Mac OS X 10_11_5) AppleWebKit/601.6.17 (KHTML, like Gecko) Version/9.1.1 Safari/601.6.17"
54.247.188.179 - - [27/Jun/2016:13:45:34 -0300] "GET / HTTP/1.0" 200 11894 "-" "NewRelicPinger/1.0 (954132)"
184.73.237.85 - - [27/Jun/2016:13:45:49 -0300] "GET / HTTP/1.0" 200 11894 "-" "NewRelicPinger/1.0 (954132)"
54.251.34.67 - - [27/Jun/2016:13:46:01 -0300] "GET / HTTP/1.0" 200 11894 "-" "NewRelicPinger/1.0 (954132)"
54.248.250.232 - - [27/Jun/2016:13:46:20 -0300] "GET / HTTP/1.0" 200 11894 "-" "NewRelicPinger/1.0 (954132)"
50.112.95.211 - - [27/Jun/2016:13:47:03 -0300] "GET / HTTP/1.0" 200 11894 "-" "NewRelicPinger/1.0 (954132)"
54.247.188.179 - - [27/Jun/2016:13:48:04 -0300] "GET / HTTP/1.0" 200 11894 "-" "NewRelicPinger/1.0 (954132)"
184.73.237.85 - - [27/Jun/2016:13:48:19 -0300] "GET / HTTP/1.0" 200 11894 "-" "NewRelicPinger/1.0 (954132)"
54.251.34.67 - - [27/Jun/2016:13:48:31 -0300] "GET / HTTP/1.0" 200 11894 "-" "NewRelicPinger/1.0 (954132)"
54.248.250.232 - - [27/Jun/2016:13:48:50 -0300] "GET / HTTP/1.0" 200 11894 "-" "NewRelicPinger/1.0 (954132)"
187.122.249.217 - - [27/Jun/2016:13:49:16 -0300] "OPTIONS /search/cities?limit=5 HTTP/1.1" 204 0 "-" "Mozilla/5.0 (Windows NT 10.0; WOW64; rv:47.0) Gecko/20100101 Firefox/47.0"
187.122.249.217 - - [27/Jun/2016:13:49:16 -0300] "GET /search/cities?limit=5 HTTP/1.1" 200 165 "https://guardioesdasaude.org/" "Mozilla/5.0 (Windows NT 10.0; WOW64; rv:47.0) Gecko/20100101 Firefox/47.0"
50.112.95.211 - - [27/Jun/2016:13:49:33 -0300] "GET / HTTP/1.0" 200 11894 "-" "NewRelicPinger/1.0 (954132)"
54.247.188.179 - - [27/Jun/2016:13:50:34 -0300] "GET / HTTP/1.0" 200 11894 "-" "NewRelicPinger/1.0 (954132)"
184.73.237.85 - - [27/Jun/2016:13:50:49 -0300] "GET / HTTP/1.0" 200 11894 "-" "NewRelicPinger/1.0 (954132)"
54.251.34.67 - - [27/Jun/2016:13:51:01 -0300] "GET / HTTP/1.0" 200 11894 "-" "NewRelicPinger/1.0 (954132)"
54.248.250.232 - - [27/Jun/2016:13:51:20 -0300] "GET / HTTP/1.0" 200 11894 "-" "NewRelicPinger/1.0 (954132)"
50.112.95.211 - - [27/Jun/2016:13:52:03 -0300] "GET / HTTP/1.0" 200 11894 "-" "NewRelicPinger/1.0 (954132)"
54.247.188.179 - - [27/Jun/2016:13:53:04 -0300] "GET / HTTP/1.0" 200 11894 "-" "NewRelicPinger/1.0 (954132)"
184.73.237.85 - - [27/Jun/2016:13:53:19 -0300] "GET / HTTP/1.0" 200 11894 "-" "NewRelicPinger/1.0 (954132)"
54.251.34.67 - - [27/Jun/2016:13:53:31 -0300] "GET / HTTP/1.0" 200 11894 "-" "NewRelicPinger/1.0 (954132)"
54.248.250.232 - - [27/Jun/2016:13:53:50 -0300] "GET / HTTP/1.0" 200 11894 "-" "NewRelicPinger/1.0 (954132)"
177.38.200.177 - - [27/Jun/2016:13:53:54 -0300] "OPTIONS /user/survey/summary HTTP/1.1" 204 0 "https://guardioesdasaude.org/health-daily" "Mozilla/5.0 (Macintosh; Intel Mac OS X 10_11_5) AppleWebKit/601.6.17 (KHTML, like Gecko) Version/9.1.1 Safari/601.6.17"
177.38.200.177 - - [27/Jun/2016:13:53:55 -0300] "GET /user/survey/summary HTTP/1.1" 200 71 "https://guardioesdasaude.org/health-daily" "Mozilla/5.0 (Macintosh; Intel Mac OS X 10_11_5) AppleWebKit/601.6.17 (KHTML, like Gecko) Version/9.1.1 Safari/601.6.17"
177.38.200.177 - - [27/Jun/2016:13:53:55 -0300] "GET /search/cities?limit=5 HTTP/1.1" 200 165 "https://guardioesdasaude.org/health-daily" "Mozilla/5.0 (Macintosh; Intel Mac OS X 10_11_5) AppleWebKit/601.6.17 (KHTML, like Gecko) Version/9.1.1 Safari/601.6.17"
177.38.200.177 - - [27/Jun/2016:13:53:55 -0300] "OPTIONS /user/calendar/month?month=6&year=2016 HTTP/1.1" 204 0 "https://guardioesdasaude.org/health-daily" "Mozilla/5.0 (Macintosh; Intel Mac OS X 10_11_5) AppleWebKit/601.6.17 (KHTML, like Gecko) Version/9.1.1 Safari/601.6.17"
177.38.200.177 - - [27/Jun/2016:13:53:55 -0300] "OPTIONS /user/calendar/year?year=2016 HTTP/1.1" 204 0 "https://guardioesdasaude.org/health-daily" "Mozilla/5.0 (Macintosh; Intel Mac OS X 10_11_5) AppleWebKit/601.6.17 (KHTML, like Gecko) Version/9.1.1 Safari/601.6.17"
177.38.200.177 - - [27/Jun/2016:13:53:55 -0300] "OPTIONS /user/chart/month?month=6&year=2016 HTTP/1.1" 204 0 "https://guardioesdasaude.org/health-daily" "Mozilla/5.0 (Macintosh; Intel Mac OS X 10_11_5) AppleWebKit/601.6.17 (KHTML, like Gecko) Version/9.1.1 Safari/601.6.17"
177.38.200.177 - - [27/Jun/2016:13:53:55 -0300] "GET /user/calendar/month?month=6&year=2016 HTTP/1.1" 200 133 "https://guardioesdasaude.org/health-daily" "Mozilla/5.0 (Macintosh; Intel Mac OS X 10_11_5) AppleWebKit/601.6.17 (KHTML, like Gecko) Version/9.1.1 Safari/601.6.17"
177.38.200.177 - - [27/Jun/2016:13:53:55 -0300] "GET /user/calendar/year?year=2016 HTTP/1.1" 200 142 "https://guardioesdasaude.org/health-daily" "Mozilla/5.0 (Macintosh; Intel Mac OS X 10_11_5) AppleWebKit/601.6.17 (KHTML, like Gecko) Version/9.1.1 Safari/601.6.17"
177.38.200.177 - - [27/Jun/2016:13:53:55 -0300] "GET /user/chart/month?month=6&year=2016 HTTP/1.1" 200 117 "https://guardioesdasaude.org/health-daily" "Mozilla/5.0 (Macintosh; Intel Mac OS X 10_11_5) AppleWebKit/601.6.17 (KHTML, like Gecko) Version/9.1.1 Safari/601.6.17"
50.112.95.211 - - [27/Jun/2016:13:54:33 -0300] "GET / HTTP/1.0" 200 11894 "-" "NewRelicPinger/1.0 (954132)"
187.122.249.217 - - [27/Jun/2016:13:54:41 -0300] "GET /search/cities?limit=5 HTTP/1.1" 200 165 "https://guardioesdasaude.org/" "Mozilla/5.0 (Windows NT 10.0; WOW64; rv:47.0) Gecko/20100101 Firefox/47.0"
54.247.188.179 - - [27/Jun/2016:13:55:34 -0300] "GET / HTTP/1.0" 200 11894 "-" "NewRelicPinger/1.0 (954132)"
184.73.237.85 - - [27/Jun/2016:13:55:49 -0300] "GET / HTTP/1.0" 200 11894 "-" "NewRelicPinger/1.0 (954132)"
54.251.34.67 - - [27/Jun/2016:13:56:01 -0300] "GET / HTTP/1.0" 200 11894 "-" "NewRelicPinger/1.0 (954132)"
177.38.200.177 - - [27/Jun/2016:13:56:03 -0300] "GET /search/cities?limit=5 HTTP/1.1" 200 165 "https://guardioesdasaude.org/dashboard" "Mozilla/5.0 (Macintosh; Intel Mac OS X 10.11; rv:49.0) Gecko/20100101 Firefox/49.0"
177.38.200.177 - - [27/Jun/2016:13:56:03 -0300] "GET /search/cities?limit=5 HTTP/1.1" 200 165 "https://guardioesdasaude.org/dashboard" "Mozilla/5.0 (Macintosh; Intel Mac OS X 10.11; rv:49.0) Gecko/20100101 Firefox/49.0"
177.38.200.177 - - [27/Jun/2016:13:56:03 -0300] "OPTIONS /charts/home HTTP/1.1" 204 0 "-" "Mozilla/5.0 (Macintosh; Intel Mac OS X 10.11; rv:49.0) Gecko/20100101 Firefox/49.0"
177.38.200.177 - - [27/Jun/2016:13:56:03 -0300] "GET /search/cities?limit=5 HTTP/1.1" 200 165 "https://guardioesdasaude.org/dashboard" "Mozilla/5.0 (Macintosh; Intel Mac OS X 10.11; rv:49.0) Gecko/20100101 Firefox/49.0"
177.38.200.177 - - [27/Jun/2016:13:56:03 -0300] "GET /charts/home HTTP/1.1" 200 2854 "https://guardioesdasaude.org/dashboard" "Mozilla/5.0 (Macintosh; Intel Mac OS X 10.11; rv:49.0) Gecko/20100101 Firefox/49.0"
54.248.250.232 - - [27/Jun/2016:13:56:20 -0300] "GET / HTTP/1.0" 200 11894 "-" "NewRelicPinger/1.0 (954132)"
50.112.95.211 - - [27/Jun/2016:13:57:04 -0300] "GET / HTTP/1.0" 200 11894 "-" "NewRelicPinger/1.0 (954132)"
177.38.200.177 - - [27/Jun/2016:13:57:06 -0300] "GET /charts/home HTTP/1.1" 304 0 "https://guardioesdasaude.org/dashboard" "Mozilla/5.0 (Macintosh; Intel Mac OS X 10.11; rv:49.0) Gecko/20100101 Firefox/49.0"
177.38.200.177 - - [27/Jun/2016:13:57:07 -0300] "GET /search/cities?limit=5 HTTP/1.1" 200 165 "https://guardioesdasaude.org/dashboard" "Mozilla/5.0 (Macintosh; Intel Mac OS X 10.11; rv:49.0) Gecko/20100101 Firefox/49.0"
177.38.200.177 - - [27/Jun/2016:13:57:07 -0300] "GET /search/cities?limit=5 HTTP/1.1" 200 165 "https://guardioesdasaude.org/dashboard" "Mozilla/5.0 (Macintosh; Intel Mac OS X 10.11; rv:49.0) Gecko/20100101 Firefox/49.0"
177.38.200.177 - - [27/Jun/2016:13:57:07 -0300] "GET /search/cities?limit=5 HTTP/1.1" 200 165 "https://guardioesdasaude.org/dashboard" "Mozilla/5.0 (Macintosh; Intel Mac OS X 10.11; rv:49.0) Gecko/20100101 Firefox/49.0"
177.38.200.177 - - [27/Jun/2016:13:57:12 -0300] "OPTIONS /charts/home HTTP/1.1" 204 0 "https://guardioesdasaude.org/dashboard" "Mozilla/5.0 (Macintosh; Intel Mac OS X 10_10_3) AppleWebKit/537.36 (KHTML, like Gecko) Chrome/51.0.2704.103 Safari/537.36"
177.38.200.177 - - [27/Jun/2016:13:57:12 -0300] "OPTIONS /search/cities?limit=5 HTTP/1.1" 204 0 "https://guardioesdasaude.org/dashboard" "Mozilla/5.0 (Macintosh; Intel Mac OS X 10_10_3) AppleWebKit/537.36 (KHTML, like Gecko) Chrome/51.0.2704.103 Safari/537.36"
177.38.200.177 - - [27/Jun/2016:13:57:12 -0300] "OPTIONS /search/cities?limit=5 HTTP/1.1" 204 0 "https://guardioesdasaude.org/dashboard" "Mozilla/5.0 (Macintosh; Intel Mac OS X 10_10_3) AppleWebKit/537.36 (KHTML, like Gecko) Chrome/51.0.2704.103 Safari/537.36"
177.38.200.177 - - [27/Jun/2016:13:57:12 -0300] "OPTIONS /search/cities?limit=5 HTTP/1.1" 204 0 "https://guardioesdasaude.org/dashboard" "Mozilla/5.0 (Macintosh; Intel Mac OS X 10_10_3) AppleWebKit/537.36 (KHTML, like Gecko) Chrome/51.0.2704.103 Safari/537.36"
177.38.200.177 - - [27/Jun/2016:13:57:12 -0300] "GET /search/cities?limit=5 HTTP/1.1" 200 165 "https://guardioesdasaude.org/dashboard" "Mozilla/5.0 (Macintosh; Intel Mac OS X 10_10_3) AppleWebKit/537.36 (KHTML, like Gecko) Chrome/51.0.2704.103 Safari/537.36"
177.38.200.177 - - [27/Jun/2016:13:57:12 -0300] "GET /charts/home HTTP/1.1" 200 2854 "https://guardioesdasaude.org/dashboard" "Mozilla/5.0 (Macintosh; Intel Mac OS X 10_10_3) AppleWebKit/537.36 (KHTML, like Gecko) Chrome/51.0.2704.103 Safari/537.36"
177.38.200.177 - - [27/Jun/2016:13:57:12 -0300] "GET /search/cities?limit=5 HTTP/1.1" 200 165 "https://guardioesdasaude.org/dashboard" "Mozilla/5.0 (Macintosh; Intel Mac OS X 10_10_3) AppleWebKit/537.36 (KHTML, like Gecko) Chrome/51.0.2704.103 Safari/537.36"
177.38.200.177 - - [27/Jun/2016:13:57:12 -0300] "GET /search/cities?limit=5 HTTP/1.1" 200 165 "https://guardioesdasaude.org/dashboard" "Mozilla/5.0 (Macintosh; Intel Mac OS X 10_10_3) AppleWebKit/537.36 (KHTML, like Gecko) Chrome/51.0.2704.103 Safari/537.36"
177.38.200.177 - - [27/Jun/2016:13:57:16 -0300] "GET /search/cities?limit=5 HTTP/1.1" 200 165 "https://guardioesdasaude.org/dashboard/map" "Mozilla/5.0 (Macintosh; Intel Mac OS X 10.11; rv:49.0) Gecko/20100101 Firefox/49.0"
177.38.200.177 - - [27/Jun/2016:13:57:16 -0300] "GET /search/cities?limit=5 HTTP/1.1" 200 165 "https://guardioesdasaude.org/dashboard/map" "Mozilla/5.0 (Macintosh; Intel Mac OS X 10.11; rv:49.0) Gecko/20100101 Firefox/49.0"
177.38.200.177 - - [27/Jun/2016:13:57:17 -0300] "GET /search/cities?limit=5 HTTP/1.1" 200 165 "https://guardioesdasaude.org/dashboard/map" "Mozilla/5.0 (Macintosh; Intel Mac OS X 10.11; rv:49.0) Gecko/20100101 Firefox/49.0"
177.38.200.177 - - [27/Jun/2016:13:57:18 -0300] "OPTIONS /charts/summary?lat=-8.5853481&lon=-35.3871125&min=2016-6-01&max=2016-6-30 HTTP/1.1" 204 0 "-" "Mozilla/5.0 (Macintosh; Intel Mac OS X 10.11; rv:49.0) Gecko/20100101 Firefox/49.0"
177.38.200.177 - - [27/Jun/2016:13:57:18 -0300] "OPTIONS /charts/pins?lat=-8.5853481&lon=-35.3871125&min=2016-6-01&max=2016-6-30 HTTP/1.1" 204 0 "-" "Mozilla/5.0 (Macintosh; Intel Mac OS X 10.11; rv:49.0) Gecko/20100101 Firefox/49.0"
177.38.200.177 - - [27/Jun/2016:13:57:18 -0300] "GET /charts/pins?lat=-8.5853481&lon=-35.3871125&min=2016-6-01&max=2016-6-30 HTTP/1.1" 200 271 "https://guardioesdasaude.org/dashboard/map" "Mozilla/5.0 (Macintosh; Intel Mac OS X 10.11; rv:49.0) Gecko/20100101 Firefox/49.0"
177.38.200.177 - - [27/Jun/2016:13:57:18 -0300] "GET /charts/summary?lat=-8.5853481&lon=-35.3871125&min=2016-6-01&max=2016-6-30 HTTP/1.1" 200 226 "https://guardioesdasaude.org/dashboard/map" "Mozilla/5.0 (Macintosh; Intel Mac OS X 10.11; rv:49.0) Gecko/20100101 Firefox/49.0"
54.247.188.179 - - [27/Jun/2016:13:58:04 -0300] "GET / HTTP/1.0" 200 11894 "-" "NewRelicPinger/1.0 (954132)"
184.73.237.85 - - [27/Jun/2016:13:58:19 -0300] "GET / HTTP/1.0" 200 11894 "-" "NewRelicPinger/1.0 (954132)"
54.251.34.67 - - [27/Jun/2016:13:58:31 -0300] "GET / HTTP/1.0" 200 11894 "-" "NewRelicPinger/1.0 (954132)"
177.38.200.177 - - [27/Jun/2016:13:58:39 -0300] "OPTIONS /charts/home HTTP/1.1" 204 0 "https://guardioesdasaude.org/dashboard" "Mozilla/5.0 (Macintosh; Intel Mac OS X 10_10_3) AppleWebKit/537.36 (KHTML, like Gecko) Chrome/51.0.2704.103 Safari/537.36"
177.38.200.177 - - [27/Jun/2016:13:58:39 -0300] "OPTIONS /search/cities?limit=5 HTTP/1.1" 204 0 "https://guardioesdasaude.org/dashboard" "Mozilla/5.0 (Macintosh; Intel Mac OS X 10_10_3) AppleWebKit/537.36 (KHTML, like Gecko) Chrome/51.0.2704.103 Safari/537.36"
177.38.200.177 - - [27/Jun/2016:13:58:39 -0300] "OPTIONS /search/cities?limit=5 HTTP/1.1" 204 0 "https://guardioesdasaude.org/dashboard" "Mozilla/5.0 (Macintosh; Intel Mac OS X 10_10_3) AppleWebKit/537.36 (KHTML, like Gecko) Chrome/51.0.2704.103 Safari/537.36"
177.38.200.177 - - [27/Jun/2016:13:58:39 -0300] "OPTIONS /search/cities?limit=5 HTTP/1.1" 204 0 "https://guardioesdasaude.org/dashboard" "Mozilla/5.0 (Macintosh; Intel Mac OS X 10_10_3) AppleWebKit/537.36 (KHTML, like Gecko) Chrome/51.0.2704.103 Safari/537.36"
177.38.200.177 - - [27/Jun/2016:13:58:39 -0300] "GET /search/cities?limit=5 HTTP/1.1" 200 165 "https://guardioesdasaude.org/dashboard" "Mozilla/5.0 (Macintosh; Intel Mac OS X 10_10_3) AppleWebKit/537.36 (KHTML, like Gecko) Chrome/51.0.2704.103 Safari/537.36"
177.38.200.177 - - [27/Jun/2016:13:58:39 -0300] "GET /charts/home HTTP/1.1" 304 0 "https://guardioesdasaude.org/dashboard" "Mozilla/5.0 (Macintosh; Intel Mac OS X 10_10_3) AppleWebKit/537.36 (KHTML, like Gecko) Chrome/51.0.2704.103 Safari/537.36"
177.38.200.177 - - [27/Jun/2016:13:58:39 -0300] "GET /search/cities?limit=5 HTTP/1.1" 200 165 "https://guardioesdasaude.org/dashboard" "Mozilla/5.0 (Macintosh; Intel Mac OS X 10_10_3) AppleWebKit/537.36 (KHTML, like Gecko) Chrome/51.0.2704.103 Safari/537.36"
177.38.200.177 - - [27/Jun/2016:13:58:40 -0300] "GET /search/cities?limit=5 HTTP/1.1" 200 165 "https://guardioesdasaude.org/dashboard" "Mozilla/5.0 (Macintosh; Intel Mac OS X 10_10_3) AppleWebKit/537.36 (KHTML, like Gecko) Chrome/51.0.2704.103 Safari/537.36"
54.248.250.232 - - [27/Jun/2016:13:58:50 -0300] "GET / HTTP/1.0" 200 11894 "-" "NewRelicPinger/1.0 (954132)"
50.112.95.211 - - [27/Jun/2016:13:59:34 -0300] "GET / HTTP/1.0" 200 11894 "-" "NewRelicPinger/1.0 (954132)"
54.247.188.179 - - [27/Jun/2016:14:00:34 -0300] "GET / HTTP/1.0" 200 11894 "-" "NewRelicPinger/1.0 (954132)"
184.73.237.85 - - [27/Jun/2016:14:00:49 -0300] "GET / HTTP/1.0" 200 11894 "-" "NewRelicPinger/1.0 (954132)"
54.251.34.67 - - [27/Jun/2016:14:01:01 -0300] "GET / HTTP/1.0" 200 11894 "-" "NewRelicPinger/1.0 (954132)"
54.248.250.232 - - [27/Jun/2016:14:01:21 -0300] "GET / HTTP/1.0" 200 11894 "-" "NewRelicPinger/1.0 (954132)"
50.112.95.211 - - [27/Jun/2016:14:02:04 -0300] "GET / HTTP/1.0" 200 11894 "-" "NewRelicPinger/1.0 (954132)"
54.247.188.179 - - [27/Jun/2016:14:03:04 -0300] "GET / HTTP/1.0" 200 11894 "-" "NewRelicPinger/1.0 (954132)"
184.73.237.85 - - [27/Jun/2016:14:03:19 -0300] "GET / HTTP/1.0" 200 11894 "-" "NewRelicPinger/1.0 (954132)"
54.251.34.67 - - [27/Jun/2016:14:03:31 -0300] "GET / HTTP/1.0" 200 11894 "-" "NewRelicPinger/1.0 (954132)"
54.248.250.232 - - [27/Jun/2016:14:03:50 -0300] "GET / HTTP/1.0" 200 11894 "-" "NewRelicPinger/1.0 (954132)"
50.112.95.211 - - [27/Jun/2016:14:04:34 -0300] "GET / HTTP/1.0" 200 11894 "-" "NewRelicPinger/1.0 (954132)"
54.247.188.179 - - [27/Jun/2016:14:05:34 -0300] "GET / HTTP/1.0" 200 11894 "-" "NewRelicPinger/1.0 (954132)"
184.73.237.85 - - [27/Jun/2016:14:05:50 -0300] "GET / HTTP/1.0" 200 11894 "-" "NewRelicPinger/1.0 (954132)"
54.251.34.67 - - [27/Jun/2016:14:06:01 -0300] "GET / HTTP/1.0" 200 11894 "-" "NewRelicPinger/1.0 (954132)"
177.38.200.177 - - [27/Jun/2016:14:06:25 -0300] "GET /user/household/574362a40f40feac12d4d4b1 HTTP/1.1" 200 2962 "-" "Dalvik/2.1.0 (Linux; U; Android 6.0; XT1069 Build/MPB24.65-34)"
54.248.250.232 - - [27/Jun/2016:14:06:32 -0300] "GET / HTTP/1.0" 200 11894 "-" "NewRelicPinger/1.0 (954132)"
177.38.200.177 - - [27/Jun/2016:14:06:54 -0300] "OPTIONS /search/cities?limit=5 HTTP/1.1" 204 0 "https://guardioesdasaude.org/" "Mozilla/5.0 (Macintosh; Intel Mac OS X 10_11_5) AppleWebKit/601.6.17 (KHTML, like Gecko) Version/9.1.1 Safari/601.6.17"
177.38.200.177 - - [27/Jun/2016:14:06:54 -0300] "GET /search/cities?limit=5 HTTP/1.1" 200 165 "https://guardioesdasaude.org/" "Mozilla/5.0 (Macintosh; Intel Mac OS X 10_11_5) AppleWebKit/601.6.17 (KHTML, like Gecko) Version/9.1.1 Safari/601.6.17"
50.112.95.211 - - [27/Jun/2016:14:07:04 -0300] "GET / HTTP/1.0" 200 11894 "-" "NewRelicPinger/1.0 (954132)"
177.38.200.177 - - [27/Jun/2016:14:08:03 -0300] "OPTIONS /user/login HTTP/1.1" 204 0 "https://guardioesdasaude.org/login/email" "Mozilla/5.0 (Macintosh; Intel Mac OS X 10_11_5) AppleWebKit/601.6.17 (KHTML, like Gecko) Version/9.1.1 Safari/601.6.17"
177.38.200.177 - - [27/Jun/2016:14:08:03 -0300] "POST /user/login HTTP/1.1" 200 77 "https://guardioesdasaude.org/login/email" "Mozilla/5.0 (Macintosh; Intel Mac OS X 10_11_5) AppleWebKit/601.6.17 (KHTML, like Gecko) Version/9.1.1 Safari/601.6.17"
54.247.188.179 - - [27/Jun/2016:14:08:04 -0300] "GET / HTTP/1.0" 200 11894 "-" "NewRelicPinger/1.0 (954132)"
184.73.237.85 - - [27/Jun/2016:14:08:19 -0300] "GET / HTTP/1.0" 200 11894 "-" "NewRelicPinger/1.0 (954132)"
54.251.34.67 - - [27/Jun/2016:14:08:31 -0300] "GET / HTTP/1.0" 200 11894 "-" "NewRelicPinger/1.0 (954132)"
177.38.200.177 - - [27/Jun/2016:14:08:35 -0300] "GET /user/lookup/ HTTP/1.1" 200 784 "-" "Guardioes da Saude/2.0 (iPhone; iOS 9.3.2; Scale/2.00)"
177.38.200.177 - - [27/Jun/2016:14:08:36 -0300] "GET /user/calendar/day?&day=27&month=6&year=2016 HTTP/1.1" 200 58 "-" "Guardioes da Saude/2.0 (iPhone; iOS 9.3.2; Scale/2.00)"
54.248.250.232 - - [27/Jun/2016:14:09:02 -0300] "GET / HTTP/1.0" 200 11894 "-" "NewRelicPinger/1.0 (954132)"
177.38.200.177 - - [27/Jun/2016:14:09:05 -0300] "POST /user/login HTTP/1.1" 200 1090 "-" "Dalvik/2.1.0 (Linux; U; Android 6.0.1; SM-G920I Build/MMB29K)"
177.38.200.177 - - [27/Jun/2016:14:09:10 -0300] "GET /user/household/56d87b894087341e0d9e8eca HTTP/1.1" 200 56 "-" "Dalvik/2.1.0 (Linux; U; Android 6.0.1; SM-G920I Build/MMB29K)"
177.38.200.177 - - [27/Jun/2016:14:09:10 -0300] "GET /user/calendar/month?&month=6&year=2016 HTTP/1.1" 200 58 "-" "Dalvik/2.1.0 (Linux; U; Android 6.0.1; SM-G920I Build/MMB29K)"
177.38.200.177 - - [27/Jun/2016:14:09:11 -0300] "GET /user/survey/summary HTTP/1.1" 200 68 "-" "Dalvik/2.1.0 (Linux; U; Android 6.0.1; SM-G920I Build/MMB29K)"
177.38.200.177 - - [27/Jun/2016:14:09:11 -0300] "GET /user/calendar/year?year=2016 HTTP/1.1" 200 109 "-" "Dalvik/2.1.0 (Linux; U; Android 6.0.1; SM-G920I Build/MMB29K)"
187.122.249.217 - - [27/Jun/2016:14:09:30 -0300] "OPTIONS /user/get?fb=1226711687356998 HTTP/1.1" 204 0 "-" "Mozilla/5.0 (Windows NT 10.0; WOW64; rv:47.0) Gecko/20100101 Firefox/47.0"
187.122.249.217 - - [27/Jun/2016:14:09:30 -0300] "GET /user/get?fb=1226711687356998 HTTP/1.1" 200 1468 "https://guardioesdasaude.org/login" "Mozilla/5.0 (Windows NT 10.0; WOW64; rv:47.0) Gecko/20100101 Firefox/47.0"
187.122.249.217 - - [27/Jun/2016:14:09:30 -0300] "OPTIONS /user/login HTTP/1.1" 204 0 "-" "Mozilla/5.0 (Windows NT 10.0; WOW64; rv:47.0) Gecko/20100101 Firefox/47.0"
187.122.249.217 - - [27/Jun/2016:14:09:30 -0300] "POST /user/login HTTP/1.1" 200 1496 "https://guardioesdasaude.org/login" "Mozilla/5.0 (Windows NT 10.0; WOW64; rv:47.0) Gecko/20100101 Firefox/47.0"
187.122.249.217 - - [27/Jun/2016:14:09:31 -0300] "GET /search/cities?limit=5 HTTP/1.1" 200 165 "https://guardioesdasaude.org/health-daily" "Mozilla/5.0 (Windows NT 10.0; WOW64; rv:47.0) Gecko/20100101 Firefox/47.0"
187.122.249.217 - - [27/Jun/2016:14:09:31 -0300] "GET /search/cities?limit=5 HTTP/1.1" 200 165 "https://guardioesdasaude.org/health-daily" "Mozilla/5.0 (Windows NT 10.0; WOW64; rv:47.0) Gecko/20100101 Firefox/47.0"
187.122.249.217 - - [27/Jun/2016:14:09:31 -0300] "GET /search/cities?limit=5 HTTP/1.1" 200 165 "https://guardioesdasaude.org/health-daily" "Mozilla/5.0 (Windows NT 10.0; WOW64; rv:47.0) Gecko/20100101 Firefox/47.0"
187.122.249.217 - - [27/Jun/2016:14:09:32 -0300] "OPTIONS /user/survey/summary HTTP/1.1" 204 0 "-" "Mozilla/5.0 (Windows NT 10.0; WOW64; rv:47.0) Gecko/20100101 Firefox/47.0"
187.122.249.217 - - [27/Jun/2016:14:09:32 -0300] "OPTIONS /user/calendar/year?year=2016 HTTP/1.1" 204 0 "-" "Mozilla/5.0 (Windows NT 10.0; WOW64; rv:47.0) Gecko/20100101 Firefox/47.0"
187.122.249.217 - - [27/Jun/2016:14:09:32 -0300] "OPTIONS /user/calendar/month?month=6&year=2016 HTTP/1.1" 204 0 "-" "Mozilla/5.0 (Windows NT 10.0; WOW64; rv:47.0) Gecko/20100101 Firefox/47.0"
187.122.249.217 - - [27/Jun/2016:14:09:32 -0300] "GET /user/survey/summary HTTP/1.1" 200 69 "https://guardioesdasaude.org/health-daily" "Mozilla/5.0 (Windows NT 10.0; WOW64; rv:47.0) Gecko/20100101 Firefox/47.0"
187.122.249.217 - - [27/Jun/2016:14:09:32 -0300] "GET /user/calendar/year?year=2016 HTTP/1.1" 200 109 "https://guardioesdasaude.org/health-daily" "Mozilla/5.0 (Windows NT 10.0; WOW64; rv:47.0) Gecko/20100101 Firefox/47.0"
187.122.249.217 - - [27/Jun/2016:14:09:32 -0300] "GET /user/calendar/month?month=6&year=2016 HTTP/1.1" 200 126 "https://guardioesdasaude.org/health-daily" "Mozilla/5.0 (Windows NT 10.0; WOW64; rv:47.0) Gecko/20100101 Firefox/47.0"
187.122.249.217 - - [27/Jun/2016:14:09:32 -0300] "OPTIONS /user/chart/month?month=6&year=2016 HTTP/1.1" 204 0 "-" "Mozilla/5.0 (Windows NT 10.0; WOW64; rv:47.0) Gecko/20100101 Firefox/47.0"
187.122.249.217 - - [27/Jun/2016:14:09:32 -0300] "GET /user/calendar/month?month=6&year=2016 HTTP/1.1" 200 126 "https://guardioesdasaude.org/health-daily" "Mozilla/5.0 (Windows NT 10.0; WOW64; rv:47.0) Gecko/20100101 Firefox/47.0"
187.122.249.217 - - [27/Jun/2016:14:09:32 -0300] "GET /user/chart/month?month=6&year=2016 HTTP/1.1" 200 112 "https://guardioesdasaude.org/health-daily" "Mozilla/5.0 (Windows NT 10.0; WOW64; rv:47.0) Gecko/20100101 Firefox/47.0"
50.112.95.211 - - [27/Jun/2016:14:09:34 -0300] "GET / HTTP/1.0" 200 11894 "-" "NewRelicPinger/1.0 (954132)"
177.38.200.177 - - [27/Jun/2016:14:10:32 -0300] "POST /user/login HTTP/1.1" 200 1098 "-" "Dalvik/2.1.0 (Linux; U; Android 6.0.1; SM-G920I Build/MMB29K)"
54.247.188.179 - - [27/Jun/2016:14:10:34 -0300] "GET / HTTP/1.0" 200 11894 "-" "NewRelicPinger/1.0 (954132)"
177.38.200.177 - - [27/Jun/2016:14:10:37 -0300] "GET /surveys/l?lon=-34.8908652&lat=-8.0811604 HTTP/1.1" 200 344 "-" "Dalvik/2.1.0 (Linux; U; Android 6.0.1; SM-G920I Build/MMB29K)"
177.38.200.177 - - [27/Jun/2016:14:10:38 -0300] "GET /surveys/summary/?lon=-34.8908652&lat=-8.0811604 HTTP/1.1" 200 220 "-" "Dalvik/2.1.0 (Linux; U; Android 6.0.1; SM-G920I Build/MMB29K)"
184.73.237.85 - - [27/Jun/2016:14:10:49 -0300] "GET / HTTP/1.0" 200 11894 "-" "NewRelicPinger/1.0 (954132)"
177.38.200.177 - - [27/Jun/2016:14:10:59 -0300] "GET /user/household/56d87b894087341e0d9e8eca HTTP/1.1" 200 56 "-" "Dalvik/2.1.0 (Linux; U; Android 6.0.1; SM-G920I Build/MMB29K)"
54.251.34.67 - - [27/Jun/2016:14:11:01 -0300] "GET / HTTP/1.0" 200 11894 "-" "NewRelicPinger/1.0 (954132)"
177.38.200.177 - - [27/Jun/2016:14:11:07 -0300] "GET /symptoms HTTP/1.1" 200 706 "-" "Dalvik/2.1.0 (Linux; U; Android 6.0.1; SM-G920I Build/MMB29K)"
177.38.200.177 - - [27/Jun/2016:14:11:28 -0300] "POST /survey/create HTTP/1.1" 200 617 "-" "Dalvik/2.1.0 (Linux; U; Android 6.0.1; SM-G920I Build/MMB29K)"
54.248.250.232 - - [27/Jun/2016:14:11:32 -0300] "GET / HTTP/1.0" 200 11894 "-" "NewRelicPinger/1.0 (954132)"
177.38.200.177 - - [27/Jun/2016:14:11:46 -0300] "POST /survey/create HTTP/1.1" 200 618 "-" "Dalvik/2.1.0 (Linux; U; Android 6.0.1; SM-G920I Build/MMB29K)"
177.38.200.177 - - [27/Jun/2016:14:11:51 -0300] "GET /news/get HTTP/1.1" 200 3859 "-" "Dalvik/2.1.0 (Linux; U; Android 6.0.1; SM-G920I Build/MMB29K)"
50.112.95.211 - - [27/Jun/2016:14:12:11 -0300] "GET / HTTP/1.0" 200 11894 "-" "NewRelicPinger/1.0 (954132)"
177.38.200.177 - - [27/Jun/2016:14:13:02 -0300] "GET /charts/home HTTP/1.1" 200 2852 "https://guardioesdasaude.org/dashboard" "Mozilla/5.0 (Macintosh; Intel Mac OS X 10.11; rv:49.0) Gecko/20100101 Firefox/49.0"
177.38.200.177 - - [27/Jun/2016:14:13:02 -0300] "GET /search/cities?limit=5 HTTP/1.1" 200 165 "https://guardioesdasaude.org/dashboard" "Mozilla/5.0 (Macintosh; Intel Mac OS X 10.11; rv:49.0) Gecko/20100101 Firefox/49.0"
177.38.200.177 - - [27/Jun/2016:14:13:02 -0300] "GET /search/cities?limit=5 HTTP/1.1" 200 165 "https://guardioesdasaude.org/dashboard" "Mozilla/5.0 (Macintosh; Intel Mac OS X 10.11; rv:49.0) Gecko/20100101 Firefox/49.0"
177.38.200.177 - - [27/Jun/2016:14:13:02 -0300] "GET /search/cities?limit=5 HTTP/1.1" 200 165 "https://guardioesdasaude.org/dashboard" "Mozilla/5.0 (Macintosh; Intel Mac OS X 10.11; rv:49.0) Gecko/20100101 Firefox/49.0"
54.247.188.179 - - [27/Jun/2016:14:13:04 -0300] "GET / HTTP/1.0" 200 11894 "-" "NewRelicPinger/1.0 (954132)"
177.38.200.177 - - [27/Jun/2016:14:13:11 -0300] "GET /charts/home HTTP/1.1" 304 0 "https://guardioesdasaude.org/dashboard" "Mozilla/5.0 (Macintosh; Intel Mac OS X 10.11; rv:49.0) Gecko/20100101 Firefox/49.0"
177.38.200.177 - - [27/Jun/2016:14:13:11 -0300] "GET /search/cities?limit=5 HTTP/1.1" 200 165 "https://guardioesdasaude.org/dashboard" "Mozilla/5.0 (Macintosh; Intel Mac OS X 10.11; rv:49.0) Gecko/20100101 Firefox/49.0"
177.38.200.177 - - [27/Jun/2016:14:13:12 -0300] "GET /search/cities?limit=5 HTTP/1.1" 200 165 "https://guardioesdasaude.org/dashboard" "Mozilla/5.0 (Macintosh; Intel Mac OS X 10.11; rv:49.0) Gecko/20100101 Firefox/49.0"
177.38.200.177 - - [27/Jun/2016:14:13:12 -0300] "GET /search/cities?limit=5 HTTP/1.1" 200 165 "https://guardioesdasaude.org/dashboard" "Mozilla/5.0 (Macintosh; Intel Mac OS X 10.11; rv:49.0) Gecko/20100101 Firefox/49.0"
177.38.200.177 - - [27/Jun/2016:14:13:23 -0300] "GET /charts/home HTTP/1.1" 304 0 "https://guardioesdasaude.org/dashboard?v=23" "Mozilla/5.0 (Macintosh; Intel Mac OS X 10.11; rv:49.0) Gecko/20100101 Firefox/49.0"
177.38.200.177 - - [27/Jun/2016:14:13:23 -0300] "GET /search/cities?limit=5 HTTP/1.1" 200 165 "https://guardioesdasaude.org/dashboard?v=23" "Mozilla/5.0 (Macintosh; Intel Mac OS X 10.11; rv:49.0) Gecko/20100101 Firefox/49.0"
177.38.200.177 - - [27/Jun/2016:14:13:23 -0300] "GET /search/cities?limit=5 HTTP/1.1" 200 165 "https://guardioesdasaude.org/dashboard?v=23" "Mozilla/5.0 (Macintosh; Intel Mac OS X 10.11; rv:49.0) Gecko/20100101 Firefox/49.0"
177.38.200.177 - - [27/Jun/2016:14:13:23 -0300] "GET /search/cities?limit=5 HTTP/1.1" 200 165 "https://guardioesdasaude.org/dashboard?v=23" "Mozilla/5.0 (Macintosh; Intel Mac OS X 10.11; rv:49.0) Gecko/20100101 Firefox/49.0"
184.73.237.85 - - [27/Jun/2016:14:13:23 -0300] "GET / HTTP/1.0" 200 11894 "-" "NewRelicPinger/1.0 (954132)"
54.251.34.67 - - [27/Jun/2016:14:13:31 -0300] "GET / HTTP/1.0" 200 11894 "-" "NewRelicPinger/1.0 (954132)"
54.248.250.232 - - [27/Jun/2016:14:14:02 -0300] "GET / HTTP/1.0" 200 11894 "-" "NewRelicPinger/1.0 (954132)"
177.38.200.177 - - [27/Jun/2016:14:14:12 -0300] "POST /survey/create HTTP/1.1" 200 549 "-" "Guardioes da Saude/2.0 (iPhone; iOS 9.3.2; Scale/2.00)"
177.38.200.177 - - [27/Jun/2016:14:14:13 -0300] "GET /user/calendar/day?&day=27&month=6&year=2016 HTTP/1.1" 200 115 "-" "Guardioes da Saude/2.0 (iPhone; iOS 9.3.2; Scale/2.00)"
177.38.200.177 - - [27/Jun/2016:14:14:36 -0300] "GET /user/lookup/ HTTP/1.1" 200 985 "-" "Guardioes da Saude/2.0 (iPhone; iOS 9.3.2; Scale/2.00)"
177.38.200.177 - - [27/Jun/2016:14:14:36 -0300] "GET /user/calendar/day?&day=27&month=6&year=2016 HTTP/1.1" 200 115 "-" "Guardioes da Saude/2.0 (iPhone; iOS 9.3.2; Scale/2.00)"
177.38.200.177 - - [27/Jun/2016:14:14:39 -0300] "GET /user/household/577132cd15c778892189d769 HTTP/1.1" 200 56 "-" "Guardioes da Saude/2.0 (iPhone; iOS 9.3.2; Scale/2.00)"
50.112.95.211 - - [27/Jun/2016:14:14:40 -0300] "GET / HTTP/1.0" 200 11894 "-" "NewRelicPinger/1.0 (954132)"
177.38.200.177 - - [27/Jun/2016:14:14:53 -0300] "GET /user/household/577132cd15c778892189d769 HTTP/1.1" 200 56 "-" "Guardioes da Saude/2.0 (iPhone; iOS 9.3.2; Scale/2.00)"
177.38.200.177 - - [27/Jun/2016:14:14:55 -0300] "OPTIONS /user/forgot-password HTTP/1.1" 204 0 "https://guardioesdasaude.org/esqueceu-senha" "Mozilla/5.0 (Macintosh; Intel Mac OS X 10_11_5) AppleWebKit/601.6.17 (KHTML, like Gecko) Version/9.1.1 Safari/601.6.17"
177.38.200.177 - - [27/Jun/2016:14:14:55 -0300] "POST /user/forgot-password HTTP/1.1" 200 74 "https://guardioesdasaude.org/esqueceu-senha" "Mozilla/5.0 (Macintosh; Intel Mac OS X 10_11_5) AppleWebKit/601.6.17 (KHTML, like Gecko) Version/9.1.1 Safari/601.6.17"
177.38.200.177 - - [27/Jun/2016:14:15:03 -0300] "POST /user/forgot-password HTTP/1.1" 200 74 "https://guardioesdasaude.org/esqueceu-senha" "Mozilla/5.0 (Macintosh; Intel Mac OS X 10_11_5) AppleWebKit/601.6.17 (KHTML, like Gecko) Version/9.1.1 Safari/601.6.17"
177.38.200.177 - - [27/Jun/2016:14:15:16 -0300] "OPTIONS /user/get?fb=991511437601520 HTTP/1.1" 204 0 "https://guardioesdasaude.org/login" "Mozilla/5.0 (Macintosh; Intel Mac OS X 10_11_5) AppleWebKit/601.6.17 (KHTML, like Gecko) Version/9.1.1 Safari/601.6.17"
177.38.200.177 - - [27/Jun/2016:14:15:16 -0300] "GET /user/get?fb=991511437601520 HTTP/1.1" 200 2724 "https://guardioesdasaude.org/login" "Mozilla/5.0 (Macintosh; Intel Mac OS X 10_11_5) AppleWebKit/601.6.17 (KHTML, like Gecko) Version/9.1.1 Safari/601.6.17"
177.38.200.177 - - [27/Jun/2016:14:15:16 -0300] "POST /user/login HTTP/1.1" 200 2749 "https://guardioesdasaude.org/login" "Mozilla/5.0 (Macintosh; Intel Mac OS X 10_11_5) AppleWebKit/601.6.17 (KHTML, like Gecko) Version/9.1.1 Safari/601.6.17"
177.38.200.177 - - [27/Jun/2016:14:15:17 -0300] "GET /search/cities?limit=5 HTTP/1.1" 200 165 "https://guardioesdasaude.org/health-daily" "Mozilla/5.0 (Macintosh; Intel Mac OS X 10_11_5) AppleWebKit/601.6.17 (KHTML, like Gecko) Version/9.1.1 Safari/601.6.17"
177.38.200.177 - - [27/Jun/2016:14:15:17 -0300] "OPTIONS /user/calendar/month?month=6&year=2016 HTTP/1.1" 204 0 "https://guardioesdasaude.org/health-daily" "Mozilla/5.0 (Macintosh; Intel Mac OS X 10_11_5) AppleWebKit/601.6.17 (KHTML, like Gecko) Version/9.1.1 Safari/601.6.17"
177.38.200.177 - - [27/Jun/2016:14:15:17 -0300] "OPTIONS /user/survey/summary HTTP/1.1" 204 0 "https://guardioesdasaude.org/health-daily" "Mozilla/5.0 (Macintosh; Intel Mac OS X 10_11_5) AppleWebKit/601.6.17 (KHTML, like Gecko) Version/9.1.1 Safari/601.6.17"
177.38.200.177 - - [27/Jun/2016:14:15:17 -0300] "OPTIONS /user/calendar/year?year=2016 HTTP/1.1" 204 0 "https://guardioesdasaude.org/health-daily" "Mozilla/5.0 (Macintosh; Intel Mac OS X 10_11_5) AppleWebKit/601.6.17 (KHTML, like Gecko) Version/9.1.1 Safari/601.6.17"
177.38.200.177 - - [27/Jun/2016:14:15:17 -0300] "GET /user/survey/summary HTTP/1.1" 200 71 "https://guardioesdasaude.org/health-daily" "Mozilla/5.0 (Macintosh; Intel Mac OS X 10_11_5) AppleWebKit/601.6.17 (KHTML, like Gecko) Version/9.1.1 Safari/601.6.17"
177.38.200.177 - - [27/Jun/2016:14:15:17 -0300] "GET /user/calendar/year?year=2016 HTTP/1.1" 200 142 "https://guardioesdasaude.org/health-daily" "Mozilla/5.0 (Macintosh; Intel Mac OS X 10_11_5) AppleWebKit/601.6.17 (KHTML, like Gecko) Version/9.1.1 Safari/601.6.17"
177.38.200.177 - - [27/Jun/2016:14:15:17 -0300] "GET /user/calendar/month?month=6&year=2016 HTTP/1.1" 200 133 "https://guardioesdasaude.org/health-daily" "Mozilla/5.0 (Macintosh; Intel Mac OS X 10_11_5) AppleWebKit/601.6.17 (KHTML, like Gecko) Version/9.1.1 Safari/601.6.17"
177.38.200.177 - - [27/Jun/2016:14:15:17 -0300] "OPTIONS /user/chart/month?month=6&year=2016 HTTP/1.1" 204 0 "https://guardioesdasaude.org/health-daily" "Mozilla/5.0 (Macintosh; Intel Mac OS X 10_11_5) AppleWebKit/601.6.17 (KHTML, like Gecko) Version/9.1.1 Safari/601.6.17"
177.38.200.177 - - [27/Jun/2016:14:15:17 -0300] "GET /user/chart/month?month=6&year=2016 HTTP/1.1" 200 117 "https://guardioesdasaude.org/health-daily" "Mozilla/5.0 (Macintosh; Intel Mac OS X 10_11_5) AppleWebKit/601.6.17 (KHTML, like Gecko) Version/9.1.1 Safari/601.6.17"
177.38.200.177 - - [27/Jun/2016:14:15:24 -0300] "GET /search/cities?limit=5 HTTP/1.1" 200 165 "https://guardioesdasaude.org/profile" "Mozilla/5.0 (Macintosh; Intel Mac OS X 10_11_5) AppleWebKit/601.6.17 (KHTML, like Gecko) Version/9.1.1 Safari/601.6.17"
177.38.200.177 - - [27/Jun/2016:14:15:24 -0300] "OPTIONS /user/get/56d8873b852235370d360e94 HTTP/1.1" 204 0 "https://guardioesdasaude.org/profile" "Mozilla/5.0 (Macintosh; Intel Mac OS X 10_11_5) AppleWebKit/601.6.17 (KHTML, like Gecko) Version/9.1.1 Safari/601.6.17"
177.38.200.177 - - [27/Jun/2016:14:15:24 -0300] "GET /user/get/56d8873b852235370d360e94 HTTP/1.1" 200 2723 "https://guardioesdasaude.org/profile" "Mozilla/5.0 (Macintosh; Intel Mac OS X 10_11_5) AppleWebKit/601.6.17 (KHTML, like Gecko) Version/9.1.1 Safari/601.6.17"
177.38.200.177 - - [27/Jun/2016:14:15:25 -0300] "GET /search/cities?limit=5 HTTP/1.1" 200 165 "https://guardioesdasaude.org/profile/change-photo/56d8873b852235370d360e94" "Mozilla/5.0 (Macintosh; Intel Mac OS X 10_11_5) AppleWebKit/601.6.17 (KHTML, like Gecko) Version/9.1.1 Safari/601.6.17"
177.38.200.177 - - [27/Jun/2016:14:15:25 -0300] "GET /user/get/56d8873b852235370d360e94 HTTP/1.1" 304 0 "https://guardioesdasaude.org/profile" "Mozilla/5.0 (Macintosh; Intel Mac OS X 10_11_5) AppleWebKit/601.6.17 (KHTML, like Gecko) Version/9.1.1 Safari/601.6.17"
177.38.200.177 - - [27/Jun/2016:14:15:27 -0300] "OPTIONS /user/update HTTP/1.1" 204 0 "https://guardioesdasaude.org/profile/change-photo/56d8873b852235370d360e94" "Mozilla/5.0 (Macintosh; Intel Mac OS X 10_11_5) AppleWebKit/601.6.17 (KHTML, like Gecko) Version/9.1.1 Safari/601.6.17"
177.38.200.177 - - [27/Jun/2016:14:15:28 -0300] "POST /user/update HTTP/1.1" 200 86 "https://guardioesdasaude.org/profile/change-photo/56d8873b852235370d360e94" "Mozilla/5.0 (Macintosh; Intel Mac OS X 10_11_5) AppleWebKit/601.6.17 (KHTML, like Gecko) Version/9.1.1 Safari/601.6.17"
177.38.200.177 - - [27/Jun/2016:14:15:28 -0300] "GET /user/get/56d8873b852235370d360e94 HTTP/1.1" 200 2725 "https://guardioesdasaude.org/profile" "Mozilla/5.0 (Macintosh; Intel Mac OS X 10_11_5) AppleWebKit/601.6.17 (KHTML, like Gecko) Version/9.1.1 Safari/601.6.17"
177.38.200.177 - - [27/Jun/2016:14:15:28 -0300] "GET /search/cities?limit=5 HTTP/1.1" 200 165 "https://guardioesdasaude.org/profile" "Mozilla/5.0 (Macintosh; Intel Mac OS X 10_11_5) AppleWebKit/601.6.17 (KHTML, like Gecko) Version/9.1.1 Safari/601.6.17"
177.38.200.177 - - [27/Jun/2016:14:15:28 -0300] "GET /user/get/56d8873b852235370d360e94 HTTP/1.1" 304 0 "https://guardioesdasaude.org/profile" "Mozilla/5.0 (Macintosh; Intel Mac OS X 10_11_5) AppleWebKit/601.6.17 (KHTML, like Gecko) Version/9.1.1 Safari/601.6.17"
177.38.200.177 - - [27/Jun/2016:14:15:30 -0300] "POST /user/update HTTP/1.1" 200 86 "https://guardioesdasaude.org/profile" "Mozilla/5.0 (Macintosh; Intel Mac OS X 10_11_5) AppleWebKit/601.6.17 (KHTML, like Gecko) Version/9.1.1 Safari/601.6.17"
177.38.200.177 - - [27/Jun/2016:14:15:31 -0300] "GET /user/get/56d8873b852235370d360e94 HTTP/1.1" 200 2726 "https://guardioesdasaude.org/profile" "Mozilla/5.0 (Macintosh; Intel Mac OS X 10_11_5) AppleWebKit/601.6.17 (KHTML, like Gecko) Version/9.1.1 Safari/601.6.17"
177.38.200.177 - - [27/Jun/2016:14:15:31 -0300] "GET /user/get/56d8873b852235370d360e94 HTTP/1.1" 200 2726 "https://guardioesdasaude.org/profile" "Mozilla/5.0 (Macintosh; Intel Mac OS X 10_11_5) AppleWebKit/601.6.17 (KHTML, like Gecko) Version/9.1.1 Safari/601.6.17"
54.247.188.179 - - [27/Jun/2016:14:15:34 -0300] "GET / HTTP/1.0" 200 11894 "-" "NewRelicPinger/1.0 (954132)"
177.38.200.177 - - [27/Jun/2016:14:15:38 -0300] "OPTIONS /survey/create HTTP/1.1" 204 0 "https://guardioesdasaude.org/survey/56d8873b852235370d360e94/step-1" "Mozilla/5.0 (Macintosh; Intel Mac OS X 10_11_5) AppleWebKit/601.6.17 (KHTML, like Gecko) Version/9.1.1 Safari/601.6.17"
177.38.200.177 - - [27/Jun/2016:14:15:38 -0300] "OPTIONS /user/calendar/day HTTP/1.1" 204 0 "https://guardioesdasaude.org/survey/56d8873b852235370d360e94/step-1" "Mozilla/5.0 (Macintosh; Intel Mac OS X 10_11_5) AppleWebKit/601.6.17 (KHTML, like Gecko) Version/9.1.1 Safari/601.6.17"
177.38.200.177 - - [27/Jun/2016:14:15:38 -0300] "GET /user/calendar/day HTTP/1.1" 200 115 "https://guardioesdasaude.org/survey/56d8873b852235370d360e94/step-1" "Mozilla/5.0 (Macintosh; Intel Mac OS X 10_11_5) AppleWebKit/601.6.17 (KHTML, like Gecko) Version/9.1.1 Safari/601.6.17"
177.38.200.177 - - [27/Jun/2016:14:15:38 -0300] "POST /survey/create HTTP/1.1" 200 442 "https://guardioesdasaude.org/survey/56d8873b852235370d360e94/step-1" "Mozilla/5.0 (Macintosh; Intel Mac OS X 10_11_5) AppleWebKit/601.6.17 (KHTML, like Gecko) Version/9.1.1 Safari/601.6.17"
177.38.200.177 - - [27/Jun/2016:14:15:38 -0300] "GET /user/get/56d8873b852235370d360e94 HTTP/1.1" 200 2756 "https://guardioesdasaude.org/profile" "Mozilla/5.0 (Macintosh; Intel Mac OS X 10_11_5) AppleWebKit/601.6.17 (KHTML, like Gecko) Version/9.1.1 Safari/601.6.17"
177.38.200.177 - - [27/Jun/2016:14:15:38 -0300] "POST /user/update HTTP/1.1" 200 86 "https://guardioesdasaude.org/survey/56d8873b852235370d360e94/step-1" "Mozilla/5.0 (Macintosh; Intel Mac OS X 10_11_5) AppleWebKit/601.6.17 (KHTML, like Gecko) Version/9.1.1 Safari/601.6.17"
177.38.200.177 - - [27/Jun/2016:14:15:38 -0300] "GET /user/get/56d8873b852235370d360e94 HTTP/1.1" 200 2753 "https://guardioesdasaude.org/survey/56d8873b852235370d360e94/step-1" "Mozilla/5.0 (Macintosh; Intel Mac OS X 10_11_5) AppleWebKit/601.6.17 (KHTML, like Gecko) Version/9.1.1 Safari/601.6.17"
177.38.200.177 - - [27/Jun/2016:14:15:39 -0300] "GET /user/calendar/month?month=6&year=2016 HTTP/1.1" 200 133 "https://guardioesdasaude.org/health-daily" "Mozilla/5.0 (Macintosh; Intel Mac OS X 10_11_5) AppleWebKit/601.6.17 (KHTML, like Gecko) Version/9.1.1 Safari/601.6.17"
177.38.200.177 - - [27/Jun/2016:14:15:40 -0300] "GET /user/calendar/year?year=2016 HTTP/1.1" 200 142 "https://guardioesdasaude.org/health-daily" "Mozilla/5.0 (Macintosh; Intel Mac OS X 10_11_5) AppleWebKit/601.6.17 (KHTML, like Gecko) Version/9.1.1 Safari/601.6.17"
177.38.200.177 - - [27/Jun/2016:14:15:40 -0300] "GET /user/survey/summary HTTP/1.1" 200 71 "https://guardioesdasaude.org/health-daily" "Mozilla/5.0 (Macintosh; Intel Mac OS X 10_11_5) AppleWebKit/601.6.17 (KHTML, like Gecko) Version/9.1.1 Safari/601.6.17"
177.38.200.177 - - [27/Jun/2016:14:15:40 -0300] "GET /search/cities?limit=5 HTTP/1.1" 200 165 "https://guardioesdasaude.org/health-daily" "Mozilla/5.0 (Macintosh; Intel Mac OS X 10_11_5) AppleWebKit/601.6.17 (KHTML, like Gecko) Version/9.1.1 Safari/601.6.17"
177.38.200.177 - - [27/Jun/2016:14:15:40 -0300] "GET /user/get?fb=10153906661824787 HTTP/1.1" 200 11984 "-" "Guardioes da Saude/2.0 (iPhone; iOS 9.3.2; Scale/2.00)"
177.38.200.177 - - [27/Jun/2016:14:15:40 -0300] "GET /user/chart/month?month=6&year=2016 HTTP/1.1" 200 118 "https://guardioesdasaude.org/health-daily" "Mozilla/5.0 (Macintosh; Intel Mac OS X 10_11_5) AppleWebKit/601.6.17 (KHTML, like Gecko) Version/9.1.1 Safari/601.6.17"
177.38.200.177 - - [27/Jun/2016:14:15:40 -0300] "POST /user/login HTTP/1.1" 200 12012 "-" "Guardioes da Saude/2.0 (iPhone; iOS 9.3.2; Scale/2.00)"
177.38.200.177 - - [27/Jun/2016:14:15:40 -0300] "GET /user/calendar/day?&day=27&month=6&year=2016 HTTP/1.1" 200 115 "-" "Guardioes da Saude/2.0 (iPhone; iOS 9.3.2; Scale/2.00)"
177.38.200.177 - - [27/Jun/2016:14:15:45 -0300] "OPTIONS /user/lookup HTTP/1.1" 204 0 "https://guardioesdasaude.org/game/tutorial" "Mozilla/5.0 (Macintosh; Intel Mac OS X 10_11_5) AppleWebKit/601.6.17 (KHTML, like Gecko) Version/9.1.1 Safari/601.6.17"
177.38.200.177 - - [27/Jun/2016:14:15:45 -0300] "GET /user/calendar/day HTTP/1.1" 200 116 "https://guardioesdasaude.org/game/tutorial" "Mozilla/5.0 (Macintosh; Intel Mac OS X 10_11_5) AppleWebKit/601.6.17 (KHTML, like Gecko) Version/9.1.1 Safari/601.6.17"
177.38.200.177 - - [27/Jun/2016:14:15:45 -0300] "GET /user/lookup HTTP/1.1" 200 2751 "https://guardioesdasaude.org/game/tutorial" "Mozilla/5.0 (Macintosh; Intel Mac OS X 10_11_5) AppleWebKit/601.6.17 (KHTML, like Gecko) Version/9.1.1 Safari/601.6.17"
54.251.34.67 - - [27/Jun/2016:14:16:01 -0300] "GET / HTTP/1.0" 200 11894 "-" "NewRelicPinger/1.0 (954132)"
184.73.237.85 - - [27/Jun/2016:14:16:05 -0300] "GET / HTTP/1.0" 200 11894 "-" "NewRelicPinger/1.0 (954132)"
54.248.250.232 - - [27/Jun/2016:14:16:32 -0300] "GET / HTTP/1.0" 200 11894 "-" "NewRelicPinger/1.0 (954132)"
50.112.95.211 - - [27/Jun/2016:14:17:10 -0300] "GET / HTTP/1.0" 200 11894 "-" "NewRelicPinger/1.0 (954132)"
54.247.188.179 - - [27/Jun/2016:14:18:04 -0300] "GET / HTTP/1.0" 200 11894 "-" "NewRelicPinger/1.0 (954132)"
177.38.200.177 - - [27/Jun/2016:14:18:16 -0300] "GET /user/calendar/day?&day=27&month=6&year=2016 HTTP/1.1" 200 115 "-" "Guardioes da Saude/2.0 (iPhone; iOS 9.3.2; Scale/2.00)"
184.73.237.85 - - [27/Jun/2016:14:18:23 -0300] "GET / HTTP/1.0" 200 11894 "-" "NewRelicPinger/1.0 (954132)"
177.38.200.177 - - [27/Jun/2016:14:18:27 -0300] "GET /user/lookup HTTP/1.1" 200 2752 "https://guardioesdasaude.org/game/tutorial" "Mozilla/5.0 (Macintosh; Intel Mac OS X 10_11_5) AppleWebKit/601.6.17 (KHTML, like Gecko) Version/9.1.1 Safari/601.6.17"
177.38.200.177 - - [27/Jun/2016:14:18:27 -0300] "GET /user/calendar/day HTTP/1.1" 200 116 "https://guardioesdasaude.org/game/home" "Mozilla/5.0 (Macintosh; Intel Mac OS X 10_11_5) AppleWebKit/601.6.17 (KHTML, like Gecko) Version/9.1.1 Safari/601.6.17"
54.251.34.67 - - [27/Jun/2016:14:18:31 -0300] "GET / HTTP/1.0" 200 11894 "-" "NewRelicPinger/1.0 (954132)"
54.248.250.232 - - [27/Jun/2016:14:19:03 -0300] "GET / HTTP/1.0" 200 11894 "-" "NewRelicPinger/1.0 (954132)"
50.112.95.211 - - [27/Jun/2016:14:19:41 -0300] "GET / HTTP/1.0" 200 11894 "-" "NewRelicPinger/1.0 (954132)"
177.38.200.177 - - [27/Jun/2016:14:19:49 -0300] "OPTIONS /search/cities?limit=5 HTTP/1.1" 204 0 "https://guardioesdasaude.org/survey" "Mozilla/5.0 (Macintosh; Intel Mac OS X 10_11_5) AppleWebKit/601.6.17 (KHTML, like Gecko) Version/9.1.1 Safari/601.6.17"
177.38.200.177 - - [27/Jun/2016:14:19:49 -0300] "GET /search/cities?limit=5 HTTP/1.1" 200 165 "https://guardioesdasaude.org/survey" "Mozilla/5.0 (Macintosh; Intel Mac OS X 10_11_5) AppleWebKit/601.6.17 (KHTML, like Gecko) Version/9.1.1 Safari/601.6.17"
177.38.200.177 - - [27/Jun/2016:14:19:57 -0300] "GET /user/calendar/day HTTP/1.1" 200 116 "https://guardioesdasaude.org/survey/56d8873b852235370d360e94/step-1" "Mozilla/5.0 (Macintosh; Intel Mac OS X 10_11_5) AppleWebKit/601.6.17 (KHTML, like Gecko) Version/9.1.1 Safari/601.6.17"
177.38.200.177 - - [27/Jun/2016:14:19:57 -0300] "POST /survey/create HTTP/1.1" 200 442 "https://guardioesdasaude.org/survey/56d8873b852235370d360e94/step-1" "Mozilla/5.0 (Macintosh; Intel Mac OS X 10_11_5) AppleWebKit/601.6.17 (KHTML, like Gecko) Version/9.1.1 Safari/601.6.17"
177.38.200.177 - - [27/Jun/2016:14:19:57 -0300] "GET /user/get/56d8873b852235370d360e94 HTTP/1.1" 200 2778 "https://guardioesdasaude.org/survey/56d8873b852235370d360e94/step-1" "Mozilla/5.0 (Macintosh; Intel Mac OS X 10_11_5) AppleWebKit/601.6.17 (KHTML, like Gecko) Version/9.1.1 Safari/601.6.17"
177.38.200.177 - - [27/Jun/2016:14:19:57 -0300] "POST /user/update HTTP/1.1" 200 86 "https://guardioesdasaude.org/survey/56d8873b852235370d360e94/step-1" "Mozilla/5.0 (Macintosh; Intel Mac OS X 10_11_5) AppleWebKit/601.6.17 (KHTML, like Gecko) Version/9.1.1 Safari/601.6.17"
177.38.200.177 - - [27/Jun/2016:14:19:58 -0300] "GET /user/get/56d8873b852235370d360e94 HTTP/1.1" 200 2780 "https://guardioesdasaude.org/survey/56d8873b852235370d360e94/step-1" "Mozilla/5.0 (Macintosh; Intel Mac OS X 10_11_5) AppleWebKit/601.6.17 (KHTML, like Gecko) Version/9.1.1 Safari/601.6.17"
177.38.200.177 - - [27/Jun/2016:14:20:00 -0300] "GET /user/survey/summary HTTP/1.1" 200 71 "https://guardioesdasaude.org/health-daily" "Mozilla/5.0 (Macintosh; Intel Mac OS X 10_11_5) AppleWebKit/601.6.17 (KHTML, like Gecko) Version/9.1.1 Safari/601.6.17"
177.38.200.177 - - [27/Jun/2016:14:20:00 -0300] "GET /user/calendar/month?month=6&year=2016 HTTP/1.1" 200 133 "https://guardioesdasaude.org/health-daily" "Mozilla/5.0 (Macintosh; Intel Mac OS X 10_11_5) AppleWebKit/601.6.17 (KHTML, like Gecko) Version/9.1.1 Safari/601.6.17"
177.38.200.177 - - [27/Jun/2016:14:20:00 -0300] "GET /user/calendar/year?year=2016 HTTP/1.1" 200 142 "https://guardioesdasaude.org/health-daily" "Mozilla/5.0 (Macintosh; Intel Mac OS X 10_11_5) AppleWebKit/601.6.17 (KHTML, like Gecko) Version/9.1.1 Safari/601.6.17"
177.38.200.177 - - [27/Jun/2016:14:20:00 -0300] "GET /search/cities?limit=5 HTTP/1.1" 200 165 "https://guardioesdasaude.org/health-daily" "Mozilla/5.0 (Macintosh; Intel Mac OS X 10_11_5) AppleWebKit/601.6.17 (KHTML, like Gecko) Version/9.1.1 Safari/601.6.17"
177.38.200.177 - - [27/Jun/2016:14:20:00 -0300] "GET /user/chart/month?month=6&year=2016 HTTP/1.1" 200 117 "https://guardioesdasaude.org/health-daily" "Mozilla/5.0 (Macintosh; Intel Mac OS X 10_11_5) AppleWebKit/601.6.17 (KHTML, like Gecko) Version/9.1.1 Safari/601.6.17"
177.38.200.177 - - [27/Jun/2016:14:20:02 -0300] "GET /user/calendar/day HTTP/1.1" 200 115 "https://guardioesdasaude.org/game/tutorial" "Mozilla/5.0 (Macintosh; Intel Mac OS X 10_11_5) AppleWebKit/601.6.17 (KHTML, like Gecko) Version/9.1.1 Safari/601.6.17"
177.38.200.177 - - [27/Jun/2016:14:20:02 -0300] "GET /user/lookup HTTP/1.1" 200 2778 "https://guardioesdasaude.org/game/tutorial" "Mozilla/5.0 (Macintosh; Intel Mac OS X 10_11_5) AppleWebKit/601.6.17 (KHTML, like Gecko) Version/9.1.1 Safari/601.6.17"
54.247.188.179 - - [27/Jun/2016:14:20:34 -0300] "GET / HTTP/1.0" 200 11894 "-" "NewRelicPinger/1.0 (954132)"
184.73.237.85 - - [27/Jun/2016:14:20:53 -0300] "GET / HTTP/1.0" 200 11894 "-" "NewRelicPinger/1.0 (954132)"
54.251.34.67 - - [27/Jun/2016:14:21:01 -0300] "GET / HTTP/1.0" 200 11894 "-" "NewRelicPinger/1.0 (954132)"
54.248.250.232 - - [27/Jun/2016:14:21:32 -0300] "GET / HTTP/1.0" 200 11894 "-" "NewRelicPinger/1.0 (954132)"
50.112.95.211 - - [27/Jun/2016:14:22:10 -0300] "GET / HTTP/1.0" 200 11894 "-" "NewRelicPinger/1.0 (954132)"
54.247.188.179 - - [27/Jun/2016:14:23:04 -0300] "GET / HTTP/1.0" 200 11894 "-" "NewRelicPinger/1.0 (954132)"
184.73.237.85 - - [27/Jun/2016:14:23:22 -0300] "GET / HTTP/1.0" 200 11894 "-" "NewRelicPinger/1.0 (954132)"
54.251.34.67 - - [27/Jun/2016:14:23:31 -0300] "GET / HTTP/1.0" 200 11894 "-" "NewRelicPinger/1.0 (954132)"
177.38.200.177 - - [27/Jun/2016:14:23:38 -0300] "GET /user/lookup HTTP/1.1" 200 2780 "https://guardioesdasaude.org/game/tutorial" "Mozilla/5.0 (Macintosh; Intel Mac OS X 10_11_5) AppleWebKit/601.6.17 (KHTML, like Gecko) Version/9.1.1 Safari/601.6.17"
177.38.200.177 - - [27/Jun/2016:14:23:39 -0300] "GET /user/calendar/day HTTP/1.1" 200 115 "https://guardioesdasaude.org/game/home" "Mozilla/5.0 (Macintosh; Intel Mac OS X 10_11_5) AppleWebKit/601.6.17 (KHTML, like Gecko) Version/9.1.1 Safari/601.6.17"
54.248.250.232 - - [27/Jun/2016:14:24:02 -0300] "GET / HTTP/1.0" 200 11894 "-" "NewRelicPinger/1.0 (954132)"
177.38.200.177 - - [27/Jun/2016:14:24:24 -0300] "OPTIONS /search/cities?limit=5 HTTP/1.1" 204 0 "https://guardioesdasaude.org/" "Mozilla/5.0 (Macintosh; Intel Mac OS X 10_11_5) AppleWebKit/601.6.17 (KHTML, like Gecko) Version/9.1.1 Safari/601.6.17"
177.38.200.177 - - [27/Jun/2016:14:24:24 -0300] "GET /search/cities?limit=5 HTTP/1.1" 200 165 "https://guardioesdasaude.org/" "Mozilla/5.0 (Macintosh; Intel Mac OS X 10_11_5) AppleWebKit/601.6.17 (KHTML, like Gecko) Version/9.1.1 Safari/601.6.17"
177.38.200.177 - - [27/Jun/2016:14:24:24 -0300] "GET /search/cities?limit=5 HTTP/1.1" 200 165 "https://guardioesdasaude.org/" "Mozilla/5.0 (Macintosh; Intel Mac OS X 10_11_5) AppleWebKit/601.6.17 (KHTML, like Gecko) Version/9.1.1 Safari/601.6.17"
