54.251.34.67 - - [27/Jun/2016:16:48:44 -0300] "GET / HTTP/1.0" 200 11894 "-" "NewRelicPinger/1.0 (954132)"
54.248.250.232 - - [27/Jun/2016:16:49:00 -0300] "GET / HTTP/1.0" 200 11894 "-" "NewRelicPinger/1.0 (954132)"
184.73.237.85 - - [27/Jun/2016:16:49:00 -0300] "GET / HTTP/1.0" 200 11894 "-" "NewRelicPinger/1.0 (954132)"
50.112.95.211 - - [27/Jun/2016:16:49:50 -0300] "GET / HTTP/1.0" 200 11894 "-" "NewRelicPinger/1.0 (954132)"
177.38.200.177 - - [27/Jun/2016:16:50:48 -0300] "POST /user/login HTTP/1.1" 200 2090 "-" "Dalvik/2.1.0 (Linux; U; Android 6.0; XT1069 Build/MPB24.65-34)"
177.38.200.177 - - [27/Jun/2016:16:50:52 -0300] "GET /user/household/573f5c05fb2af3c50833b056 HTTP/1.1" 200 1448 "-" "Dalvik/2.1.0 (Linux; U; Android 6.0; XT1069 Build/MPB24.65-34)"
54.247.188.179 - - [27/Jun/2016:16:51:02 -0300] "GET / HTTP/1.0" 200 11894 "-" "NewRelicPinger/1.0 (954132)"
54.251.34.67 - - [27/Jun/2016:16:51:14 -0300] "GET / HTTP/1.0" 200 11894 "-" "NewRelicPinger/1.0 (954132)"
54.248.250.232 - - [27/Jun/2016:16:51:30 -0300] "GET / HTTP/1.0" 200 11894 "-" "NewRelicPinger/1.0 (954132)"
184.73.237.85 - - [27/Jun/2016:16:51:30 -0300] "GET / HTTP/1.0" 200 11894 "-" "NewRelicPinger/1.0 (954132)"
177.38.200.177 - - [27/Jun/2016:16:51:34 -0300] "GET /user/household/573f5c05fb2af3c50833b056 HTTP/1.1" 200 1448 "-" "Dalvik/2.1.0 (Linux; U; Android 6.0; XT1069 Build/MPB24.65-34)"
50.112.95.211 - - [27/Jun/2016:16:52:20 -0300] "GET / HTTP/1.0" 200 11894 "-" "NewRelicPinger/1.0 (954132)"
54.247.188.179 - - [27/Jun/2016:16:53:32 -0300] "GET / HTTP/1.0" 200 11894 "-" "NewRelicPinger/1.0 (954132)"
54.251.34.67 - - [27/Jun/2016:16:53:44 -0300] "GET / HTTP/1.0" 200 11894 "-" "NewRelicPinger/1.0 (954132)"
54.248.250.232 - - [27/Jun/2016:16:54:00 -0300] "GET / HTTP/1.0" 200 11894 "-" "NewRelicPinger/1.0 (954132)"
184.73.237.85 - - [27/Jun/2016:16:54:00 -0300] "GET / HTTP/1.0" 200 11894 "-" "NewRelicPinger/1.0 (954132)"
50.112.95.211 - - [27/Jun/2016:16:54:51 -0300] "GET / HTTP/1.0" 200 11894 "-" "NewRelicPinger/1.0 (954132)"
54.247.188.179 - - [27/Jun/2016:16:56:02 -0300] "GET / HTTP/1.0" 200 11894 "-" "NewRelicPinger/1.0 (954132)"
54.251.34.67 - - [27/Jun/2016:16:56:14 -0300] "GET / HTTP/1.0" 200 11894 "-" "NewRelicPinger/1.0 (954132)"
54.248.250.232 - - [27/Jun/2016:16:56:30 -0300] "GET / HTTP/1.0" 200 11894 "-" "NewRelicPinger/1.0 (954132)"
184.73.237.85 - - [27/Jun/2016:16:56:30 -0300] "GET / HTTP/1.0" 200 11894 "-" "NewRelicPinger/1.0 (954132)"
189.8.29.19 - - [27/Jun/2016:16:57:15 -0300] "OPTIONS /search/cities?limit=5 HTTP/1.1" 204 0 "https://guardioesdasaude.org/" "Mozilla/5.0 (Windows NT 6.3; Win64; x64) AppleWebKit/537.36 (KHTML, like Gecko) Chrome/51.0.2704.103 Safari/537.36"
189.8.29.19 - - [27/Jun/2016:16:57:16 -0300] "OPTIONS /search/cities?limit=5 HTTP/1.1" 204 0 "https://guardioesdasaude.org/" "Mozilla/5.0 (Windows NT 6.3; Win64; x64) AppleWebKit/537.36 (KHTML, like Gecko) Chrome/51.0.2704.103 Safari/537.36"
189.8.29.19 - - [27/Jun/2016:16:57:16 -0300] "OPTIONS /search/cities?limit=5 HTTP/1.1" 204 0 "https://guardioesdasaude.org/" "Mozilla/5.0 (Windows NT 6.3; Win64; x64) AppleWebKit/537.36 (KHTML, like Gecko) Chrome/51.0.2704.103 Safari/537.36"
189.8.29.19 - - [27/Jun/2016:16:57:16 -0300] "GET /search/cities?limit=5 HTTP/1.1" 200 165 "https://guardioesdasaude.org/" "Mozilla/5.0 (Windows NT 6.3; Win64; x64) AppleWebKit/537.36 (KHTML, like Gecko) Chrome/51.0.2704.103 Safari/537.36"
189.8.29.19 - - [27/Jun/2016:16:57:16 -0300] "GET /search/cities?limit=5 HTTP/1.1" 200 165 "https://guardioesdasaude.org/" "Mozilla/5.0 (Windows NT 6.3; Win64; x64) AppleWebKit/537.36 (KHTML, like Gecko) Chrome/51.0.2704.103 Safari/537.36"
189.8.29.19 - - [27/Jun/2016:16:57:16 -0300] "GET /search/cities?limit=5 HTTP/1.1" 200 165 "https://guardioesdasaude.org/" "Mozilla/5.0 (Windows NT 6.3; Win64; x64) AppleWebKit/537.36 (KHTML, like Gecko) Chrome/51.0.2704.103 Safari/537.36"
189.8.29.19 - - [27/Jun/2016:16:57:20 -0300] "OPTIONS /symptoms HTTP/1.1" 204 0 "https://guardioesdasaude.org/survey/57581721948b0ddb73dfb229/step-2" "Mozilla/5.0 (Windows NT 6.3; Win64; x64) AppleWebKit/537.36 (KHTML, like Gecko) Chrome/51.0.2704.103 Safari/537.36"
189.8.29.19 - - [27/Jun/2016:16:57:20 -0300] "GET /symptoms HTTP/1.1" 304 0 "https://guardioesdasaude.org/survey/57581721948b0ddb73dfb229/step-2" "Mozilla/5.0 (Windows NT 6.3; Win64; x64) AppleWebKit/537.36 (KHTML, like Gecko) Chrome/51.0.2704.103 Safari/537.36"
50.112.95.211 - - [27/Jun/2016:16:57:20 -0300] "GET / HTTP/1.0" 200 11894 "-" "NewRelicPinger/1.0 (954132)"
189.8.29.19 - - [27/Jun/2016:16:57:46 -0300] "OPTIONS /user/calendar/day HTTP/1.1" 204 0 "https://guardioesdasaude.org/survey/57581721948b0ddb73dfb229/step-1" "Mozilla/5.0 (Windows NT 6.3; Win64; x64) AppleWebKit/537.36 (KHTML, like Gecko) Chrome/51.0.2704.103 Safari/537.36"
189.8.29.19 - - [27/Jun/2016:16:57:46 -0300] "OPTIONS /survey/create HTTP/1.1" 204 0 "https://guardioesdasaude.org/survey/57581721948b0ddb73dfb229/step-1" "Mozilla/5.0 (Windows NT 6.3; Win64; x64) AppleWebKit/537.36 (KHTML, like Gecko) Chrome/51.0.2704.103 Safari/537.36"
189.8.29.19 - - [27/Jun/2016:16:57:46 -0300] "GET /user/calendar/day HTTP/1.1" 200 115 "https://guardioesdasaude.org/survey/57581721948b0ddb73dfb229/step-1" "Mozilla/5.0 (Windows NT 6.3; Win64; x64) AppleWebKit/537.36 (KHTML, like Gecko) Chrome/51.0.2704.103 Safari/537.36"
189.8.29.19 - - [27/Jun/2016:16:57:46 -0300] "POST /survey/create HTTP/1.1" 200 419 "https://guardioesdasaude.org/survey/57581721948b0ddb73dfb229/step-1" "Mozilla/5.0 (Windows NT 6.3; Win64; x64) AppleWebKit/537.36 (KHTML, like Gecko) Chrome/51.0.2704.103 Safari/537.36"
189.8.29.19 - - [27/Jun/2016:16:57:46 -0300] "OPTIONS /user/get/57581721948b0ddb73dfb229 HTTP/1.1" 204 0 "https://guardioesdasaude.org/survey/57581721948b0ddb73dfb229/step-1" "Mozilla/5.0 (Windows NT 6.3; Win64; x64) AppleWebKit/537.36 (KHTML, like Gecko) Chrome/51.0.2704.103 Safari/537.36"
189.8.29.19 - - [27/Jun/2016:16:57:46 -0300] "GET /user/get/57581721948b0ddb73dfb229 HTTP/1.1" 200 1729 "https://guardioesdasaude.org/survey/57581721948b0ddb73dfb229/step-1" "Mozilla/5.0 (Windows NT 6.3; Win64; x64) AppleWebKit/537.36 (KHTML, like Gecko) Chrome/51.0.2704.103 Safari/537.36"
189.8.29.19 - - [27/Jun/2016:16:57:47 -0300] "OPTIONS /user/update HTTP/1.1" 204 0 "https://guardioesdasaude.org/survey/57581721948b0ddb73dfb229/step-1" "Mozilla/5.0 (Windows NT 6.3; Win64; x64) AppleWebKit/537.36 (KHTML, like Gecko) Chrome/51.0.2704.103 Safari/537.36"
189.8.29.19 - - [27/Jun/2016:16:57:47 -0300] "POST /user/update HTTP/1.1" 200 86 "https://guardioesdasaude.org/survey/57581721948b0ddb73dfb229/step-1" "Mozilla/5.0 (Windows NT 6.3; Win64; x64) AppleWebKit/537.36 (KHTML, like Gecko) Chrome/51.0.2704.103 Safari/537.36"
189.8.29.19 - - [27/Jun/2016:16:57:47 -0300] "GET /user/get/57581721948b0ddb73dfb229 HTTP/1.1" 200 1729 "https://guardioesdasaude.org/survey/57581721948b0ddb73dfb229/step-1" "Mozilla/5.0 (Windows NT 6.3; Win64; x64) AppleWebKit/537.36 (KHTML, like Gecko) Chrome/51.0.2704.103 Safari/537.36"
54.247.188.179 - - [27/Jun/2016:16:58:32 -0300] "GET / HTTP/1.0" 200 11894 "-" "NewRelicPinger/1.0 (954132)"
54.251.34.67 - - [27/Jun/2016:16:58:44 -0300] "GET / HTTP/1.0" 200 11894 "-" "NewRelicPinger/1.0 (954132)"
54.248.250.232 - - [27/Jun/2016:16:59:00 -0300] "GET / HTTP/1.0" 200 11894 "-" "NewRelicPinger/1.0 (954132)"
184.73.237.85 - - [27/Jun/2016:16:59:00 -0300] "GET / HTTP/1.0" 200 11894 "-" "NewRelicPinger/1.0 (954132)"
50.112.95.211 - - [27/Jun/2016:16:59:50 -0300] "GET / HTTP/1.0" 200 11894 "-" "NewRelicPinger/1.0 (954132)"
54.247.188.179 - - [27/Jun/2016:17:01:02 -0300] "GET / HTTP/1.0" 200 11894 "-" "NewRelicPinger/1.0 (954132)"
54.251.34.67 - - [27/Jun/2016:17:01:14 -0300] "GET / HTTP/1.0" 200 11894 "-" "NewRelicPinger/1.0 (954132)"
54.248.250.232 - - [27/Jun/2016:17:01:30 -0300] "GET / HTTP/1.0" 200 11894 "-" "NewRelicPinger/1.0 (954132)"
184.73.237.85 - - [27/Jun/2016:17:01:30 -0300] "GET / HTTP/1.0" 200 11894 "-" "NewRelicPinger/1.0 (954132)"
50.112.95.211 - - [27/Jun/2016:17:02:21 -0300] "GET / HTTP/1.0" 200 11894 "-" "NewRelicPinger/1.0 (954132)"
54.247.188.179 - - [27/Jun/2016:17:03:33 -0300] "GET / HTTP/1.0" 200 11894 "-" "NewRelicPinger/1.0 (954132)"
54.251.34.67 - - [27/Jun/2016:17:03:44 -0300] "GET / HTTP/1.0" 200 11894 "-" "NewRelicPinger/1.0 (954132)"
54.248.250.232 - - [27/Jun/2016:17:04:00 -0300] "GET / HTTP/1.0" 200 11894 "-" "NewRelicPinger/1.0 (954132)"
184.73.237.85 - - [27/Jun/2016:17:04:14 -0300] "GET / HTTP/1.0" 200 11894 "-" "NewRelicPinger/1.0 (954132)"
50.112.95.211 - - [27/Jun/2016:17:04:50 -0300] "GET / HTTP/1.0" 200 11894 "-" "NewRelicPinger/1.0 (954132)"
54.247.188.179 - - [27/Jun/2016:17:06:03 -0300] "GET / HTTP/1.0" 200 11894 "-" "NewRelicPinger/1.0 (954132)"
54.251.34.67 - - [27/Jun/2016:17:06:14 -0300] "GET / HTTP/1.0" 200 11894 "-" "NewRelicPinger/1.0 (954132)"
54.248.250.232 - - [27/Jun/2016:17:06:30 -0300] "GET / HTTP/1.0" 200 11894 "-" "NewRelicPinger/1.0 (954132)"
184.73.237.85 - - [27/Jun/2016:17:06:45 -0300] "GET / HTTP/1.0" 200 11894 "-" "NewRelicPinger/1.0 (954132)"
50.112.95.211 - - [27/Jun/2016:17:07:22 -0300] "GET / HTTP/1.0" 200 11894 "-" "NewRelicPinger/1.0 (954132)"
189.8.29.19 - - [27/Jun/2016:17:08:21 -0300] "OPTIONS /user/survey/summary HTTP/1.1" 204 0 "https://guardioesdasaude.org/health-daily" "Mozilla/5.0 (Windows NT 6.3; Win64; x64) AppleWebKit/537.36 (KHTML, like Gecko) Chrome/51.0.2704.103 Safari/537.36"
189.8.29.19 - - [27/Jun/2016:17:08:21 -0300] "OPTIONS /user/calendar/month?month=6&year=2016 HTTP/1.1" 204 0 "https://guardioesdasaude.org/health-daily" "Mozilla/5.0 (Windows NT 6.3; Win64; x64) AppleWebKit/537.36 (KHTML, like Gecko) Chrome/51.0.2704.103 Safari/537.36"
189.8.29.19 - - [27/Jun/2016:17:08:21 -0300] "OPTIONS /user/calendar/year?year=2016 HTTP/1.1" 204 0 "https://guardioesdasaude.org/health-daily" "Mozilla/5.0 (Windows NT 6.3; Win64; x64) AppleWebKit/537.36 (KHTML, like Gecko) Chrome/51.0.2704.103 Safari/537.36"
189.8.29.19 - - [27/Jun/2016:17:08:21 -0300] "OPTIONS /user/calendar/month?month=6&year=2016 HTTP/1.1" 204 0 "https://guardioesdasaude.org/health-daily" "Mozilla/5.0 (Windows NT 6.3; Win64; x64) AppleWebKit/537.36 (KHTML, like Gecko) Chrome/51.0.2704.103 Safari/537.36"
189.8.29.19 - - [27/Jun/2016:17:08:21 -0300] "OPTIONS /search/cities?limit=5 HTTP/1.1" 204 0 "https://guardioesdasaude.org/health-daily" "Mozilla/5.0 (Windows NT 6.3; Win64; x64) AppleWebKit/537.36 (KHTML, like Gecko) Chrome/51.0.2704.103 Safari/537.36"
189.8.29.19 - - [27/Jun/2016:17:08:21 -0300] "GET /user/survey/summary HTTP/1.1" 200 71 "https://guardioesdasaude.org/health-daily" "Mozilla/5.0 (Windows NT 6.3; Win64; x64) AppleWebKit/537.36 (KHTML, like Gecko) Chrome/51.0.2704.103 Safari/537.36"
189.8.29.19 - - [27/Jun/2016:17:08:21 -0300] "GET /user/calendar/month?month=6&year=2016 HTTP/1.1" 200 156 "https://guardioesdasaude.org/health-daily" "Mozilla/5.0 (Windows NT 6.3; Win64; x64) AppleWebKit/537.36 (KHTML, like Gecko) Chrome/51.0.2704.103 Safari/537.36"
189.8.29.19 - - [27/Jun/2016:17:08:21 -0300] "GET /user/calendar/year?year=2016 HTTP/1.1" 200 110 "https://guardioesdasaude.org/health-daily" "Mozilla/5.0 (Windows NT 6.3; Win64; x64) AppleWebKit/537.36 (KHTML, like Gecko) Chrome/51.0.2704.103 Safari/537.36"
189.8.29.19 - - [27/Jun/2016:17:08:21 -0300] "GET /search/cities?limit=5 HTTP/1.1" 200 165 "https://guardioesdasaude.org/health-daily" "Mozilla/5.0 (Windows NT 6.3; Win64; x64) AppleWebKit/537.36 (KHTML, like Gecko) Chrome/51.0.2704.103 Safari/537.36"
189.8.29.19 - - [27/Jun/2016:17:08:21 -0300] "OPTIONS /user/chart/month?month=6&year=2016 HTTP/1.1" 204 0 "https://guardioesdasaude.org/health-daily" "Mozilla/5.0 (Windows NT 6.3; Win64; x64) AppleWebKit/537.36 (KHTML, like Gecko) Chrome/51.0.2704.103 Safari/537.36"
189.8.29.19 - - [27/Jun/2016:17:08:21 -0300] "GET /user/calendar/month?month=6&year=2016 HTTP/1.1" 200 156 "https://guardioesdasaude.org/health-daily" "Mozilla/5.0 (Windows NT 6.3; Win64; x64) AppleWebKit/537.36 (KHTML, like Gecko) Chrome/51.0.2704.103 Safari/537.36"
189.8.29.19 - - [27/Jun/2016:17:08:22 -0300] "GET /user/chart/month?month=6&year=2016 HTTP/1.1" 200 122 "https://guardioesdasaude.org/health-daily" "Mozilla/5.0 (Windows NT 6.3; Win64; x64) AppleWebKit/537.36 (KHTML, like Gecko) Chrome/51.0.2704.103 Safari/537.36"
189.8.29.19 - - [27/Jun/2016:17:08:22 -0300] "GET /search/cities?limit=5 HTTP/1.1" 200 165 "https://guardioesdasaude.org/health-tips" "Mozilla/5.0 (Windows NT 6.3; Win64; x64) AppleWebKit/537.36 (KHTML, like Gecko) Chrome/51.0.2704.103 Safari/537.36"
54.247.188.179 - - [27/Jun/2016:17:08:33 -0300] "GET / HTTP/1.0" 200 11894 "-" "NewRelicPinger/1.0 (954132)"
54.251.34.67 - - [27/Jun/2016:17:08:44 -0300] "GET / HTTP/1.0" 200 11894 "-" "NewRelicPinger/1.0 (954132)"
173.66.126.222 - - [27/Jun/2016:17:08:52 -0300] "GET /user/lookup/ HTTP/1.1" 200 2914 "-" "Guardioes da Saude/2.0 (iPhone; iOS 9.3.2; Scale/2.00)"
173.66.126.222 - - [27/Jun/2016:17:08:52 -0300] "GET /user/calendar/day?&day=27&month=6&year=2016 HTTP/1.1" 200 58 "-" "Guardioes da Saude/2.0 (iPhone; iOS 9.3.2; Scale/2.00)"
173.66.126.222 - - [27/Jun/2016:17:09:00 -0300] "GET /symptoms HTTP/1.1" 304 0 "-" "Guardioes da Saude/2.0 (iPhone; iOS 9.3.2; Scale/2.00)"
54.248.250.232 - - [27/Jun/2016:17:09:00 -0300] "GET / HTTP/1.0" 200 11894 "-" "NewRelicPinger/1.0 (954132)"
173.66.126.222 - - [27/Jun/2016:17:09:08 -0300] "POST /survey/create HTTP/1.1" 200 571 "-" "Guardioes da Saude/2.0 (iPhone; iOS 9.3.2; Scale/2.00)"
173.66.126.222 - - [27/Jun/2016:17:09:11 -0300] "GET /user/calendar/day?&day=27&month=6&year=2016 HTTP/1.1" 200 116 "-" "Guardioes da Saude/2.0 (iPhone; iOS 9.3.2; Scale/2.00)"
184.73.237.85 - - [27/Jun/2016:17:09:14 -0300] "GET / HTTP/1.0" 200 11894 "-" "NewRelicPinger/1.0 (954132)"
173.66.126.222 - - [27/Jun/2016:17:09:18 -0300] "GET /user/household/56e1dca0b7bc6cce1326197f HTTP/1.1" 200 56 "-" "Guardioes da Saude/2.0 (iPhone; iOS 9.3.2; Scale/2.00)"
173.66.126.222 - - [27/Jun/2016:17:09:18 -0300] "GET /user/survey/summary HTTP/1.1" 200 71 "-" "Guardioes da Saude/2.0 (iPhone; iOS 9.3.2; Scale/2.00)"
173.66.126.222 - - [27/Jun/2016:17:09:18 -0300] "GET /user/calendar/year?&year=2016 HTTP/1.1" 200 146 "-" "Guardioes da Saude/2.0 (iPhone; iOS 9.3.2; Scale/2.00)"
173.66.126.222 - - [27/Jun/2016:17:09:18 -0300] "GET /user/calendar/month?&month=6&year=2016 HTTP/1.1" 200 145 "-" "Guardioes da Saude/2.0 (iPhone; iOS 9.3.2; Scale/2.00)"
173.66.126.222 - - [27/Jun/2016:17:09:32 -0300] "GET /user/household/56e1dca0b7bc6cce1326197f HTTP/1.1" 200 56 "-" "Guardioes da Saude/2.0 (iPhone; iOS 9.3.2; Scale/2.00)"
173.66.126.222 - - [27/Jun/2016:17:09:32 -0300] "GET /user/survey/summary HTTP/1.1" 200 71 "-" "Guardioes da Saude/2.0 (iPhone; iOS 9.3.2; Scale/2.00)"
173.66.126.222 - - [27/Jun/2016:17:09:32 -0300] "GET /user/calendar/month?&month=6&year=2016 HTTP/1.1" 200 145 "-" "Guardioes da Saude/2.0 (iPhone; iOS 9.3.2; Scale/2.00)"
173.66.126.222 - - [27/Jun/2016:17:09:32 -0300] "GET /user/calendar/year?&year=2016 HTTP/1.1" 200 146 "-" "Guardioes da Saude/2.0 (iPhone; iOS 9.3.2; Scale/2.00)"
50.112.95.211 - - [27/Jun/2016:17:09:52 -0300] "GET / HTTP/1.0" 200 11894 "-" "NewRelicPinger/1.0 (954132)"
54.247.188.179 - - [27/Jun/2016:17:11:03 -0300] "GET / HTTP/1.0" 200 11894 "-" "NewRelicPinger/1.0 (954132)"
54.251.34.67 - - [27/Jun/2016:17:11:14 -0300] "GET / HTTP/1.0" 200 11894 "-" "NewRelicPinger/1.0 (954132)"
54.248.250.232 - - [27/Jun/2016:17:11:30 -0300] "GET / HTTP/1.0" 200 11894 "-" "NewRelicPinger/1.0 (954132)"
184.73.237.85 - - [27/Jun/2016:17:11:43 -0300] "GET / HTTP/1.0" 200 11894 "-" "NewRelicPinger/1.0 (954132)"
50.112.95.211 - - [27/Jun/2016:17:12:21 -0300] "GET / HTTP/1.0" 200 11894 "-" "NewRelicPinger/1.0 (954132)"
54.247.188.179 - - [27/Jun/2016:17:13:33 -0300] "GET / HTTP/1.0" 200 11894 "-" "NewRelicPinger/1.0 (954132)"
54.251.34.67 - - [27/Jun/2016:17:13:44 -0300] "GET / HTTP/1.0" 200 11894 "-" "NewRelicPinger/1.0 (954132)"
54.248.250.232 - - [27/Jun/2016:17:14:00 -0300] "GET / HTTP/1.0" 200 11894 "-" "NewRelicPinger/1.0 (954132)"
184.73.237.85 - - [27/Jun/2016:17:14:13 -0300] "GET / HTTP/1.0" 200 11894 "-" "NewRelicPinger/1.0 (954132)"
50.112.95.211 - - [27/Jun/2016:17:14:52 -0300] "GET / HTTP/1.0" 200 11894 "-" "NewRelicPinger/1.0 (954132)"
54.247.188.179 - - [27/Jun/2016:17:16:03 -0300] "GET / HTTP/1.0" 200 11894 "-" "NewRelicPinger/1.0 (954132)"
54.251.34.67 - - [27/Jun/2016:17:16:14 -0300] "GET / HTTP/1.0" 200 11894 "-" "NewRelicPinger/1.0 (954132)"
54.248.250.232 - - [27/Jun/2016:17:16:30 -0300] "GET / HTTP/1.0" 200 11894 "-" "NewRelicPinger/1.0 (954132)"
184.73.237.85 - - [27/Jun/2016:17:16:43 -0300] "GET / HTTP/1.0" 200 11894 "-" "NewRelicPinger/1.0 (954132)"
50.112.95.211 - - [27/Jun/2016:17:17:21 -0300] "GET / HTTP/1.0" 200 11894 "-" "NewRelicPinger/1.0 (954132)"
54.247.188.179 - - [27/Jun/2016:17:18:33 -0300] "GET / HTTP/1.0" 200 11894 "-" "NewRelicPinger/1.0 (954132)"
54.251.34.67 - - [27/Jun/2016:17:18:44 -0300] "GET / HTTP/1.0" 200 11894 "-" "NewRelicPinger/1.0 (954132)"
177.38.200.177 - - [27/Jun/2016:17:18:57 -0300] "GET /user/lookup/ HTTP/1.1" 200 4091 "-" "Dalvik/2.1.0 (Linux; U; Android 6.0; Android SDK built for x86 Build/MASTER)"
54.248.250.232 - - [27/Jun/2016:17:19:00 -0300] "GET / HTTP/1.0" 200 11894 "-" "NewRelicPinger/1.0 (954132)"
184.73.237.85 - - [27/Jun/2016:17:19:12 -0300] "GET / HTTP/1.0" 200 11894 "-" "NewRelicPinger/1.0 (954132)"
50.112.95.211 - - [27/Jun/2016:17:19:51 -0300] "GET / HTTP/1.0" 200 11894 "-" "NewRelicPinger/1.0 (954132)"
54.247.188.179 - - [27/Jun/2016:17:21:03 -0300] "GET / HTTP/1.0" 200 11894 "-" "NewRelicPinger/1.0 (954132)"
54.251.34.67 - - [27/Jun/2016:17:21:14 -0300] "GET / HTTP/1.0" 200 11894 "-" "NewRelicPinger/1.0 (954132)"
54.248.250.232 - - [27/Jun/2016:17:21:30 -0300] "GET / HTTP/1.0" 200 11894 "-" "NewRelicPinger/1.0 (954132)"
184.73.237.85 - - [27/Jun/2016:17:21:43 -0300] "GET / HTTP/1.0" 200 11894 "-" "NewRelicPinger/1.0 (954132)"
50.112.95.211 - - [27/Jun/2016:17:22:21 -0300] "GET / HTTP/1.0" 200 11894 "-" "NewRelicPinger/1.0 (954132)"
177.38.200.177 - - [27/Jun/2016:17:23:15 -0300] "GET /user/household/573f5c05fb2af3c50833b056 HTTP/1.1" 200 1448 "-" "Dalvik/2.1.0 (Linux; U; Android 6.0; XT1069 Build/MPB24.65-34)"
187.118.212.161 - - [27/Jun/2016:17:23:27 -0300] "GET /user/get?fb=null HTTP/1.1" 200 56 "-" "Dalvik/1.6.0 (Linux; U; Android 4.2.2; GT-I9063T Build/JDQ39)"
187.118.212.161 - - [27/Jun/2016:17:23:28 -0300] "GET /user/get?fb=1539228736385161 HTTP/1.1" 200 56 "-" "Dalvik/1.6.0 (Linux; U; Android 4.2.2; GT-I9063T Build/JDQ39)"
54.247.188.179 - - [27/Jun/2016:17:23:33 -0300] "GET / HTTP/1.0" 200 11894 "-" "NewRelicPinger/1.0 (954132)"
177.38.200.177 - - [27/Jun/2016:17:23:40 -0300] "GET /news/get HTTP/1.1" 200 4113 "-" "Dalvik/2.1.0 (Linux; U; Android 6.0; XT1069 Build/MPB24.65-34)"
54.251.34.67 - - [27/Jun/2016:17:23:44 -0300] "GET / HTTP/1.0" 200 11894 "-" "NewRelicPinger/1.0 (954132)"
54.248.250.232 - - [27/Jun/2016:17:24:00 -0300] "GET / HTTP/1.0" 200 11894 "-" "NewRelicPinger/1.0 (954132)"
184.73.237.85 - - [27/Jun/2016:17:24:14 -0300] "GET / HTTP/1.0" 200 11894 "-" "NewRelicPinger/1.0 (954132)"
187.118.212.161 - - [27/Jun/2016:17:24:51 -0300] "POST /user/create HTTP/1.1" 200 474 "-" "Dalvik/1.6.0 (Linux; U; Android 4.2.2; GT-I9063T Build/JDQ39)"
50.112.95.211 - - [27/Jun/2016:17:24:51 -0300] "GET / HTTP/1.0" 200 11894 "-" "NewRelicPinger/1.0 (954132)"
187.118.212.161 - - [27/Jun/2016:17:24:53 -0300] "POST /user/login HTTP/1.1" 200 658 "-" "Dalvik/1.6.0 (Linux; U; Android 4.2.2; GT-I9063T Build/JDQ39)"
187.118.212.161 - - [27/Jun/2016:17:24:54 -0300] "POST /user/create HTTP/1.1" 200 499 "-" "Dalvik/1.6.0 (Linux; U; Android 4.2.2; GT-I9063T Build/JDQ39)"
187.118.212.161 - - [27/Jun/2016:17:24:55 -0300] "POST /user/login HTTP/1.1" 200 663 "-" "Dalvik/1.6.0 (Linux; U; Android 4.2.2; GT-I9063T Build/JDQ39)"
54.247.188.179 - - [27/Jun/2016:17:26:03 -0300] "GET / HTTP/1.0" 200 11894 "-" "NewRelicPinger/1.0 (954132)"
54.251.34.67 - - [27/Jun/2016:17:26:14 -0300] "GET / HTTP/1.0" 200 11894 "-" "NewRelicPinger/1.0 (954132)"
54.248.250.232 - - [27/Jun/2016:17:26:30 -0300] "GET / HTTP/1.0" 200 11894 "-" "NewRelicPinger/1.0 (954132)"
184.73.237.85 - - [27/Jun/2016:17:26:43 -0300] "GET / HTTP/1.0" 200 11894 "-" "NewRelicPinger/1.0 (954132)"
50.112.95.211 - - [27/Jun/2016:17:27:21 -0300] "GET / HTTP/1.0" 200 11894 "-" "NewRelicPinger/1.0 (954132)"
54.247.188.179 - - [27/Jun/2016:17:28:33 -0300] "GET / HTTP/1.0" 200 11894 "-" "NewRelicPinger/1.0 (954132)"
54.251.34.67 - - [27/Jun/2016:17:28:44 -0300] "GET / HTTP/1.0" 200 11894 "-" "NewRelicPinger/1.0 (954132)"
54.248.250.232 - - [27/Jun/2016:17:29:00 -0300] "GET / HTTP/1.0" 200 11894 "-" "NewRelicPinger/1.0 (954132)"
184.73.237.85 - - [27/Jun/2016:17:29:12 -0300] "GET / HTTP/1.0" 200 11894 "-" "NewRelicPinger/1.0 (954132)"
50.112.95.211 - - [27/Jun/2016:17:29:51 -0300] "GET / HTTP/1.0" 200 11894 "-" "NewRelicPinger/1.0 (954132)"
54.247.188.179 - - [27/Jun/2016:17:31:03 -0300] "GET / HTTP/1.0" 200 11894 "-" "NewRelicPinger/1.0 (954132)"
54.251.34.67 - - [27/Jun/2016:17:31:14 -0300] "GET / HTTP/1.0" 200 11894 "-" "NewRelicPinger/1.0 (954132)"
54.248.250.232 - - [27/Jun/2016:17:31:30 -0300] "GET / HTTP/1.0" 200 11894 "-" "NewRelicPinger/1.0 (954132)"
184.73.237.85 - - [27/Jun/2016:17:31:43 -0300] "GET / HTTP/1.0" 200 11894 "-" "NewRelicPinger/1.0 (954132)"
50.112.95.211 - - [27/Jun/2016:17:32:21 -0300] "GET / HTTP/1.0" 200 11894 "-" "NewRelicPinger/1.0 (954132)"
54.247.188.179 - - [27/Jun/2016:17:33:33 -0300] "GET / HTTP/1.0" 200 11894 "-" "NewRelicPinger/1.0 (954132)"
54.251.34.67 - - [27/Jun/2016:17:33:44 -0300] "GET / HTTP/1.0" 200 11894 "-" "NewRelicPinger/1.0 (954132)"
54.248.250.232 - - [27/Jun/2016:17:34:00 -0300] "GET / HTTP/1.0" 200 11894 "-" "NewRelicPinger/1.0 (954132)"
184.73.237.85 - - [27/Jun/2016:17:34:13 -0300] "GET / HTTP/1.0" 200 11894 "-" "NewRelicPinger/1.0 (954132)"
50.112.95.211 - - [27/Jun/2016:17:34:51 -0300] "GET / HTTP/1.0" 200 11894 "-" "NewRelicPinger/1.0 (954132)"
54.247.188.179 - - [27/Jun/2016:17:36:04 -0300] "GET / HTTP/1.0" 200 11894 "-" "NewRelicPinger/1.0 (954132)"
54.251.34.67 - - [27/Jun/2016:17:36:14 -0300] "GET / HTTP/1.0" 200 11894 "-" "NewRelicPinger/1.0 (954132)"
54.248.250.232 - - [27/Jun/2016:17:36:30 -0300] "GET / HTTP/1.0" 200 11894 "-" "NewRelicPinger/1.0 (954132)"
184.73.237.85 - - [27/Jun/2016:17:36:43 -0300] "GET / HTTP/1.0" 200 11894 "-" "NewRelicPinger/1.0 (954132)"
50.112.95.211 - - [27/Jun/2016:17:37:21 -0300] "GET / HTTP/1.0" 200 11894 "-" "NewRelicPinger/1.0 (954132)"
54.247.188.179 - - [27/Jun/2016:17:38:33 -0300] "GET / HTTP/1.0" 200 11894 "-" "NewRelicPinger/1.0 (954132)"
54.251.34.67 - - [27/Jun/2016:17:38:44 -0300] "GET / HTTP/1.0" 200 11894 "-" "NewRelicPinger/1.0 (954132)"
54.248.250.232 - - [27/Jun/2016:17:39:00 -0300] "GET / HTTP/1.0" 200 11894 "-" "NewRelicPinger/1.0 (954132)"
184.73.237.85 - - [27/Jun/2016:17:39:13 -0300] "GET / HTTP/1.0" 200 11894 "-" "NewRelicPinger/1.0 (954132)"
50.112.95.211 - - [27/Jun/2016:17:39:51 -0300] "GET / HTTP/1.0" 200 11894 "-" "NewRelicPinger/1.0 (954132)"
187.118.212.161 - - [27/Jun/2016:17:40:44 -0300] "GET /user/household/57718b93b5d0643e1666313d HTTP/1.1" 403 114 "-" "Dalvik/1.6.0 (Linux; U; Android 4.2.2; GT-I9063T Build/JDQ39)"
54.247.188.179 - - [27/Jun/2016:17:41:03 -0300] "GET / HTTP/1.0" 200 11894 "-" "NewRelicPinger/1.0 (954132)"
54.251.34.67 - - [27/Jun/2016:17:41:14 -0300] "GET / HTTP/1.0" 200 11894 "-" "NewRelicPinger/1.0 (954132)"
54.248.250.232 - - [27/Jun/2016:17:41:30 -0300] "GET / HTTP/1.0" 200 11894 "-" "NewRelicPinger/1.0 (954132)"
184.73.237.85 - - [27/Jun/2016:17:41:44 -0300] "GET / HTTP/1.0" 200 11894 "-" "NewRelicPinger/1.0 (954132)"
50.112.95.211 - - [27/Jun/2016:17:42:22 -0300] "GET / HTTP/1.0" 200 11894 "-" "NewRelicPinger/1.0 (954132)"
177.38.200.177 - - [27/Jun/2016:17:42:34 -0300] "GET /news/get HTTP/1.1" 200 4112 "-" "Dalvik/2.1.0 (Linux; U; Android 6.0; Android SDK built for x86 Build/MASTER)"
177.38.200.177 - - [27/Jun/2016:17:42:40 -0300] "GET /news/get HTTP/1.1" 200 4112 "-" "Dalvik/2.1.0 (Linux; U; Android 6.0; Android SDK built for x86 Build/MASTER)"
54.247.188.179 - - [27/Jun/2016:17:43:33 -0300] "GET / HTTP/1.0" 200 11894 "-" "NewRelicPinger/1.0 (954132)"
54.251.34.67 - - [27/Jun/2016:17:43:44 -0300] "GET / HTTP/1.0" 200 11894 "-" "NewRelicPinger/1.0 (954132)"
54.248.250.232 - - [27/Jun/2016:17:44:00 -0300] "GET / HTTP/1.0" 200 11894 "-" "NewRelicPinger/1.0 (954132)"
177.38.200.177 - - [27/Jun/2016:17:44:08 -0300] "GET /user/lookup/ HTTP/1.1" 200 4089 "-" "Dalvik/2.1.0 (Linux; U; Android 6.0; Android SDK built for x86 Build/MASTER)"
184.73.237.85 - - [27/Jun/2016:17:44:12 -0300] "GET / HTTP/1.0" 200 11894 "-" "NewRelicPinger/1.0 (954132)"
50.112.95.211 - - [27/Jun/2016:17:44:52 -0300] "GET / HTTP/1.0" 200 11894 "-" "NewRelicPinger/1.0 (954132)"
177.38.200.177 - - [27/Jun/2016:17:46:02 -0300] "GET /user/household/56e1ec59b4b758d31330799f HTTP/1.1" 200 2553 "-" "Dalvik/2.1.0 (Linux; U; Android 6.0; Android SDK built for x86 Build/MASTER)"
54.247.188.179 - - [27/Jun/2016:17:46:04 -0300] "GET / HTTP/1.0" 200 11894 "-" "NewRelicPinger/1.0 (954132)"
54.251.34.67 - - [27/Jun/2016:17:46:14 -0300] "GET / HTTP/1.0" 200 11894 "-" "NewRelicPinger/1.0 (954132)"
54.248.250.232 - - [27/Jun/2016:17:46:30 -0300] "GET / HTTP/1.0" 200 11894 "-" "NewRelicPinger/1.0 (954132)"
184.73.237.85 - - [27/Jun/2016:17:46:43 -0300] "GET / HTTP/1.0" 200 11894 "-" "NewRelicPinger/1.0 (954132)"
187.118.212.161 - - [27/Jun/2016:17:46:58 -0300] "POST /survey/create HTTP/1.1" 403 114 "-" "Dalvik/1.6.0 (Linux; U; Android 4.2.2; GT-I9063T Build/JDQ39)"
50.112.95.211 - - [27/Jun/2016:17:47:21 -0300] "GET / HTTP/1.0" 200 11894 "-" "NewRelicPinger/1.0 (954132)"
187.118.212.161 - - [27/Jun/2016:17:47:57 -0300] "POST /survey/create HTTP/1.1" 403 114 "-" "Dalvik/1.6.0 (Linux; U; Android 4.2.2; GT-I9063T Build/JDQ39)"
54.247.188.179 - - [27/Jun/2016:17:48:34 -0300] "GET / HTTP/1.0" 200 11894 "-" "NewRelicPinger/1.0 (954132)"
54.251.34.67 - - [27/Jun/2016:17:48:44 -0300] "GET / HTTP/1.0" 200 11894 "-" "NewRelicPinger/1.0 (954132)"
54.248.250.232 - - [27/Jun/2016:17:49:00 -0300] "GET / HTTP/1.0" 200 11894 "-" "NewRelicPinger/1.0 (954132)"
184.73.237.85 - - [27/Jun/2016:17:49:13 -0300] "GET / HTTP/1.0" 200 11894 "-" "NewRelicPinger/1.0 (954132)"
50.112.95.211 - - [27/Jun/2016:17:49:52 -0300] "GET / HTTP/1.0" 200 11894 "-" "NewRelicPinger/1.0 (954132)"
54.247.188.179 - - [27/Jun/2016:17:51:04 -0300] "GET / HTTP/1.0" 200 11894 "-" "NewRelicPinger/1.0 (954132)"
54.251.34.67 - - [27/Jun/2016:17:51:14 -0300] "GET / HTTP/1.0" 200 11894 "-" "NewRelicPinger/1.0 (954132)"
54.248.250.232 - - [27/Jun/2016:17:51:30 -0300] "GET / HTTP/1.0" 200 11894 "-" "NewRelicPinger/1.0 (954132)"
184.73.237.85 - - [27/Jun/2016:17:51:43 -0300] "GET / HTTP/1.0" 200 11894 "-" "NewRelicPinger/1.0 (954132)"
50.112.95.211 - - [27/Jun/2016:17:52:22 -0300] "GET / HTTP/1.0" 200 11894 "-" "NewRelicPinger/1.0 (954132)"
54.247.188.179 - - [27/Jun/2016:17:53:33 -0300] "GET / HTTP/1.0" 200 11894 "-" "NewRelicPinger/1.0 (954132)"
54.251.34.67 - - [27/Jun/2016:17:53:44 -0300] "GET / HTTP/1.0" 200 11894 "-" "NewRelicPinger/1.0 (954132)"
54.248.250.232 - - [27/Jun/2016:17:54:00 -0300] "GET / HTTP/1.0" 200 11894 "-" "NewRelicPinger/1.0 (954132)"
184.73.237.85 - - [27/Jun/2016:17:54:13 -0300] "GET / HTTP/1.0" 200 11894 "-" "NewRelicPinger/1.0 (954132)"
50.112.95.211 - - [27/Jun/2016:17:54:53 -0300] "GET / HTTP/1.0" 200 11894 "-" "NewRelicPinger/1.0 (954132)"
177.38.200.177 - - [27/Jun/2016:17:55:26 -0300] "GET /user/household/56e1ec59b4b758d31330799f HTTP/1.1" 200 2553 "-" "Dalvik/2.1.0 (Linux; U; Android 6.0; Android SDK built for x86 Build/MASTER)"
177.38.200.177 - - [27/Jun/2016:17:55:58 -0300] "GET /user/lookup/ HTTP/1.1" 200 4090 "-" "Dalvik/2.1.0 (Linux; U; Android 6.0; Android SDK built for x86 Build/MASTER)"
54.247.188.179 - - [27/Jun/2016:17:56:04 -0300] "GET / HTTP/1.0" 200 11894 "-" "NewRelicPinger/1.0 (954132)"
54.251.34.67 - - [27/Jun/2016:17:56:14 -0300] "GET / HTTP/1.0" 200 11894 "-" "NewRelicPinger/1.0 (954132)"
169.229.3.91 - - [27/Jun/2016:17:56:17 -0300] "\x00\xD4}}\x18v\x1B\x9D\xA0\xA0\x15\xF1\xFF+\x82\x827\x98bvS\xA9\x99\x03\x97\x84\xE8\x02\x16\xD7{\xB0\xA8\xFB\xFA\x00\xE95C\xF9\xEF\xB6gj~E\x10\xD8E\xE1\xEA\x84\xBFf\x15aa\x85^\x8B\xA7!\x03\x19" 400 166 "-" "-"
54.248.250.232 - - [27/Jun/2016:17:56:30 -0300] "GET / HTTP/1.0" 200 11894 "-" "NewRelicPinger/1.0 (954132)"
184.73.237.85 - - [27/Jun/2016:17:56:43 -0300] "GET / HTTP/1.0" 200 11894 "-" "NewRelicPinger/1.0 (954132)"
50.112.95.211 - - [27/Jun/2016:17:57:22 -0300] "GET / HTTP/1.0" 200 11894 "-" "NewRelicPinger/1.0 (954132)"
177.38.200.177 - - [27/Jun/2016:17:57:23 -0300] "GET /user/household/56e1ec59b4b758d31330799f HTTP/1.1" 200 2553 "-" "Dalvik/2.1.0 (Linux; U; Android 6.0; Android SDK built for x86 Build/MASTER)"
54.247.188.179 - - [27/Jun/2016:17:58:34 -0300] "GET / HTTP/1.0" 200 11894 "-" "NewRelicPinger/1.0 (954132)"
177.38.200.177 - - [27/Jun/2016:17:58:36 -0300] "GET /user/lookup/ HTTP/1.1" 200 4090 "-" "Dalvik/2.1.0 (Linux; U; Android 6.0; Android SDK built for x86 Build/MASTER)"
54.251.34.67 - - [27/Jun/2016:17:58:44 -0300] "GET / HTTP/1.0" 200 11894 "-" "NewRelicPinger/1.0 (954132)"
54.248.250.232 - - [27/Jun/2016:17:59:00 -0300] "GET / HTTP/1.0" 200 11894 "-" "NewRelicPinger/1.0 (954132)"
184.73.237.85 - - [27/Jun/2016:17:59:13 -0300] "GET / HTTP/1.0" 200 11894 "-" "NewRelicPinger/1.0 (954132)"
50.112.95.211 - - [27/Jun/2016:17:59:52 -0300] "GET / HTTP/1.0" 200 11894 "-" "NewRelicPinger/1.0 (954132)"
54.247.188.179 - - [27/Jun/2016:18:01:04 -0300] "GET / HTTP/1.0" 200 11894 "-" "NewRelicPinger/1.0 (954132)"
201.86.201.186 - - [27/Jun/2016:18:01:07 -0300] "OPTIONS /search/cities?limit=5 HTTP/1.1" 204 0 "https://guardioesdasaude.org/" "Mozilla/5.0 (Windows NT 5.1) AppleWebKit/537.36 (KHTML, like Gecko) Chrome/49.0.2623.112 Safari/537.36"
201.86.201.186 - - [27/Jun/2016:18:01:08 -0300] "GET /search/cities?limit=5 HTTP/1.1" 200 165 "https://guardioesdasaude.org/" "Mozilla/5.0 (Windows NT 5.1) AppleWebKit/537.36 (KHTML, like Gecko) Chrome/49.0.2623.112 Safari/537.36"
54.251.34.67 - - [27/Jun/2016:18:01:14 -0300] "GET / HTTP/1.0" 200 11894 "-" "NewRelicPinger/1.0 (954132)"
54.248.250.232 - - [27/Jun/2016:18:01:30 -0300] "GET / HTTP/1.0" 200 11894 "-" "NewRelicPinger/1.0 (954132)"
184.73.237.85 - - [27/Jun/2016:18:01:43 -0300] "GET / HTTP/1.0" 200 11894 "-" "NewRelicPinger/1.0 (954132)"
50.112.95.211 - - [27/Jun/2016:18:02:22 -0300] "GET / HTTP/1.0" 200 11894 "-" "NewRelicPinger/1.0 (954132)"
54.247.188.179 - - [27/Jun/2016:18:03:34 -0300] "GET / HTTP/1.0" 200 11894 "-" "NewRelicPinger/1.0 (954132)"
54.251.34.67 - - [27/Jun/2016:18:03:44 -0300] "GET / HTTP/1.0" 200 11894 "-" "NewRelicPinger/1.0 (954132)"
54.248.250.232 - - [27/Jun/2016:18:04:00 -0300] "GET / HTTP/1.0" 200 11894 "-" "NewRelicPinger/1.0 (954132)"
184.73.237.85 - - [27/Jun/2016:18:04:13 -0300] "GET / HTTP/1.0" 200 11894 "-" "NewRelicPinger/1.0 (954132)"
177.135.152.114 - - [27/Jun/2016:18:04:45 -0300] "OPTIONS /search/cities?limit=5 HTTP/1.1" 204 0 "https://guardioesdasaude.org/" "Mozilla/5.0 (Windows NT 10.0; Win64; x64) AppleWebKit/537.36 (KHTML, like Gecko) Chrome/51.0.2704.103 Safari/537.36"
177.135.152.114 - - [27/Jun/2016:18:04:45 -0300] "GET /search/cities?limit=5 HTTP/1.1" 200 165 "https://guardioesdasaude.org/" "Mozilla/5.0 (Windows NT 10.0; Win64; x64) AppleWebKit/537.36 (KHTML, like Gecko) Chrome/51.0.2704.103 Safari/537.36"
50.112.95.211 - - [27/Jun/2016:18:04:52 -0300] "GET / HTTP/1.0" 200 11894 "-" "NewRelicPinger/1.0 (954132)"
54.247.188.179 - - [27/Jun/2016:18:06:04 -0300] "GET / HTTP/1.0" 200 11894 "-" "NewRelicPinger/1.0 (954132)"
54.251.34.67 - - [27/Jun/2016:18:06:14 -0300] "GET / HTTP/1.0" 200 11894 "-" "NewRelicPinger/1.0 (954132)"
54.248.250.232 - - [27/Jun/2016:18:06:30 -0300] "GET / HTTP/1.0" 200 11894 "-" "NewRelicPinger/1.0 (954132)"
184.73.237.85 - - [27/Jun/2016:18:06:43 -0300] "GET / HTTP/1.0" 200 11894 "-" "NewRelicPinger/1.0 (954132)"
50.112.95.211 - - [27/Jun/2016:18:07:22 -0300] "GET / HTTP/1.0" 200 11894 "-" "NewRelicPinger/1.0 (954132)"
54.247.188.179 - - [27/Jun/2016:18:08:34 -0300] "GET / HTTP/1.0" 200 11894 "-" "NewRelicPinger/1.0 (954132)"
54.251.34.67 - - [27/Jun/2016:18:08:44 -0300] "GET / HTTP/1.0" 200 11894 "-" "NewRelicPinger/1.0 (954132)"
54.248.250.232 - - [27/Jun/2016:18:09:00 -0300] "GET / HTTP/1.0" 200 11894 "-" "NewRelicPinger/1.0 (954132)"
184.73.237.85 - - [27/Jun/2016:18:09:13 -0300] "GET / HTTP/1.0" 200 11894 "-" "NewRelicPinger/1.0 (954132)"
50.112.95.211 - - [27/Jun/2016:18:09:52 -0300] "GET / HTTP/1.0" 200 11894 "-" "NewRelicPinger/1.0 (954132)"
177.38.200.177 - - [27/Jun/2016:18:10:06 -0300] "GET /user/lookup/ HTTP/1.1" 200 4089 "-" "Dalvik/2.1.0 (Linux; U; Android 6.0; Android SDK built for x86 Build/MASTER)"
54.247.188.179 - - [27/Jun/2016:18:11:04 -0300] "GET / HTTP/1.0" 200 11894 "-" "NewRelicPinger/1.0 (954132)"
54.251.34.67 - - [27/Jun/2016:18:11:15 -0300] "GET / HTTP/1.0" 200 11894 "-" "NewRelicPinger/1.0 (954132)"
54.248.250.232 - - [27/Jun/2016:18:11:30 -0300] "GET / HTTP/1.0" 200 11894 "-" "NewRelicPinger/1.0 (954132)"
184.73.237.85 - - [27/Jun/2016:18:11:44 -0300] "GET / HTTP/1.0" 200 11894 "-" "NewRelicPinger/1.0 (954132)"
50.112.95.211 - - [27/Jun/2016:18:12:22 -0300] "GET / HTTP/1.0" 200 11894 "-" "NewRelicPinger/1.0 (954132)"
54.247.188.179 - - [27/Jun/2016:18:13:34 -0300] "GET / HTTP/1.0" 200 11894 "-" "NewRelicPinger/1.0 (954132)"
54.251.34.67 - - [27/Jun/2016:18:13:44 -0300] "GET / HTTP/1.0" 200 11894 "-" "NewRelicPinger/1.0 (954132)"
54.248.250.232 - - [27/Jun/2016:18:14:00 -0300] "GET / HTTP/1.0" 200 11894 "-" "NewRelicPinger/1.0 (954132)"
184.73.237.85 - - [27/Jun/2016:18:14:14 -0300] "GET / HTTP/1.0" 200 11894 "-" "NewRelicPinger/1.0 (954132)"
50.112.95.211 - - [27/Jun/2016:18:14:52 -0300] "GET / HTTP/1.0" 200 11894 "-" "NewRelicPinger/1.0 (954132)"
54.247.188.179 - - [27/Jun/2016:18:16:04 -0300] "GET / HTTP/1.0" 200 11894 "-" "NewRelicPinger/1.0 (954132)"
54.251.34.67 - - [27/Jun/2016:18:16:14 -0300] "GET / HTTP/1.0" 200 11894 "-" "NewRelicPinger/1.0 (954132)"
54.248.250.232 - - [27/Jun/2016:18:16:30 -0300] "GET / HTTP/1.0" 200 11894 "-" "NewRelicPinger/1.0 (954132)"
184.73.237.85 - - [27/Jun/2016:18:16:44 -0300] "GET / HTTP/1.0" 200 11894 "-" "NewRelicPinger/1.0 (954132)"
50.112.95.211 - - [27/Jun/2016:18:17:22 -0300] "GET / HTTP/1.0" 200 11894 "-" "NewRelicPinger/1.0 (954132)"
54.247.188.179 - - [27/Jun/2016:18:18:34 -0300] "GET / HTTP/1.0" 200 11894 "-" "NewRelicPinger/1.0 (954132)"
54.251.34.67 - - [27/Jun/2016:18:18:44 -0300] "GET / HTTP/1.0" 200 11894 "-" "NewRelicPinger/1.0 (954132)"
54.248.250.232 - - [27/Jun/2016:18:19:00 -0300] "GET / HTTP/1.0" 200 11894 "-" "NewRelicPinger/1.0 (954132)"
184.73.237.85 - - [27/Jun/2016:18:19:14 -0300] "GET / HTTP/1.0" 200 11894 "-" "NewRelicPinger/1.0 (954132)"
50.112.95.211 - - [27/Jun/2016:18:19:52 -0300] "GET / HTTP/1.0" 200 11894 "-" "NewRelicPinger/1.0 (954132)"
54.247.188.179 - - [27/Jun/2016:18:21:04 -0300] "GET / HTTP/1.0" 200 11894 "-" "NewRelicPinger/1.0 (954132)"
54.251.34.67 - - [27/Jun/2016:18:21:14 -0300] "GET / HTTP/1.0" 200 11894 "-" "NewRelicPinger/1.0 (954132)"
54.248.250.232 - - [27/Jun/2016:18:21:30 -0300] "GET / HTTP/1.0" 200 11894 "-" "NewRelicPinger/1.0 (954132)"
184.73.237.85 - - [27/Jun/2016:18:21:44 -0300] "GET / HTTP/1.0" 200 11894 "-" "NewRelicPinger/1.0 (954132)"
50.112.95.211 - - [27/Jun/2016:18:22:22 -0300] "GET / HTTP/1.0" 200 11894 "-" "NewRelicPinger/1.0 (954132)"
54.247.188.179 - - [27/Jun/2016:18:23:35 -0300] "GET / HTTP/1.0" 200 11894 "-" "NewRelicPinger/1.0 (954132)"
54.251.34.67 - - [27/Jun/2016:18:23:44 -0300] "GET / HTTP/1.0" 200 11894 "-" "NewRelicPinger/1.0 (954132)"
54.248.250.232 - - [27/Jun/2016:18:24:00 -0300] "GET / HTTP/1.0" 200 11894 "-" "NewRelicPinger/1.0 (954132)"
184.73.237.85 - - [27/Jun/2016:18:24:14 -0300] "GET / HTTP/1.0" 200 11894 "-" "NewRelicPinger/1.0 (954132)"
50.112.95.211 - - [27/Jun/2016:18:24:52 -0300] "GET / HTTP/1.0" 200 11894 "-" "NewRelicPinger/1.0 (954132)"
54.247.188.179 - - [27/Jun/2016:18:26:05 -0300] "GET / HTTP/1.0" 200 11894 "-" "NewRelicPinger/1.0 (954132)"
54.251.34.67 - - [27/Jun/2016:18:26:14 -0300] "GET / HTTP/1.0" 200 11894 "-" "NewRelicPinger/1.0 (954132)"
54.248.250.232 - - [27/Jun/2016:18:26:30 -0300] "GET / HTTP/1.0" 200 11894 "-" "NewRelicPinger/1.0 (954132)"
184.73.237.85 - - [27/Jun/2016:18:26:44 -0300] "GET / HTTP/1.0" 200 11894 "-" "NewRelicPinger/1.0 (954132)"
177.38.200.177 - - [27/Jun/2016:18:27:24 -0300] "GET /user/household/56e1ec59b4b758d31330799f HTTP/1.1" 200 2553 "-" "Dalvik/2.1.0 (Linux; U; Android 6.0; Android SDK built for x86 Build/MASTER)"
50.112.95.211 - - [27/Jun/2016:18:27:24 -0300] "GET / HTTP/1.0" 200 11894 "-" "NewRelicPinger/1.0 (954132)"
54.247.188.179 - - [27/Jun/2016:18:28:34 -0300] "GET / HTTP/1.0" 200 11894 "-" "NewRelicPinger/1.0 (954132)"
54.251.34.67 - - [27/Jun/2016:18:28:44 -0300] "GET / HTTP/1.0" 200 11894 "-" "NewRelicPinger/1.0 (954132)"
54.248.250.232 - - [27/Jun/2016:18:29:00 -0300] "GET / HTTP/1.0" 200 11894 "-" "NewRelicPinger/1.0 (954132)"
184.73.237.85 - - [27/Jun/2016:18:29:14 -0300] "GET / HTTP/1.0" 200 11894 "-" "NewRelicPinger/1.0 (954132)"
50.112.95.211 - - [27/Jun/2016:18:29:54 -0300] "GET / HTTP/1.0" 200 11894 "-" "NewRelicPinger/1.0 (954132)"
54.247.188.179 - - [27/Jun/2016:18:31:04 -0300] "GET / HTTP/1.0" 200 11894 "-" "NewRelicPinger/1.0 (954132)"
54.251.34.67 - - [27/Jun/2016:18:31:14 -0300] "GET / HTTP/1.0" 200 11894 "-" "NewRelicPinger/1.0 (954132)"
54.248.250.232 - - [27/Jun/2016:18:31:30 -0300] "GET / HTTP/1.0" 200 11894 "-" "NewRelicPinger/1.0 (954132)"
184.73.237.85 - - [27/Jun/2016:18:31:44 -0300] "GET / HTTP/1.0" 200 11894 "-" "NewRelicPinger/1.0 (954132)"
50.112.95.211 - - [27/Jun/2016:18:32:25 -0300] "GET / HTTP/1.0" 200 11894 "-" "NewRelicPinger/1.0 (954132)"
54.247.188.179 - - [27/Jun/2016:18:33:34 -0300] "GET / HTTP/1.0" 200 11894 "-" "NewRelicPinger/1.0 (954132)"
54.251.34.67 - - [27/Jun/2016:18:33:45 -0300] "GET / HTTP/1.0" 200 11894 "-" "NewRelicPinger/1.0 (954132)"
54.248.250.232 - - [27/Jun/2016:18:34:00 -0300] "GET / HTTP/1.0" 200 11894 "-" "NewRelicPinger/1.0 (954132)"
184.73.237.85 - - [27/Jun/2016:18:34:14 -0300] "GET / HTTP/1.0" 200 11894 "-" "NewRelicPinger/1.0 (954132)"
50.112.95.211 - - [27/Jun/2016:18:34:54 -0300] "GET / HTTP/1.0" 200 11894 "-" "NewRelicPinger/1.0 (954132)"
187.118.212.161 - - [27/Jun/2016:18:34:57 -0300] "GET /user/get?fb=null HTTP/1.1" 200 56 "-" "Dalvik/1.6.0 (Linux; U; Android 4.2.2; GT-I9063T Build/JDQ39)"
187.118.212.161 - - [27/Jun/2016:18:34:58 -0300] "GET /user/get?fb=1539228736385161 HTTP/1.1" 200 634 "-" "Dalvik/1.6.0 (Linux; U; Android 4.2.2; GT-I9063T Build/JDQ39)"
54.247.188.179 - - [27/Jun/2016:18:36:05 -0300] "GET / HTTP/1.0" 200 11894 "-" "NewRelicPinger/1.0 (954132)"
54.251.34.67 - - [27/Jun/2016:18:36:15 -0300] "GET / HTTP/1.0" 200 11894 "-" "NewRelicPinger/1.0 (954132)"
54.248.250.232 - - [27/Jun/2016:18:36:30 -0300] "GET / HTTP/1.0" 200 11894 "-" "NewRelicPinger/1.0 (954132)"
184.73.237.85 - - [27/Jun/2016:18:36:44 -0300] "GET / HTTP/1.0" 200 11894 "-" "NewRelicPinger/1.0 (954132)"
50.112.95.211 - - [27/Jun/2016:18:37:25 -0300] "GET / HTTP/1.0" 200 11894 "-" "NewRelicPinger/1.0 (954132)"
54.247.188.179 - - [27/Jun/2016:18:38:35 -0300] "GET / HTTP/1.0" 200 11894 "-" "NewRelicPinger/1.0 (954132)"
54.251.34.67 - - [27/Jun/2016:18:38:45 -0300] "GET / HTTP/1.0" 200 11894 "-" "NewRelicPinger/1.0 (954132)"
54.248.250.232 - - [27/Jun/2016:18:39:00 -0300] "GET / HTTP/1.0" 200 11894 "-" "NewRelicPinger/1.0 (954132)"
184.73.237.85 - - [27/Jun/2016:18:39:14 -0300] "GET / HTTP/1.0" 200 11894 "-" "NewRelicPinger/1.0 (954132)"
50.112.95.211 - - [27/Jun/2016:18:39:54 -0300] "GET / HTTP/1.0" 200 11894 "-" "NewRelicPinger/1.0 (954132)"
187.118.212.161 - - [27/Jun/2016:18:40:02 -0300] "POST /user/create HTTP/1.1" 200 502 "-" "Dalvik/1.6.0 (Linux; U; Android 4.2.2; GT-I9063T Build/JDQ39)"
187.118.212.161 - - [27/Jun/2016:18:40:04 -0300] "POST /user/login HTTP/1.1" 200 664 "-" "Dalvik/1.6.0 (Linux; U; Android 4.2.2; GT-I9063T Build/JDQ39)"
187.118.212.161 - - [27/Jun/2016:18:40:06 -0300] "POST /user/create HTTP/1.1" 200 505 "-" "Dalvik/1.6.0 (Linux; U; Android 4.2.2; GT-I9063T Build/JDQ39)"
187.118.212.161 - - [27/Jun/2016:18:40:07 -0300] "POST /user/login HTTP/1.1" 200 665 "-" "Dalvik/1.6.0 (Linux; U; Android 4.2.2; GT-I9063T Build/JDQ39)"
54.247.188.179 - - [27/Jun/2016:18:41:06 -0300] "GET / HTTP/1.0" 200 11894 "-" "NewRelicPinger/1.0 (954132)"
54.251.34.67 - - [27/Jun/2016:18:41:15 -0300] "GET / HTTP/1.0" 200 11894 "-" "NewRelicPinger/1.0 (954132)"
54.248.250.232 - - [27/Jun/2016:18:41:30 -0300] "GET / HTTP/1.0" 200 11894 "-" "NewRelicPinger/1.0 (954132)"
184.73.237.85 - - [27/Jun/2016:18:41:45 -0300] "GET / HTTP/1.0" 200 11894 "-" "NewRelicPinger/1.0 (954132)"
187.118.212.161 - - [27/Jun/2016:18:41:52 -0300] "GET /user/household/57718b93b5d0643e1666313d HTTP/1.1" 403 114 "-" "Dalvik/1.6.0 (Linux; U; Android 4.2.2; GT-I9063T Build/JDQ39)"
187.118.212.161 - - [27/Jun/2016:18:41:53 -0300] "GET /user/survey/summary HTTP/1.1" 302 33 "-" "Dalvik/1.6.0 (Linux; U; Android 4.2.2; GT-I9063T Build/JDQ39)"
187.118.212.161 - - [27/Jun/2016:18:41:53 -0300] "GET /user/calendar/year?year=2016 HTTP/1.1" 302 33 "-" "Dalvik/1.6.0 (Linux; U; Android 4.2.2; GT-I9063T Build/JDQ39)"
187.118.212.161 - - [27/Jun/2016:18:41:53 -0300] "GET /user/login HTTP/1.1" 200 3060 "-" "Dalvik/1.6.0 (Linux; U; Android 4.2.2; GT-I9063T Build/JDQ39)"
187.118.212.161 - - [27/Jun/2016:18:41:54 -0300] "GET /user/login HTTP/1.1" 200 2981 "-" "Dalvik/1.6.0 (Linux; U; Android 4.2.2; GT-I9063T Build/JDQ39)"
187.118.212.161 - - [27/Jun/2016:18:41:54 -0300] "GET /user/calendar/month?&month=6&year=2016 HTTP/1.1" 302 33 "-" "Dalvik/1.6.0 (Linux; U; Android 4.2.2; GT-I9063T Build/JDQ39)"
187.118.212.161 - - [27/Jun/2016:18:41:54 -0300] "GET /user/login HTTP/1.1" 200 3065 "-" "Dalvik/1.6.0 (Linux; U; Android 4.2.2; GT-I9063T Build/JDQ39)"
187.118.212.161 - - [27/Jun/2016:18:42:06 -0300] "GET /user/household/57718b93b5d0643e1666313d HTTP/1.1" 403 114 "-" "Dalvik/1.6.0 (Linux; U; Android 4.2.2; GT-I9063T Build/JDQ39)"
50.112.95.211 - - [27/Jun/2016:18:42:24 -0300] "GET / HTTP/1.0" 200 11894 "-" "NewRelicPinger/1.0 (954132)"
187.118.212.161 - - [27/Jun/2016:18:43:19 -0300] "POST /household/create HTTP/1.1" 200 253 "-" "Dalvik/1.6.0 (Linux; U; Android 4.2.2; GT-I9063T Build/JDQ39)"
187.118.212.161 - - [27/Jun/2016:18:43:21 -0300] "GET /user/lookup/ HTTP/1.1" 200 706 "-" "Dalvik/1.6.0 (Linux; U; Android 4.2.2; GT-I9063T Build/JDQ39)"
54.247.188.179 - - [27/Jun/2016:18:43:35 -0300] "GET / HTTP/1.0" 200 11894 "-" "NewRelicPinger/1.0 (954132)"
54.251.34.67 - - [27/Jun/2016:18:43:45 -0300] "GET / HTTP/1.0" 200 11894 "-" "NewRelicPinger/1.0 (954132)"
54.248.250.232 - - [27/Jun/2016:18:44:00 -0300] "GET / HTTP/1.0" 200 11894 "-" "NewRelicPinger/1.0 (954132)"
184.73.237.85 - - [27/Jun/2016:18:44:27 -0300] "GET / HTTP/1.0" 200 11894 "-" "NewRelicPinger/1.0 (954132)"
187.118.212.161 - - [27/Jun/2016:18:44:28 -0300] "POST /survey/create HTTP/1.1" 403 114 "-" "Dalvik/1.6.0 (Linux; U; Android 4.2.2; GT-I9063T Build/JDQ39)"
50.112.95.211 - - [27/Jun/2016:18:44:53 -0300] "GET / HTTP/1.0" 200 11894 "-" "NewRelicPinger/1.0 (954132)"
187.118.212.161 - - [27/Jun/2016:18:45:45 -0300] "POST /survey/create HTTP/1.1" 403 114 "-" "Dalvik/1.6.0 (Linux; U; Android 4.2.2; GT-I9063T Build/JDQ39)"
187.118.212.161 - - [27/Jun/2016:18:46:04 -0300] "POST /survey/create HTTP/1.1" 403 114 "-" "Dalvik/1.6.0 (Linux; U; Android 4.2.2; GT-I9063T Build/JDQ39)"
54.247.188.179 - - [27/Jun/2016:18:46:05 -0300] "GET / HTTP/1.0" 200 11894 "-" "NewRelicPinger/1.0 (954132)"
177.38.200.177 - - [27/Jun/2016:18:46:10 -0300] "GET /user/lookup/ HTTP/1.1" 200 4092 "-" "Dalvik/2.1.0 (Linux; U; Android 6.0; Android SDK built for x86 Build/MASTER)"
54.251.34.67 - - [27/Jun/2016:18:46:15 -0300] "GET / HTTP/1.0" 200 11894 "-" "NewRelicPinger/1.0 (954132)"
54.248.250.232 - - [27/Jun/2016:18:46:30 -0300] "GET / HTTP/1.0" 200 11894 "-" "NewRelicPinger/1.0 (954132)"
184.73.237.85 - - [27/Jun/2016:18:46:57 -0300] "GET / HTTP/1.0" 200 11894 "-" "NewRelicPinger/1.0 (954132)"
50.112.95.211 - - [27/Jun/2016:18:47:25 -0300] "GET / HTTP/1.0" 200 11894 "-" "NewRelicPinger/1.0 (954132)"
84.90.126.216 - - [27/Jun/2016:18:48:17 -0300] "OPTIONS /search/cities?limit=5 HTTP/1.1" 204 0 "https://guardioesdasaude.org/" "Mozilla/5.0 (Windows NT 10.0; WOW64) AppleWebKit/537.36 (KHTML, like Gecko) Chrome/51.0.2704.103 Safari/537.36"
84.90.126.216 - - [27/Jun/2016:18:48:19 -0300] "GET /search/cities?limit=5 HTTP/1.1" 200 165 "https://guardioesdasaude.org/" "Mozilla/5.0 (Windows NT 10.0; WOW64) AppleWebKit/537.36 (KHTML, like Gecko) Chrome/51.0.2704.103 Safari/537.36"
54.247.188.179 - - [27/Jun/2016:18:48:35 -0300] "GET / HTTP/1.0" 200 11894 "-" "NewRelicPinger/1.0 (954132)"
54.251.34.67 - - [27/Jun/2016:18:48:46 -0300] "GET / HTTP/1.0" 200 11894 "-" "NewRelicPinger/1.0 (954132)"
54.248.250.232 - - [27/Jun/2016:18:49:00 -0300] "GET / HTTP/1.0" 200 11894 "-" "NewRelicPinger/1.0 (954132)"
177.38.200.177 - - [27/Jun/2016:18:49:04 -0300] "GET /user/household/56e1ec59b4b758d31330799f HTTP/1.1" 200 2553 "-" "Dalvik/2.1.0 (Linux; U; Android 6.0; Android SDK built for x86 Build/MASTER)"
184.73.237.85 - - [27/Jun/2016:18:49:43 -0300] "GET / HTTP/1.0" 200 11894 "-" "NewRelicPinger/1.0 (954132)"
50.112.95.211 - - [27/Jun/2016:18:49:54 -0300] "GET / HTTP/1.0" 200 11894 "-" "NewRelicPinger/1.0 (954132)"
177.38.200.177 - - [27/Jun/2016:18:49:57 -0300] "GET /user/lookup/ HTTP/1.1" 200 4089 "-" "Dalvik/2.1.0 (Linux; U; Android 6.0; Android SDK built for x86 Build/MASTER)"
54.247.188.179 - - [27/Jun/2016:18:51:06 -0300] "GET / HTTP/1.0" 200 11894 "-" "NewRelicPinger/1.0 (954132)"
54.251.34.67 - - [27/Jun/2016:18:51:15 -0300] "GET / HTTP/1.0" 200 11894 "-" "NewRelicPinger/1.0 (954132)"
54.248.250.232 - - [27/Jun/2016:18:51:30 -0300] "GET / HTTP/1.0" 200 11894 "-" "NewRelicPinger/1.0 (954132)"
177.38.200.177 - - [27/Jun/2016:18:51:56 -0300] "GET /user/household/56e1ec59b4b758d31330799f HTTP/1.1" 200 2553 "-" "Dalvik/2.1.0 (Linux; U; Android 6.0; Android SDK built for x86 Build/MASTER)"
184.73.237.85 - - [27/Jun/2016:18:52:12 -0300] "GET / HTTP/1.0" 200 11894 "-" "NewRelicPinger/1.0 (954132)"
50.112.95.211 - - [27/Jun/2016:18:52:24 -0300] "GET / HTTP/1.0" 200 11894 "-" "NewRelicPinger/1.0 (954132)"
177.38.200.177 - - [27/Jun/2016:18:53:06 -0300] "GET /user/lookup/ HTTP/1.1" 200 4088 "-" "Dalvik/2.1.0 (Linux; U; Android 6.0; Android SDK built for x86 Build/MASTER)"
54.247.188.179 - - [27/Jun/2016:18:53:35 -0300] "GET / HTTP/1.0" 200 11894 "-" "NewRelicPinger/1.0 (954132)"
54.251.34.67 - - [27/Jun/2016:18:53:45 -0300] "GET / HTTP/1.0" 200 11894 "-" "NewRelicPinger/1.0 (954132)"
54.248.250.232 - - [27/Jun/2016:18:54:00 -0300] "GET / HTTP/1.0" 200 11894 "-" "NewRelicPinger/1.0 (954132)"
184.73.237.85 - - [27/Jun/2016:18:54:42 -0300] "GET / HTTP/1.0" 200 11894 "-" "NewRelicPinger/1.0 (954132)"
50.112.95.211 - - [27/Jun/2016:18:54:54 -0300] "GET / HTTP/1.0" 200 11894 "-" "NewRelicPinger/1.0 (954132)"
177.38.200.177 - - [27/Jun/2016:18:55:46 -0300] "GET /user/household/56e1ec59b4b758d31330799f HTTP/1.1" 200 2553 "-" "Dalvik/2.1.0 (Linux; U; Android 6.0; Android SDK built for x86 Build/MASTER)"
54.247.188.179 - - [27/Jun/2016:18:56:05 -0300] "GET / HTTP/1.0" 200 11894 "-" "NewRelicPinger/1.0 (954132)"
54.251.34.67 - - [27/Jun/2016:18:56:15 -0300] "GET / HTTP/1.0" 200 11894 "-" "NewRelicPinger/1.0 (954132)"
54.248.250.232 - - [27/Jun/2016:18:56:30 -0300] "GET / HTTP/1.0" 200 11894 "-" "NewRelicPinger/1.0 (954132)"
184.73.237.85 - - [27/Jun/2016:18:57:11 -0300] "GET / HTTP/1.0" 200 11894 "-" "NewRelicPinger/1.0 (954132)"
50.112.95.211 - - [27/Jun/2016:18:57:25 -0300] "GET / HTTP/1.0" 200 11894 "-" "NewRelicPinger/1.0 (954132)"
54.247.188.179 - - [27/Jun/2016:18:58:35 -0300] "GET / HTTP/1.0" 200 11894 "-" "NewRelicPinger/1.0 (954132)"
54.251.34.67 - - [27/Jun/2016:18:58:45 -0300] "GET / HTTP/1.0" 200 11894 "-" "NewRelicPinger/1.0 (954132)"
54.248.250.232 - - [27/Jun/2016:18:59:00 -0300] "GET / HTTP/1.0" 200 11894 "-" "NewRelicPinger/1.0 (954132)"
184.73.237.85 - - [27/Jun/2016:18:59:42 -0300] "GET / HTTP/1.0" 200 11894 "-" "NewRelicPinger/1.0 (954132)"
50.112.95.211 - - [27/Jun/2016:18:59:54 -0300] "GET / HTTP/1.0" 200 11894 "-" "NewRelicPinger/1.0 (954132)"
54.247.188.179 - - [27/Jun/2016:19:01:05 -0300] "GET / HTTP/1.0" 200 11894 "-" "NewRelicPinger/1.0 (954132)"
54.251.34.67 - - [27/Jun/2016:19:01:15 -0300] "GET / HTTP/1.0" 200 11894 "-" "NewRelicPinger/1.0 (954132)"
54.248.250.232 - - [27/Jun/2016:19:01:33 -0300] "GET / HTTP/1.0" 200 11894 "-" "NewRelicPinger/1.0 (954132)"
184.73.237.85 - - [27/Jun/2016:19:02:11 -0300] "GET / HTTP/1.0" 200 11894 "-" "NewRelicPinger/1.0 (954132)"
50.112.95.211 - - [27/Jun/2016:19:02:24 -0300] "GET / HTTP/1.0" 200 11894 "-" "NewRelicPinger/1.0 (954132)"
177.38.200.177 - - [27/Jun/2016:19:03:31 -0300] "GET /user/household/56e1ec59b4b758d31330799f HTTP/1.1" 200 2553 "-" "Dalvik/2.1.0 (Linux; U; Android 6.0; Android SDK built for x86 Build/MASTER)"
54.247.188.179 - - [27/Jun/2016:19:03:35 -0300] "GET / HTTP/1.0" 200 11894 "-" "NewRelicPinger/1.0 (954132)"
54.251.34.67 - - [27/Jun/2016:19:03:45 -0300] "GET / HTTP/1.0" 200 11894 "-" "NewRelicPinger/1.0 (954132)"
54.248.250.232 - - [27/Jun/2016:19:04:03 -0300] "GET / HTTP/1.0" 200 11894 "-" "NewRelicPinger/1.0 (954132)"
184.73.237.85 - - [27/Jun/2016:19:04:41 -0300] "GET / HTTP/1.0" 200 11894 "-" "NewRelicPinger/1.0 (954132)"
50.112.95.211 - - [27/Jun/2016:19:04:55 -0300] "GET / HTTP/1.0" 200 11894 "-" "NewRelicPinger/1.0 (954132)"
