189.8.29.19 - - [19/Apr/2016:15:32:14 -0300] "GET /surveys/l?q=Inha%C3%BAma,%20Rio%20de%20Janeiro%20-%20RJ,%20Brasil HTTP/1.1" 404 5 "http://guardioesdasaude.org/health-map" "Mozilla/5.0 (Windows NT 6.3; WOW64) AppleWebKit/537.36 (KHTML, like Gecko) Chrome/49.0.2623.112 Safari/537.36"
189.8.29.19 - - [19/Apr/2016:15:32:15 -0300] "OPTIONS /surveys/l?lat=-22.82195358052106&lon=-43.320525284179666 HTTP/1.1" 204 0 "http://guardioesdasaude.org/health-map" "Mozilla/5.0 (Windows NT 6.3; WOW64) AppleWebKit/537.36 (KHTML, like Gecko) Chrome/49.0.2623.112 Safari/537.36"
189.8.29.19 - - [19/Apr/2016:15:32:15 -0300] "GET /surveys/summary?lat=-22.82195358052106&lon=-43.320525284179666 HTTP/1.1" 200 227 "http://guardioesdasaude.org/health-map" "Mozilla/5.0 (Windows NT 6.3; WOW64) AppleWebKit/537.36 (KHTML, like Gecko) Chrome/49.0.2623.112 Safari/537.36"
189.8.29.19 - - [19/Apr/2016:15:32:15 -0300] "OPTIONS /surveys/l?q=Avenida%20Chrisostomo%20Pimentel%20Oliveira%20pr%C3%B3ximo%20ao%201195%20-%20Pavuna,%20Rio%20de%20Janeiro%20-%20RJ,%20Brasil HTTP/1.1" 204 0 "http://guardioesdasaude.org/health-map" "Mozilla/5.0 (Windows NT 6.3; WOW64) AppleWebKit/537.36 (KHTML, like Gecko) Chrome/49.0.2623.112 Safari/537.36"
189.8.29.19 - - [19/Apr/2016:15:32:15 -0300] "GET /surveys/l?q=Penha,%20Rio%20de%20Janeiro%20-%20RJ,%20Brasil HTTP/1.1" 404 5 "http://guardioesdasaude.org/health-map" "Mozilla/5.0 (Windows NT 6.3; WOW64) AppleWebKit/537.36 (KHTML, like Gecko) Chrome/49.0.2623.112 Safari/537.36"
189.8.29.19 - - [19/Apr/2016:15:32:15 -0300] "GET /surveys/l?lat=-22.82195358052106&lon=-43.320525284179666 HTTP/1.1" 200 374 "http://guardioesdasaude.org/health-map" "Mozilla/5.0 (Windows NT 6.3; WOW64) AppleWebKit/537.36 (KHTML, like Gecko) Chrome/49.0.2623.112 Safari/537.36"
189.8.29.19 - - [19/Apr/2016:15:32:15 -0300] "GET /surveys/l?q=Avenida%20Chrisostomo%20Pimentel%20Oliveira%20pr%C3%B3ximo%20ao%201195%20-%20Pavuna,%20Rio%20de%20Janeiro%20-%20RJ,%20Brasil HTTP/1.1" 404 5 "http://guardioesdasaude.org/health-map" "Mozilla/5.0 (Windows NT 6.3; WOW64) AppleWebKit/537.36 (KHTML, like Gecko) Chrome/49.0.2623.112 Safari/537.36"
189.8.29.19 - - [19/Apr/2016:15:32:15 -0300] "GET /surveys/l?q=Penha,%20Rio%20de%20Janeiro%20-%20RJ,%20Brasil HTTP/1.1" 404 5 "http://guardioesdasaude.org/health-map" "Mozilla/5.0 (Windows NT 6.3; WOW64) AppleWebKit/537.36 (KHTML, like Gecko) Chrome/49.0.2623.112 Safari/537.36"
189.8.29.19 - - [19/Apr/2016:15:32:15 -0300] "GET /surveys/l?lat=-22.816573906510968&lon=-43.38506996191404 HTTP/1.1" 200 374 "http://guardioesdasaude.org/health-map" "Mozilla/5.0 (Windows NT 6.3; WOW64) AppleWebKit/537.36 (KHTML, like Gecko) Chrome/49.0.2623.112 Safari/537.36"
189.8.29.19 - - [19/Apr/2016:15:32:16 -0300] "OPTIONS /surveys/summary?lat=-22.76593127364061&lon=-43.22748481787107 HTTP/1.1" 204 0 "http://guardioesdasaude.org/health-map" "Mozilla/5.0 (Windows NT 6.3; WOW64) AppleWebKit/537.36 (KHTML, like Gecko) Chrome/49.0.2623.112 Safari/537.36"
189.8.29.19 - - [19/Apr/2016:15:32:16 -0300] "OPTIONS /surveys/l?lat=-22.76593127364061&lon=-43.22748481787107 HTTP/1.1" 204 0 "http://guardioesdasaude.org/health-map" "Mozilla/5.0 (Windows NT 6.3; WOW64) AppleWebKit/537.36 (KHTML, like Gecko) Chrome/49.0.2623.112 Safari/537.36"
189.8.29.19 - - [19/Apr/2016:15:32:16 -0300] "GET /surveys/l?q=Tijuca,%20Rio%20de%20Janeiro%20-%20RJ,%20Brasil HTTP/1.1" 404 5 "http://guardioesdasaude.org/health-map" "Mozilla/5.0 (Windows NT 6.3; WOW64) AppleWebKit/537.36 (KHTML, like Gecko) Chrome/49.0.2623.112 Safari/537.36"
189.8.29.19 - - [19/Apr/2016:15:32:16 -0300] "OPTIONS /surveys/summary?lat=-22.820687793992253&lon=-43.245680923828104 HTTP/1.1" 204 0 "http://guardioesdasaude.org/health-map" "Mozilla/5.0 (Windows NT 6.3; WOW64) AppleWebKit/537.36 (KHTML, like Gecko) Chrome/49.0.2623.112 Safari/537.36"
189.8.29.19 - - [19/Apr/2016:15:32:16 -0300] "OPTIONS /surveys/l?lat=-22.820687793992253&lon=-43.245680923828104 HTTP/1.1" 204 0 "http://guardioesdasaude.org/health-map" "Mozilla/5.0 (Windows NT 6.3; WOW64) AppleWebKit/537.36 (KHTML, like Gecko) Chrome/49.0.2623.112 Safari/537.36"
189.8.29.19 - - [19/Apr/2016:15:32:16 -0300] "GET /surveys/l?lat=-22.76593127364061&lon=-43.22748481787107 HTTP/1.1" 200 374 "http://guardioesdasaude.org/health-map" "Mozilla/5.0 (Windows NT 6.3; WOW64) AppleWebKit/537.36 (KHTML, like Gecko) Chrome/49.0.2623.112 Safari/537.36"
189.8.29.19 - - [19/Apr/2016:15:32:16 -0300] "GET /surveys/summary?lat=-22.76593127364061&lon=-43.22748481787107 HTTP/1.1" 200 213 "http://guardioesdasaude.org/health-map" "Mozilla/5.0 (Windows NT 6.3; WOW64) AppleWebKit/537.36 (KHTML, like Gecko) Chrome/49.0.2623.112 Safari/537.36"
189.8.29.19 - - [19/Apr/2016:15:32:17 -0300] "GET /surveys/l?lat=-22.820687793992253&lon=-43.245680923828104 HTTP/1.1" 200 374 "http://guardioesdasaude.org/health-map" "Mozilla/5.0 (Windows NT 6.3; WOW64) AppleWebKit/537.36 (KHTML, like Gecko) Chrome/49.0.2623.112 Safari/537.36"
189.8.29.19 - - [19/Apr/2016:15:32:17 -0300] "GET /surveys/summary?lat=-22.820687793992253&lon=-43.245680923828104 HTTP/1.1" 200 200 "http://guardioesdasaude.org/health-map" "Mozilla/5.0 (Windows NT 6.3; WOW64) AppleWebKit/537.36 (KHTML, like Gecko) Chrome/49.0.2623.112 Safari/537.36"
189.8.29.19 - - [19/Apr/2016:15:32:17 -0300] "OPTIONS /surveys/l?lat=-22.865616006213635&lon=-43.26868354833982 HTTP/1.1" 204 0 "http://guardioesdasaude.org/health-map" "Mozilla/5.0 (Windows NT 6.3; WOW64) AppleWebKit/537.36 (KHTML, like Gecko) Chrome/49.0.2623.112 Safari/537.36"
189.8.29.19 - - [19/Apr/2016:15:32:17 -0300] "OPTIONS /surveys/summary?lat=-22.865616006213635&lon=-43.26868354833982 HTTP/1.1" 204 0 "http://guardioesdasaude.org/health-map" "Mozilla/5.0 (Windows NT 6.3; WOW64) AppleWebKit/537.36 (KHTML, like Gecko) Chrome/49.0.2623.112 Safari/537.36"
189.8.29.19 - - [19/Apr/2016:15:32:17 -0300] "GET /surveys/l?lat=-22.865616006213635&lon=-43.26868354833982 HTTP/1.1" 200 374 "http://guardioesdasaude.org/health-map" "Mozilla/5.0 (Windows NT 6.3; WOW64) AppleWebKit/537.36 (KHTML, like Gecko) Chrome/49.0.2623.112 Safari/537.36"
189.8.29.19 - - [19/Apr/2016:15:32:17 -0300] "GET /surveys/summary?lat=-22.865616006213635&lon=-43.26868354833982 HTTP/1.1" 200 212 "http://guardioesdasaude.org/health-map" "Mozilla/5.0 (Windows NT 6.3; WOW64) AppleWebKit/537.36 (KHTML, like Gecko) Chrome/49.0.2623.112 Safari/537.36"
189.8.29.19 - - [19/Apr/2016:15:32:18 -0300] "OPTIONS /surveys/l?q=Iraj%C3%A1,%20Rio%20de%20Janeiro%20-%20RJ,%20Brasil HTTP/1.1" 204 0 "http://guardioesdasaude.org/health-map" "Mozilla/5.0 (Windows NT 6.3; WOW64) AppleWebKit/537.36 (KHTML, like Gecko) Chrome/49.0.2623.112 Safari/537.36"
189.8.29.19 - - [19/Apr/2016:15:32:18 -0300] "OPTIONS /surveys/l?q=Brasil HTTP/1.1" 204 0 "http://guardioesdasaude.org/health-map" "Mozilla/5.0 (Windows NT 6.3; WOW64) AppleWebKit/537.36 (KHTML, like Gecko) Chrome/49.0.2623.112 Safari/537.36"
189.8.29.19 - - [19/Apr/2016:15:32:18 -0300] "OPTIONS /surveys/l?q=Gale%C3%A3o,%20Rio%20de%20Janeiro%20-%20RJ,%20Brasil HTTP/1.1" 204 0 "http://guardioesdasaude.org/health-map" "Mozilla/5.0 (Windows NT 6.3; WOW64) AppleWebKit/537.36 (KHTML, like Gecko) Chrome/49.0.2623.112 Safari/537.36"
189.8.29.19 - - [19/Apr/2016:15:32:18 -0300] "OPTIONS /surveys/l?q=Estrada%20Do%20Itarare%20pr%C3%B3ximo%20ao%20958%20-%20Complexo%20do%20Alem%C3%A3o,%20Rio%20de%20Janeiro%20-%20RJ,%20Brasil HTTP/1.1" 204 0 "http://guardioesdasaude.org/health-map" "Mozilla/5.0 (Windows NT 6.3; WOW64) AppleWebKit/537.36 (KHTML, like Gecko) Chrome/49.0.2623.112 Safari/537.36"
189.8.29.19 - - [19/Apr/2016:15:32:18 -0300] "OPTIONS /surveys/summary?lat=-22.9282375890798&lon=-43.279326553710916 HTTP/1.1" 204 0 "http://guardioesdasaude.org/health-map" "Mozilla/5.0 (Windows NT 6.3; WOW64) AppleWebKit/537.36 (KHTML, like Gecko) Chrome/49.0.2623.112 Safari/537.36"
189.8.29.19 - - [19/Apr/2016:15:32:18 -0300] "OPTIONS /surveys/l?lat=-22.9282375890798&lon=-43.279326553710916 HTTP/1.1" 204 0 "http://guardioesdasaude.org/health-map" "Mozilla/5.0 (Windows NT 6.3; WOW64) AppleWebKit/537.36 (KHTML, like Gecko) Chrome/49.0.2623.112 Safari/537.36"
189.8.29.19 - - [19/Apr/2016:15:32:18 -0300] "GET /surveys/l?q=Iraj%C3%A1,%20Rio%20de%20Janeiro%20-%20RJ,%20Brasil HTTP/1.1" 404 5 "http://guardioesdasaude.org/health-map" "Mozilla/5.0 (Windows NT 6.3; WOW64) AppleWebKit/537.36 (KHTML, like Gecko) Chrome/49.0.2623.112 Safari/537.36"
189.8.29.19 - - [19/Apr/2016:15:32:18 -0300] "GET /surveys/l?q=Brasil HTTP/1.1" 404 5 "http://guardioesdasaude.org/health-map" "Mozilla/5.0 (Windows NT 6.3; WOW64) AppleWebKit/537.36 (KHTML, like Gecko) Chrome/49.0.2623.112 Safari/537.36"
189.8.29.19 - - [19/Apr/2016:15:32:18 -0300] "GET /surveys/l?lat=-22.9282375890798&lon=-43.279326553710916 HTTP/1.1" 200 374 "http://guardioesdasaude.org/health-map" "Mozilla/5.0 (Windows NT 6.3; WOW64) AppleWebKit/537.36 (KHTML, like Gecko) Chrome/49.0.2623.112 Safari/537.36"
189.8.29.19 - - [19/Apr/2016:15:32:18 -0300] "GET /surveys/summary?lat=-22.9282375890798&lon=-43.279326553710916 HTTP/1.1" 200 253 "http://guardioesdasaude.org/health-map" "Mozilla/5.0 (Windows NT 6.3; WOW64) AppleWebKit/537.36 (KHTML, like Gecko) Chrome/49.0.2623.112 Safari/537.36"
189.8.29.19 - - [19/Apr/2016:15:32:18 -0300] "GET /surveys/l?q=Jacarepagu%C3%A1,%20Rio%20de%20Janeiro%20-%20RJ,%20Brasil HTTP/1.1" 404 5 "http://guardioesdasaude.org/health-map" "Mozilla/5.0 (Windows NT 6.3; WOW64) AppleWebKit/537.36 (KHTML, like Gecko) Chrome/49.0.2623.112 Safari/537.36"
189.8.29.19 - - [19/Apr/2016:15:32:19 -0300] "GET /surveys/l?q=Gale%C3%A3o,%20Rio%20de%20Janeiro%20-%20RJ,%20Brasil HTTP/1.1" 404 5 "http://guardioesdasaude.org/health-map" "Mozilla/5.0 (Windows NT 6.3; WOW64) AppleWebKit/537.36 (KHTML, like Gecko) Chrome/49.0.2623.112 Safari/537.36"
189.8.29.19 - - [19/Apr/2016:15:32:19 -0300] "GET /surveys/l?q=Estrada%20Do%20Itarare%20pr%C3%B3ximo%20ao%20958%20-%20Complexo%20do%20Alem%C3%A3o,%20Rio%20de%20Janeiro%20-%20RJ,%20Brasil HTTP/1.1" 404 5 "http://guardioesdasaude.org/health-map" "Mozilla/5.0 (Windows NT 6.3; WOW64) AppleWebKit/537.36 (KHTML, like Gecko) Chrome/49.0.2623.112 Safari/537.36"
177.38.200.195 - - [19/Apr/2016:15:35:53 -0300] "GET /user/lookup/ HTTP/1.1" 200 2092 "-" "Guardioes da Saude/1.1.5 (iPhone; iOS 9.3; Scale/2.00)"
177.38.200.195 - - [19/Apr/2016:15:35:53 -0300] "GET /user/calendar/day?&day=19&month=4&year=2016 HTTP/1.1" 200 116 "-" "Guardioes da Saude/1.1.5 (iPhone; iOS 9.3; Scale/2.00)"
177.38.200.195 - - [19/Apr/2016:15:35:55 -0300] "GET /user/household/56dd8e84672f8c8a1f30b4ab HTTP/1.1" 200 641 "-" "Guardioes da Saude/1.1.5 (iPhone; iOS 9.3; Scale/2.00)"
189.46.192.131 - - [19/Apr/2016:15:36:35 -0300] "OPTIONS /search/cities?limit=5 HTTP/1.1" 204 0 "http://guardioesdasaude.org/" "Mozilla/5.0 (Linux; Android 4.4.2; D2104 Build/20.1.B.2.29) AppleWebKit/537.36 (KHTML, like Gecko) Chrome/40.0.2214.109 Mobile Safari/537.36"
189.46.192.131 - - [19/Apr/2016:15:36:36 -0300] "GET /search/cities?limit=5 HTTP/1.1" 200 165 "http://guardioesdasaude.org/" "Mozilla/5.0 (Linux; Android 4.4.2; D2104 Build/20.1.B.2.29) AppleWebKit/537.36 (KHTML, like Gecko) Chrome/40.0.2214.109 Mobile Safari/537.36"
189.40.79.82 - - [19/Apr/2016:15:37:44 -0300] "GET /user/household/56d87bb9852235370d360e84 HTTP/1.1" 200 998 "-" "Dalvik/2.1.0 (Linux; U; Android 5.1.1; SM-J500M Build/LMY48B)"
200.206.222.166 - - [19/Apr/2016:15:37:45 -0300] "POST /user/create HTTP/1.1" 200 672 "-" "Dalvik/1.6.0 (Linux; U; Android 4.4.2; Venue 8 3830 Build/KOT49H)"
189.40.79.82 - - [19/Apr/2016:15:37:52 -0300] "GET /surveys/summary/?lon=-47.8686248&lat=-15.8002181 HTTP/1.1" 200 201 "-" "Dalvik/2.1.0 (Linux; U; Android 5.1.1; SM-J500M Build/LMY48B)"
189.40.79.82 - - [19/Apr/2016:15:37:53 -0300] "GET /surveys/l?lon=-47.8686248&lat=-15.8002181 HTTP/1.1" 200 382 "-" "Dalvik/2.1.0 (Linux; U; Android 5.1.1; SM-J500M Build/LMY48B)"
189.40.79.82 - - [19/Apr/2016:15:38:01 -0300] "GET /user/household/56d87bb9852235370d360e84 HTTP/1.1" 200 998 "-" "Dalvik/2.1.0 (Linux; U; Android 5.1.1; SM-J500M Build/LMY48B)"
189.40.79.82 - - [19/Apr/2016:15:38:02 -0300] "GET /user/survey/summary HTTP/1.1" 200 70 "-" "Dalvik/2.1.0 (Linux; U; Android 5.1.1; SM-J500M Build/LMY48B)"
189.40.79.82 - - [19/Apr/2016:15:38:02 -0300] "GET /user/calendar/month?&month=4&year=2016 HTTP/1.1" 200 125 "-" "Dalvik/2.1.0 (Linux; U; Android 5.1.1; SM-J500M Build/LMY48B)"
189.40.79.82 - - [19/Apr/2016:15:38:03 -0300] "GET /user/calendar/year?year=2016 HTTP/1.1" 200 125 "-" "Dalvik/2.1.0 (Linux; U; Android 5.1.1; SM-J500M Build/LMY48B)"
189.40.79.82 - - [19/Apr/2016:15:38:05 -0300] "GET /user/calendar/day?day=19&month=4&year=2016 HTTP/1.1" 200 58 "-" "Dalvik/2.1.0 (Linux; U; Android 5.1.1; SM-J500M Build/LMY48B)"
189.40.79.82 - - [19/Apr/2016:15:38:10 -0300] "GET /user/calendar/month?&month=3&year=2016 HTTP/1.1" 200 207 "-" "Dalvik/2.1.0 (Linux; U; Android 5.1.1; SM-J500M Build/LMY48B)"
189.40.79.82 - - [19/Apr/2016:15:38:11 -0300] "GET /user/calendar/day?day=1&month=3&year=2016 HTTP/1.1" 200 58 "-" "Dalvik/2.1.0 (Linux; U; Android 5.1.1; SM-J500M Build/LMY48B)"
177.38.200.195 - - [19/Apr/2016:15:38:16 -0300] "GET /user/lookup/ HTTP/1.1" 200 2093 "-" "Guardioes da Saude/1.1.5 (iPhone; iOS 9.3; Scale/2.00)"
177.38.200.195 - - [19/Apr/2016:15:38:16 -0300] "GET /user/calendar/day?&day=19&month=4&year=2016 HTTP/1.1" 200 116 "-" "Guardioes da Saude/1.1.5 (iPhone; iOS 9.3; Scale/2.00)"
189.40.79.82 - - [19/Apr/2016:15:38:18 -0300] "GET /user/calendar/month?&month=4&year=2016 HTTP/1.1" 200 125 "-" "Dalvik/2.1.0 (Linux; U; Android 5.1.1; SM-J500M Build/LMY48B)"
189.40.79.82 - - [19/Apr/2016:15:38:19 -0300] "GET /user/calendar/day?day=1&month=4&year=2016 HTTP/1.1" 200 58 "-" "Dalvik/2.1.0 (Linux; U; Android 5.1.1; SM-J500M Build/LMY48B)"
177.38.200.195 - - [19/Apr/2016:15:38:20 -0300] "GET /user/household/56dd8e84672f8c8a1f30b4ab HTTP/1.1" 200 641 "-" "Guardioes da Saude/1.1.5 (iPhone; iOS 9.3; Scale/2.00)"
189.40.79.82 - - [19/Apr/2016:15:38:23 -0300] "GET /user/household/56d87bb9852235370d360e84 HTTP/1.1" 200 998 "-" "Dalvik/2.1.0 (Linux; U; Android 5.1.1; SM-J500M Build/LMY48B)"
189.40.79.82 - - [19/Apr/2016:15:38:26 -0300] "POST /survey/create HTTP/1.1" 200 518 "-" "Dalvik/2.1.0 (Linux; U; Android 5.1.1; SM-J500M Build/LMY48B)"
200.206.222.166 - - [19/Apr/2016:15:38:28 -0300] "GET /user/lookup/ HTTP/1.1" 200 806 "-" "Dalvik/1.6.0 (Linux; U; Android 4.4.2; Venue 8 3830 Build/KOT49H)"
189.46.192.131 - - [19/Apr/2016:15:39:49 -0300] "GET /user/get?tw=3318194255-agx0QaCJvBHwFyOwdNhvoM3PlphB6ouP9BTrkon HTTP/1.1" 200 56 "-" "Dalvik/1.6.0 (Linux; U; Android 4.4.2; D2104 Build/20.1.B.2.29)"
177.38.200.195 - - [19/Apr/2016:15:40:37 -0300] "GET /user/household/56dd8e84672f8c8a1f30b4ab HTTP/1.1" 200 641 "-" "Guardioes da Saude/1.1.5 (iPhone; iOS 9.3; Scale/2.00)"
189.46.192.131 - - [19/Apr/2016:15:41:17 -0300] "POST /user/create HTTP/1.1" 200 638 "-" "Dalvik/1.6.0 (Linux; U; Android 4.4.2; D2104 Build/20.1.B.2.29)"
189.46.192.131 - - [19/Apr/2016:15:41:18 -0300] "POST /user/login HTTP/1.1" 200 805 "-" "Dalvik/1.6.0 (Linux; U; Android 4.4.2; D2104 Build/20.1.B.2.29)"
177.38.200.195 - - [19/Apr/2016:15:41:35 -0300] "GET /user/lookup/ HTTP/1.1" 200 2093 "-" "Guardioes da Saude/1.1.5 (iPhone; iOS 9.3; Scale/2.00)"
177.38.200.195 - - [19/Apr/2016:15:41:35 -0300] "GET /user/calendar/day?&day=19&month=4&year=2016 HTTP/1.1" 200 116 "-" "Guardioes da Saude/1.1.5 (iPhone; iOS 9.3; Scale/2.00)"
177.38.200.195 - - [19/Apr/2016:15:41:39 -0300] "GET /user/household/56dd8e84672f8c8a1f30b4ab HTTP/1.1" 200 641 "-" "Guardioes da Saude/1.1.5 (iPhone; iOS 9.3; Scale/2.00)"
189.46.192.131 - - [19/Apr/2016:15:42:07 -0300] "GET /news/get HTTP/1.1" 200 4205 "-" "Dalvik/1.6.0 (Linux; U; Android 4.4.2; D2104 Build/20.1.B.2.29)"
189.46.192.131 - - [19/Apr/2016:15:42:28 -0300] "GET /user/household/57167bcd8fe8a3235d0249de HTTP/1.1" 200 56 "-" "Dalvik/1.6.0 (Linux; U; Android 4.4.2; D2104 Build/20.1.B.2.29)"
189.46.192.131 - - [19/Apr/2016:15:42:29 -0300] "GET /user/survey/summary HTTP/1.1" 200 66 "-" "Dalvik/1.6.0 (Linux; U; Android 4.4.2; D2104 Build/20.1.B.2.29)"
189.46.192.131 - - [19/Apr/2016:15:42:30 -0300] "GET /user/calendar/month?&month=4&year=2016 HTTP/1.1" 200 58 "-" "Dalvik/1.6.0 (Linux; U; Android 4.4.2; D2104 Build/20.1.B.2.29)"
189.46.192.131 - - [19/Apr/2016:15:42:31 -0300] "GET /user/calendar/year?year=2016 HTTP/1.1" 200 58 "-" "Dalvik/1.6.0 (Linux; U; Android 4.4.2; D2104 Build/20.1.B.2.29)"
189.46.192.131 - - [19/Apr/2016:15:42:32 -0300] "GET /user/calendar/day?day=19&month=4&year=2016 HTTP/1.1" 200 58 "-" "Dalvik/1.6.0 (Linux; U; Android 4.4.2; D2104 Build/20.1.B.2.29)"
186.208.68.62 - - [19/Apr/2016:15:44:48 -0300] "GET /user/lookup/ HTTP/1.1" 200 805 "-" "Guardioes da Saude/1.1.5 (iPhone; iOS 9.3.1; Scale/2.00)"
186.208.68.62 - - [19/Apr/2016:15:44:48 -0300] "GET /user/calendar/day?&day=19&month=4&year=2016 HTTP/1.1" 200 58 "-" "Guardioes da Saude/1.1.5 (iPhone; iOS 9.3.1; Scale/2.00)"
177.97.31.98 - - [19/Apr/2016:15:44:49 -0300] "GET /user/lookup/ HTTP/1.1" 200 992 "-" "Guardioes da Saude/1.1.5 (iPhone; iOS 9.3.1; Scale/2.00)"
177.97.31.98 - - [19/Apr/2016:15:44:49 -0300] "GET /user/calendar/day?&day=19&month=4&year=2016 HTTP/1.1" 200 58 "-" "Guardioes da Saude/1.1.5 (iPhone; iOS 9.3.1; Scale/2.00)"
191.190.90.13 - - [19/Apr/2016:15:44:49 -0300] "GET /user/lookup/ HTTP/1.1" 200 811 "-" "Guardioes da Saude/1.1.5 (iPhone; iOS 9.2.1; Scale/2.00)"
191.190.90.13 - - [19/Apr/2016:15:44:49 -0300] "GET /user/calendar/day?&day=19&month=4&year=2016 HTTP/1.1" 200 58 "-" "Guardioes da Saude/1.1.5 (iPhone; iOS 9.2.1; Scale/2.00)"
138.118.255.246 - - [19/Apr/2016:15:44:52 -0300] "GET /user/lookup/ HTTP/1.1" 200 1329 "-" "Guardioes da Saude/1.1.4 (iPhone; iOS 9.3.1; Scale/2.00)"
177.97.31.98 - - [19/Apr/2016:15:44:52 -0300] "POST /survey/create HTTP/1.1" 200 534 "-" "Guardioes da Saude/1.1.5 (iPhone; iOS 9.3.1; Scale/2.00)"
191.247.226.54 - - [19/Apr/2016:15:44:53 -0300] "GET /user/lookup/ HTTP/1.1" 200 1038 "-" "Guardioes da Saude/1.1.5 (iPhone; iOS 9.3.1; Scale/3.00)"
191.247.226.54 - - [19/Apr/2016:15:44:53 -0300] "GET /user/calendar/day?&day=19&month=4&year=2016 HTTP/1.1" 200 58 "-" "Guardioes da Saude/1.1.5 (iPhone; iOS 9.3.1; Scale/3.00)"
191.247.227.37 - - [19/Apr/2016:15:44:54 -0300] "GET /user/lookup/ HTTP/1.1" 200 808 "-" "Guardioes da Saude/1.1.4 (iPhone; iOS 9.3.1; Scale/2.00)"
138.118.255.246 - - [19/Apr/2016:15:44:57 -0300] "GET /news/get HTTP/1.1" 200 4204 "-" "Guardioes da Saude/1.1.4 (iPhone; iOS 9.3.1; Scale/2.00)"
191.174.47.31 - - [19/Apr/2016:15:44:58 -0300] "GET /user/lookup/ HTTP/1.1" 200 1269 "-" "Guardioes da Saude/1.1.5 (iPhone; iOS 9.3.1; Scale/2.00)"
177.97.31.98 - - [19/Apr/2016:15:44:59 -0300] "GET /user/calendar/day?&day=19&month=4&year=2016 HTTP/1.1" 200 116 "-" "Guardioes da Saude/1.1.5 (iPhone; iOS 9.3.1; Scale/2.00)"
191.174.47.31 - - [19/Apr/2016:15:44:59 -0300] "GET /user/calendar/day?&day=19&month=4&year=2016 HTTP/1.1" 200 117 "-" "Guardioes da Saude/1.1.5 (iPhone; iOS 9.3.1; Scale/2.00)"
177.97.31.98 - - [19/Apr/2016:15:45:01 -0300] "GET /surveys/l?lat=-15.838671&lon=-48.054096 HTTP/1.1" 200 491 "-" "Guardioes da Saude/1.1.5 (iPhone; iOS 9.3.1; Scale/2.00)"
177.97.31.98 - - [19/Apr/2016:15:45:01 -0300] "GET /surveys/summary?lat=-15.83850873170033&lon=-48.05446500894432 HTTP/1.1" 200 216 "-" "Guardioes da Saude/1.1.5 (iPhone; iOS 9.3.1; Scale/2.00)"
138.118.255.246 - - [19/Apr/2016:15:45:05 -0300] "GET /surveys/l?lat=-10.244527&lon=-48.342145 HTTP/1.1" 200 56 "-" "Guardioes da Saude/1.1.4 (iPhone; iOS 9.3.1; Scale/2.00)"
138.118.255.246 - - [19/Apr/2016:15:45:06 -0300] "GET /surveys/summary?lat=-10.24452684448123&lon=-48.34214516919883 HTTP/1.1" 200 219 "-" "Guardioes da Saude/1.1.4 (iPhone; iOS 9.3.1; Scale/2.00)"
187.102.182.130 - - [19/Apr/2016:15:45:07 -0300] "GET /user/lookup/ HTTP/1.1" 200 2016 "-" "Guardioes da Saude/1.1.5 (iPhone; iOS 9.3.1; Scale/3.00)"
187.102.182.130 - - [19/Apr/2016:15:45:07 -0300] "GET /user/calendar/day?&day=19&month=4&year=2016 HTTP/1.1" 200 116 "-" "Guardioes da Saude/1.1.5 (iPhone; iOS 9.3.1; Scale/3.00)"
187.102.182.130 - - [19/Apr/2016:15:45:12 -0300] "GET /user/household/56f4c2259bc35dac74cf5b6d HTTP/1.1" 200 56 "-" "Guardioes da Saude/1.1.5 (iPhone; iOS 9.3.1; Scale/3.00)"
187.102.182.130 - - [19/Apr/2016:15:45:14 -0300] "POST /survey/create HTTP/1.1" 200 526 "-" "Guardioes da Saude/1.1.5 (iPhone; iOS 9.3.1; Scale/3.00)"
138.118.255.246 - - [19/Apr/2016:15:45:20 -0300] "GET /user/household/57008f2faa0bef232ebe1aa9 HTTP/1.1" 200 56 "-" "Guardioes da Saude/1.1.4 (iPhone; iOS 9.3.1; Scale/2.00)"
189.9.35.189 - - [19/Apr/2016:15:45:21 -0300] "GET /user/lookup/ HTTP/1.1" 200 1846 "-" "Guardioes da Saude/1.1.5 (iPhone; iOS 9.2.1; Scale/2.00)"
189.9.35.189 - - [19/Apr/2016:15:45:22 -0300] "GET /user/calendar/day?&day=19&month=4&year=2016 HTTP/1.1" 200 58 "-" "Guardioes da Saude/1.1.5 (iPhone; iOS 9.2.1; Scale/2.00)"
179.218.135.107 - - [19/Apr/2016:15:45:22 -0300] "GET /user/lookup/ HTTP/1.1" 200 1282 "-" "Guardioes da Saude/1.1.5 (iPhone; iOS 9.3.1; Scale/2.00)"
179.218.135.107 - - [19/Apr/2016:15:45:22 -0300] "GET /user/calendar/day?&day=19&month=4&year=2016 HTTP/1.1" 200 58 "-" "Guardioes da Saude/1.1.5 (iPhone; iOS 9.3.1; Scale/2.00)"
179.218.135.107 - - [19/Apr/2016:15:45:25 -0300] "POST /survey/create HTTP/1.1" 200 545 "-" "Guardioes da Saude/1.1.5 (iPhone; iOS 9.3.1; Scale/2.00)"
189.9.35.189 - - [19/Apr/2016:15:45:28 -0300] "POST /survey/create HTTP/1.1" 200 438 "-" "Guardioes da Saude/1.1.5 (iPhone; iOS 9.2.1; Scale/2.00)"
189.9.35.189 - - [19/Apr/2016:15:45:30 -0300] "GET /user/calendar/day?&day=19&month=4&year=2016 HTTP/1.1" 200 116 "-" "Guardioes da Saude/1.1.5 (iPhone; iOS 9.2.1; Scale/2.00)"
138.118.255.246 - - [19/Apr/2016:15:45:31 -0300] "GET /symptoms HTTP/1.1" 200 706 "-" "Guardioes da Saude/1.1.4 (iPhone; iOS 9.3.1; Scale/2.00)"
189.9.35.189 - - [19/Apr/2016:15:45:32 -0300] "GET /user/household/56fa75239bc35dac74cf5c5a HTTP/1.1" 200 1480 "-" "Guardioes da Saude/1.1.5 (iPhone; iOS 9.2.1; Scale/2.00)"
179.218.135.107 - - [19/Apr/2016:15:45:32 -0300] "GET /user/calendar/day?&day=19&month=4&year=2016 HTTP/1.1" 200 116 "-" "Guardioes da Saude/1.1.5 (iPhone; iOS 9.3.1; Scale/2.00)"
177.97.31.98 - - [19/Apr/2016:15:45:33 -0300] "GET /user/household/56fa76cd9bc35dac74cf5c5d HTTP/1.1" 200 56 "-" "Guardioes da Saude/1.1.5 (iPhone; iOS 9.3.1; Scale/2.00)"
177.97.31.98 - - [19/Apr/2016:15:45:34 -0300] "GET /user/survey/summary HTTP/1.1" 200 69 "-" "Guardioes da Saude/1.1.5 (iPhone; iOS 9.3.1; Scale/2.00)"
177.97.31.98 - - [19/Apr/2016:15:45:34 -0300] "GET /user/calendar/year?&year=2016 HTTP/1.1" 200 119 "-" "Guardioes da Saude/1.1.5 (iPhone; iOS 9.3.1; Scale/2.00)"
177.97.31.98 - - [19/Apr/2016:15:45:34 -0300] "GET /user/calendar/month?&month=4&year=2016 HTTP/1.1" 200 116 "-" "Guardioes da Saude/1.1.5 (iPhone; iOS 9.3.1; Scale/2.00)"
179.218.135.107 - - [19/Apr/2016:15:45:34 -0300] "GET /news/get HTTP/1.1" 200 4204 "-" "Guardioes da Saude/1.1.5 (iPhone; iOS 9.3.1; Scale/2.00)"
189.9.35.189 - - [19/Apr/2016:15:45:36 -0300] "POST /survey/create HTTP/1.1" 200 459 "-" "Guardioes da Saude/1.1.5 (iPhone; iOS 9.2.1; Scale/2.00)"
189.9.35.189 - - [19/Apr/2016:15:45:38 -0300] "GET /user/calendar/day?&day=19&month=4&year=2016 HTTP/1.1" 200 115 "-" "Guardioes da Saude/1.1.5 (iPhone; iOS 9.2.1; Scale/2.00)"
179.218.135.107 - - [19/Apr/2016:15:45:39 -0300] "GET /surveys/l?lat=-22.962383&lon=-43.173884 HTTP/1.1" 200 439 "-" "Guardioes da Saude/1.1.5 (iPhone; iOS 9.3.1; Scale/2.00)"
179.218.135.107 - - [19/Apr/2016:15:45:39 -0300] "GET /surveys/summary?lat=-22.96240357218586&lon=-43.17404530946461 HTTP/1.1" 200 228 "-" "Guardioes da Saude/1.1.5 (iPhone; iOS 9.3.1; Scale/2.00)"
189.9.35.189 - - [19/Apr/2016:15:45:42 -0300] "GET /surveys/l?lat=0.000000&lon=0.000000 HTTP/1.1" 200 343 "-" "Guardioes da Saude/1.1.5 (iPhone; iOS 9.2.1; Scale/2.00)"
189.9.35.189 - - [19/Apr/2016:15:45:43 -0300] "GET /surveys/summary?lat=0&lon=0 HTTP/1.1" 200 142 "-" "Guardioes da Saude/1.1.5 (iPhone; iOS 9.2.1; Scale/2.00)"
179.89.14.2 - - [19/Apr/2016:15:45:44 -0300] "POST /user/login HTTP/1.1" 200 69 "-" "Guardioes da Saude/1.1.4 (iPhone; iOS 9.3.1; Scale/2.00)"
179.89.14.2 - - [19/Apr/2016:15:46:08 -0300] "POST /user/login HTTP/1.1" 200 69 "-" "Guardioes da Saude/1.1.4 (iPhone; iOS 9.3.1; Scale/2.00)"
138.118.255.246 - - [19/Apr/2016:15:46:17 -0300] "POST /survey/create HTTP/1.1" 200 540 "-" "Guardioes da Saude/1.1.4 (iPhone; iOS 9.3.1; Scale/2.00)"
138.118.255.246 - - [19/Apr/2016:15:46:26 -0300] "GET /surveys/l?lat=-10.244560&lon=-48.342172 HTTP/1.1" 200 233 "-" "Guardioes da Saude/1.1.4 (iPhone; iOS 9.3.1; Scale/2.00)"
138.118.255.246 - - [19/Apr/2016:15:46:26 -0300] "GET /surveys/summary?lat=-10.24456045591295&lon=-48.34217249420317 HTTP/1.1" 200 221 "-" "Guardioes da Saude/1.1.4 (iPhone; iOS 9.3.1; Scale/2.00)"
191.174.47.31 - - [19/Apr/2016:15:46:41 -0300] "GET /user/household/5703db31aa0bef232ebe1b1a HTTP/1.1" 200 56 "-" "Guardioes da Saude/1.1.5 (iPhone; iOS 9.3.1; Scale/2.00)"
191.174.47.31 - - [19/Apr/2016:15:46:52 -0300] "POST /survey/create HTTP/1.1" 200 521 "-" "Guardioes da Saude/1.1.5 (iPhone; iOS 9.3.1; Scale/2.00)"
191.174.47.31 - - [19/Apr/2016:15:46:59 -0300] "GET /user/calendar/day?&day=19&month=4&year=2016 HTTP/1.1" 200 124 "-" "Guardioes da Saude/1.1.5 (iPhone; iOS 9.3.1; Scale/2.00)"
179.234.7.143 - - [19/Apr/2016:15:47:05 -0300] "OPTIONS /search/cities?limit=5 HTTP/1.1" 204 0 "http://guardioesdasaude.org/profile/add" "Mozilla/5.0 (Windows NT 10.0; Win64; x64) AppleWebKit/537.36 (KHTML, like Gecko) Chrome/50.0.2661.75 Safari/537.36"
179.234.7.143 - - [19/Apr/2016:15:47:06 -0300] "GET /search/cities?limit=5 HTTP/1.1" 200 165 "http://guardioesdasaude.org/profile/add" "Mozilla/5.0 (Windows NT 10.0; Win64; x64) AppleWebKit/537.36 (KHTML, like Gecko) Chrome/50.0.2661.75 Safari/537.36"
191.174.47.31 - - [19/Apr/2016:15:48:33 -0300] "GET /user/calendar/day?&day=19&month=4&year=2016 HTTP/1.1" 200 124 "-" "Guardioes da Saude/1.1.5 (iPhone; iOS 9.3.1; Scale/2.00)"
177.79.10.194 - - [19/Apr/2016:15:49:05 -0300] "POST /user/create HTTP/1.1" 200 678 "-" "Guardioes da Saude/1.1.4 (iPhone; iOS 9.3; Scale/2.00)"
177.79.13.223 - - [19/Apr/2016:15:49:13 -0300] "GET /news/get HTTP/1.1" 200 4208 "-" "Guardioes da Saude/1.1.4 (iPhone; iOS 9.3; Scale/2.00)"
177.79.10.194 - - [19/Apr/2016:15:49:18 -0300] "GET /surveys/l?lat=-23.653968&lon=-46.745220 HTTP/1.1" 200 378 "-" "Guardioes da Saude/1.1.4 (iPhone; iOS 9.3; Scale/2.00)"
177.79.10.194 - - [19/Apr/2016:15:49:19 -0300] "GET /surveys/summary?lat=-23.65396804178474&lon=-46.74522011545184 HTTP/1.1" 200 236 "-" "Guardioes da Saude/1.1.4 (iPhone; iOS 9.3; Scale/2.00)"
177.38.200.195 - - [19/Apr/2016:15:49:37 -0300] "GET /user/lookup/ HTTP/1.1" 200 2092 "-" "Guardioes da Saude/1.1.5 (iPhone; iOS 9.3; Scale/2.00)"
177.38.200.195 - - [19/Apr/2016:15:49:37 -0300] "GET /user/calendar/day?&day=19&month=4&year=2016 HTTP/1.1" 200 116 "-" "Guardioes da Saude/1.1.5 (iPhone; iOS 9.3; Scale/2.00)"
187.67.143.162 - - [19/Apr/2016:15:49:42 -0300] "GET /user/lookup/ HTTP/1.1" 200 1029 "-" "Guardioes da Saude/1.1.5 (iPhone; iOS 9.3.1; Scale/3.00)"
187.67.143.162 - - [19/Apr/2016:15:49:43 -0300] "GET /user/calendar/day?&day=19&month=4&year=2016 HTTP/1.1" 200 58 "-" "Guardioes da Saude/1.1.5 (iPhone; iOS 9.3.1; Scale/3.00)"
187.67.143.162 - - [19/Apr/2016:15:49:45 -0300] "POST /survey/create HTTP/1.1" 200 547 "-" "Guardioes da Saude/1.1.5 (iPhone; iOS 9.3.1; Scale/3.00)"
177.38.200.195 - - [19/Apr/2016:15:49:47 -0300] "GET /user/household/56dd8e84672f8c8a1f30b4ab HTTP/1.1" 200 641 "-" "Guardioes da Saude/1.1.5 (iPhone; iOS 9.3; Scale/2.00)"
177.79.13.223 - - [19/Apr/2016:15:50:01 -0300] "GET /user/household/57167da17cf6f4ec5c8a8db6 HTTP/1.1" 200 56 "-" "Guardioes da Saude/1.1.4 (iPhone; iOS 9.3; Scale/2.00)"
177.79.10.194 - - [19/Apr/2016:15:50:02 -0300] "GET /user/survey/summary HTTP/1.1" 200 66 "-" "Guardioes da Saude/1.1.4 (iPhone; iOS 9.3; Scale/2.00)"
177.79.13.223 - - [19/Apr/2016:15:50:02 -0300] "GET /user/calendar/year?&year=2016 HTTP/1.1" 200 58 "-" "Guardioes da Saude/1.1.4 (iPhone; iOS 9.3; Scale/2.00)"
177.79.10.194 - - [19/Apr/2016:15:50:03 -0300] "GET /user/calendar/month?&month=4&year=2016 HTTP/1.1" 200 58 "-" "Guardioes da Saude/1.1.4 (iPhone; iOS 9.3; Scale/2.00)"
177.79.13.223 - - [19/Apr/2016:15:50:11 -0300] "GET /user/household/57167da17cf6f4ec5c8a8db6 HTTP/1.1" 200 56 "-" "Guardioes da Saude/1.1.4 (iPhone; iOS 9.3; Scale/2.00)"
177.79.10.194 - - [19/Apr/2016:15:50:45 -0300] "POST /household/create HTTP/1.1" 200 247 "-" "Guardioes da Saude/1.1.4 (iPhone; iOS 9.3; Scale/2.00)"
177.79.10.194 - - [19/Apr/2016:15:50:47 -0300] "GET /user/household/57167da17cf6f4ec5c8a8db6 HTTP/1.1" 200 628 "-" "Guardioes da Saude/1.1.4 (iPhone; iOS 9.3; Scale/2.00)"
177.79.10.194 - - [19/Apr/2016:15:50:56 -0300] "POST /survey/create HTTP/1.1" 200 540 "-" "Guardioes da Saude/1.1.4 (iPhone; iOS 9.3; Scale/2.00)"
189.46.192.131 - - [19/Apr/2016:15:51:30 -0300] "GET /user/household/57167bcd8fe8a3235d0249de HTTP/1.1" 200 56 "-" "Dalvik/1.6.0 (Linux; U; Android 4.4.2; D2104 Build/20.1.B.2.29)"
189.46.192.131 - - [19/Apr/2016:15:51:39 -0300] "POST /survey/create HTTP/1.1" 200 433 "-" "Dalvik/1.6.0 (Linux; U; Android 4.4.2; D2104 Build/20.1.B.2.29)"
189.46.192.131 - - [19/Apr/2016:15:51:45 -0300] "GET /user/household/57167bcd8fe8a3235d0249de HTTP/1.1" 200 56 "-" "Dalvik/1.6.0 (Linux; U; Android 4.4.2; D2104 Build/20.1.B.2.29)"
189.46.192.131 - - [19/Apr/2016:15:51:55 -0300] "POST /survey/create HTTP/1.1" 200 439 "-" "Dalvik/1.6.0 (Linux; U; Android 4.4.2; D2104 Build/20.1.B.2.29)"
179.234.7.143 - - [19/Apr/2016:15:53:02 -0300] "OPTIONS /news/get HTTP/1.1" 204 0 "http://guardioesdasaude.org/news" "Mozilla/5.0 (Windows NT 10.0; Win64; x64) AppleWebKit/537.36 (KHTML, like Gecko) Chrome/50.0.2661.75 Safari/537.36"
179.234.7.143 - - [19/Apr/2016:15:53:02 -0300] "GET /search/cities?limit=5 HTTP/1.1" 200 165 "http://guardioesdasaude.org/news" "Mozilla/5.0 (Windows NT 10.0; Win64; x64) AppleWebKit/537.36 (KHTML, like Gecko) Chrome/50.0.2661.75 Safari/537.36"
179.234.7.143 - - [19/Apr/2016:15:53:02 -0300] "GET /news/get HTTP/1.1" 200 4202 "http://guardioesdasaude.org/news" "Mozilla/5.0 (Windows NT 10.0; Win64; x64) AppleWebKit/537.36 (KHTML, like Gecko) Chrome/50.0.2661.75 Safari/537.36"
191.247.226.43 - - [19/Apr/2016:15:53:04 -0300] "GET /news/get HTTP/1.1" 200 4202 "-" "Guardioes da Saude/1.1.3 (iPhone; iOS 9.3.1; Scale/3.00)"
191.247.228.5 - - [19/Apr/2016:15:53:08 -0300] "GET /user/lookup/ HTTP/1.1" 200 1930 "-" "Guardioes da Saude/1.1.5 (iPhone; iOS 9.3.1; Scale/2.00)"
191.247.228.5 - - [19/Apr/2016:15:53:08 -0300] "GET /user/calendar/day?&day=19&month=4&year=2016 HTTP/1.1" 200 58 "-" "Guardioes da Saude/1.1.5 (iPhone; iOS 9.3.1; Scale/2.00)"
189.40.79.82 - - [19/Apr/2016:15:53:10 -0300] "GET /news/get HTTP/1.1" 200 4202 "-" "Dalvik/2.1.0 (Linux; U; Android 5.1.1; SM-J500M Build/LMY48B)"
191.247.228.5 - - [19/Apr/2016:15:53:13 -0300] "POST /survey/create HTTP/1.1" 200 550 "-" "Guardioes da Saude/1.1.5 (iPhone; iOS 9.3.1; Scale/2.00)"
191.247.228.5 - - [19/Apr/2016:15:53:14 -0300] "GET /user/calendar/day?&day=19&month=4&year=2016 HTTP/1.1" 200 116 "-" "Guardioes da Saude/1.1.5 (iPhone; iOS 9.3.1; Scale/2.00)"
191.247.226.43 - - [19/Apr/2016:15:53:51 -0300] "GET /news/get HTTP/1.1" 200 4202 "-" "Guardioes da Saude/1.1.3 (iPhone; iOS 9.3.1; Scale/3.00)"
177.19.107.148 - - [19/Apr/2016:15:57:20 -0300] "GET /user/get?fb=null HTTP/1.1" 200 56 "-" "Dalvik/1.6.0 (Linux; U; Android 4.4.4; Motorola Moto X - 4.4.4 - API 19 - 720x1280 Build/KTU84P)"
177.19.107.148 - - [19/Apr/2016:15:57:21 -0300] "GET /user/get?fb=155316038184362 HTTP/1.1" 200 3973 "-" "Dalvik/1.6.0 (Linux; U; Android 4.4.4; Motorola Moto X - 4.4.4 - API 19 - 720x1280 Build/KTU84P)"
177.19.107.148 - - [19/Apr/2016:15:57:22 -0300] "POST /user/login HTTP/1.1" 200 4046 "-" "Dalvik/1.6.0 (Linux; U; Android 4.4.4; Motorola Moto X - 4.4.4 - API 19 - 720x1280 Build/KTU84P)"
177.19.107.148 - - [19/Apr/2016:15:57:34 -0300] "POST /user/login HTTP/1.1" 200 1682 "-" "Dalvik/2.1.0 (Linux; U; Android 6.0; Google Nexus 5 - 6.0.0 - API 23 - 1080x1920 Build/MRA58K)"
177.19.107.148 - - [19/Apr/2016:15:57:37 -0300] "GET /user/household/5715621e8fe8a3235d0249d0 HTTP/1.1" 200 998 "-" "Dalvik/2.1.0 (Linux; U; Android 6.0; Google Nexus 5 - 6.0.0 - API 23 - 1080x1920 Build/MRA58K)"
177.19.107.148 - - [19/Apr/2016:15:57:37 -0300] "GET /user/calendar/month?&month=4&year=2016 HTTP/1.1" 200 127 "-" "Dalvik/2.1.0 (Linux; U; Android 6.0; Google Nexus 5 - 6.0.0 - API 23 - 1080x1920 Build/MRA58K)"
177.19.107.148 - - [19/Apr/2016:15:57:38 -0300] "GET /user/survey/summary HTTP/1.1" 200 71 "-" "Dalvik/2.1.0 (Linux; U; Android 6.0; Google Nexus 5 - 6.0.0 - API 23 - 1080x1920 Build/MRA58K)"
177.19.107.148 - - [19/Apr/2016:15:57:38 -0300] "GET /user/calendar/year?year=2016 HTTP/1.1" 200 109 "-" "Dalvik/2.1.0 (Linux; U; Android 6.0; Google Nexus 5 - 6.0.0 - API 23 - 1080x1920 Build/MRA58K)"
177.19.107.148 - - [19/Apr/2016:15:57:38 -0300] "GET /user/calendar/day?day=19&month=4&year=2016 HTTP/1.1" 200 127 "-" "Dalvik/2.1.0 (Linux; U; Android 6.0; Google Nexus 5 - 6.0.0 - API 23 - 1080x1920 Build/MRA58K)"
66.249.64.229 - - [19/Apr/2016:16:01:01 -0300] "GET /robots.txt HTTP/1.1" 200 220 "-" "Mozilla/5.0 (compatible; Googlebot/2.1; +http://www.google.com/bot.html)"
66.249.64.229 - - [19/Apr/2016:16:01:01 -0300] "OPTIONS /search/cities?limit=5 HTTP/1.1" 204 0 "http://guardioesdasaude.org/" "Mozilla/5.0 (compatible; Googlebot/2.1; +http://www.google.com/bot.html)"
177.38.200.195 - - [19/Apr/2016:16:01:20 -0300] "GET /user/lookup/ HTTP/1.1" 200 2091 "-" "Guardioes da Saude/1.1.5 (iPhone; iOS 9.3; Scale/2.00)"
177.79.29.42 - - [19/Apr/2016:16:01:20 -0300] "GET /user/lookup/ HTTP/1.1" 200 1021 "-" "Guardioes da Saude/1.1.5 (iPhone; iOS 9.3.1; Scale/2.00)"
177.79.29.42 - - [19/Apr/2016:16:01:20 -0300] "GET /user/calendar/day?&day=19&month=4&year=2016 HTTP/1.1" 200 58 "-" "Guardioes da Saude/1.1.5 (iPhone; iOS 9.3.1; Scale/2.00)"
177.38.200.195 - - [19/Apr/2016:16:01:20 -0300] "GET /user/calendar/day?&day=19&month=4&year=2016 HTTP/1.1" 200 116 "-" "Guardioes da Saude/1.1.5 (iPhone; iOS 9.3; Scale/2.00)"
177.38.200.195 - - [19/Apr/2016:16:01:21 -0300] "GET /user/household/56dd8e84672f8c8a1f30b4ab HTTP/1.1" 200 641 "-" "Guardioes da Saude/1.1.5 (iPhone; iOS 9.3; Scale/2.00)"
177.79.29.42 - - [19/Apr/2016:16:01:24 -0300] "POST /survey/create HTTP/1.1" 200 525 "-" "Guardioes da Saude/1.1.5 (iPhone; iOS 9.3.1; Scale/2.00)"
177.38.200.195 - - [19/Apr/2016:16:02:38 -0300] "GET /user/lookup/ HTTP/1.1" 200 2093 "-" "Guardioes da Saude/1.1.5 (iPhone; iOS 9.3; Scale/2.00)"
177.38.200.195 - - [19/Apr/2016:16:02:38 -0300] "GET /user/calendar/day?&day=19&month=4&year=2016 HTTP/1.1" 200 116 "-" "Guardioes da Saude/1.1.5 (iPhone; iOS 9.3; Scale/2.00)"
177.38.200.195 - - [19/Apr/2016:16:02:39 -0300] "GET /user/household/56dd8e84672f8c8a1f30b4ab HTTP/1.1" 200 641 "-" "Guardioes da Saude/1.1.5 (iPhone; iOS 9.3; Scale/2.00)"
177.38.200.195 - - [19/Apr/2016:16:03:38 -0300] "GET /user/lookup/ HTTP/1.1" 200 2093 "-" "Guardioes da Saude/1.1.5 (iPhone; iOS 9.3; Scale/2.00)"
177.38.200.195 - - [19/Apr/2016:16:03:39 -0300] "GET /user/calendar/day?&day=19&month=4&year=2016 HTTP/1.1" 200 116 "-" "Guardioes da Saude/1.1.5 (iPhone; iOS 9.3; Scale/2.00)"
177.38.200.195 - - [19/Apr/2016:16:03:43 -0300] "GET /user/household/56dd8e84672f8c8a1f30b4ab HTTP/1.1" 200 641 "-" "Guardioes da Saude/1.1.5 (iPhone; iOS 9.3; Scale/2.00)"
177.38.200.195 - - [19/Apr/2016:16:09:25 -0300] "GET /user/lookup/ HTTP/1.1" 200 2095 "-" "Guardioes da Saude/1.1.5 (iPhone; iOS 9.3; Scale/2.00)"
177.38.200.195 - - [19/Apr/2016:16:09:25 -0300] "GET /user/calendar/day?&day=19&month=4&year=2016 HTTP/1.1" 200 116 "-" "Guardioes da Saude/1.1.5 (iPhone; iOS 9.3; Scale/2.00)"
177.38.200.195 - - [19/Apr/2016:16:09:27 -0300] "GET /user/household/56dd8e84672f8c8a1f30b4ab HTTP/1.1" 200 641 "-" "Guardioes da Saude/1.1.5 (iPhone; iOS 9.3; Scale/2.00)"
177.38.200.195 - - [19/Apr/2016:16:09:32 -0300] "GET /user/household/56dd8e84672f8c8a1f30b4ab HTTP/1.1" 200 641 "-" "Guardioes da Saude/1.1.5 (iPhone; iOS 9.3; Scale/2.00)"
177.38.200.195 - - [19/Apr/2016:16:09:39 -0300] "GET /user/household/56dd8e84672f8c8a1f30b4ab HTTP/1.1" 200 641 "-" "Guardioes da Saude/1.1.5 (iPhone; iOS 9.3; Scale/2.00)"
177.38.200.195 - - [19/Apr/2016:16:10:03 -0300] "GET /user/household/56dd8e84672f8c8a1f30b4ab HTTP/1.1" 200 641 "-" "Guardioes da Saude/1.1.5 (iPhone; iOS 9.3; Scale/2.00)"
177.38.200.195 - - [19/Apr/2016:16:10:14 -0300] "GET /user/household/56dd8e84672f8c8a1f30b4ab HTTP/1.1" 200 641 "-" "Guardioes da Saude/1.1.5 (iPhone; iOS 9.3; Scale/2.00)"
177.38.200.195 - - [19/Apr/2016:16:10:26 -0300] "GET /user/household/56dd8e84672f8c8a1f30b4ab HTTP/1.1" 200 641 "-" "Guardioes da Saude/1.1.5 (iPhone; iOS 9.3; Scale/2.00)"
177.38.200.195 - - [19/Apr/2016:16:17:04 -0300] "GET /user/lookup/ HTTP/1.1" 200 2092 "-" "Guardioes da Saude/1.1.5 (iPhone; iOS 9.3; Scale/2.00)"
177.38.200.195 - - [19/Apr/2016:16:17:05 -0300] "GET /user/calendar/day?&day=19&month=4&year=2016 HTTP/1.1" 200 116 "-" "Guardioes da Saude/1.1.5 (iPhone; iOS 9.3; Scale/2.00)"
177.38.200.195 - - [19/Apr/2016:16:17:05 -0300] "GET /user/household/56dd8e84672f8c8a1f30b4ab HTTP/1.1" 200 641 "-" "Guardioes da Saude/1.1.5 (iPhone; iOS 9.3; Scale/2.00)"
177.38.200.195 - - [19/Apr/2016:16:19:20 -0300] "GET /user/lookup/ HTTP/1.1" 200 2092 "-" "Guardioes da Saude/1.1.5 (iPhone; iOS 9.3; Scale/2.00)"
177.38.200.195 - - [19/Apr/2016:16:19:20 -0300] "GET /user/calendar/day?&day=19&month=4&year=2016 HTTP/1.1" 200 116 "-" "Guardioes da Saude/1.1.5 (iPhone; iOS 9.3; Scale/2.00)"
177.38.200.195 - - [19/Apr/2016:16:19:21 -0300] "GET /user/household/56dd8e84672f8c8a1f30b4ab HTTP/1.1" 200 641 "-" "Guardioes da Saude/1.1.5 (iPhone; iOS 9.3; Scale/2.00)"
177.89.47.235 - - [19/Apr/2016:16:20:35 -0300] "GET /user/lookup/ HTTP/1.1" 200 1170 "-" "Guardioes da Saude/1.1.5 (iPhone; iOS 9.3.1; Scale/2.00)"
177.89.47.235 - - [19/Apr/2016:16:20:36 -0300] "GET /user/calendar/day?&day=19&month=4&year=2016 HTTP/1.1" 200 58 "-" "Guardioes da Saude/1.1.5 (iPhone; iOS 9.3.1; Scale/2.00)"
177.89.47.235 - - [19/Apr/2016:16:20:39 -0300] "POST /survey/create HTTP/1.1" 200 561 "-" "Guardioes da Saude/1.1.5 (iPhone; iOS 9.3.1; Scale/2.00)"
80.112.138.229 - - [19/Apr/2016:16:20:59 -0300] "GET /user/lookup/ HTTP/1.1" 200 756 "-" "Guardioes da Saude/1.1.5 (iPhone; iOS 9.3.1; Scale/2.00)"
80.112.138.229 - - [19/Apr/2016:16:20:59 -0300] "GET /user/calendar/day?&day=19&month=4&year=2016 HTTP/1.1" 200 58 "-" "Guardioes da Saude/1.1.5 (iPhone; iOS 9.3.1; Scale/2.00)"
80.112.138.229 - - [19/Apr/2016:16:21:09 -0300] "GET /news/get HTTP/1.1" 200 4202 "-" "Guardioes da Saude/1.1.5 (iPhone; iOS 9.3.1; Scale/2.00)"
80.112.138.229 - - [19/Apr/2016:16:21:24 -0300] "GET /user/household/56fab9319bc35dac74cf5c9a HTTP/1.1" 200 56 "-" "Guardioes da Saude/1.1.5 (iPhone; iOS 9.3.1; Scale/2.00)"
80.112.138.229 - - [19/Apr/2016:16:21:32 -0300] "GET /user/household/56fab9319bc35dac74cf5c9a HTTP/1.1" 200 56 "-" "Guardioes da Saude/1.1.5 (iPhone; iOS 9.3.1; Scale/2.00)"
186.241.1.158 - - [19/Apr/2016:16:41:00 -0300] "GET /user/get?fb=null HTTP/1.1" 200 56 "-" "Dalvik/2.1.0 (Linux; U; Android 5.1; XT1058 Build/LPA23.12-21.7)"
186.241.1.158 - - [19/Apr/2016:16:41:01 -0300] "GET /user/get?fb=1001211609960491 HTTP/1.1" 200 56 "-" "Dalvik/2.1.0 (Linux; U; Android 5.1; XT1058 Build/LPA23.12-21.7)"
186.241.1.158 - - [19/Apr/2016:16:41:31 -0300] "POST /user/create HTTP/1.1" 200 672 "-" "Dalvik/2.1.0 (Linux; U; Android 5.1; XT1058 Build/LPA23.12-21.7)"
186.241.1.158 - - [19/Apr/2016:16:41:32 -0300] "POST /user/login HTTP/1.1" 200 832 "-" "Dalvik/2.1.0 (Linux; U; Android 5.1; XT1058 Build/LPA23.12-21.7)"
186.241.1.158 - - [19/Apr/2016:16:41:33 -0300] "POST /user/create HTTP/1.1" 200 222 "-" "Dalvik/2.1.0 (Linux; U; Android 5.1; XT1058 Build/LPA23.12-21.7)"
186.241.1.158 - - [19/Apr/2016:16:41:44 -0300] "POST /user/create HTTP/1.1" 200 222 "-" "Dalvik/2.1.0 (Linux; U; Android 5.1; XT1058 Build/LPA23.12-21.7)"
186.241.1.158 - - [19/Apr/2016:16:42:02 -0300] "POST /user/create HTTP/1.1" 200 222 "-" "Dalvik/2.1.0 (Linux; U; Android 5.1; XT1058 Build/LPA23.12-21.7)"
186.241.1.158 - - [19/Apr/2016:16:42:15 -0300] "POST /user/create HTTP/1.1" 200 222 "-" "Dalvik/2.1.0 (Linux; U; Android 5.1; XT1058 Build/LPA23.12-21.7)"
186.241.1.158 - - [19/Apr/2016:16:42:16 -0300] "POST /user/create HTTP/1.1" 200 222 "-" "Dalvik/2.1.0 (Linux; U; Android 5.1; XT1058 Build/LPA23.12-21.7)"
186.241.1.158 - - [19/Apr/2016:16:42:26 -0300] "GET /user/get?fb=1001211609960491 HTTP/1.1" 200 680 "-" "Dalvik/2.1.0 (Linux; U; Android 5.1; XT1058 Build/LPA23.12-21.7)"
186.241.1.158 - - [19/Apr/2016:16:42:27 -0300] "POST /user/login HTTP/1.1" 200 833 "-" "Dalvik/2.1.0 (Linux; U; Android 5.1; XT1058 Build/LPA23.12-21.7)"
186.241.1.158 - - [19/Apr/2016:16:42:29 -0300] "GET /user/get?fb=1001211609960491 HTTP/1.1" 200 680 "-" "Dalvik/2.1.0 (Linux; U; Android 5.1; XT1058 Build/LPA23.12-21.7)"
186.241.1.158 - - [19/Apr/2016:16:42:30 -0300] "POST /user/login HTTP/1.1" 200 835 "-" "Dalvik/2.1.0 (Linux; U; Android 5.1; XT1058 Build/LPA23.12-21.7)"
186.241.1.158 - - [19/Apr/2016:16:43:42 -0300] "GET /user/household/571689ebfc032d075d632fed HTTP/1.1" 200 56 "-" "Dalvik/2.1.0 (Linux; U; Android 5.1; XT1058 Build/LPA23.12-21.7)"
186.241.1.158 - - [19/Apr/2016:16:43:42 -0300] "GET /user/calendar/month?&month=4&year=2016 HTTP/1.1" 200 58 "-" "Dalvik/2.1.0 (Linux; U; Android 5.1; XT1058 Build/LPA23.12-21.7)"
186.241.1.158 - - [19/Apr/2016:16:43:43 -0300] "GET /user/survey/summary HTTP/1.1" 200 66 "-" "Dalvik/2.1.0 (Linux; U; Android 5.1; XT1058 Build/LPA23.12-21.7)"
186.241.1.158 - - [19/Apr/2016:16:43:43 -0300] "GET /user/calendar/year?year=2016 HTTP/1.1" 200 58 "-" "Dalvik/2.1.0 (Linux; U; Android 5.1; XT1058 Build/LPA23.12-21.7)"
186.241.1.158 - - [19/Apr/2016:16:43:44 -0300] "GET /user/calendar/day?day=19&month=4&year=2016 HTTP/1.1" 200 58 "-" "Dalvik/2.1.0 (Linux; U; Android 5.1; XT1058 Build/LPA23.12-21.7)"
186.241.1.158 - - [19/Apr/2016:16:44:05 -0300] "GET /surveys/summary/?lon=-39.5290649&lat=-17.0317092 HTTP/1.1" 200 217 "-" "Dalvik/2.1.0 (Linux; U; Android 5.1; XT1058 Build/LPA23.12-21.7)"
186.241.1.158 - - [19/Apr/2016:16:44:06 -0300] "GET /surveys/l?lon=-39.5290649&lat=-17.0317092 HTTP/1.1" 200 56 "-" "Dalvik/2.1.0 (Linux; U; Android 5.1; XT1058 Build/LPA23.12-21.7)"
186.241.1.158 - - [19/Apr/2016:16:44:12 -0300] "GET /user/household/571689ebfc032d075d632fed HTTP/1.1" 200 56 "-" "Dalvik/2.1.0 (Linux; U; Android 5.1; XT1058 Build/LPA23.12-21.7)"
186.241.1.158 - - [19/Apr/2016:16:44:47 -0300] "GET /user/household/571689ebfc032d075d632fed HTTP/1.1" 200 56 "-" "Dalvik/2.1.0 (Linux; U; Android 5.1; XT1058 Build/LPA23.12-21.7)"
186.241.1.158 - - [19/Apr/2016:16:44:47 -0300] "GET /user/survey/summary HTTP/1.1" 200 66 "-" "Dalvik/2.1.0 (Linux; U; Android 5.1; XT1058 Build/LPA23.12-21.7)"
186.241.1.158 - - [19/Apr/2016:16:44:48 -0300] "GET /user/calendar/month?&month=4&year=2016 HTTP/1.1" 200 58 "-" "Dalvik/2.1.0 (Linux; U; Android 5.1; XT1058 Build/LPA23.12-21.7)"
186.241.1.158 - - [19/Apr/2016:16:44:49 -0300] "GET /user/calendar/year?year=2016 HTTP/1.1" 200 58 "-" "Dalvik/2.1.0 (Linux; U; Android 5.1; XT1058 Build/LPA23.12-21.7)"
186.241.1.158 - - [19/Apr/2016:16:44:50 -0300] "GET /user/calendar/day?day=19&month=4&year=2016 HTTP/1.1" 200 58 "-" "Dalvik/2.1.0 (Linux; U; Android 5.1; XT1058 Build/LPA23.12-21.7)"
186.241.1.158 - - [19/Apr/2016:16:45:01 -0300] "GET /user/calendar/month?&month=3&year=2016 HTTP/1.1" 200 58 "-" "Dalvik/2.1.0 (Linux; U; Android 5.1; XT1058 Build/LPA23.12-21.7)"
186.241.1.158 - - [19/Apr/2016:16:45:03 -0300] "GET /user/calendar/day?day=1&month=3&year=2016 HTTP/1.1" 200 58 "-" "Dalvik/2.1.0 (Linux; U; Android 5.1; XT1058 Build/LPA23.12-21.7)"
186.241.1.158 - - [19/Apr/2016:16:45:04 -0300] "GET /user/calendar/month?&month=4&year=2016 HTTP/1.1" 200 58 "-" "Dalvik/2.1.0 (Linux; U; Android 5.1; XT1058 Build/LPA23.12-21.7)"
186.241.1.158 - - [19/Apr/2016:16:45:05 -0300] "GET /user/calendar/month?&month=5&year=2016 HTTP/1.1" 200 58 "-" "Dalvik/2.1.0 (Linux; U; Android 5.1; XT1058 Build/LPA23.12-21.7)"
186.241.1.158 - - [19/Apr/2016:16:45:06 -0300] "GET /user/calendar/day?day=1&month=5&year=2016 HTTP/1.1" 200 58 "-" "Dalvik/2.1.0 (Linux; U; Android 5.1; XT1058 Build/LPA23.12-21.7)"
186.241.1.158 - - [19/Apr/2016:16:45:08 -0300] "GET /user/calendar/day?day=1&month=5&year=2016 HTTP/1.1" 200 58 "-" "Dalvik/2.1.0 (Linux; U; Android 5.1; XT1058 Build/LPA23.12-21.7)"
186.241.1.158 - - [19/Apr/2016:16:45:34 -0300] "GET /user/calendar/month?&month=6&year=2016 HTTP/1.1" 200 58 "-" "Dalvik/2.1.0 (Linux; U; Android 5.1; XT1058 Build/LPA23.12-21.7)"
186.241.1.158 - - [19/Apr/2016:16:45:35 -0300] "GET /user/calendar/day?day=1&month=6&year=2016 HTTP/1.1" 200 58 "-" "Dalvik/2.1.0 (Linux; U; Android 5.1; XT1058 Build/LPA23.12-21.7)"
186.241.1.158 - - [19/Apr/2016:16:45:37 -0300] "GET /user/calendar/month?&month=5&year=2016 HTTP/1.1" 200 58 "-" "Dalvik/2.1.0 (Linux; U; Android 5.1; XT1058 Build/LPA23.12-21.7)"
186.241.1.158 - - [19/Apr/2016:16:45:38 -0300] "GET /user/calendar/day?day=1&month=5&year=2016 HTTP/1.1" 200 58 "-" "Dalvik/2.1.0 (Linux; U; Android 5.1; XT1058 Build/LPA23.12-21.7)"
186.241.1.158 - - [19/Apr/2016:16:45:45 -0300] "GET /user/calendar/day?day=19&month=5&year=2016 HTTP/1.1" 200 58 "-" "Dalvik/2.1.0 (Linux; U; Android 5.1; XT1058 Build/LPA23.12-21.7)"
186.241.1.158 - - [19/Apr/2016:16:45:48 -0300] "GET /user/calendar/day?day=19&month=5&year=2016 HTTP/1.1" 200 58 "-" "Dalvik/2.1.0 (Linux; U; Android 5.1; XT1058 Build/LPA23.12-21.7)"
186.241.1.158 - - [19/Apr/2016:16:45:50 -0300] "GET /user/calendar/day?day=19&month=5&year=2016 HTTP/1.1" 200 58 "-" "Dalvik/2.1.0 (Linux; U; Android 5.1; XT1058 Build/LPA23.12-21.7)"
186.241.1.158 - - [19/Apr/2016:16:46:07 -0300] "GET /surveys/summary/?lon=-39.5290677&lat=-17.0317098 HTTP/1.1" 200 217 "-" "Dalvik/2.1.0 (Linux; U; Android 5.1; XT1058 Build/LPA23.12-21.7)"
186.241.1.158 - - [19/Apr/2016:16:46:08 -0300] "GET /surveys/l?lon=-39.5290677&lat=-17.0317098 HTTP/1.1" 200 56 "-" "Dalvik/2.1.0 (Linux; U; Android 5.1; XT1058 Build/LPA23.12-21.7)"
186.241.1.158 - - [19/Apr/2016:16:46:10 -0300] "GET /news/get HTTP/1.1" 200 4208 "-" "Dalvik/2.1.0 (Linux; U; Android 5.1; XT1058 Build/LPA23.12-21.7)"
177.19.107.148 - - [19/Apr/2016:16:46:10 -0300] "GET /user/household/5715621e8fe8a3235d0249d0 HTTP/1.1" 200 998 "-" "Dalvik/2.1.0 (Linux; U; Android 6.0; Google Nexus 5 - 6.0.0 - API 23 - 1080x1920 Build/MRA58K)"
186.241.1.158 - - [19/Apr/2016:16:46:15 -0300] "GET /user/household/571689ebfc032d075d632fed HTTP/1.1" 200 56 "-" "Dalvik/2.1.0 (Linux; U; Android 5.1; XT1058 Build/LPA23.12-21.7)"
186.241.1.158 - - [19/Apr/2016:16:46:18 -0300] "GET /user/household/571689ebfc032d075d632fed HTTP/1.1" 200 56 "-" "Dalvik/2.1.0 (Linux; U; Android 5.1; XT1058 Build/LPA23.12-21.7)"
186.241.1.158 - - [19/Apr/2016:16:46:23 -0300] "GET /user/household/571689ebfc032d075d632fed HTTP/1.1" 200 56 "-" "Dalvik/2.1.0 (Linux; U; Android 5.1; XT1058 Build/LPA23.12-21.7)"
186.241.1.158 - - [19/Apr/2016:16:46:28 -0300] "POST /survey/create HTTP/1.1" 200 530 "-" "Dalvik/2.1.0 (Linux; U; Android 5.1; XT1058 Build/LPA23.12-21.7)"
177.19.107.148 - - [19/Apr/2016:16:46:30 -0300] "POST /household/create HTTP/1.1" 200 232 "-" "Dalvik/2.1.0 (Linux; U; Android 6.0; Google Nexus 5 - 6.0.0 - API 23 - 1080x1920 Build/MRA58K)"
177.19.107.148 - - [19/Apr/2016:16:46:31 -0300] "GET /user/lookup/ HTTP/1.1" 200 1702 "-" "Dalvik/2.1.0 (Linux; U; Android 6.0; Google Nexus 5 - 6.0.0 - API 23 - 1080x1920 Build/MRA58K)"
177.19.107.148 - - [19/Apr/2016:16:46:31 -0300] "GET /user/household/5715621e8fe8a3235d0249d0 HTTP/1.1" 200 1052 "-" "Dalvik/2.1.0 (Linux; U; Android 6.0; Google Nexus 5 - 6.0.0 - API 23 - 1080x1920 Build/MRA58K)"
186.241.1.158 - - [19/Apr/2016:16:46:34 -0300] "GET /user/household/571689ebfc032d075d632fed HTTP/1.1" 200 56 "-" "Dalvik/2.1.0 (Linux; U; Android 5.1; XT1058 Build/LPA23.12-21.7)"
186.241.1.158 - - [19/Apr/2016:16:46:38 -0300] "GET /user/household/571689ebfc032d075d632fed HTTP/1.1" 200 56 "-" "Dalvik/2.1.0 (Linux; U; Android 5.1; XT1058 Build/LPA23.12-21.7)"
177.19.107.148 - - [19/Apr/2016:16:46:38 -0300] "GET /user/household/5715621e8fe8a3235d0249d0 HTTP/1.1" 200 1052 "-" "Dalvik/2.1.0 (Linux; U; Android 6.0; Google Nexus 5 - 6.0.0 - API 23 - 1080x1920 Build/MRA58K)"
177.19.107.148 - - [19/Apr/2016:16:46:39 -0300] "GET /user/survey/summary HTTP/1.1" 200 71 "-" "Dalvik/2.1.0 (Linux; U; Android 6.0; Google Nexus 5 - 6.0.0 - API 23 - 1080x1920 Build/MRA58K)"
177.19.107.148 - - [19/Apr/2016:16:46:39 -0300] "GET /user/calendar/month?&month=4&year=2016 HTTP/1.1" 200 127 "-" "Dalvik/2.1.0 (Linux; U; Android 6.0; Google Nexus 5 - 6.0.0 - API 23 - 1080x1920 Build/MRA58K)"
177.19.107.148 - - [19/Apr/2016:16:46:40 -0300] "GET /user/calendar/year?year=2016 HTTP/1.1" 200 109 "-" "Dalvik/2.1.0 (Linux; U; Android 6.0; Google Nexus 5 - 6.0.0 - API 23 - 1080x1920 Build/MRA58K)"
177.19.107.148 - - [19/Apr/2016:16:46:40 -0300] "GET /user/calendar/day?day=19&month=4&year=2016 HTTP/1.1" 200 127 "-" "Dalvik/2.1.0 (Linux; U; Android 6.0; Google Nexus 5 - 6.0.0 - API 23 - 1080x1920 Build/MRA58K)"
186.241.1.158 - - [19/Apr/2016:16:46:41 -0300] "GET /user/household/571689ebfc032d075d632fed HTTP/1.1" 200 56 "-" "Dalvik/2.1.0 (Linux; U; Android 5.1; XT1058 Build/LPA23.12-21.7)"
177.19.107.148 - - [19/Apr/2016:16:46:43 -0300] "GET /user/household/5715621e8fe8a3235d0249d0 HTTP/1.1" 200 1052 "-" "Dalvik/2.1.0 (Linux; U; Android 6.0; Google Nexus 5 - 6.0.0 - API 23 - 1080x1920 Build/MRA58K)"
186.241.1.158 - - [19/Apr/2016:16:46:45 -0300] "GET /user/household/571689ebfc032d075d632fed HTTP/1.1" 200 56 "-" "Dalvik/2.1.0 (Linux; U; Android 5.1; XT1058 Build/LPA23.12-21.7)"
