192.76.7.130 - - [15/Mar/2016:15:20:43 -0300] "GET /surveys/l?lat=51.71120237217867&lon=-1.0356250268554277 HTTP/1.1" 200 56 "http://guardioesdasaude.org/health-map" "Mozilla/5.0 (Macintosh; Intel Mac OS X 10_10_3) AppleWebKit/537.36 (KHTML, like Gecko) Chrome/48.0.2564.116 Safari/537.36"
191.166.69.204 - - [15/Mar/2016:15:20:43 -0300] "GET /user/calendar/day?day=7&month=3&year=2016 HTTP/1.1" 200 58 "-" "Dalvik/2.1.0 (Linux; U; Android 6.0; XT1069 Build/MPB24.65-34)"
192.76.7.130 - - [15/Mar/2016:15:20:43 -0300] "GET /surveys/l?q=Great%20Haseley,%20Oxford,%20Oxfordshire%20OX44%207BG,%20UK HTTP/1.1" 200 103 "http://guardioesdasaude.org/health-map" "Mozilla/5.0 (Macintosh; Intel Mac OS X 10_10_3) AppleWebKit/537.36 (KHTML, like Gecko) Chrome/48.0.2564.116 Safari/537.36"
192.76.7.130 - - [15/Mar/2016:15:20:43 -0300] "GET /surveys/summary?q=Great%20Haseley,%20Oxford,%20Oxfordshire%20OX44%207BG,%20UK HTTP/1.1" 200 198 "http://guardioesdasaude.org/health-map" "Mozilla/5.0 (Macintosh; Intel Mac OS X 10_10_3) AppleWebKit/537.36 (KHTML, like Gecko) Chrome/48.0.2564.116 Safari/537.36"
191.166.69.204 - - [15/Mar/2016:15:20:44 -0300] "GET /user/calendar/day?day=8&month=3&year=2016 HTTP/1.1" 200 58 "-" "Dalvik/2.1.0 (Linux; U; Android 6.0; XT1069 Build/MPB24.65-34)"
191.166.69.204 - - [15/Mar/2016:15:20:46 -0300] "GET /user/calendar/day?day=9&month=3&year=2016 HTTP/1.1" 200 58 "-" "Dalvik/2.1.0 (Linux; U; Android 6.0; XT1069 Build/MPB24.65-34)"
191.166.69.204 - - [15/Mar/2016:15:20:47 -0300] "GET /user/calendar/day?day=10&month=3&year=2016 HTTP/1.1" 200 58 "-" "Dalvik/2.1.0 (Linux; U; Android 6.0; XT1069 Build/MPB24.65-34)"
192.76.7.130 - - [15/Mar/2016:15:20:48 -0300] "OPTIONS /surveys/l?q=Recife,%20Recife%20-%20PE,%20Brasil HTTP/1.1" 204 0 "http://guardioesdasaude.org/health-map" "Mozilla/5.0 (Macintosh; Intel Mac OS X 10_10_3) AppleWebKit/537.36 (KHTML, like Gecko) Chrome/48.0.2564.116 Safari/537.36"
192.76.7.130 - - [15/Mar/2016:15:20:48 -0300] "OPTIONS /surveys/summary?q=Recife,%20Recife%20-%20PE,%20Brasil HTTP/1.1" 204 0 "http://guardioesdasaude.org/health-map" "Mozilla/5.0 (Macintosh; Intel Mac OS X 10_10_3) AppleWebKit/537.36 (KHTML, like Gecko) Chrome/48.0.2564.116 Safari/537.36"
191.166.69.204 - - [15/Mar/2016:15:20:49 -0300] "GET /user/calendar/day?day=11&month=3&year=2016 HTTP/1.1" 200 58 "-" "Dalvik/2.1.0 (Linux; U; Android 6.0; XT1069 Build/MPB24.65-34)"
192.76.7.130 - - [15/Mar/2016:15:20:49 -0300] "GET /surveys/l?q=Recife,%20Recife%20-%20PE,%20Brasil HTTP/1.1" 200 7064 "http://guardioesdasaude.org/health-map" "Mozilla/5.0 (Macintosh; Intel Mac OS X 10_10_3) AppleWebKit/537.36 (KHTML, like Gecko) Chrome/48.0.2564.116 Safari/537.36"
192.76.7.130 - - [15/Mar/2016:15:20:49 -0300] "GET /surveys/summary?q=Recife,%20Recife%20-%20PE,%20Brasil HTTP/1.1" 200 198 "http://guardioesdasaude.org/health-map" "Mozilla/5.0 (Macintosh; Intel Mac OS X 10_10_3) AppleWebKit/537.36 (KHTML, like Gecko) Chrome/48.0.2564.116 Safari/537.36"
192.76.7.130 - - [15/Mar/2016:15:20:49 -0300] "OPTIONS /surveys/l?lat=-8.057821206370441&lon=-34.88289689999999 HTTP/1.1" 204 0 "http://guardioesdasaude.org/health-map" "Mozilla/5.0 (Macintosh; Intel Mac OS X 10_10_3) AppleWebKit/537.36 (KHTML, like Gecko) Chrome/48.0.2564.116 Safari/537.36"
192.76.7.130 - - [15/Mar/2016:15:20:49 -0300] "OPTIONS /surveys/l?q=Boa%20Vista,%20Recife%20-%20State%20of%20Pernambuco,%20Brazil HTTP/1.1" 204 0 "http://guardioesdasaude.org/health-map" "Mozilla/5.0 (Macintosh; Intel Mac OS X 10_10_3) AppleWebKit/537.36 (KHTML, like Gecko) Chrome/48.0.2564.116 Safari/537.36"
192.76.7.130 - - [15/Mar/2016:15:20:49 -0300] "GET /surveys/l?lat=-8.057821206370441&lon=-34.88289689999999 HTTP/1.1" 200 7054 "http://guardioesdasaude.org/health-map" "Mozilla/5.0 (Macintosh; Intel Mac OS X 10_10_3) AppleWebKit/537.36 (KHTML, like Gecko) Chrome/48.0.2564.116 Safari/537.36"
192.76.7.130 - - [15/Mar/2016:15:20:50 -0300] "OPTIONS /surveys/summary?q=Boa%20Vista,%20Recife%20-%20State%20of%20Pernambuco,%20Brazil HTTP/1.1" 204 0 "http://guardioesdasaude.org/health-map" "Mozilla/5.0 (Macintosh; Intel Mac OS X 10_10_3) AppleWebKit/537.36 (KHTML, like Gecko) Chrome/48.0.2564.116 Safari/537.36"
191.166.69.204 - - [15/Mar/2016:15:20:50 -0300] "GET /user/calendar/day?day=12&month=3&year=2016 HTTP/1.1" 200 58 "-" "Dalvik/2.1.0 (Linux; U; Android 6.0; XT1069 Build/MPB24.65-34)"
192.76.7.130 - - [15/Mar/2016:15:20:50 -0300] "GET /surveys/l?q=Boa%20Vista,%20Recife%20-%20State%20of%20Pernambuco,%20Brazil HTTP/1.1" 200 7096 "http://guardioesdasaude.org/health-map" "Mozilla/5.0 (Macintosh; Intel Mac OS X 10_10_3) AppleWebKit/537.36 (KHTML, like Gecko) Chrome/48.0.2564.116 Safari/537.36"
192.76.7.130 - - [15/Mar/2016:15:20:50 -0300] "GET /surveys/summary?q=Boa%20Vista,%20Recife%20-%20State%20of%20Pernambuco,%20Brazil HTTP/1.1" 200 204 "http://guardioesdasaude.org/health-map" "Mozilla/5.0 (Macintosh; Intel Mac OS X 10_10_3) AppleWebKit/537.36 (KHTML, like Gecko) Chrome/48.0.2564.116 Safari/537.36"
191.166.69.204 - - [15/Mar/2016:15:20:52 -0300] "GET /user/calendar/day?day=13&month=3&year=2016 HTTP/1.1" 200 58 "-" "Dalvik/2.1.0 (Linux; U; Android 6.0; XT1069 Build/MPB24.65-34)"
191.166.69.204 - - [15/Mar/2016:15:20:53 -0300] "GET /user/calendar/day?day=14&month=3&year=2016 HTTP/1.1" 200 58 "-" "Dalvik/2.1.0 (Linux; U; Android 6.0; XT1069 Build/MPB24.65-34)"
191.166.69.204 - - [15/Mar/2016:15:20:55 -0300] "GET /user/calendar/day?day=15&month=3&year=2016 HTTP/1.1" 200 58 "-" "Dalvik/2.1.0 (Linux; U; Android 6.0; XT1069 Build/MPB24.65-34)"
177.38.200.87 - - [15/Mar/2016:15:20:55 -0300] "OPTIONS /search/cities?limit=5 HTTP/1.1" 204 0 "-" "Mozilla/5.0 (Macintosh; Intel Mac OS X 10.9; rv:47.0) Gecko/20100101 Firefox/47.0"
177.38.200.87 - - [15/Mar/2016:15:20:56 -0300] "OPTIONS /search/cities?limit=5 HTTP/1.1" 204 0 "-" "Mozilla/5.0 (Macintosh; Intel Mac OS X 10.9; rv:47.0) Gecko/20100101 Firefox/47.0"
177.38.200.87 - - [15/Mar/2016:15:20:56 -0300] "OPTIONS /search/cities?limit=5 HTTP/1.1" 204 0 "-" "Mozilla/5.0 (Macintosh; Intel Mac OS X 10.9; rv:47.0) Gecko/20100101 Firefox/47.0"
191.166.69.204 - - [15/Mar/2016:15:20:56 -0300] "GET /user/calendar/day?day=16&month=3&year=2016 HTTP/1.1" 200 58 "-" "Dalvik/2.1.0 (Linux; U; Android 6.0; XT1069 Build/MPB24.65-34)"
177.38.200.87 - - [15/Mar/2016:15:20:56 -0300] "GET /search/cities?limit=5 HTTP/1.1" 200 152 "http://guardioesdasaude.org/" "Mozilla/5.0 (Macintosh; Intel Mac OS X 10.9; rv:47.0) Gecko/20100101 Firefox/47.0"
177.38.200.87 - - [15/Mar/2016:15:20:56 -0300] "GET /search/cities?limit=5 HTTP/1.1" 200 152 "http://guardioesdasaude.org/" "Mozilla/5.0 (Macintosh; Intel Mac OS X 10.9; rv:47.0) Gecko/20100101 Firefox/47.0"
177.38.200.87 - - [15/Mar/2016:15:20:56 -0300] "GET /search/cities?limit=5 HTTP/1.1" 200 152 "http://guardioesdasaude.org/" "Mozilla/5.0 (Macintosh; Intel Mac OS X 10.9; rv:47.0) Gecko/20100101 Firefox/47.0"
191.166.69.204 - - [15/Mar/2016:15:20:57 -0300] "GET /user/calendar/day?day=17&month=3&year=2016 HTTP/1.1" 200 58 "-" "Dalvik/2.1.0 (Linux; U; Android 6.0; XT1069 Build/MPB24.65-34)"
191.166.69.204 - - [15/Mar/2016:15:20:59 -0300] "GET /user/calendar/day?day=18&month=3&year=2016 HTTP/1.1" 200 58 "-" "Dalvik/2.1.0 (Linux; U; Android 6.0; XT1069 Build/MPB24.65-34)"
191.166.69.204 - - [15/Mar/2016:15:21:00 -0300] "GET /user/calendar/day?day=19&month=3&year=2016 HTTP/1.1" 200 58 "-" "Dalvik/2.1.0 (Linux; U; Android 6.0; XT1069 Build/MPB24.65-34)"
191.166.69.204 - - [15/Mar/2016:15:21:02 -0300] "GET /user/calendar/day?day=20&month=3&year=2016 HTTP/1.1" 200 58 "-" "Dalvik/2.1.0 (Linux; U; Android 6.0; XT1069 Build/MPB24.65-34)"
191.166.69.204 - - [15/Mar/2016:15:21:05 -0300] "GET /user/calendar/day?day=21&month=3&year=2016 HTTP/1.1" 200 58 "-" "Dalvik/2.1.0 (Linux; U; Android 6.0; XT1069 Build/MPB24.65-34)"
191.166.69.204 - - [15/Mar/2016:15:21:06 -0300] "GET /user/calendar/day?day=22&month=3&year=2016 HTTP/1.1" 200 58 "-" "Dalvik/2.1.0 (Linux; U; Android 6.0; XT1069 Build/MPB24.65-34)"
177.65.128.151 - - [15/Mar/2016:15:21:07 -0300] "GET /user/household/56d99b78852235370d360f42 HTTP/1.1" 200 56 "-" "Dalvik/2.1.0 (Linux; U; Android 5.1; Samsung Galaxy S6 - 5.1.0 - API 22 - 1440x2560 Build/LMY47D)"
191.166.69.204 - - [15/Mar/2016:15:21:07 -0300] "GET /user/calendar/day?day=23&month=3&year=2016 HTTP/1.1" 200 58 "-" "Dalvik/2.1.0 (Linux; U; Android 6.0; XT1069 Build/MPB24.65-34)"
191.166.69.204 - - [15/Mar/2016:15:21:09 -0300] "GET /user/calendar/day?day=24&month=3&year=2016 HTTP/1.1" 200 58 "-" "Dalvik/2.1.0 (Linux; U; Android 6.0; XT1069 Build/MPB24.65-34)"
177.65.128.151 - - [15/Mar/2016:15:21:09 -0300] "GET /user/household/56d99b78852235370d360f42 HTTP/1.1" 200 56 "-" "Dalvik/2.1.0 (Linux; U; Android 5.1; Samsung Galaxy S6 - 5.1.0 - API 22 - 1440x2560 Build/LMY47D)"
191.166.69.204 - - [15/Mar/2016:15:21:10 -0300] "GET /user/calendar/day?day=25&month=3&year=2016 HTTP/1.1" 200 58 "-" "Dalvik/2.1.0 (Linux; U; Android 6.0; XT1069 Build/MPB24.65-34)"
191.166.69.204 - - [15/Mar/2016:15:21:12 -0300] "GET /user/calendar/day?day=26&month=3&year=2016 HTTP/1.1" 200 58 "-" "Dalvik/2.1.0 (Linux; U; Android 6.0; XT1069 Build/MPB24.65-34)"
191.166.69.204 - - [15/Mar/2016:15:21:13 -0300] "GET /user/calendar/day?day=27&month=3&year=2016 HTTP/1.1" 200 58 "-" "Dalvik/2.1.0 (Linux; U; Android 6.0; XT1069 Build/MPB24.65-34)"
191.166.69.204 - - [15/Mar/2016:15:21:16 -0300] "GET /user/calendar/day?day=28&month=3&year=2016 HTTP/1.1" 200 58 "-" "Dalvik/2.1.0 (Linux; U; Android 6.0; XT1069 Build/MPB24.65-34)"
191.166.69.204 - - [15/Mar/2016:15:21:18 -0300] "GET /user/calendar/day?day=29&month=3&year=2016 HTTP/1.1" 200 58 "-" "Dalvik/2.1.0 (Linux; U; Android 6.0; XT1069 Build/MPB24.65-34)"
191.166.69.204 - - [15/Mar/2016:15:21:19 -0300] "GET /user/calendar/day?day=30&month=3&year=2016 HTTP/1.1" 200 58 "-" "Dalvik/2.1.0 (Linux; U; Android 6.0; XT1069 Build/MPB24.65-34)"
191.166.69.204 - - [15/Mar/2016:15:21:21 -0300] "GET /user/calendar/day?day=31&month=3&year=2016 HTTP/1.1" 200 58 "-" "Dalvik/2.1.0 (Linux; U; Android 6.0; XT1069 Build/MPB24.65-34)"
191.166.69.204 - - [15/Mar/2016:15:21:22 -0300] "GET /user/calendar/day?day=15&month=3&year=2016 HTTP/1.1" 200 58 "-" "Dalvik/2.1.0 (Linux; U; Android 6.0; XT1069 Build/MPB24.65-34)"
177.38.200.87 - - [15/Mar/2016:15:21:38 -0300] "OPTIONS /survey/create HTTP/1.1" 204 0 "-" "Mozilla/5.0 (Macintosh; Intel Mac OS X 10.9; rv:47.0) Gecko/20100101 Firefox/47.0"
177.38.200.87 - - [15/Mar/2016:15:21:38 -0300] "POST /survey/create HTTP/1.1" 200 426 "http://guardioesdasaude.org/survey/56d874ed722561fc0ce35f69/step-1" "Mozilla/5.0 (Macintosh; Intel Mac OS X 10.9; rv:47.0) Gecko/20100101 Firefox/47.0"
177.38.200.87 - - [15/Mar/2016:15:21:38 -0300] "OPTIONS /user/get/56d874ed722561fc0ce35f69 HTTP/1.1" 204 0 "-" "Mozilla/5.0 (Macintosh; Intel Mac OS X 10.9; rv:47.0) Gecko/20100101 Firefox/47.0"
177.38.200.87 - - [15/Mar/2016:15:21:38 -0300] "GET /user/get/56d874ed722561fc0ce35f69 HTTP/1.1" 200 1600 "http://guardioesdasaude.org/survey/56d874ed722561fc0ce35f69/step-1" "Mozilla/5.0 (Macintosh; Intel Mac OS X 10.9; rv:47.0) Gecko/20100101 Firefox/47.0"
177.65.128.151 - - [15/Mar/2016:15:21:38 -0300] "GET /user/lookup/ HTTP/1.1" 200 972 "-" "Dalvik/2.1.0 (Linux; U; Android 5.1; Samsung Galaxy S6 - 5.1.0 - API 22 - 1440x2560 Build/LMY47D)"
177.38.200.87 - - [15/Mar/2016:15:21:38 -0300] "OPTIONS /user/update HTTP/1.1" 204 0 "-" "Mozilla/5.0 (Macintosh; Intel Mac OS X 10.9; rv:47.0) Gecko/20100101 Firefox/47.0"
177.38.200.87 - - [15/Mar/2016:15:21:39 -0300] "POST /user/update HTTP/1.1" 200 82 "http://guardioesdasaude.org/survey/56d874ed722561fc0ce35f69/step-1" "Mozilla/5.0 (Macintosh; Intel Mac OS X 10.9; rv:47.0) Gecko/20100101 Firefox/47.0"
177.38.200.87 - - [15/Mar/2016:15:21:39 -0300] "GET /user/get/56d874ed722561fc0ce35f69 HTTP/1.1" 304 0 "http://guardioesdasaude.org/survey/56d874ed722561fc0ce35f69/step-1" "Mozilla/5.0 (Macintosh; Intel Mac OS X 10.9; rv:47.0) Gecko/20100101 Firefox/47.0"
177.38.200.87 - - [15/Mar/2016:15:21:45 -0300] "OPTIONS /user/calendar/year?year=2016 HTTP/1.1" 204 0 "-" "Mozilla/5.0 (Macintosh; Intel Mac OS X 10.9; rv:47.0) Gecko/20100101 Firefox/47.0"
177.38.200.87 - - [15/Mar/2016:15:21:45 -0300] "OPTIONS /user/survey/summary HTTP/1.1" 204 0 "-" "Mozilla/5.0 (Macintosh; Intel Mac OS X 10.9; rv:47.0) Gecko/20100101 Firefox/47.0"
177.38.200.87 - - [15/Mar/2016:15:21:45 -0300] "OPTIONS /user/calendar/month?month=3&year=2016 HTTP/1.1" 204 0 "-" "Mozilla/5.0 (Macintosh; Intel Mac OS X 10.9; rv:47.0) Gecko/20100101 Firefox/47.0"
177.38.200.87 - - [15/Mar/2016:15:21:45 -0300] "OPTIONS /user/calendar/month?month=3&year=2016 HTTP/1.1" 204 0 "-" "Mozilla/5.0 (Macintosh; Intel Mac OS X 10.9; rv:47.0) Gecko/20100101 Firefox/47.0"
177.38.200.87 - - [15/Mar/2016:15:21:45 -0300] "GET /user/calendar/year?year=2016 HTTP/1.1" 302 33 "http://guardioesdasaude.org/health-daily" "Mozilla/5.0 (Macintosh; Intel Mac OS X 10.9; rv:47.0) Gecko/20100101 Firefox/47.0"
177.38.200.87 - - [15/Mar/2016:15:21:45 -0300] "GET /user/calendar/month?month=3&year=2016 HTTP/1.1" 302 33 "http://guardioesdasaude.org/health-daily" "Mozilla/5.0 (Macintosh; Intel Mac OS X 10.9; rv:47.0) Gecko/20100101 Firefox/47.0"
177.38.200.87 - - [15/Mar/2016:15:21:45 -0300] "GET /search/cities?limit=5 HTTP/1.1" 200 152 "http://guardioesdasaude.org/health-daily" "Mozilla/5.0 (Macintosh; Intel Mac OS X 10.9; rv:47.0) Gecko/20100101 Firefox/47.0"
177.38.200.87 - - [15/Mar/2016:15:21:45 -0300] "GET /user/survey/summary HTTP/1.1" 302 33 "http://guardioesdasaude.org/health-daily" "Mozilla/5.0 (Macintosh; Intel Mac OS X 10.9; rv:47.0) Gecko/20100101 Firefox/47.0"
177.38.200.87 - - [15/Mar/2016:15:21:45 -0300] "GET /user/calendar/month?month=3&year=2016 HTTP/1.1" 302 33 "http://guardioesdasaude.org/health-daily" "Mozilla/5.0 (Macintosh; Intel Mac OS X 10.9; rv:47.0) Gecko/20100101 Firefox/47.0"
173.66.126.222 - - [15/Mar/2016:15:22:41 -0300] "OPTIONS /search/cities?limit=5 HTTP/1.1" 204 0 "http://guardioesdasaude.org/" "Mozilla/5.0 (iPhone; CPU iPhone OS 9_2_1 like Mac OS X) AppleWebKit/601.1.46 (KHTML, like Gecko) Version/9.0 Mobile/13D15 Safari/601.1"
173.66.126.222 - - [15/Mar/2016:15:22:41 -0300] "GET /search/cities?limit=5 HTTP/1.1" 200 152 "http://guardioesdasaude.org/" "Mozilla/5.0 (iPhone; CPU iPhone OS 9_2_1 like Mac OS X) AppleWebKit/601.1.46 (KHTML, like Gecko) Version/9.0 Mobile/13D15 Safari/601.1"
177.65.128.151 - - [15/Mar/2016:15:23:26 -0300] "GET /news/get HTTP/1.1" 200 3199 "-" "Dalvik/2.1.0 (Linux; U; Android 5.1; Samsung Galaxy S6 - 5.1.0 - API 22 - 1440x2560 Build/LMY47D)"
177.38.200.87 - - [15/Mar/2016:15:23:56 -0300] "GET /user/lookup/ HTTP/1.1" 200 1652 "-" "Dalvik/2.1.0 (Linux; U; Android 6.0; XT1068 Build/MPB24.65-34)"
177.38.200.87 - - [15/Mar/2016:15:23:59 -0300] "GET /user/household/56d874ed722561fc0ce35f69 HTTP/1.1" 200 56 "-" "Dalvik/2.1.0 (Linux; U; Android 6.0; XT1068 Build/MPB24.65-34)"
177.38.200.87 - - [15/Mar/2016:15:24:04 -0300] "POST /survey/create HTTP/1.1" 200 422 "-" "Dalvik/2.1.0 (Linux; U; Android 6.0; XT1068 Build/MPB24.65-34)"
173.66.126.222 - - [15/Mar/2016:15:24:27 -0300] "OPTIONS /user/login HTTP/1.1" 204 0 "http://guardioesdasaude.org/login/email" "Mozilla/5.0 (iPhone; CPU iPhone OS 9_2_1 like Mac OS X) AppleWebKit/601.1.46 (KHTML, like Gecko) Version/9.0 Mobile/13D15 Safari/601.1"
173.66.126.222 - - [15/Mar/2016:15:24:27 -0300] "POST /user/login HTTP/1.1" 200 77 "http://guardioesdasaude.org/login/email" "Mozilla/5.0 (iPhone; CPU iPhone OS 9_2_1 like Mac OS X) AppleWebKit/601.1.46 (KHTML, like Gecko) Version/9.0 Mobile/13D15 Safari/601.1"
173.66.126.222 - - [15/Mar/2016:15:25:04 -0300] "POST /user/login HTTP/1.1" 200 77 "http://guardioesdasaude.org/login/email" "Mozilla/5.0 (iPhone; CPU iPhone OS 9_2_1 like Mac OS X) AppleWebKit/601.1.46 (KHTML, like Gecko) Version/9.0 Mobile/13D15 Safari/601.1"
173.66.126.222 - - [15/Mar/2016:15:25:06 -0300] "POST /user/login HTTP/1.1" 200 77 "http://guardioesdasaude.org/login/email" "Mozilla/5.0 (iPhone; CPU iPhone OS 9_2_1 like Mac OS X) AppleWebKit/601.1.46 (KHTML, like Gecko) Version/9.0 Mobile/13D15 Safari/601.1"
173.66.126.222 - - [15/Mar/2016:15:25:07 -0300] "POST /user/login HTTP/1.1" 200 77 "http://guardioesdasaude.org/login/email" "Mozilla/5.0 (iPhone; CPU iPhone OS 9_2_1 like Mac OS X) AppleWebKit/601.1.46 (KHTML, like Gecko) Version/9.0 Mobile/13D15 Safari/601.1"
177.38.200.87 - - [15/Mar/2016:15:26:59 -0300] "OPTIONS /search/cities?limit=5 HTTP/1.1" 204 0 "http://guardioesdasaude.org/" "Mozilla/5.0 (Macintosh; Intel Mac OS X 10_10_5) AppleWebKit/537.36 (KHTML, like Gecko) Chrome/49.0.2623.87 Safari/537.36"
177.38.200.87 - - [15/Mar/2016:15:26:59 -0300] "GET /search/cities?limit=5 HTTP/1.1" 200 152 "http://guardioesdasaude.org/" "Mozilla/5.0 (Macintosh; Intel Mac OS X 10_10_5) AppleWebKit/537.36 (KHTML, like Gecko) Chrome/49.0.2623.87 Safari/537.36"
177.38.200.87 - - [15/Mar/2016:15:27:05 -0300] "OPTIONS /user/get?fb=966433580111833 HTTP/1.1" 204 0 "http://guardioesdasaude.org/login" "Mozilla/5.0 (Macintosh; Intel Mac OS X 10_10_5) AppleWebKit/537.36 (KHTML, like Gecko) Chrome/49.0.2623.87 Safari/537.36"
177.38.200.87 - - [15/Mar/2016:15:27:06 -0300] "GET /user/get?fb=966433580111833 HTTP/1.1" 200 671 "http://guardioesdasaude.org/login" "Mozilla/5.0 (Macintosh; Intel Mac OS X 10_10_5) AppleWebKit/537.36 (KHTML, like Gecko) Chrome/49.0.2623.87 Safari/537.36"
177.38.200.87 - - [15/Mar/2016:15:27:06 -0300] "OPTIONS /user/login HTTP/1.1" 204 0 "http://guardioesdasaude.org/login" "Mozilla/5.0 (Macintosh; Intel Mac OS X 10_10_5) AppleWebKit/537.36 (KHTML, like Gecko) Chrome/49.0.2623.87 Safari/537.36"
177.38.200.87 - - [15/Mar/2016:15:27:06 -0300] "POST /user/login HTTP/1.1" 200 822 "http://guardioesdasaude.org/login" "Mozilla/5.0 (Macintosh; Intel Mac OS X 10_10_5) AppleWebKit/537.36 (KHTML, like Gecko) Chrome/49.0.2623.87 Safari/537.36"
177.38.200.87 - - [15/Mar/2016:15:27:06 -0300] "GET /search/cities?limit=5 HTTP/1.1" 200 152 "http://guardioesdasaude.org/health-daily" "Mozilla/5.0 (Macintosh; Intel Mac OS X 10_10_5) AppleWebKit/537.36 (KHTML, like Gecko) Chrome/49.0.2623.87 Safari/537.36"
177.38.200.87 - - [15/Mar/2016:15:27:06 -0300] "OPTIONS /user/survey/summary HTTP/1.1" 204 0 "http://guardioesdasaude.org/health-daily" "Mozilla/5.0 (Macintosh; Intel Mac OS X 10_10_5) AppleWebKit/537.36 (KHTML, like Gecko) Chrome/49.0.2623.87 Safari/537.36"
177.38.200.87 - - [15/Mar/2016:15:27:06 -0300] "OPTIONS /user/calendar/month?month=3&year=2016 HTTP/1.1" 204 0 "http://guardioesdasaude.org/health-daily" "Mozilla/5.0 (Macintosh; Intel Mac OS X 10_10_5) AppleWebKit/537.36 (KHTML, like Gecko) Chrome/49.0.2623.87 Safari/537.36"
177.38.200.87 - - [15/Mar/2016:15:27:06 -0300] "OPTIONS /user/calendar/year?year=2016 HTTP/1.1" 204 0 "http://guardioesdasaude.org/health-daily" "Mozilla/5.0 (Macintosh; Intel Mac OS X 10_10_5) AppleWebKit/537.36 (KHTML, like Gecko) Chrome/49.0.2623.87 Safari/537.36"
177.38.200.87 - - [15/Mar/2016:15:27:06 -0300] "OPTIONS /user/calendar/month?month=3&year=2016 HTTP/1.1" 204 0 "http://guardioesdasaude.org/health-daily" "Mozilla/5.0 (Macintosh; Intel Mac OS X 10_10_5) AppleWebKit/537.36 (KHTML, like Gecko) Chrome/49.0.2623.87 Safari/537.36"
177.38.200.87 - - [15/Mar/2016:15:27:06 -0300] "GET /search/cities?limit=5 HTTP/1.1" 200 152 "http://guardioesdasaude.org/health-daily" "Mozilla/5.0 (Macintosh; Intel Mac OS X 10_10_5) AppleWebKit/537.36 (KHTML, like Gecko) Chrome/49.0.2623.87 Safari/537.36"
177.38.200.87 - - [15/Mar/2016:15:27:06 -0300] "GET /user/survey/summary HTTP/1.1" 200 66 "http://guardioesdasaude.org/health-daily" "Mozilla/5.0 (Macintosh; Intel Mac OS X 10_10_5) AppleWebKit/537.36 (KHTML, like Gecko) Chrome/49.0.2623.87 Safari/537.36"
177.38.200.87 - - [15/Mar/2016:15:27:06 -0300] "GET /user/calendar/month?month=3&year=2016 HTTP/1.1" 200 58 "http://guardioesdasaude.org/health-daily" "Mozilla/5.0 (Macintosh; Intel Mac OS X 10_10_5) AppleWebKit/537.36 (KHTML, like Gecko) Chrome/49.0.2623.87 Safari/537.36"
177.38.200.87 - - [15/Mar/2016:15:27:06 -0300] "GET /user/calendar/year?year=2016 HTTP/1.1" 200 58 "http://guardioesdasaude.org/health-daily" "Mozilla/5.0 (Macintosh; Intel Mac OS X 10_10_5) AppleWebKit/537.36 (KHTML, like Gecko) Chrome/49.0.2623.87 Safari/537.36"
177.38.200.87 - - [15/Mar/2016:15:27:06 -0300] "GET /search/cities?limit=5 HTTP/1.1" 200 152 "http://guardioesdasaude.org/health-daily" "Mozilla/5.0 (Macintosh; Intel Mac OS X 10_10_5) AppleWebKit/537.36 (KHTML, like Gecko) Chrome/49.0.2623.87 Safari/537.36"
177.38.200.87 - - [15/Mar/2016:15:27:06 -0300] "OPTIONS /user/chart/month?month=3&year=2016 HTTP/1.1" 204 0 "http://guardioesdasaude.org/health-daily" "Mozilla/5.0 (Macintosh; Intel Mac OS X 10_10_5) AppleWebKit/537.36 (KHTML, like Gecko) Chrome/49.0.2623.87 Safari/537.36"
177.38.200.87 - - [15/Mar/2016:15:27:07 -0300] "GET /user/calendar/month?month=3&year=2016 HTTP/1.1" 200 58 "http://guardioesdasaude.org/health-daily" "Mozilla/5.0 (Macintosh; Intel Mac OS X 10_10_5) AppleWebKit/537.36 (KHTML, like Gecko) Chrome/49.0.2623.87 Safari/537.36"
177.38.200.87 - - [15/Mar/2016:15:27:07 -0300] "GET /user/chart/month?month=3&year=2016 HTTP/1.1" 200 58 "http://guardioesdasaude.org/health-daily" "Mozilla/5.0 (Macintosh; Intel Mac OS X 10_10_5) AppleWebKit/537.36 (KHTML, like Gecko) Chrome/49.0.2623.87 Safari/537.36"
189.28.128.241 - - [15/Mar/2016:15:27:24 -0300] "OPTIONS /search/cities?limit=5 HTTP/1.1" 204 0 "http://guardioesdasaude.org/" "Mozilla/5.0 (Windows NT 6.1; WOW64) AppleWebKit/537.36 (KHTML, like Gecko) Chrome/48.0.2564.116 Safari/537.36"
189.28.128.241 - - [15/Mar/2016:15:27:24 -0300] "GET /search/cities?limit=5 HTTP/1.1" 200 152 "http://guardioesdasaude.org/login" "Mozilla/5.0 (Windows NT 6.1; WOW64) AppleWebKit/537.36 (KHTML, like Gecko) Chrome/48.0.2564.116 Safari/537.36"
189.28.128.241 - - [15/Mar/2016:15:28:49 -0300] "OPTIONS /search/cities?limit=5 HTTP/1.1" 204 0 "http://guardioesdasaude.org/" "Mozilla/5.0 (Windows NT 6.1; WOW64) AppleWebKit/537.36 (KHTML, like Gecko) Chrome/48.0.2564.116 Safari/537.36"
189.28.128.241 - - [15/Mar/2016:15:28:49 -0300] "GET /search/cities?limit=5 HTTP/1.1" 200 152 "http://guardioesdasaude.org/" "Mozilla/5.0 (Windows NT 6.1; WOW64) AppleWebKit/537.36 (KHTML, like Gecko) Chrome/48.0.2564.116 Safari/537.36"
189.28.128.241 - - [15/Mar/2016:15:29:12 -0300] "OPTIONS /search/cities?limit=5 HTTP/1.1" 204 0 "http://guardioesdasaude.org/" "Mozilla/5.0 (Windows NT 6.1; WOW64) AppleWebKit/537.36 (KHTML, like Gecko) Chrome/48.0.2564.116 Safari/537.36"
189.28.128.241 - - [15/Mar/2016:15:29:12 -0300] "GET /search/cities?limit=5 HTTP/1.1" 200 152 "http://guardioesdasaude.org/" "Mozilla/5.0 (Windows NT 6.1; WOW64) AppleWebKit/537.36 (KHTML, like Gecko) Chrome/48.0.2564.116 Safari/537.36"
177.38.200.87 - - [15/Mar/2016:15:31:57 -0300] "GET /user/household/56ddb09f852235370d361027 HTTP/1.1" 200 56 "-" "Guardioes da Saude/1.1.4 (iPhone; iOS 9.2.1; Scale/2.00)"
177.38.200.87 - - [15/Mar/2016:15:32:15 -0300] "GET /user/get?gl=116759620830628934990 HTTP/1.1" 200 913 "-" "Guardioes da Saude/1.1.4 (iPhone; iOS 9.2.1; Scale/2.00)"
177.38.200.87 - - [15/Mar/2016:15:32:16 -0300] "POST /user/login HTTP/1.1" 200 69 "-" "Guardioes da Saude/1.1.4 (iPhone; iOS 9.2.1; Scale/2.00)"
177.38.200.87 - - [15/Mar/2016:15:32:19 -0300] "GET /user/get?gl=116759620830628934990 HTTP/1.1" 304 0 "-" "Guardioes da Saude/1.1.4 (iPhone; iOS 9.2.1; Scale/2.00)"
177.38.200.87 - - [15/Mar/2016:15:32:20 -0300] "POST /user/login HTTP/1.1" 200 69 "-" "Guardioes da Saude/1.1.4 (iPhone; iOS 9.2.1; Scale/2.00)"
177.38.200.87 - - [15/Mar/2016:15:32:27 -0300] "GET /user/get?fb=155316038184362 HTTP/1.1" 304 0 "-" "Guardioes da Saude/1.1.4 (iPhone; iOS 9.2.1; Scale/2.00)"
177.38.200.87 - - [15/Mar/2016:15:32:27 -0300] "POST /user/login HTTP/1.1" 200 1667 "-" "Guardioes da Saude/1.1.4 (iPhone; iOS 9.2.1; Scale/2.00)"
177.38.200.87 - - [15/Mar/2016:15:32:27 -0300] "GET /news/get HTTP/1.1" 200 3330 "-" "Guardioes da Saude/1.1.4 (iPhone; iOS 9.2.1; Scale/2.00)"
173.66.126.222 - - [15/Mar/2016:15:32:37 -0300] "OPTIONS /search/cities?limit=5 HTTP/1.1" 204 0 "http://guardioesdasaude.org/" "Mozilla/5.0 (iPhone; CPU iPhone OS 9_2_1 like Mac OS X) AppleWebKit/601.1.46 (KHTML, like Gecko) Version/9.0 Mobile/13D15 Safari/601.1"
173.66.126.222 - - [15/Mar/2016:15:32:38 -0300] "GET /search/cities?limit=5 HTTP/1.1" 200 152 "http://guardioesdasaude.org/" "Mozilla/5.0 (iPhone; CPU iPhone OS 9_2_1 like Mac OS X) AppleWebKit/601.1.46 (KHTML, like Gecko) Version/9.0 Mobile/13D15 Safari/601.1"
177.38.200.87 - - [15/Mar/2016:15:32:43 -0300] "GET /user/household/56ddb09f852235370d361027 HTTP/1.1" 200 56 "-" "Guardioes da Saude/1.1.4 (iPhone; iOS 9.2.1; Scale/2.00)"
173.66.126.222 - - [15/Mar/2016:15:34:16 -0300] "OPTIONS /search/cities?limit=5 HTTP/1.1" 204 0 "http://guardioesdasaude.org/" "Mozilla/5.0 (iPhone; CPU iPhone OS 9_2_1 like Mac OS X) AppleWebKit/601.1.46 (KHTML, like Gecko) Version/9.0 Mobile/13D15 Safari/601.1"
173.66.126.222 - - [15/Mar/2016:15:34:16 -0300] "GET /search/cities?limit=5 HTTP/1.1" 200 152 "http://guardioesdasaude.org/" "Mozilla/5.0 (iPhone; CPU iPhone OS 9_2_1 like Mac OS X) AppleWebKit/601.1.46 (KHTML, like Gecko) Version/9.0 Mobile/13D15 Safari/601.1"
177.38.200.87 - - [15/Mar/2016:15:36:09 -0300] "GET /search/cities?limit=5 HTTP/1.1" 200 152 "http://guardioesdasaude.org/" "Mozilla/5.0 (Macintosh; Intel Mac OS X 10_10_5) AppleWebKit/537.36 (KHTML, like Gecko) Chrome/49.0.2623.87 Safari/537.36"
177.38.200.87 - - [15/Mar/2016:15:36:09 -0300] "GET /search/cities?limit=5 HTTP/1.1" 200 152 "http://guardioesdasaude.org/" "Mozilla/5.0 (Macintosh; Intel Mac OS X 10_10_5) AppleWebKit/537.36 (KHTML, like Gecko) Chrome/49.0.2623.87 Safari/537.36"
177.38.200.87 - - [15/Mar/2016:15:36:09 -0300] "GET /search/cities?limit=5 HTTP/1.1" 200 152 "http://guardioesdasaude.org/" "Mozilla/5.0 (Macintosh; Intel Mac OS X 10_10_5) AppleWebKit/537.36 (KHTML, like Gecko) Chrome/49.0.2623.87 Safari/537.36"
177.65.128.151 - - [15/Mar/2016:15:38:58 -0300] "GET /news/get HTTP/1.1" 200 3305 "-" "Dalvik/2.1.0 (Linux; U; Android 5.1; Samsung Galaxy S6 - 5.1.0 - API 22 - 1440x2560 Build/LMY47D)"
177.65.128.151 - - [15/Mar/2016:15:39:01 -0300] "GET /user/household/56d99b78852235370d360f42 HTTP/1.1" 200 56 "-" "Dalvik/2.1.0 (Linux; U; Android 5.1; Samsung Galaxy S6 - 5.1.0 - API 22 - 1440x2560 Build/LMY47D)"
177.65.128.151 - - [15/Mar/2016:15:39:03 -0300] "GET /user/household/56d99b78852235370d360f42 HTTP/1.1" 200 56 "-" "Dalvik/2.1.0 (Linux; U; Android 5.1; Samsung Galaxy S6 - 5.1.0 - API 22 - 1440x2560 Build/LMY47D)"
177.65.128.151 - - [15/Mar/2016:15:39:10 -0300] "GET /user/household/56d99b78852235370d360f42 HTTP/1.1" 200 56 "-" "Dalvik/2.1.0 (Linux; U; Android 5.1; Samsung Galaxy S6 - 5.1.0 - API 22 - 1440x2560 Build/LMY47D)"
177.65.128.151 - - [15/Mar/2016:15:39:13 -0300] "GET /user/household/56d99b78852235370d360f42 HTTP/1.1" 200 56 "-" "Dalvik/2.1.0 (Linux; U; Android 5.1; Samsung Galaxy S6 - 5.1.0 - API 22 - 1440x2560 Build/LMY47D)"
177.65.128.151 - - [15/Mar/2016:15:39:16 -0300] "GET /user/household/56d99b78852235370d360f42 HTTP/1.1" 200 56 "-" "Dalvik/2.1.0 (Linux; U; Android 5.1; Samsung Galaxy S6 - 5.1.0 - API 22 - 1440x2560 Build/LMY47D)"
177.65.128.151 - - [15/Mar/2016:15:39:41 -0300] "GET /user/household/56d99b78852235370d360f42 HTTP/1.1" 200 56 "-" "Dalvik/2.1.0 (Linux; U; Android 5.1; Samsung Galaxy S6 - 5.1.0 - API 22 - 1440x2560 Build/LMY47D)"
177.65.128.151 - - [15/Mar/2016:15:39:44 -0300] "GET /user/household/56d99b78852235370d360f42 HTTP/1.1" 200 56 "-" "Dalvik/2.1.0 (Linux; U; Android 5.1; Samsung Galaxy S6 - 5.1.0 - API 22 - 1440x2560 Build/LMY47D)"
177.65.128.151 - - [15/Mar/2016:15:39:46 -0300] "GET /user/household/56d99b78852235370d360f42 HTTP/1.1" 200 56 "-" "Dalvik/2.1.0 (Linux; U; Android 5.1; Samsung Galaxy S6 - 5.1.0 - API 22 - 1440x2560 Build/LMY47D)"
177.65.128.151 - - [15/Mar/2016:15:42:18 -0300] "GET /user/household/56d99b78852235370d360f42 HTTP/1.1" 200 56 "-" "Dalvik/2.1.0 (Linux; U; Android 5.1; Samsung Galaxy S6 - 5.1.0 - API 22 - 1440x2560 Build/LMY47D)"
177.65.128.151 - - [15/Mar/2016:15:42:21 -0300] "GET /user/household/56d99b78852235370d360f42 HTTP/1.1" 200 56 "-" "Dalvik/2.1.0 (Linux; U; Android 5.1; Samsung Galaxy S6 - 5.1.0 - API 22 - 1440x2560 Build/LMY47D)"
177.38.200.87 - - [15/Mar/2016:15:46:53 -0300] "OPTIONS /surveys/l?q=Bras%C3%ADlia HTTP/1.1" 204 0 "http://guardioesdasaude.org/health-map" "Mozilla/5.0 (Macintosh; Intel Mac OS X 10_10_5) AppleWebKit/537.36 (KHTML, like Gecko) Chrome/49.0.2623.87 Safari/537.36"
177.38.200.87 - - [15/Mar/2016:15:46:54 -0300] "OPTIONS /surveys/summary?q=Bras%C3%ADlia HTTP/1.1" 204 0 "http://guardioesdasaude.org/health-map" "Mozilla/5.0 (Macintosh; Intel Mac OS X 10_10_5) AppleWebKit/537.36 (KHTML, like Gecko) Chrome/49.0.2623.87 Safari/537.36"
177.38.200.87 - - [15/Mar/2016:15:46:54 -0300] "OPTIONS /surveys/l?lat=-15.794197097578104&lon=-47.882165799999996 HTTP/1.1" 204 0 "http://guardioesdasaude.org/health-map" "Mozilla/5.0 (Macintosh; Intel Mac OS X 10_10_5) AppleWebKit/537.36 (KHTML, like Gecko) Chrome/49.0.2623.87 Safari/537.36"
177.38.200.87 - - [15/Mar/2016:15:46:54 -0300] "GET /surveys/l?lat=-15.794197097578104&lon=-47.882165799999996 HTTP/1.1" 200 1336 "http://guardioesdasaude.org/health-map" "Mozilla/5.0 (Macintosh; Intel Mac OS X 10_10_5) AppleWebKit/537.36 (KHTML, like Gecko) Chrome/49.0.2623.87 Safari/537.36"
177.38.200.87 - - [15/Mar/2016:15:46:54 -0300] "GET /surveys/l?q=Bras%C3%ADlia HTTP/1.1" 200 1340 "http://guardioesdasaude.org/health-map" "Mozilla/5.0 (Macintosh; Intel Mac OS X 10_10_5) AppleWebKit/537.36 (KHTML, like Gecko) Chrome/49.0.2623.87 Safari/537.36"
177.38.200.87 - - [15/Mar/2016:15:46:54 -0300] "GET /surveys/summary?q=Bras%C3%ADlia HTTP/1.1" 200 198 "http://guardioesdasaude.org/health-map" "Mozilla/5.0 (Macintosh; Intel Mac OS X 10_10_5) AppleWebKit/537.36 (KHTML, like Gecko) Chrome/49.0.2623.87 Safari/537.36"
177.38.200.87 - - [15/Mar/2016:15:46:54 -0300] "OPTIONS /surveys/l?q=Bras%C3%ADlia%20-%20Brasilia,%20Brasilia%20-%20Federal%20District,%20Brazil HTTP/1.1" 204 0 "http://guardioesdasaude.org/health-map" "Mozilla/5.0 (Macintosh; Intel Mac OS X 10_10_5) AppleWebKit/537.36 (KHTML, like Gecko) Chrome/49.0.2623.87 Safari/537.36"
177.38.200.87 - - [15/Mar/2016:15:46:54 -0300] "OPTIONS /surveys/summary?q=Bras%C3%ADlia%20-%20Brasilia,%20Brasilia%20-%20Federal%20District,%20Brazil HTTP/1.1" 204 0 "http://guardioesdasaude.org/health-map" "Mozilla/5.0 (Macintosh; Intel Mac OS X 10_10_5) AppleWebKit/537.36 (KHTML, like Gecko) Chrome/49.0.2623.87 Safari/537.36"
177.38.200.87 - - [15/Mar/2016:15:46:54 -0300] "GET /surveys/l?q=Bras%C3%ADlia%20-%20Brasilia,%20Brasilia%20-%20Federal%20District,%20Brazil HTTP/1.1" 200 1363 "http://guardioesdasaude.org/health-map" "Mozilla/5.0 (Macintosh; Intel Mac OS X 10_10_5) AppleWebKit/537.36 (KHTML, like Gecko) Chrome/49.0.2623.87 Safari/537.36"
177.38.200.87 - - [15/Mar/2016:15:46:54 -0300] "GET /surveys/summary?q=Bras%C3%ADlia%20-%20Brasilia,%20Brasilia%20-%20Federal%20District,%20Brazil HTTP/1.1" 200 188 "http://guardioesdasaude.org/health-map" "Mozilla/5.0 (Macintosh; Intel Mac OS X 10_10_5) AppleWebKit/537.36 (KHTML, like Gecko) Chrome/49.0.2623.87 Safari/537.36"
177.38.200.87 - - [15/Mar/2016:15:47:03 -0300] "OPTIONS /surveys/l?lat=-15.84902945174557&lon=-47.87255276289062 HTTP/1.1" 204 0 "http://guardioesdasaude.org/health-map" "Mozilla/5.0 (Macintosh; Intel Mac OS X 10_10_5) AppleWebKit/537.36 (KHTML, like Gecko) Chrome/49.0.2623.87 Safari/537.36"
177.38.200.87 - - [15/Mar/2016:15:47:03 -0300] "GET /surveys/l?lat=-15.84902945174557&lon=-47.87255276289062 HTTP/1.1" 200 1344 "http://guardioesdasaude.org/health-map" "Mozilla/5.0 (Macintosh; Intel Mac OS X 10_10_5) AppleWebKit/537.36 (KHTML, like Gecko) Chrome/49.0.2623.87 Safari/537.36"
177.38.200.87 - - [15/Mar/2016:15:47:03 -0300] "OPTIONS /surveys/l?q=SHIS%20QL%2014%20Conj.%2010%20-%20Lago%20Sul,%20Bras%C3%ADlia%20-%20DF,%20Brazil HTTP/1.1" 204 0 "http://guardioesdasaude.org/health-map" "Mozilla/5.0 (Macintosh; Intel Mac OS X 10_10_5) AppleWebKit/537.36 (KHTML, like Gecko) Chrome/49.0.2623.87 Safari/537.36"
177.38.200.87 - - [15/Mar/2016:15:47:03 -0300] "OPTIONS /surveys/summary?q=SHIS%20QL%2014%20Conj.%2010%20-%20Lago%20Sul,%20Bras%C3%ADlia%20-%20DF,%20Brazil HTTP/1.1" 204 0 "http://guardioesdasaude.org/health-map" "Mozilla/5.0 (Macintosh; Intel Mac OS X 10_10_5) AppleWebKit/537.36 (KHTML, like Gecko) Chrome/49.0.2623.87 Safari/537.36"
177.38.200.87 - - [15/Mar/2016:15:47:04 -0300] "GET /surveys/summary?q=SHIS%20QL%2014%20Conj.%2010%20-%20Lago%20Sul,%20Bras%C3%ADlia%20-%20DF,%20Brazil HTTP/1.1" 200 217 "http://guardioesdasaude.org/health-map" "Mozilla/5.0 (Macintosh; Intel Mac OS X 10_10_5) AppleWebKit/537.36 (KHTML, like Gecko) Chrome/49.0.2623.87 Safari/537.36"
177.38.200.87 - - [15/Mar/2016:15:47:04 -0300] "GET /surveys/l?q=SHIS%20QL%2014%20Conj.%2010%20-%20Lago%20Sul,%20Bras%C3%ADlia%20-%20DF,%20Brazil HTTP/1.1" 200 1364 "http://guardioesdasaude.org/health-map" "Mozilla/5.0 (Macintosh; Intel Mac OS X 10_10_5) AppleWebKit/537.36 (KHTML, like Gecko) Chrome/49.0.2623.87 Safari/537.36"
177.38.200.87 - - [15/Mar/2016:15:47:04 -0300] "OPTIONS /surveys/l?lat=-15.838460516723433&lon=-47.89280880537109 HTTP/1.1" 204 0 "http://guardioesdasaude.org/health-map" "Mozilla/5.0 (Macintosh; Intel Mac OS X 10_10_5) AppleWebKit/537.36 (KHTML, like Gecko) Chrome/49.0.2623.87 Safari/537.36"
177.38.200.87 - - [15/Mar/2016:15:47:05 -0300] "GET /surveys/l?lat=-15.838460516723433&lon=-47.89280880537109 HTTP/1.1" 200 1344 "http://guardioesdasaude.org/health-map" "Mozilla/5.0 (Macintosh; Intel Mac OS X 10_10_5) AppleWebKit/537.36 (KHTML, like Gecko) Chrome/49.0.2623.87 Safari/537.36"
177.38.200.87 - - [15/Mar/2016:15:47:05 -0300] "OPTIONS /surveys/l?q=St.%20de%20Clubes%20Esportivos%20Sul%20-%20Bras%C3%ADlia,%20Bras%C3%ADlia%20-%20DF,%2070200-001,%20Brazil HTTP/1.1" 204 0 "http://guardioesdasaude.org/health-map" "Mozilla/5.0 (Macintosh; Intel Mac OS X 10_10_5) AppleWebKit/537.36 (KHTML, like Gecko) Chrome/49.0.2623.87 Safari/537.36"
177.38.200.87 - - [15/Mar/2016:15:47:05 -0300] "OPTIONS /surveys/summary?q=St.%20de%20Clubes%20Esportivos%20Sul%20-%20Bras%C3%ADlia,%20Bras%C3%ADlia%20-%20DF,%2070200-001,%20Brazil HTTP/1.1" 204 0 "http://guardioesdasaude.org/health-map" "Mozilla/5.0 (Macintosh; Intel Mac OS X 10_10_5) AppleWebKit/537.36 (KHTML, like Gecko) Chrome/49.0.2623.87 Safari/537.36"
177.38.200.87 - - [15/Mar/2016:15:47:05 -0300] "GET /surveys/l?q=St.%20de%20Clubes%20Esportivos%20Sul%20-%20Bras%C3%ADlia,%20Bras%C3%ADlia%20-%20DF,%2070200-001,%20Brazil HTTP/1.1" 200 1379 "http://guardioesdasaude.org/health-map" "Mozilla/5.0 (Macintosh; Intel Mac OS X 10_10_5) AppleWebKit/537.36 (KHTML, like Gecko) Chrome/49.0.2623.87 Safari/537.36"
177.38.200.87 - - [15/Mar/2016:15:47:05 -0300] "GET /surveys/summary?q=St.%20de%20Clubes%20Esportivos%20Sul%20-%20Bras%C3%ADlia,%20Bras%C3%ADlia%20-%20DF,%2070200-001,%20Brazil HTTP/1.1" 200 213 "http://guardioesdasaude.org/health-map" "Mozilla/5.0 (Macintosh; Intel Mac OS X 10_10_5) AppleWebKit/537.36 (KHTML, like Gecko) Chrome/49.0.2623.87 Safari/537.36"
177.38.200.87 - - [15/Mar/2016:15:47:15 -0300] "OPTIONS /surveys/l?lat=-15.822936390713352&lon=-47.98550594892578 HTTP/1.1" 204 0 "http://guardioesdasaude.org/health-map" "Mozilla/5.0 (Macintosh; Intel Mac OS X 10_10_5) AppleWebKit/537.36 (KHTML, like Gecko) Chrome/49.0.2623.87 Safari/537.36"
177.38.200.87 - - [15/Mar/2016:15:47:15 -0300] "GET /surveys/l?lat=-15.822936390713352&lon=-47.98550594892578 HTTP/1.1" 200 1332 "http://guardioesdasaude.org/health-map" "Mozilla/5.0 (Macintosh; Intel Mac OS X 10_10_5) AppleWebKit/537.36 (KHTML, like Gecko) Chrome/49.0.2623.87 Safari/537.36"
177.38.200.87 - - [15/Mar/2016:15:47:15 -0300] "OPTIONS /surveys/l?q=SRIA%20I%20QI%2016%20Conj.%20L%20-%20Guar%C3%A1,%20Bras%C3%ADlia%20-%20DF,%20Brazil HTTP/1.1" 204 0 "http://guardioesdasaude.org/health-map" "Mozilla/5.0 (Macintosh; Intel Mac OS X 10_10_5) AppleWebKit/537.36 (KHTML, like Gecko) Chrome/49.0.2623.87 Safari/537.36"
177.38.200.87 - - [15/Mar/2016:15:47:15 -0300] "OPTIONS /surveys/summary?q=SRIA%20I%20QI%2016%20Conj.%20L%20-%20Guar%C3%A1,%20Bras%C3%ADlia%20-%20DF,%20Brazil HTTP/1.1" 204 0 "http://guardioesdasaude.org/health-map" "Mozilla/5.0 (Macintosh; Intel Mac OS X 10_10_5) AppleWebKit/537.36 (KHTML, like Gecko) Chrome/49.0.2623.87 Safari/537.36"
177.38.200.87 - - [15/Mar/2016:15:47:15 -0300] "GET /surveys/l?q=SRIA%20I%20QI%2016%20Conj.%20L%20-%20Guar%C3%A1,%20Bras%C3%ADlia%20-%20DF,%20Brazil HTTP/1.1" 200 1361 "http://guardioesdasaude.org/health-map" "Mozilla/5.0 (Macintosh; Intel Mac OS X 10_10_5) AppleWebKit/537.36 (KHTML, like Gecko) Chrome/49.0.2623.87 Safari/537.36"
177.38.200.87 - - [15/Mar/2016:15:47:15 -0300] "GET /surveys/summary?q=SRIA%20I%20QI%2016%20Conj.%20L%20-%20Guar%C3%A1,%20Bras%C3%ADlia%20-%20DF,%20Brazil HTTP/1.1" 200 216 "http://guardioesdasaude.org/health-map" "Mozilla/5.0 (Macintosh; Intel Mac OS X 10_10_5) AppleWebKit/537.36 (KHTML, like Gecko) Chrome/49.0.2623.87 Safari/537.36"
177.38.200.87 - - [15/Mar/2016:15:47:16 -0300] "OPTIONS /surveys/l?lat=-15.85233213045595&lon=-48.01365841474609 HTTP/1.1" 204 0 "http://guardioesdasaude.org/health-map" "Mozilla/5.0 (Macintosh; Intel Mac OS X 10_10_5) AppleWebKit/537.36 (KHTML, like Gecko) Chrome/49.0.2623.87 Safari/537.36"
177.38.200.87 - - [15/Mar/2016:15:47:16 -0300] "GET /surveys/l?lat=-15.85233213045595&lon=-48.01365841474609 HTTP/1.1" 200 1332 "http://guardioesdasaude.org/health-map" "Mozilla/5.0 (Macintosh; Intel Mac OS X 10_10_5) AppleWebKit/537.36 (KHTML, like Gecko) Chrome/49.0.2623.87 Safari/537.36"
177.38.200.87 - - [15/Mar/2016:15:47:16 -0300] "OPTIONS /surveys/l?q=Col.%20Agr%C3%ADcola%20Arniqueira,%20Bras%C3%ADlia%20-%20DF,%20Brazil HTTP/1.1" 204 0 "http://guardioesdasaude.org/health-map" "Mozilla/5.0 (Macintosh; Intel Mac OS X 10_10_5) AppleWebKit/537.36 (KHTML, like Gecko) Chrome/49.0.2623.87 Safari/537.36"
177.38.200.87 - - [15/Mar/2016:15:47:16 -0300] "OPTIONS /surveys/summary?q=Col.%20Agr%C3%ADcola%20Arniqueira,%20Bras%C3%ADlia%20-%20DF,%20Brazil HTTP/1.1" 204 0 "http://guardioesdasaude.org/health-map" "Mozilla/5.0 (Macintosh; Intel Mac OS X 10_10_5) AppleWebKit/537.36 (KHTML, like Gecko) Chrome/49.0.2623.87 Safari/537.36"
177.38.200.87 - - [15/Mar/2016:15:47:17 -0300] "GET /surveys/l?q=Col.%20Agr%C3%ADcola%20Arniqueira,%20Bras%C3%ADlia%20-%20DF,%20Brazil HTTP/1.1" 200 1358 "http://guardioesdasaude.org/health-map" "Mozilla/5.0 (Macintosh; Intel Mac OS X 10_10_5) AppleWebKit/537.36 (KHTML, like Gecko) Chrome/49.0.2623.87 Safari/537.36"
177.38.200.87 - - [15/Mar/2016:15:47:17 -0300] "GET /surveys/summary?q=Col.%20Agr%C3%ADcola%20Arniqueira,%20Bras%C3%ADlia%20-%20DF,%20Brazil HTTP/1.1" 200 202 "http://guardioesdasaude.org/health-map" "Mozilla/5.0 (Macintosh; Intel Mac OS X 10_10_5) AppleWebKit/537.36 (KHTML, like Gecko) Chrome/49.0.2623.87 Safari/537.36"
177.38.200.87 - - [15/Mar/2016:15:47:22 -0300] "OPTIONS /surveys/l?lat=-15.852355910431658&lon=-48.01365841474609 HTTP/1.1" 204 0 "http://guardioesdasaude.org/health-map" "Mozilla/5.0 (Macintosh; Intel Mac OS X 10_10_5) AppleWebKit/537.36 (KHTML, like Gecko) Chrome/49.0.2623.87 Safari/537.36"
177.38.200.87 - - [15/Mar/2016:15:47:22 -0300] "GET /surveys/l?lat=-15.852355910431658&lon=-48.01365841474609 HTTP/1.1" 200 1332 "http://guardioesdasaude.org/health-map" "Mozilla/5.0 (Macintosh; Intel Mac OS X 10_10_5) AppleWebKit/537.36 (KHTML, like Gecko) Chrome/49.0.2623.87 Safari/537.36"
177.38.200.87 - - [15/Mar/2016:15:47:22 -0300] "GET /surveys/l?q=Col.%20Agr%C3%ADcola%20Arniqueira,%20Bras%C3%ADlia%20-%20DF,%20Brazil HTTP/1.1" 304 0 "http://guardioesdasaude.org/health-map" "Mozilla/5.0 (Macintosh; Intel Mac OS X 10_10_5) AppleWebKit/537.36 (KHTML, like Gecko) Chrome/49.0.2623.87 Safari/537.36"
177.38.200.87 - - [15/Mar/2016:15:47:22 -0300] "GET /surveys/summary?q=Col.%20Agr%C3%ADcola%20Arniqueira,%20Bras%C3%ADlia%20-%20DF,%20Brazil HTTP/1.1" 200 202 "http://guardioesdasaude.org/health-map" "Mozilla/5.0 (Macintosh; Intel Mac OS X 10_10_5) AppleWebKit/537.36 (KHTML, like Gecko) Chrome/49.0.2623.87 Safari/537.36"
177.38.200.87 - - [15/Mar/2016:15:47:25 -0300] "OPTIONS /surveys/l?lat=-15.762999318513831&lon=-47.92181957807617 HTTP/1.1" 204 0 "http://guardioesdasaude.org/health-map" "Mozilla/5.0 (Macintosh; Intel Mac OS X 10_10_5) AppleWebKit/537.36 (KHTML, like Gecko) Chrome/49.0.2623.87 Safari/537.36"
177.38.200.87 - - [15/Mar/2016:15:47:25 -0300] "GET /surveys/l?lat=-15.762999318513831&lon=-47.92181957807617 HTTP/1.1" 200 1330 "http://guardioesdasaude.org/health-map" "Mozilla/5.0 (Macintosh; Intel Mac OS X 10_10_5) AppleWebKit/537.36 (KHTML, like Gecko) Chrome/49.0.2623.87 Safari/537.36"
177.38.200.87 - - [15/Mar/2016:15:47:25 -0300] "OPTIONS /surveys/summary?q=SMU%20-%20Bras%C3%ADlia,%20Bras%C3%ADlia%20-%20DF,%20Brazil HTTP/1.1" 204 0 "http://guardioesdasaude.org/health-map" "Mozilla/5.0 (Macintosh; Intel Mac OS X 10_10_5) AppleWebKit/537.36 (KHTML, like Gecko) Chrome/49.0.2623.87 Safari/537.36"
177.38.200.87 - - [15/Mar/2016:15:47:25 -0300] "OPTIONS /surveys/l?q=SMU%20-%20Bras%C3%ADlia,%20Bras%C3%ADlia%20-%20DF,%20Brazil HTTP/1.1" 204 0 "http://guardioesdasaude.org/health-map" "Mozilla/5.0 (Macintosh; Intel Mac OS X 10_10_5) AppleWebKit/537.36 (KHTML, like Gecko) Chrome/49.0.2623.87 Safari/537.36"
177.38.200.87 - - [15/Mar/2016:15:47:26 -0300] "GET /surveys/l?q=SMU%20-%20Bras%C3%ADlia,%20Bras%C3%ADlia%20-%20DF,%20Brazil HTTP/1.1" 200 1339 "http://guardioesdasaude.org/health-map" "Mozilla/5.0 (Macintosh; Intel Mac OS X 10_10_5) AppleWebKit/537.36 (KHTML, like Gecko) Chrome/49.0.2623.87 Safari/537.36"
177.38.200.87 - - [15/Mar/2016:15:47:26 -0300] "GET /surveys/summary?q=SMU%20-%20Bras%C3%ADlia,%20Bras%C3%ADlia%20-%20DF,%20Brazil HTTP/1.1" 200 194 "http://guardioesdasaude.org/health-map" "Mozilla/5.0 (Macintosh; Intel Mac OS X 10_10_5) AppleWebKit/537.36 (KHTML, like Gecko) Chrome/49.0.2623.87 Safari/537.36"
177.38.200.87 - - [15/Mar/2016:15:47:32 -0300] "OPTIONS /surveys/l?lat=-15.770598640025764&lon=-47.921132932568355 HTTP/1.1" 204 0 "http://guardioesdasaude.org/health-map" "Mozilla/5.0 (Macintosh; Intel Mac OS X 10_10_5) AppleWebKit/537.36 (KHTML, like Gecko) Chrome/49.0.2623.87 Safari/537.36"
177.38.200.87 - - [15/Mar/2016:15:47:32 -0300] "GET /surveys/l?lat=-15.770598640025764&lon=-47.921132932568355 HTTP/1.1" 200 1330 "http://guardioesdasaude.org/health-map" "Mozilla/5.0 (Macintosh; Intel Mac OS X 10_10_5) AppleWebKit/537.36 (KHTML, like Gecko) Chrome/49.0.2623.87 Safari/537.36"
177.38.200.87 - - [15/Mar/2016:15:47:32 -0300] "GET /surveys/l?q=SMU%20-%20Bras%C3%ADlia,%20Bras%C3%ADlia%20-%20DF,%20Brazil HTTP/1.1" 304 0 "http://guardioesdasaude.org/health-map" "Mozilla/5.0 (Macintosh; Intel Mac OS X 10_10_5) AppleWebKit/537.36 (KHTML, like Gecko) Chrome/49.0.2623.87 Safari/537.36"
177.38.200.87 - - [15/Mar/2016:15:47:32 -0300] "GET /surveys/summary?q=SMU%20-%20Bras%C3%ADlia,%20Bras%C3%ADlia%20-%20DF,%20Brazil HTTP/1.1" 200 194 "http://guardioesdasaude.org/health-map" "Mozilla/5.0 (Macintosh; Intel Mac OS X 10_10_5) AppleWebKit/537.36 (KHTML, like Gecko) Chrome/49.0.2623.87 Safari/537.36"
177.38.200.87 - - [15/Mar/2016:15:47:36 -0300] "OPTIONS /surveys/l?lat=-15.78926532981098&lon=-47.9290293559082 HTTP/1.1" 204 0 "http://guardioesdasaude.org/health-map" "Mozilla/5.0 (Macintosh; Intel Mac OS X 10_10_5) AppleWebKit/537.36 (KHTML, like Gecko) Chrome/49.0.2623.87 Safari/537.36"
177.38.200.87 - - [15/Mar/2016:15:47:36 -0300] "GET /surveys/l?lat=-15.78926532981098&lon=-47.9290293559082 HTTP/1.1" 200 1340 "http://guardioesdasaude.org/health-map" "Mozilla/5.0 (Macintosh; Intel Mac OS X 10_10_5) AppleWebKit/537.36 (KHTML, like Gecko) Chrome/49.0.2623.87 Safari/537.36"
177.38.200.87 - - [15/Mar/2016:15:47:36 -0300] "OPTIONS /surveys/l?q=Sudoeste,%20Bras%C3%ADlia%20-%20DF,%20Brazil HTTP/1.1" 204 0 "http://guardioesdasaude.org/health-map" "Mozilla/5.0 (Macintosh; Intel Mac OS X 10_10_5) AppleWebKit/537.36 (KHTML, like Gecko) Chrome/49.0.2623.87 Safari/537.36"
177.38.200.87 - - [15/Mar/2016:15:47:36 -0300] "OPTIONS /surveys/summary?q=Sudoeste,%20Bras%C3%ADlia%20-%20DF,%20Brazil HTTP/1.1" 204 0 "http://guardioesdasaude.org/health-map" "Mozilla/5.0 (Macintosh; Intel Mac OS X 10_10_5) AppleWebKit/537.36 (KHTML, like Gecko) Chrome/49.0.2623.87 Safari/537.36"
177.38.200.87 - - [15/Mar/2016:15:47:36 -0300] "GET /surveys/l?q=Sudoeste,%20Bras%C3%ADlia%20-%20DF,%20Brazil HTTP/1.1" 200 1342 "http://guardioesdasaude.org/health-map" "Mozilla/5.0 (Macintosh; Intel Mac OS X 10_10_5) AppleWebKit/537.36 (KHTML, like Gecko) Chrome/49.0.2623.87 Safari/537.36"
177.38.200.87 - - [15/Mar/2016:15:47:36 -0300] "GET /surveys/summary?q=Sudoeste,%20Bras%C3%ADlia%20-%20DF,%20Brazil HTTP/1.1" 200 193 "http://guardioesdasaude.org/health-map" "Mozilla/5.0 (Macintosh; Intel Mac OS X 10_10_5) AppleWebKit/537.36 (KHTML, like Gecko) Chrome/49.0.2623.87 Safari/537.36"
177.38.200.87 - - [15/Mar/2016:15:47:37 -0300] "OPTIONS /surveys/l?lat=-15.805783090213865&lon=-47.898130308056636 HTTP/1.1" 204 0 "http://guardioesdasaude.org/health-map" "Mozilla/5.0 (Macintosh; Intel Mac OS X 10_10_5) AppleWebKit/537.36 (KHTML, like Gecko) Chrome/49.0.2623.87 Safari/537.36"
177.38.200.87 - - [15/Mar/2016:15:47:37 -0300] "GET /surveys/l?lat=-15.805783090213865&lon=-47.898130308056636 HTTP/1.1" 200 1339 "http://guardioesdasaude.org/health-map" "Mozilla/5.0 (Macintosh; Intel Mac OS X 10_10_5) AppleWebKit/537.36 (KHTML, like Gecko) Chrome/49.0.2623.87 Safari/537.36"
177.38.200.87 - - [15/Mar/2016:15:47:37 -0300] "OPTIONS /surveys/l?q=Via%20W3%20Sul,%20317-367%20-%20Asa%20Sul,%20Bras%C3%ADlia%20-%20DF,%20Brazil HTTP/1.1" 204 0 "http://guardioesdasaude.org/health-map" "Mozilla/5.0 (Macintosh; Intel Mac OS X 10_10_5) AppleWebKit/537.36 (KHTML, like Gecko) Chrome/49.0.2623.87 Safari/537.36"
177.38.200.87 - - [15/Mar/2016:15:47:37 -0300] "OPTIONS /surveys/summary?q=Via%20W3%20Sul,%20317-367%20-%20Asa%20Sul,%20Bras%C3%ADlia%20-%20DF,%20Brazil HTTP/1.1" 204 0 "http://guardioesdasaude.org/health-map" "Mozilla/5.0 (Macintosh; Intel Mac OS X 10_10_5) AppleWebKit/537.36 (KHTML, like Gecko) Chrome/49.0.2623.87 Safari/537.36"
177.38.200.87 - - [15/Mar/2016:15:47:37 -0300] "GET /surveys/l?q=Via%20W3%20Sul,%20317-367%20-%20Asa%20Sul,%20Bras%C3%ADlia%20-%20DF,%20Brazil HTTP/1.1" 200 1367 "http://guardioesdasaude.org/health-map" "Mozilla/5.0 (Macintosh; Intel Mac OS X 10_10_5) AppleWebKit/537.36 (KHTML, like Gecko) Chrome/49.0.2623.87 Safari/537.36"
177.38.200.87 - - [15/Mar/2016:15:47:37 -0300] "GET /surveys/summary?q=Via%20W3%20Sul,%20317-367%20-%20Asa%20Sul,%20Bras%C3%ADlia%20-%20DF,%20Brazil HTTP/1.1" 200 205 "http://guardioesdasaude.org/health-map" "Mozilla/5.0 (Macintosh; Intel Mac OS X 10_10_5) AppleWebKit/537.36 (KHTML, like Gecko) Chrome/49.0.2623.87 Safari/537.36"
177.38.200.87 - - [15/Mar/2016:15:47:39 -0300] "OPTIONS /surveys/l?lat=-15.812720147715698&lon=-47.89778698530273 HTTP/1.1" 204 0 "http://guardioesdasaude.org/health-map" "Mozilla/5.0 (Macintosh; Intel Mac OS X 10_10_5) AppleWebKit/537.36 (KHTML, like Gecko) Chrome/49.0.2623.87 Safari/537.36"
177.38.200.87 - - [15/Mar/2016:15:47:39 -0300] "GET /surveys/l?lat=-15.812720147715698&lon=-47.89778698530273 HTTP/1.1" 200 1339 "http://guardioesdasaude.org/health-map" "Mozilla/5.0 (Macintosh; Intel Mac OS X 10_10_5) AppleWebKit/537.36 (KHTML, like Gecko) Chrome/49.0.2623.87 Safari/537.36"
177.38.200.87 - - [15/Mar/2016:15:47:40 -0300] "OPTIONS /surveys/l?q=Superquadra%20Sul%20106%20-%20Asa%20Sul,%20Bras%C3%ADlia%20-%20DF,%20Brazil HTTP/1.1" 204 0 "http://guardioesdasaude.org/health-map" "Mozilla/5.0 (Macintosh; Intel Mac OS X 10_10_5) AppleWebKit/537.36 (KHTML, like Gecko) Chrome/49.0.2623.87 Safari/537.36"
177.38.200.87 - - [15/Mar/2016:15:47:40 -0300] "OPTIONS /surveys/summary?q=Superquadra%20Sul%20106%20-%20Asa%20Sul,%20Bras%C3%ADlia%20-%20DF,%20Brazil HTTP/1.1" 204 0 "http://guardioesdasaude.org/health-map" "Mozilla/5.0 (Macintosh; Intel Mac OS X 10_10_5) AppleWebKit/537.36 (KHTML, like Gecko) Chrome/49.0.2623.87 Safari/537.36"
177.38.200.87 - - [15/Mar/2016:15:47:40 -0300] "GET /surveys/l?q=Superquadra%20Sul%20106%20-%20Asa%20Sul,%20Bras%C3%ADlia%20-%20DF,%20Brazil HTTP/1.1" 200 1366 "http://guardioesdasaude.org/health-map" "Mozilla/5.0 (Macintosh; Intel Mac OS X 10_10_5) AppleWebKit/537.36 (KHTML, like Gecko) Chrome/49.0.2623.87 Safari/537.36"
177.38.200.87 - - [15/Mar/2016:15:47:40 -0300] "GET /surveys/summary?q=Superquadra%20Sul%20106%20-%20Asa%20Sul,%20Bras%C3%ADlia%20-%20DF,%20Brazil HTTP/1.1" 200 207 "http://guardioesdasaude.org/health-map" "Mozilla/5.0 (Macintosh; Intel Mac OS X 10_10_5) AppleWebKit/537.36 (KHTML, like Gecko) Chrome/49.0.2623.87 Safari/537.36"
177.38.200.87 - - [15/Mar/2016:15:47:41 -0300] "OPTIONS /surveys/l?lat=-15.835511661413229&lon=-47.89521206464843 HTTP/1.1" 204 0 "http://guardioesdasaude.org/health-map" "Mozilla/5.0 (Macintosh; Intel Mac OS X 10_10_5) AppleWebKit/537.36 (KHTML, like Gecko) Chrome/49.0.2623.87 Safari/537.36"
177.38.200.87 - - [15/Mar/2016:15:47:42 -0300] "GET /surveys/l?lat=-15.835511661413229&lon=-47.89521206464843 HTTP/1.1" 200 1344 "http://guardioesdasaude.org/health-map" "Mozilla/5.0 (Macintosh; Intel Mac OS X 10_10_5) AppleWebKit/537.36 (KHTML, like Gecko) Chrome/49.0.2623.87 Safari/537.36"
177.38.200.87 - - [15/Mar/2016:15:47:42 -0300] "GET /surveys/l?q=St.%20de%20Clubes%20Esportivos%20Sul%20-%20Bras%C3%ADlia,%20Bras%C3%ADlia%20-%20DF,%2070200-001,%20Brazil HTTP/1.1" 304 0 "http://guardioesdasaude.org/health-map" "Mozilla/5.0 (Macintosh; Intel Mac OS X 10_10_5) AppleWebKit/537.36 (KHTML, like Gecko) Chrome/49.0.2623.87 Safari/537.36"
