50.112.95.211 - - [04/Jul/2016:12:28:47 -0300] "GET / HTTP/1.0" 200 11894 "-" "NewRelicPinger/1.0 (954132)"
54.251.34.67 - - [04/Jul/2016:12:29:13 -0300] "GET / HTTP/1.0" 200 11894 "-" "NewRelicPinger/1.0 (954132)"
54.248.250.232 - - [04/Jul/2016:12:29:41 -0300] "GET / HTTP/1.0" 200 11894 "-" "NewRelicPinger/1.0 (954132)"
184.73.237.85 - - [04/Jul/2016:12:30:33 -0300] "GET / HTTP/1.0" 200 11894 "-" "NewRelicPinger/1.0 (954132)"
54.247.188.179 - - [04/Jul/2016:12:30:36 -0300] "GET / HTTP/1.0" 200 11894 "-" "NewRelicPinger/1.0 (954132)"
50.112.95.211 - - [04/Jul/2016:12:31:16 -0300] "GET / HTTP/1.0" 200 11894 "-" "NewRelicPinger/1.0 (954132)"
54.251.34.67 - - [04/Jul/2016:12:31:44 -0300] "GET / HTTP/1.0" 200 11894 "-" "NewRelicPinger/1.0 (954132)"
54.248.250.232 - - [04/Jul/2016:12:32:11 -0300] "GET / HTTP/1.0" 200 11894 "-" "NewRelicPinger/1.0 (954132)"
201.54.63.166 - - [04/Jul/2016:12:33:00 -0300] "GET /user/get?fb=null HTTP/1.1" 200 56 "-" "Dalvik/1.6.0 (Linux; U; Android 4.4.2; ASUS_Z002 Build/KVT49L)"
201.54.63.166 - - [04/Jul/2016:12:33:02 -0300] "GET /user/get?fb=623347461148246 HTTP/1.1" 200 56 "-" "Dalvik/1.6.0 (Linux; U; Android 4.4.2; ASUS_Z002 Build/KVT49L)"
184.73.237.85 - - [04/Jul/2016:12:33:03 -0300] "GET / HTTP/1.0" 200 11894 "-" "NewRelicPinger/1.0 (954132)"
54.247.188.179 - - [04/Jul/2016:12:33:07 -0300] "GET / HTTP/1.0" 200 11894 "-" "NewRelicPinger/1.0 (954132)"
189.114.239.88 - - [04/Jul/2016:12:33:13 -0300] "GET /user/get?fb=1303408186355571 HTTP/1.1" 200 1138 "-" "Dalvik/2.1.0 (Linux; U; Android 5.0; ASUS_Z00AD Build/LRX21V)"
189.114.239.88 - - [04/Jul/2016:12:33:14 -0300] "GET /user/get?fb=1303408186355571 HTTP/1.1" 200 1138 "-" "Dalvik/2.1.0 (Linux; U; Android 5.0; ASUS_Z00AD Build/LRX21V)"
189.114.239.88 - - [04/Jul/2016:12:33:26 -0300] "GET /user/get?gl=102179114883034846199 HTTP/1.1" 200 56 "-" "Dalvik/2.1.0 (Linux; U; Android 5.0; ASUS_Z00AD Build/LRX21V)"
201.54.63.166 - - [04/Jul/2016:12:33:37 -0300] "POST /user/create HTTP/1.1" 200 477 "-" "Dalvik/1.6.0 (Linux; U; Android 4.4.2; ASUS_Z002 Build/KVT49L)"
201.54.63.166 - - [04/Jul/2016:12:33:39 -0300] "POST /user/login HTTP/1.1" 200 660 "-" "Dalvik/1.6.0 (Linux; U; Android 4.4.2; ASUS_Z002 Build/KVT49L)"
201.54.63.166 - - [04/Jul/2016:12:33:41 -0300] "POST /user/create HTTP/1.1" 200 502 "-" "Dalvik/1.6.0 (Linux; U; Android 4.4.2; ASUS_Z002 Build/KVT49L)"
201.54.63.166 - - [04/Jul/2016:12:33:42 -0300] "POST /user/login HTTP/1.1" 200 664 "-" "Dalvik/1.6.0 (Linux; U; Android 4.4.2; ASUS_Z002 Build/KVT49L)"
50.112.95.211 - - [04/Jul/2016:12:33:47 -0300] "GET / HTTP/1.0" 200 11894 "-" "NewRelicPinger/1.0 (954132)"
201.54.63.166 - - [04/Jul/2016:12:33:51 -0300] "GET /user/household/577a81d182a7c8f72211070b HTTP/1.1" 403 114 "-" "Dalvik/1.6.0 (Linux; U; Android 4.4.2; ASUS_Z002 Build/KVT49L)"
201.54.63.166 - - [04/Jul/2016:12:34:12 -0300] "GET /surveys/summary/?lon=-47.8645887&lat=-15.796259 HTTP/1.1" 200 192 "-" "Dalvik/1.6.0 (Linux; U; Android 4.4.2; ASUS_Z002 Build/KVT49L)"
201.54.63.166 - - [04/Jul/2016:12:34:13 -0300] "GET /surveys/l?lon=-47.8645887&lat=-15.796259 HTTP/1.1" 200 213 "-" "Dalvik/1.6.0 (Linux; U; Android 4.4.2; ASUS_Z002 Build/KVT49L)"
54.251.34.67 - - [04/Jul/2016:12:34:13 -0300] "GET / HTTP/1.0" 200 11894 "-" "NewRelicPinger/1.0 (954132)"
189.114.239.88 - - [04/Jul/2016:12:34:19 -0300] "POST /user/create HTTP/1.1" 200 489 "-" "Dalvik/2.1.0 (Linux; U; Android 5.0; ASUS_Z00AD Build/LRX21V)"
189.114.239.88 - - [04/Jul/2016:12:34:20 -0300] "POST /user/login HTTP/1.1" 200 673 "-" "Dalvik/2.1.0 (Linux; U; Android 5.0; ASUS_Z00AD Build/LRX21V)"
189.114.239.88 - - [04/Jul/2016:12:34:21 -0300] "POST /user/create HTTP/1.1" 200 518 "-" "Dalvik/2.1.0 (Linux; U; Android 5.0; ASUS_Z00AD Build/LRX21V)"
189.114.239.88 - - [04/Jul/2016:12:34:22 -0300] "POST /user/login HTTP/1.1" 200 675 "-" "Dalvik/2.1.0 (Linux; U; Android 5.0; ASUS_Z00AD Build/LRX21V)"
54.248.250.232 - - [04/Jul/2016:12:34:41 -0300] "GET / HTTP/1.0" 200 11894 "-" "NewRelicPinger/1.0 (954132)"
177.38.200.177 - - [04/Jul/2016:12:35:02 -0300] "OPTIONS /search/cities?limit=5 HTTP/1.1" 204 0 "https://guardioesdasaude.org/" "Mozilla/5.0 (Macintosh; Intel Mac OS X 10_10_5) AppleWebKit/537.36 (KHTML, like Gecko) Chrome/51.0.2704.103 Safari/537.36"
177.38.200.177 - - [04/Jul/2016:12:35:02 -0300] "OPTIONS /search/cities?limit=5 HTTP/1.1" 204 0 "https://guardioesdasaude.org/" "Mozilla/5.0 (Macintosh; Intel Mac OS X 10_10_5) AppleWebKit/537.36 (KHTML, like Gecko) Chrome/51.0.2704.103 Safari/537.36"
177.38.200.177 - - [04/Jul/2016:12:35:02 -0300] "OPTIONS /search/cities?limit=5 HTTP/1.1" 204 0 "https://guardioesdasaude.org/" "Mozilla/5.0 (Macintosh; Intel Mac OS X 10_10_5) AppleWebKit/537.36 (KHTML, like Gecko) Chrome/51.0.2704.103 Safari/537.36"
177.38.200.177 - - [04/Jul/2016:12:35:02 -0300] "GET /search/cities?limit=5 HTTP/1.1" 200 165 "https://guardioesdasaude.org/" "Mozilla/5.0 (Macintosh; Intel Mac OS X 10_10_5) AppleWebKit/537.36 (KHTML, like Gecko) Chrome/51.0.2704.103 Safari/537.36"
177.38.200.177 - - [04/Jul/2016:12:35:02 -0300] "GET /search/cities?limit=5 HTTP/1.1" 200 165 "https://guardioesdasaude.org/" "Mozilla/5.0 (Macintosh; Intel Mac OS X 10_10_5) AppleWebKit/537.36 (KHTML, like Gecko) Chrome/51.0.2704.103 Safari/537.36"
177.38.200.177 - - [04/Jul/2016:12:35:02 -0300] "GET /search/cities?limit=5 HTTP/1.1" 200 165 "https://guardioesdasaude.org/" "Mozilla/5.0 (Macintosh; Intel Mac OS X 10_10_5) AppleWebKit/537.36 (KHTML, like Gecko) Chrome/51.0.2704.103 Safari/537.36"
184.73.237.85 - - [04/Jul/2016:12:35:34 -0300] "GET / HTTP/1.0" 200 11894 "-" "NewRelicPinger/1.0 (954132)"
54.247.188.179 - - [04/Jul/2016:12:35:37 -0300] "GET / HTTP/1.0" 200 11894 "-" "NewRelicPinger/1.0 (954132)"
177.38.200.177 - - [04/Jul/2016:12:35:38 -0300] "OPTIONS /user/lookup HTTP/1.1" 204 0 "https://guardioesdasaude.org/game/tutorial" "Mozilla/5.0 (Macintosh; Intel Mac OS X 10_10_5) AppleWebKit/537.36 (KHTML, like Gecko) Chrome/51.0.2704.103 Safari/537.36"
177.38.200.177 - - [04/Jul/2016:12:35:38 -0300] "OPTIONS /user/calendar/day HTTP/1.1" 204 0 "https://guardioesdasaude.org/game/tutorial" "Mozilla/5.0 (Macintosh; Intel Mac OS X 10_10_5) AppleWebKit/537.36 (KHTML, like Gecko) Chrome/51.0.2704.103 Safari/537.36"
177.38.200.177 - - [04/Jul/2016:12:35:38 -0300] "GET /user/calendar/day HTTP/1.1" 200 58 "https://guardioesdasaude.org/game/tutorial" "Mozilla/5.0 (Macintosh; Intel Mac OS X 10_10_5) AppleWebKit/537.36 (KHTML, like Gecko) Chrome/51.0.2704.103 Safari/537.36"
177.38.200.177 - - [04/Jul/2016:12:35:38 -0300] "GET /user/lookup HTTP/1.1" 200 2187 "https://guardioesdasaude.org/game/tutorial" "Mozilla/5.0 (Macintosh; Intel Mac OS X 10_10_5) AppleWebKit/537.36 (KHTML, like Gecko) Chrome/51.0.2704.103 Safari/537.36"
50.112.95.211 - - [04/Jul/2016:12:36:17 -0300] "GET / HTTP/1.0" 200 11894 "-" "NewRelicPinger/1.0 (954132)"
54.251.34.67 - - [04/Jul/2016:12:36:45 -0300] "GET / HTTP/1.0" 200 11894 "-" "NewRelicPinger/1.0 (954132)"
54.248.250.232 - - [04/Jul/2016:12:37:18 -0300] "GET / HTTP/1.0" 200 11894 "-" "NewRelicPinger/1.0 (954132)"
184.73.237.85 - - [04/Jul/2016:12:38:02 -0300] "GET / HTTP/1.0" 200 11894 "-" "NewRelicPinger/1.0 (954132)"
54.247.188.179 - - [04/Jul/2016:12:38:07 -0300] "GET / HTTP/1.0" 200 11894 "-" "NewRelicPinger/1.0 (954132)"
50.112.95.211 - - [04/Jul/2016:12:38:46 -0300] "GET / HTTP/1.0" 200 11894 "-" "NewRelicPinger/1.0 (954132)"
54.251.34.67 - - [04/Jul/2016:12:39:14 -0300] "GET / HTTP/1.0" 200 11894 "-" "NewRelicPinger/1.0 (954132)"
54.248.250.232 - - [04/Jul/2016:12:39:49 -0300] "GET / HTTP/1.0" 200 11894 "-" "NewRelicPinger/1.0 (954132)"
184.73.237.85 - - [04/Jul/2016:12:40:33 -0300] "GET / HTTP/1.0" 200 11894 "-" "NewRelicPinger/1.0 (954132)"
54.247.188.179 - - [04/Jul/2016:12:40:37 -0300] "GET / HTTP/1.0" 200 11894 "-" "NewRelicPinger/1.0 (954132)"
50.112.95.211 - - [04/Jul/2016:12:41:16 -0300] "GET / HTTP/1.0" 200 11894 "-" "NewRelicPinger/1.0 (954132)"
54.251.34.67 - - [04/Jul/2016:12:41:44 -0300] "GET / HTTP/1.0" 200 11894 "-" "NewRelicPinger/1.0 (954132)"
54.248.250.232 - - [04/Jul/2016:12:42:18 -0300] "GET / HTTP/1.0" 200 11894 "-" "NewRelicPinger/1.0 (954132)"
184.73.237.85 - - [04/Jul/2016:12:43:03 -0300] "GET / HTTP/1.0" 200 11894 "-" "NewRelicPinger/1.0 (954132)"
54.247.188.179 - - [04/Jul/2016:12:43:08 -0300] "GET / HTTP/1.0" 200 11894 "-" "NewRelicPinger/1.0 (954132)"
50.112.95.211 - - [04/Jul/2016:12:43:46 -0300] "GET / HTTP/1.0" 200 11894 "-" "NewRelicPinger/1.0 (954132)"
54.251.34.67 - - [04/Jul/2016:12:44:14 -0300] "GET / HTTP/1.0" 200 11894 "-" "NewRelicPinger/1.0 (954132)"
54.248.250.232 - - [04/Jul/2016:12:44:49 -0300] "GET / HTTP/1.0" 200 11894 "-" "NewRelicPinger/1.0 (954132)"
184.73.237.85 - - [04/Jul/2016:12:45:32 -0300] "GET / HTTP/1.0" 200 11894 "-" "NewRelicPinger/1.0 (954132)"
54.247.188.179 - - [04/Jul/2016:12:45:38 -0300] "GET / HTTP/1.0" 200 11894 "-" "NewRelicPinger/1.0 (954132)"
50.112.95.211 - - [04/Jul/2016:12:46:16 -0300] "GET / HTTP/1.0" 200 11894 "-" "NewRelicPinger/1.0 (954132)"
54.251.34.67 - - [04/Jul/2016:12:46:44 -0300] "GET / HTTP/1.0" 200 11894 "-" "NewRelicPinger/1.0 (954132)"
54.248.250.232 - - [04/Jul/2016:12:47:19 -0300] "GET / HTTP/1.0" 200 11894 "-" "NewRelicPinger/1.0 (954132)"
184.73.237.85 - - [04/Jul/2016:12:48:03 -0300] "GET / HTTP/1.0" 200 11894 "-" "NewRelicPinger/1.0 (954132)"
54.247.188.179 - - [04/Jul/2016:12:48:07 -0300] "GET / HTTP/1.0" 200 11894 "-" "NewRelicPinger/1.0 (954132)"
50.112.95.211 - - [04/Jul/2016:12:48:47 -0300] "GET / HTTP/1.0" 200 11894 "-" "NewRelicPinger/1.0 (954132)"
54.251.34.67 - - [04/Jul/2016:12:49:15 -0300] "GET / HTTP/1.0" 200 11894 "-" "NewRelicPinger/1.0 (954132)"
54.248.250.232 - - [04/Jul/2016:12:49:49 -0300] "GET / HTTP/1.0" 200 11894 "-" "NewRelicPinger/1.0 (954132)"
184.73.237.85 - - [04/Jul/2016:12:50:32 -0300] "GET / HTTP/1.0" 200 11894 "-" "NewRelicPinger/1.0 (954132)"
54.247.188.179 - - [04/Jul/2016:12:50:37 -0300] "GET / HTTP/1.0" 200 11894 "-" "NewRelicPinger/1.0 (954132)"
50.112.95.211 - - [04/Jul/2016:12:51:17 -0300] "GET / HTTP/1.0" 200 11894 "-" "NewRelicPinger/1.0 (954132)"
54.251.34.67 - - [04/Jul/2016:12:51:44 -0300] "GET / HTTP/1.0" 200 11894 "-" "NewRelicPinger/1.0 (954132)"
54.248.250.232 - - [04/Jul/2016:12:52:19 -0300] "GET / HTTP/1.0" 200 11894 "-" "NewRelicPinger/1.0 (954132)"
184.73.237.85 - - [04/Jul/2016:12:53:03 -0300] "GET / HTTP/1.0" 200 11894 "-" "NewRelicPinger/1.0 (954132)"
54.247.188.179 - - [04/Jul/2016:12:53:13 -0300] "GET / HTTP/1.0" 200 11894 "-" "NewRelicPinger/1.0 (954132)"
50.112.95.211 - - [04/Jul/2016:12:53:46 -0300] "GET / HTTP/1.0" 200 11894 "-" "NewRelicPinger/1.0 (954132)"
54.251.34.67 - - [04/Jul/2016:12:54:14 -0300] "GET / HTTP/1.0" 200 11894 "-" "NewRelicPinger/1.0 (954132)"
54.248.250.232 - - [04/Jul/2016:12:54:49 -0300] "GET / HTTP/1.0" 200 11894 "-" "NewRelicPinger/1.0 (954132)"
184.73.237.85 - - [04/Jul/2016:12:55:33 -0300] "GET / HTTP/1.0" 200 11894 "-" "NewRelicPinger/1.0 (954132)"
54.247.188.179 - - [04/Jul/2016:12:55:42 -0300] "GET / HTTP/1.0" 200 11894 "-" "NewRelicPinger/1.0 (954132)"
50.112.95.211 - - [04/Jul/2016:12:56:18 -0300] "GET / HTTP/1.0" 200 11894 "-" "NewRelicPinger/1.0 (954132)"
54.251.34.67 - - [04/Jul/2016:12:56:45 -0300] "GET / HTTP/1.0" 200 11894 "-" "NewRelicPinger/1.0 (954132)"
54.248.250.232 - - [04/Jul/2016:12:57:19 -0300] "GET / HTTP/1.0" 200 11894 "-" "NewRelicPinger/1.0 (954132)"
184.73.237.85 - - [04/Jul/2016:12:58:03 -0300] "GET / HTTP/1.0" 200 11894 "-" "NewRelicPinger/1.0 (954132)"
54.247.188.179 - - [04/Jul/2016:12:58:12 -0300] "GET / HTTP/1.0" 200 11894 "-" "NewRelicPinger/1.0 (954132)"
50.112.95.211 - - [04/Jul/2016:12:58:48 -0300] "GET / HTTP/1.0" 200 11894 "-" "NewRelicPinger/1.0 (954132)"
138.0.54.74 - - [04/Jul/2016:12:59:02 -0300] "GET /user/lookup/ HTTP/1.1" 200 1300 "-" "Guardioes da Saude/1.1.9 (iPhone; iOS 9.3.2; Scale/2.00)"
138.0.54.74 - - [04/Jul/2016:12:59:02 -0300] "GET /user/calendar/day?&day=4&month=7&year=2016 HTTP/1.1" 200 58 "-" "Guardioes da Saude/1.1.9 (iPhone; iOS 9.3.2; Scale/2.00)"
54.251.34.67 - - [04/Jul/2016:12:59:14 -0300] "GET / HTTP/1.0" 200 11894 "-" "NewRelicPinger/1.0 (954132)"
54.248.250.232 - - [04/Jul/2016:12:59:49 -0300] "GET / HTTP/1.0" 200 11894 "-" "NewRelicPinger/1.0 (954132)"
184.73.237.85 - - [04/Jul/2016:13:00:34 -0300] "GET / HTTP/1.0" 200 11894 "-" "NewRelicPinger/1.0 (954132)"
54.247.188.179 - - [04/Jul/2016:13:00:43 -0300] "GET / HTTP/1.0" 200 11894 "-" "NewRelicPinger/1.0 (954132)"
50.112.95.211 - - [04/Jul/2016:13:01:17 -0300] "GET / HTTP/1.0" 200 11894 "-" "NewRelicPinger/1.0 (954132)"
54.251.34.67 - - [04/Jul/2016:13:01:45 -0300] "GET / HTTP/1.0" 200 11894 "-" "NewRelicPinger/1.0 (954132)"
54.248.250.232 - - [04/Jul/2016:13:02:19 -0300] "GET / HTTP/1.0" 200 11894 "-" "NewRelicPinger/1.0 (954132)"
184.73.237.85 - - [04/Jul/2016:13:03:03 -0300] "GET / HTTP/1.0" 200 11894 "-" "NewRelicPinger/1.0 (954132)"
54.247.188.179 - - [04/Jul/2016:13:03:13 -0300] "GET / HTTP/1.0" 200 11894 "-" "NewRelicPinger/1.0 (954132)"
50.112.95.211 - - [04/Jul/2016:13:03:47 -0300] "GET / HTTP/1.0" 200 11894 "-" "NewRelicPinger/1.0 (954132)"
54.251.34.67 - - [04/Jul/2016:13:04:15 -0300] "GET / HTTP/1.0" 200 11894 "-" "NewRelicPinger/1.0 (954132)"
54.248.250.232 - - [04/Jul/2016:13:04:49 -0300] "GET / HTTP/1.0" 200 11894 "-" "NewRelicPinger/1.0 (954132)"
184.73.237.85 - - [04/Jul/2016:13:05:34 -0300] "GET / HTTP/1.0" 200 11894 "-" "NewRelicPinger/1.0 (954132)"
54.247.188.179 - - [04/Jul/2016:13:05:43 -0300] "GET / HTTP/1.0" 200 11894 "-" "NewRelicPinger/1.0 (954132)"
50.112.95.211 - - [04/Jul/2016:13:06:18 -0300] "GET / HTTP/1.0" 200 11894 "-" "NewRelicPinger/1.0 (954132)"
54.251.34.67 - - [04/Jul/2016:13:06:44 -0300] "GET / HTTP/1.0" 200 11894 "-" "NewRelicPinger/1.0 (954132)"
54.248.250.232 - - [04/Jul/2016:13:07:20 -0300] "GET / HTTP/1.0" 200 11894 "-" "NewRelicPinger/1.0 (954132)"
184.73.237.85 - - [04/Jul/2016:13:08:03 -0300] "GET / HTTP/1.0" 200 11894 "-" "NewRelicPinger/1.0 (954132)"
54.247.188.179 - - [04/Jul/2016:13:08:22 -0300] "GET / HTTP/1.0" 200 11894 "-" "NewRelicPinger/1.0 (954132)"
50.112.95.211 - - [04/Jul/2016:13:08:47 -0300] "GET / HTTP/1.0" 200 11894 "-" "NewRelicPinger/1.0 (954132)"
54.251.34.67 - - [04/Jul/2016:13:09:15 -0300] "GET / HTTP/1.0" 200 11894 "-" "NewRelicPinger/1.0 (954132)"
54.248.250.232 - - [04/Jul/2016:13:09:50 -0300] "GET / HTTP/1.0" 200 11894 "-" "NewRelicPinger/1.0 (954132)"
184.73.237.85 - - [04/Jul/2016:13:10:34 -0300] "GET / HTTP/1.0" 200 11894 "-" "NewRelicPinger/1.0 (954132)"
54.247.188.179 - - [04/Jul/2016:13:10:51 -0300] "GET / HTTP/1.0" 200 11894 "-" "NewRelicPinger/1.0 (954132)"
50.112.95.211 - - [04/Jul/2016:13:11:17 -0300] "GET / HTTP/1.0" 200 11894 "-" "NewRelicPinger/1.0 (954132)"
54.251.34.67 - - [04/Jul/2016:13:11:44 -0300] "GET / HTTP/1.0" 200 11894 "-" "NewRelicPinger/1.0 (954132)"
54.248.250.232 - - [04/Jul/2016:13:12:19 -0300] "GET / HTTP/1.0" 200 11894 "-" "NewRelicPinger/1.0 (954132)"
184.73.237.85 - - [04/Jul/2016:13:13:04 -0300] "GET / HTTP/1.0" 200 11894 "-" "NewRelicPinger/1.0 (954132)"
54.247.188.179 - - [04/Jul/2016:13:13:22 -0300] "GET / HTTP/1.0" 200 11894 "-" "NewRelicPinger/1.0 (954132)"
50.112.95.211 - - [04/Jul/2016:13:13:47 -0300] "GET / HTTP/1.0" 200 11894 "-" "NewRelicPinger/1.0 (954132)"
54.251.34.67 - - [04/Jul/2016:13:14:15 -0300] "GET / HTTP/1.0" 200 11894 "-" "NewRelicPinger/1.0 (954132)"
54.248.250.232 - - [04/Jul/2016:13:14:49 -0300] "GET / HTTP/1.0" 200 11894 "-" "NewRelicPinger/1.0 (954132)"
184.73.237.85 - - [04/Jul/2016:13:15:34 -0300] "GET / HTTP/1.0" 200 11894 "-" "NewRelicPinger/1.0 (954132)"
54.247.188.179 - - [04/Jul/2016:13:15:52 -0300] "GET / HTTP/1.0" 200 11894 "-" "NewRelicPinger/1.0 (954132)"
50.112.95.211 - - [04/Jul/2016:13:16:18 -0300] "GET / HTTP/1.0" 200 11894 "-" "NewRelicPinger/1.0 (954132)"
54.251.34.67 - - [04/Jul/2016:13:16:46 -0300] "GET / HTTP/1.0" 200 11894 "-" "NewRelicPinger/1.0 (954132)"
54.248.250.232 - - [04/Jul/2016:13:17:20 -0300] "GET / HTTP/1.0" 200 11894 "-" "NewRelicPinger/1.0 (954132)"
177.75.57.29 - - [04/Jul/2016:13:17:31 -0300] "GET /user/get?fb=null HTTP/1.1" 200 56 "-" "Dalvik/1.6.0 (Linux; U; Android 4.3; SM-G3502L Build/JLS36C)"
177.75.57.29 - - [04/Jul/2016:13:17:32 -0300] "GET /user/get?fb=648759151947637 HTTP/1.1" 200 56 "-" "Dalvik/1.6.0 (Linux; U; Android 4.3; SM-G3502L Build/JLS36C)"
184.73.237.85 - - [04/Jul/2016:13:18:04 -0300] "GET / HTTP/1.0" 200 11894 "-" "NewRelicPinger/1.0 (954132)"
54.247.188.179 - - [04/Jul/2016:13:18:22 -0300] "GET / HTTP/1.0" 200 11894 "-" "NewRelicPinger/1.0 (954132)"
177.75.57.29 - - [04/Jul/2016:13:18:47 -0300] "POST /user/create HTTP/1.1" 200 476 "-" "Dalvik/1.6.0 (Linux; U; Android 4.3; SM-G3502L Build/JLS36C)"
177.75.57.29 - - [04/Jul/2016:13:18:48 -0300] "POST /user/login HTTP/1.1" 200 656 "-" "Dalvik/1.6.0 (Linux; U; Android 4.3; SM-G3502L Build/JLS36C)"
50.112.95.211 - - [04/Jul/2016:13:18:48 -0300] "GET / HTTP/1.0" 200 11894 "-" "NewRelicPinger/1.0 (954132)"
177.75.57.29 - - [04/Jul/2016:13:19:08 -0300] "GET /news/get HTTP/1.1" 200 4176 "-" "Dalvik/1.6.0 (Linux; U; Android 4.3; SM-G3502L Build/JLS36C)"
54.251.34.67 - - [04/Jul/2016:13:19:14 -0300] "GET / HTTP/1.0" 200 11894 "-" "NewRelicPinger/1.0 (954132)"
54.248.250.232 - - [04/Jul/2016:13:19:49 -0300] "GET / HTTP/1.0" 200 11894 "-" "NewRelicPinger/1.0 (954132)"
177.75.57.29 - - [04/Jul/2016:13:20:25 -0300] "GET /surveys/summary/?lon=-48.5029944&lat=-16.0910105 HTTP/1.1" 200 221 "-" "Dalvik/1.6.0 (Linux; U; Android 4.3; SM-G3502L Build/JLS36C)"
177.75.57.29 - - [04/Jul/2016:13:20:27 -0300] "GET /surveys/l?lon=-48.5029944&lat=-16.0910105 HTTP/1.1" 200 56 "-" "Dalvik/1.6.0 (Linux; U; Android 4.3; SM-G3502L Build/JLS36C)"
184.73.237.85 - - [04/Jul/2016:13:20:34 -0300] "GET / HTTP/1.0" 200 11894 "-" "NewRelicPinger/1.0 (954132)"
54.247.188.179 - - [04/Jul/2016:13:20:52 -0300] "GET / HTTP/1.0" 200 11894 "-" "NewRelicPinger/1.0 (954132)"
177.75.57.29 - - [04/Jul/2016:13:21:04 -0300] "GET /user/household/577a8c6782a7c8f72211070f HTTP/1.1" 403 114 "-" "Dalvik/1.6.0 (Linux; U; Android 4.3; SM-G3502L Build/JLS36C)"
177.75.57.29 - - [04/Jul/2016:13:21:06 -0300] "GET /user/calendar/month?&month=7&year=2016 HTTP/1.1" 302 33 "-" "Dalvik/1.6.0 (Linux; U; Android 4.3; SM-G3502L Build/JLS36C)"
177.75.57.29 - - [04/Jul/2016:13:21:06 -0300] "GET /user/survey/summary HTTP/1.1" 302 33 "-" "Dalvik/1.6.0 (Linux; U; Android 4.3; SM-G3502L Build/JLS36C)"
177.75.57.29 - - [04/Jul/2016:13:21:06 -0300] "GET /user/login HTTP/1.1" 200 3065 "-" "Dalvik/1.6.0 (Linux; U; Android 4.3; SM-G3502L Build/JLS36C)"
177.75.57.29 - - [04/Jul/2016:13:21:06 -0300] "GET /user/login HTTP/1.1" 200 2981 "-" "Dalvik/1.6.0 (Linux; U; Android 4.3; SM-G3502L Build/JLS36C)"
177.75.57.29 - - [04/Jul/2016:13:21:06 -0300] "GET /user/calendar/year?year=2016 HTTP/1.1" 302 33 "-" "Dalvik/1.6.0 (Linux; U; Android 4.3; SM-G3502L Build/JLS36C)"
177.75.57.29 - - [04/Jul/2016:13:21:06 -0300] "GET /user/login HTTP/1.1" 200 3065 "-" "Dalvik/1.6.0 (Linux; U; Android 4.3; SM-G3502L Build/JLS36C)"
50.112.95.211 - - [04/Jul/2016:13:21:19 -0300] "GET / HTTP/1.0" 200 11894 "-" "NewRelicPinger/1.0 (954132)"
177.75.57.29 - - [04/Jul/2016:13:21:19 -0300] "GET /user/household/577a8c6782a7c8f72211070f HTTP/1.1" 403 114 "-" "Dalvik/1.6.0 (Linux; U; Android 4.3; SM-G3502L Build/JLS36C)"
54.251.34.67 - - [04/Jul/2016:13:21:44 -0300] "GET / HTTP/1.0" 200 11894 "-" "NewRelicPinger/1.0 (954132)"
177.75.57.29 - - [04/Jul/2016:13:21:49 -0300] "POST /survey/create HTTP/1.1" 403 114 "-" "Dalvik/1.6.0 (Linux; U; Android 4.3; SM-G3502L Build/JLS36C)"
177.75.57.29 - - [04/Jul/2016:13:21:57 -0300] "POST /survey/create HTTP/1.1" 403 114 "-" "Dalvik/1.6.0 (Linux; U; Android 4.3; SM-G3502L Build/JLS36C)"
177.75.57.29 - - [04/Jul/2016:13:22:07 -0300] "POST /survey/create HTTP/1.1" 403 114 "-" "Dalvik/1.6.0 (Linux; U; Android 4.3; SM-G3502L Build/JLS36C)"
54.248.250.232 - - [04/Jul/2016:13:22:20 -0300] "GET / HTTP/1.0" 200 11894 "-" "NewRelicPinger/1.0 (954132)"
184.73.237.85 - - [04/Jul/2016:13:23:04 -0300] "GET / HTTP/1.0" 200 11894 "-" "NewRelicPinger/1.0 (954132)"
54.247.188.179 - - [04/Jul/2016:13:23:22 -0300] "GET / HTTP/1.0" 200 11894 "-" "NewRelicPinger/1.0 (954132)"
177.75.57.29 - - [04/Jul/2016:13:23:22 -0300] "POST /household/create HTTP/1.1" 200 224 "-" "Dalvik/1.6.0 (Linux; U; Android 4.3; SM-G3502L Build/JLS36C)"
177.75.57.29 - - [04/Jul/2016:13:23:23 -0300] "GET /user/lookup/ HTTP/1.1" 200 697 "-" "Dalvik/1.6.0 (Linux; U; Android 4.3; SM-G3502L Build/JLS36C)"
50.112.95.211 - - [04/Jul/2016:13:23:47 -0300] "GET / HTTP/1.0" 200 11894 "-" "NewRelicPinger/1.0 (954132)"
177.75.57.29 - - [04/Jul/2016:13:23:57 -0300] "POST /survey/create HTTP/1.1" 403 114 "-" "Dalvik/1.6.0 (Linux; U; Android 4.3; SM-G3502L Build/JLS36C)"
54.251.34.67 - - [04/Jul/2016:13:24:15 -0300] "GET / HTTP/1.0" 200 11894 "-" "NewRelicPinger/1.0 (954132)"
54.248.250.232 - - [04/Jul/2016:13:24:49 -0300] "GET / HTTP/1.0" 200 11894 "-" "NewRelicPinger/1.0 (954132)"
184.73.237.85 - - [04/Jul/2016:13:25:34 -0300] "GET / HTTP/1.0" 200 11894 "-" "NewRelicPinger/1.0 (954132)"
54.247.188.179 - - [04/Jul/2016:13:26:02 -0300] "GET / HTTP/1.0" 200 11894 "-" "NewRelicPinger/1.0 (954132)"
50.112.95.211 - - [04/Jul/2016:13:26:18 -0300] "GET / HTTP/1.0" 200 11894 "-" "NewRelicPinger/1.0 (954132)"
54.251.34.67 - - [04/Jul/2016:13:26:45 -0300] "GET / HTTP/1.0" 200 11894 "-" "NewRelicPinger/1.0 (954132)"
54.248.250.232 - - [04/Jul/2016:13:27:20 -0300] "GET / HTTP/1.0" 200 11894 "-" "NewRelicPinger/1.0 (954132)"
184.73.237.85 - - [04/Jul/2016:13:28:04 -0300] "GET / HTTP/1.0" 200 11894 "-" "NewRelicPinger/1.0 (954132)"
54.247.188.179 - - [04/Jul/2016:13:28:23 -0300] "GET / HTTP/1.0" 200 11894 "-" "NewRelicPinger/1.0 (954132)"
50.112.95.211 - - [04/Jul/2016:13:28:59 -0300] "GET / HTTP/1.0" 200 11894 "-" "NewRelicPinger/1.0 (954132)"
54.251.34.67 - - [04/Jul/2016:13:29:15 -0300] "GET / HTTP/1.0" 200 11894 "-" "NewRelicPinger/1.0 (954132)"
54.248.250.232 - - [04/Jul/2016:13:29:50 -0300] "GET / HTTP/1.0" 200 11894 "-" "NewRelicPinger/1.0 (954132)"
184.73.237.85 - - [04/Jul/2016:13:30:34 -0300] "GET / HTTP/1.0" 200 11894 "-" "NewRelicPinger/1.0 (954132)"
54.247.188.179 - - [04/Jul/2016:13:30:51 -0300] "GET / HTTP/1.0" 200 11894 "-" "NewRelicPinger/1.0 (954132)"
50.112.95.211 - - [04/Jul/2016:13:31:28 -0300] "GET / HTTP/1.0" 200 11894 "-" "NewRelicPinger/1.0 (954132)"
54.251.34.67 - - [04/Jul/2016:13:31:45 -0300] "GET / HTTP/1.0" 200 11894 "-" "NewRelicPinger/1.0 (954132)"
54.248.250.232 - - [04/Jul/2016:13:32:20 -0300] "GET / HTTP/1.0" 200 11894 "-" "NewRelicPinger/1.0 (954132)"
184.73.237.85 - - [04/Jul/2016:13:33:04 -0300] "GET / HTTP/1.0" 200 11894 "-" "NewRelicPinger/1.0 (954132)"
54.247.188.179 - - [04/Jul/2016:13:33:22 -0300] "GET / HTTP/1.0" 200 11894 "-" "NewRelicPinger/1.0 (954132)"
50.112.95.211 - - [04/Jul/2016:13:33:58 -0300] "GET / HTTP/1.0" 200 11894 "-" "NewRelicPinger/1.0 (954132)"
54.251.34.67 - - [04/Jul/2016:13:34:15 -0300] "GET / HTTP/1.0" 200 11894 "-" "NewRelicPinger/1.0 (954132)"
54.248.250.232 - - [04/Jul/2016:13:34:50 -0300] "GET / HTTP/1.0" 200 11894 "-" "NewRelicPinger/1.0 (954132)"
184.73.237.85 - - [04/Jul/2016:13:35:34 -0300] "GET / HTTP/1.0" 200 11894 "-" "NewRelicPinger/1.0 (954132)"
54.247.188.179 - - [04/Jul/2016:13:35:53 -0300] "GET / HTTP/1.0" 200 11894 "-" "NewRelicPinger/1.0 (954132)"
50.112.95.211 - - [04/Jul/2016:13:36:28 -0300] "GET / HTTP/1.0" 200 11894 "-" "NewRelicPinger/1.0 (954132)"
54.251.34.67 - - [04/Jul/2016:13:36:45 -0300] "GET / HTTP/1.0" 200 11894 "-" "NewRelicPinger/1.0 (954132)"
54.248.250.232 - - [04/Jul/2016:13:37:20 -0300] "GET / HTTP/1.0" 200 11894 "-" "NewRelicPinger/1.0 (954132)"
184.73.237.85 - - [04/Jul/2016:13:38:05 -0300] "GET / HTTP/1.0" 200 11894 "-" "NewRelicPinger/1.0 (954132)"
54.247.188.179 - - [04/Jul/2016:13:38:28 -0300] "GET / HTTP/1.0" 200 11894 "-" "NewRelicPinger/1.0 (954132)"
50.112.95.211 - - [04/Jul/2016:13:38:58 -0300] "GET / HTTP/1.0" 200 11894 "-" "NewRelicPinger/1.0 (954132)"
54.251.34.67 - - [04/Jul/2016:13:39:15 -0300] "GET / HTTP/1.0" 200 11894 "-" "NewRelicPinger/1.0 (954132)"
54.248.250.232 - - [04/Jul/2016:13:39:50 -0300] "GET / HTTP/1.0" 200 11894 "-" "NewRelicPinger/1.0 (954132)"
184.73.237.85 - - [04/Jul/2016:13:40:35 -0300] "GET / HTTP/1.0" 200 11894 "-" "NewRelicPinger/1.0 (954132)"
54.247.188.179 - - [04/Jul/2016:13:40:58 -0300] "GET / HTTP/1.0" 200 11894 "-" "NewRelicPinger/1.0 (954132)"
50.112.95.211 - - [04/Jul/2016:13:41:29 -0300] "GET / HTTP/1.0" 200 11894 "-" "NewRelicPinger/1.0 (954132)"
54.251.34.67 - - [04/Jul/2016:13:41:45 -0300] "GET / HTTP/1.0" 200 11894 "-" "NewRelicPinger/1.0 (954132)"
54.248.250.232 - - [04/Jul/2016:13:42:20 -0300] "GET / HTTP/1.0" 200 11894 "-" "NewRelicPinger/1.0 (954132)"
184.73.237.85 - - [04/Jul/2016:13:43:04 -0300] "GET / HTTP/1.0" 200 11894 "-" "NewRelicPinger/1.0 (954132)"
54.247.188.179 - - [04/Jul/2016:13:43:29 -0300] "GET / HTTP/1.0" 200 11894 "-" "NewRelicPinger/1.0 (954132)"
50.112.95.211 - - [04/Jul/2016:13:43:58 -0300] "GET / HTTP/1.0" 200 11894 "-" "NewRelicPinger/1.0 (954132)"
54.251.34.67 - - [04/Jul/2016:13:44:15 -0300] "GET / HTTP/1.0" 200 11894 "-" "NewRelicPinger/1.0 (954132)"
54.248.250.232 - - [04/Jul/2016:13:44:49 -0300] "GET / HTTP/1.0" 200 11894 "-" "NewRelicPinger/1.0 (954132)"
184.73.237.85 - - [04/Jul/2016:13:45:35 -0300] "GET / HTTP/1.0" 200 11894 "-" "NewRelicPinger/1.0 (954132)"
54.247.188.179 - - [04/Jul/2016:13:45:59 -0300] "GET / HTTP/1.0" 200 11894 "-" "NewRelicPinger/1.0 (954132)"
50.112.95.211 - - [04/Jul/2016:13:46:28 -0300] "GET / HTTP/1.0" 200 11894 "-" "NewRelicPinger/1.0 (954132)"
54.251.34.67 - - [04/Jul/2016:13:46:45 -0300] "GET / HTTP/1.0" 200 11894 "-" "NewRelicPinger/1.0 (954132)"
54.248.250.232 - - [04/Jul/2016:13:47:20 -0300] "GET / HTTP/1.0" 200 11894 "-" "NewRelicPinger/1.0 (954132)"
184.73.237.85 - - [04/Jul/2016:13:48:05 -0300] "GET / HTTP/1.0" 200 11894 "-" "NewRelicPinger/1.0 (954132)"
54.247.188.179 - - [04/Jul/2016:13:48:29 -0300] "GET / HTTP/1.0" 200 11894 "-" "NewRelicPinger/1.0 (954132)"
50.112.95.211 - - [04/Jul/2016:13:48:58 -0300] "GET / HTTP/1.0" 200 11894 "-" "NewRelicPinger/1.0 (954132)"
54.251.34.67 - - [04/Jul/2016:13:49:15 -0300] "GET / HTTP/1.0" 200 11894 "-" "NewRelicPinger/1.0 (954132)"
54.248.250.232 - - [04/Jul/2016:13:49:50 -0300] "GET / HTTP/1.0" 200 11894 "-" "NewRelicPinger/1.0 (954132)"
184.73.237.85 - - [04/Jul/2016:13:50:35 -0300] "GET / HTTP/1.0" 200 11894 "-" "NewRelicPinger/1.0 (954132)"
54.247.188.179 - - [04/Jul/2016:13:50:58 -0300] "GET / HTTP/1.0" 200 11894 "-" "NewRelicPinger/1.0 (954132)"
50.112.95.211 - - [04/Jul/2016:13:51:28 -0300] "GET / HTTP/1.0" 200 11894 "-" "NewRelicPinger/1.0 (954132)"
54.251.34.67 - - [04/Jul/2016:13:51:45 -0300] "GET / HTTP/1.0" 200 11894 "-" "NewRelicPinger/1.0 (954132)"
54.248.250.232 - - [04/Jul/2016:13:52:19 -0300] "GET / HTTP/1.0" 200 11894 "-" "NewRelicPinger/1.0 (954132)"
184.73.237.85 - - [04/Jul/2016:13:53:05 -0300] "GET / HTTP/1.0" 200 11894 "-" "NewRelicPinger/1.0 (954132)"
54.247.188.179 - - [04/Jul/2016:13:53:29 -0300] "GET / HTTP/1.0" 200 11894 "-" "NewRelicPinger/1.0 (954132)"
50.112.95.211 - - [04/Jul/2016:13:53:58 -0300] "GET / HTTP/1.0" 200 11894 "-" "NewRelicPinger/1.0 (954132)"
54.251.34.67 - - [04/Jul/2016:13:54:15 -0300] "GET / HTTP/1.0" 200 11894 "-" "NewRelicPinger/1.0 (954132)"
54.248.250.232 - - [04/Jul/2016:13:54:49 -0300] "GET / HTTP/1.0" 200 11894 "-" "NewRelicPinger/1.0 (954132)"
184.73.237.85 - - [04/Jul/2016:13:55:35 -0300] "GET / HTTP/1.0" 200 11894 "-" "NewRelicPinger/1.0 (954132)"
54.247.188.179 - - [04/Jul/2016:13:55:59 -0300] "GET / HTTP/1.0" 200 11894 "-" "NewRelicPinger/1.0 (954132)"
50.112.95.211 - - [04/Jul/2016:13:56:28 -0300] "GET / HTTP/1.0" 200 11894 "-" "NewRelicPinger/1.0 (954132)"
54.251.34.67 - - [04/Jul/2016:13:56:45 -0300] "GET / HTTP/1.0" 200 11894 "-" "NewRelicPinger/1.0 (954132)"
54.248.250.232 - - [04/Jul/2016:13:57:20 -0300] "GET / HTTP/1.0" 200 11894 "-" "NewRelicPinger/1.0 (954132)"
184.73.237.85 - - [04/Jul/2016:13:58:05 -0300] "GET / HTTP/1.0" 200 11894 "-" "NewRelicPinger/1.0 (954132)"
54.247.188.179 - - [04/Jul/2016:13:58:29 -0300] "GET / HTTP/1.0" 200 11894 "-" "NewRelicPinger/1.0 (954132)"
50.112.95.211 - - [04/Jul/2016:13:58:59 -0300] "GET / HTTP/1.0" 200 11894 "-" "NewRelicPinger/1.0 (954132)"
54.251.34.67 - - [04/Jul/2016:13:59:15 -0300] "GET / HTTP/1.0" 200 11894 "-" "NewRelicPinger/1.0 (954132)"
54.248.250.232 - - [04/Jul/2016:13:59:50 -0300] "GET / HTTP/1.0" 200 11894 "-" "NewRelicPinger/1.0 (954132)"
184.73.237.85 - - [04/Jul/2016:14:00:35 -0300] "GET / HTTP/1.0" 200 11894 "-" "NewRelicPinger/1.0 (954132)"
54.247.188.179 - - [04/Jul/2016:14:00:59 -0300] "GET / HTTP/1.0" 200 11894 "-" "NewRelicPinger/1.0 (954132)"
50.112.95.211 - - [04/Jul/2016:14:01:37 -0300] "GET / HTTP/1.0" 200 11894 "-" "NewRelicPinger/1.0 (954132)"
54.251.34.67 - - [04/Jul/2016:14:01:45 -0300] "GET / HTTP/1.0" 200 11894 "-" "NewRelicPinger/1.0 (954132)"
54.248.250.232 - - [04/Jul/2016:14:02:20 -0300] "GET / HTTP/1.0" 200 11894 "-" "NewRelicPinger/1.0 (954132)"
184.73.237.85 - - [04/Jul/2016:14:03:05 -0300] "GET / HTTP/1.0" 200 11894 "-" "NewRelicPinger/1.0 (954132)"
54.247.188.179 - - [04/Jul/2016:14:03:30 -0300] "GET / HTTP/1.0" 200 11894 "-" "NewRelicPinger/1.0 (954132)"
50.112.95.211 - - [04/Jul/2016:14:04:06 -0300] "GET / HTTP/1.0" 200 11894 "-" "NewRelicPinger/1.0 (954132)"
54.251.34.67 - - [04/Jul/2016:14:04:15 -0300] "GET / HTTP/1.0" 200 11894 "-" "NewRelicPinger/1.0 (954132)"
54.248.250.232 - - [04/Jul/2016:14:04:50 -0300] "GET / HTTP/1.0" 200 11894 "-" "NewRelicPinger/1.0 (954132)"
184.73.237.85 - - [04/Jul/2016:14:05:35 -0300] "GET / HTTP/1.0" 200 11894 "-" "NewRelicPinger/1.0 (954132)"
54.247.188.179 - - [04/Jul/2016:14:06:00 -0300] "GET / HTTP/1.0" 200 11894 "-" "NewRelicPinger/1.0 (954132)"
50.112.95.211 - - [04/Jul/2016:14:06:36 -0300] "GET / HTTP/1.0" 200 11894 "-" "NewRelicPinger/1.0 (954132)"
54.251.34.67 - - [04/Jul/2016:14:06:45 -0300] "GET / HTTP/1.0" 200 11894 "-" "NewRelicPinger/1.0 (954132)"
54.248.250.232 - - [04/Jul/2016:14:07:20 -0300] "GET / HTTP/1.0" 200 11894 "-" "NewRelicPinger/1.0 (954132)"
184.73.237.85 - - [04/Jul/2016:14:08:05 -0300] "GET / HTTP/1.0" 200 11894 "-" "NewRelicPinger/1.0 (954132)"
54.247.188.179 - - [04/Jul/2016:14:08:30 -0300] "GET / HTTP/1.0" 200 11894 "-" "NewRelicPinger/1.0 (954132)"
50.112.95.211 - - [04/Jul/2016:14:09:06 -0300] "GET / HTTP/1.0" 200 11894 "-" "NewRelicPinger/1.0 (954132)"
54.251.34.67 - - [04/Jul/2016:14:09:27 -0300] "GET / HTTP/1.0" 200 11894 "-" "NewRelicPinger/1.0 (954132)"
54.248.250.232 - - [04/Jul/2016:14:09:50 -0300] "GET / HTTP/1.0" 200 11894 "-" "NewRelicPinger/1.0 (954132)"
184.73.237.85 - - [04/Jul/2016:14:10:35 -0300] "GET / HTTP/1.0" 200 11894 "-" "NewRelicPinger/1.0 (954132)"
54.247.188.179 - - [04/Jul/2016:14:11:00 -0300] "GET / HTTP/1.0" 200 11894 "-" "NewRelicPinger/1.0 (954132)"
50.112.95.211 - - [04/Jul/2016:14:11:36 -0300] "GET / HTTP/1.0" 200 11894 "-" "NewRelicPinger/1.0 (954132)"
54.251.34.67 - - [04/Jul/2016:14:11:45 -0300] "GET / HTTP/1.0" 200 11894 "-" "NewRelicPinger/1.0 (954132)"
54.248.250.232 - - [04/Jul/2016:14:12:20 -0300] "GET / HTTP/1.0" 200 11894 "-" "NewRelicPinger/1.0 (954132)"
184.73.237.85 - - [04/Jul/2016:14:13:05 -0300] "GET / HTTP/1.0" 200 11894 "-" "NewRelicPinger/1.0 (954132)"
54.247.188.179 - - [04/Jul/2016:14:13:30 -0300] "GET / HTTP/1.0" 200 11894 "-" "NewRelicPinger/1.0 (954132)"
50.112.95.211 - - [04/Jul/2016:14:14:07 -0300] "GET / HTTP/1.0" 200 11894 "-" "NewRelicPinger/1.0 (954132)"
54.251.34.67 - - [04/Jul/2016:14:14:15 -0300] "GET / HTTP/1.0" 200 11894 "-" "NewRelicPinger/1.0 (954132)"
177.41.192.99 - - [04/Jul/2016:14:14:18 -0300] "GET /user/lookup/ HTTP/1.1" 200 682 "-" "Dalvik/2.1.0 (Linux; U; Android 5.0.2; SM-A500M Build/LRX22G)"
54.248.250.232 - - [04/Jul/2016:14:14:50 -0300] "GET / HTTP/1.0" 200 11894 "-" "NewRelicPinger/1.0 (954132)"
184.73.237.85 - - [04/Jul/2016:14:15:35 -0300] "GET / HTTP/1.0" 200 11894 "-" "NewRelicPinger/1.0 (954132)"
54.247.188.179 - - [04/Jul/2016:14:16:00 -0300] "GET / HTTP/1.0" 200 11894 "-" "NewRelicPinger/1.0 (954132)"
50.112.95.211 - - [04/Jul/2016:14:16:36 -0300] "GET / HTTP/1.0" 200 11894 "-" "NewRelicPinger/1.0 (954132)"
54.251.34.67 - - [04/Jul/2016:14:16:45 -0300] "GET / HTTP/1.0" 200 11894 "-" "NewRelicPinger/1.0 (954132)"
54.248.250.232 - - [04/Jul/2016:14:17:20 -0300] "GET / HTTP/1.0" 200 11894 "-" "NewRelicPinger/1.0 (954132)"
184.73.237.85 - - [04/Jul/2016:14:18:05 -0300] "GET / HTTP/1.0" 200 11894 "-" "NewRelicPinger/1.0 (954132)"
54.247.188.179 - - [04/Jul/2016:14:18:30 -0300] "GET / HTTP/1.0" 200 11894 "-" "NewRelicPinger/1.0 (954132)"
177.41.192.99 - - [04/Jul/2016:14:18:40 -0300] "GET /user/household/null HTTP/1.1" 200 56 "-" "Dalvik/2.1.0 (Linux; U; Android 5.0.2; SM-A500M Build/LRX22G)"
50.112.95.211 - - [04/Jul/2016:14:19:06 -0300] "GET / HTTP/1.0" 200 11894 "-" "NewRelicPinger/1.0 (954132)"
54.251.34.67 - - [04/Jul/2016:14:19:16 -0300] "GET / HTTP/1.0" 200 11894 "-" "NewRelicPinger/1.0 (954132)"
54.248.250.232 - - [04/Jul/2016:14:19:50 -0300] "GET / HTTP/1.0" 200 11894 "-" "NewRelicPinger/1.0 (954132)"
184.73.237.85 - - [04/Jul/2016:14:20:35 -0300] "GET / HTTP/1.0" 200 11894 "-" "NewRelicPinger/1.0 (954132)"
54.247.188.179 - - [04/Jul/2016:14:21:01 -0300] "GET / HTTP/1.0" 200 11894 "-" "NewRelicPinger/1.0 (954132)"
50.112.95.211 - - [04/Jul/2016:14:21:37 -0300] "GET / HTTP/1.0" 200 11894 "-" "NewRelicPinger/1.0 (954132)"
54.251.34.67 - - [04/Jul/2016:14:21:46 -0300] "GET / HTTP/1.0" 200 11894 "-" "NewRelicPinger/1.0 (954132)"
54.248.250.232 - - [04/Jul/2016:14:22:20 -0300] "GET / HTTP/1.0" 200 11894 "-" "NewRelicPinger/1.0 (954132)"
177.41.192.99 - - [04/Jul/2016:14:22:49 -0300] "GET /surveys/l?lon=-46.8880256&lat=-23.1866543 HTTP/1.1" 200 56 "-" "Dalvik/2.1.0 (Linux; U; Android 5.0.2; SM-A500M Build/LRX22G)"
177.41.192.99 - - [04/Jul/2016:14:22:50 -0300] "GET /surveys/summary/?lon=-46.8880256&lat=-23.1866543 HTTP/1.1" 200 239 "-" "Dalvik/2.1.0 (Linux; U; Android 5.0.2; SM-A500M Build/LRX22G)"
184.73.237.85 - - [04/Jul/2016:14:23:05 -0300] "GET / HTTP/1.0" 200 11894 "-" "NewRelicPinger/1.0 (954132)"
54.247.188.179 - - [04/Jul/2016:14:23:30 -0300] "GET / HTTP/1.0" 200 11894 "-" "NewRelicPinger/1.0 (954132)"
177.41.192.99 - - [04/Jul/2016:14:23:55 -0300] "GET /user/get?fb=null HTTP/1.1" 200 56 "-" "Dalvik/2.1.0 (Linux; U; Android 5.0.2; SM-A500M Build/LRX22G)"
177.41.192.99 - - [04/Jul/2016:14:23:56 -0300] "GET /user/get?fb=1775714262649418 HTTP/1.1" 200 56 "-" "Dalvik/2.1.0 (Linux; U; Android 5.0.2; SM-A500M Build/LRX22G)"
50.112.95.211 - - [04/Jul/2016:14:24:06 -0300] "GET / HTTP/1.0" 200 11894 "-" "NewRelicPinger/1.0 (954132)"
54.251.34.67 - - [04/Jul/2016:14:24:15 -0300] "GET / HTTP/1.0" 200 11894 "-" "NewRelicPinger/1.0 (954132)"
54.248.250.232 - - [04/Jul/2016:14:24:51 -0300] "GET / HTTP/1.0" 200 11894 "-" "NewRelicPinger/1.0 (954132)"
184.73.237.85 - - [04/Jul/2016:14:25:35 -0300] "GET / HTTP/1.0" 200 11894 "-" "NewRelicPinger/1.0 (954132)"
54.247.188.179 - - [04/Jul/2016:14:26:00 -0300] "GET / HTTP/1.0" 200 11894 "-" "NewRelicPinger/1.0 (954132)"
50.112.95.211 - - [04/Jul/2016:14:26:36 -0300] "GET / HTTP/1.0" 200 11894 "-" "NewRelicPinger/1.0 (954132)"
54.251.34.67 - - [04/Jul/2016:14:26:46 -0300] "GET / HTTP/1.0" 200 11894 "-" "NewRelicPinger/1.0 (954132)"
54.248.250.232 - - [04/Jul/2016:14:27:21 -0300] "GET / HTTP/1.0" 200 11894 "-" "NewRelicPinger/1.0 (954132)"
184.73.237.85 - - [04/Jul/2016:14:28:05 -0300] "GET / HTTP/1.0" 200 11894 "-" "NewRelicPinger/1.0 (954132)"
54.247.188.179 - - [04/Jul/2016:14:28:30 -0300] "GET / HTTP/1.0" 200 11894 "-" "NewRelicPinger/1.0 (954132)"
50.112.95.211 - - [04/Jul/2016:14:29:06 -0300] "GET / HTTP/1.0" 200 11894 "-" "NewRelicPinger/1.0 (954132)"
54.251.34.67 - - [04/Jul/2016:14:29:16 -0300] "GET / HTTP/1.0" 200 11894 "-" "NewRelicPinger/1.0 (954132)"
54.248.250.232 - - [04/Jul/2016:14:29:51 -0300] "GET / HTTP/1.0" 200 11894 "-" "NewRelicPinger/1.0 (954132)"
184.73.237.85 - - [04/Jul/2016:14:30:35 -0300] "GET / HTTP/1.0" 200 11894 "-" "NewRelicPinger/1.0 (954132)"
54.247.188.179 - - [04/Jul/2016:14:31:00 -0300] "GET / HTTP/1.0" 200 11894 "-" "NewRelicPinger/1.0 (954132)"
50.112.95.211 - - [04/Jul/2016:14:31:36 -0300] "GET / HTTP/1.0" 200 11894 "-" "NewRelicPinger/1.0 (954132)"
54.251.34.67 - - [04/Jul/2016:14:31:46 -0300] "GET / HTTP/1.0" 200 11894 "-" "NewRelicPinger/1.0 (954132)"
54.248.250.232 - - [04/Jul/2016:14:32:22 -0300] "GET / HTTP/1.0" 200 11894 "-" "NewRelicPinger/1.0 (954132)"
184.73.237.85 - - [04/Jul/2016:14:33:05 -0300] "GET / HTTP/1.0" 200 11894 "-" "NewRelicPinger/1.0 (954132)"
54.247.188.179 - - [04/Jul/2016:14:33:31 -0300] "GET / HTTP/1.0" 200 11894 "-" "NewRelicPinger/1.0 (954132)"
50.112.95.211 - - [04/Jul/2016:14:34:06 -0300] "GET / HTTP/1.0" 200 11894 "-" "NewRelicPinger/1.0 (954132)"
54.251.34.67 - - [04/Jul/2016:14:34:16 -0300] "GET / HTTP/1.0" 200 11894 "-" "NewRelicPinger/1.0 (954132)"
54.248.250.232 - - [04/Jul/2016:14:34:51 -0300] "GET / HTTP/1.0" 200 11894 "-" "NewRelicPinger/1.0 (954132)"
184.73.237.85 - - [04/Jul/2016:14:35:35 -0300] "GET / HTTP/1.0" 200 11894 "-" "NewRelicPinger/1.0 (954132)"
54.247.188.179 - - [04/Jul/2016:14:36:01 -0300] "GET / HTTP/1.0" 200 11894 "-" "NewRelicPinger/1.0 (954132)"
50.112.95.211 - - [04/Jul/2016:14:36:36 -0300] "GET / HTTP/1.0" 200 11894 "-" "NewRelicPinger/1.0 (954132)"
54.251.34.67 - - [04/Jul/2016:14:36:46 -0300] "GET / HTTP/1.0" 200 11894 "-" "NewRelicPinger/1.0 (954132)"
54.248.250.232 - - [04/Jul/2016:14:37:21 -0300] "GET / HTTP/1.0" 200 11894 "-" "NewRelicPinger/1.0 (954132)"
184.73.237.85 - - [04/Jul/2016:14:38:05 -0300] "GET / HTTP/1.0" 200 11894 "-" "NewRelicPinger/1.0 (954132)"
54.247.188.179 - - [04/Jul/2016:14:38:32 -0300] "GET / HTTP/1.0" 200 11894 "-" "NewRelicPinger/1.0 (954132)"
50.112.95.211 - - [04/Jul/2016:14:39:06 -0300] "GET / HTTP/1.0" 200 11894 "-" "NewRelicPinger/1.0 (954132)"
54.251.34.67 - - [04/Jul/2016:14:39:16 -0300] "GET / HTTP/1.0" 200 11894 "-" "NewRelicPinger/1.0 (954132)"
54.248.250.232 - - [04/Jul/2016:14:39:51 -0300] "GET / HTTP/1.0" 200 11894 "-" "NewRelicPinger/1.0 (954132)"
184.73.237.85 - - [04/Jul/2016:14:40:35 -0300] "GET / HTTP/1.0" 200 11894 "-" "NewRelicPinger/1.0 (954132)"
54.247.188.179 - - [04/Jul/2016:14:41:02 -0300] "GET / HTTP/1.0" 200 11894 "-" "NewRelicPinger/1.0 (954132)"
50.112.95.211 - - [04/Jul/2016:14:41:36 -0300] "GET / HTTP/1.0" 200 11894 "-" "NewRelicPinger/1.0 (954132)"
54.251.34.67 - - [04/Jul/2016:14:41:46 -0300] "GET / HTTP/1.0" 200 11894 "-" "NewRelicPinger/1.0 (954132)"
54.248.250.232 - - [04/Jul/2016:14:42:21 -0300] "GET / HTTP/1.0" 200 11894 "-" "NewRelicPinger/1.0 (954132)"
184.73.237.85 - - [04/Jul/2016:14:43:05 -0300] "GET / HTTP/1.0" 200 11894 "-" "NewRelicPinger/1.0 (954132)"
54.247.188.179 - - [04/Jul/2016:14:43:42 -0300] "GET / HTTP/1.0" 200 11894 "-" "NewRelicPinger/1.0 (954132)"
50.112.95.211 - - [04/Jul/2016:14:44:06 -0300] "GET / HTTP/1.0" 200 11894 "-" "NewRelicPinger/1.0 (954132)"
54.251.34.67 - - [04/Jul/2016:14:44:16 -0300] "GET / HTTP/1.0" 200 11894 "-" "NewRelicPinger/1.0 (954132)"
54.248.250.232 - - [04/Jul/2016:14:44:51 -0300] "GET / HTTP/1.0" 200 11894 "-" "NewRelicPinger/1.0 (954132)"
184.73.237.85 - - [04/Jul/2016:14:45:35 -0300] "GET / HTTP/1.0" 200 11894 "-" "NewRelicPinger/1.0 (954132)"
54.247.188.179 - - [04/Jul/2016:14:46:09 -0300] "GET / HTTP/1.0" 200 11894 "-" "NewRelicPinger/1.0 (954132)"
50.112.95.211 - - [04/Jul/2016:14:46:36 -0300] "GET / HTTP/1.0" 200 11894 "-" "NewRelicPinger/1.0 (954132)"
54.251.34.67 - - [04/Jul/2016:14:46:46 -0300] "GET / HTTP/1.0" 200 11894 "-" "NewRelicPinger/1.0 (954132)"
54.248.250.232 - - [04/Jul/2016:14:47:21 -0300] "GET / HTTP/1.0" 200 11894 "-" "NewRelicPinger/1.0 (954132)"
177.38.200.177 - - [04/Jul/2016:14:48:02 -0300] "OPTIONS /search/cities?limit=5 HTTP/1.1" 204 0 "https://guardioesdasaude.org/" "Mozilla/5.0 (Macintosh; Intel Mac OS X 10_11_5) AppleWebKit/537.36 (KHTML, like Gecko) Chrome/51.0.2704.106 Safari/537.36"
177.38.200.177 - - [04/Jul/2016:14:48:02 -0300] "OPTIONS /search/cities?limit=5 HTTP/1.1" 204 0 "https://guardioesdasaude.org/" "Mozilla/5.0 (Macintosh; Intel Mac OS X 10_11_5) AppleWebKit/537.36 (KHTML, like Gecko) Chrome/51.0.2704.106 Safari/537.36"
177.38.200.177 - - [04/Jul/2016:14:48:02 -0300] "OPTIONS /search/cities?limit=5 HTTP/1.1" 204 0 "https://guardioesdasaude.org/" "Mozilla/5.0 (Macintosh; Intel Mac OS X 10_11_5) AppleWebKit/537.36 (KHTML, like Gecko) Chrome/51.0.2704.106 Safari/537.36"
177.38.200.177 - - [04/Jul/2016:14:48:02 -0300] "GET /search/cities?limit=5 HTTP/1.1" 200 165 "https://guardioesdasaude.org/" "Mozilla/5.0 (Macintosh; Intel Mac OS X 10_11_5) AppleWebKit/537.36 (KHTML, like Gecko) Chrome/51.0.2704.106 Safari/537.36"
177.38.200.177 - - [04/Jul/2016:14:48:03 -0300] "GET /search/cities?limit=5 HTTP/1.1" 200 165 "https://guardioesdasaude.org/" "Mozilla/5.0 (Macintosh; Intel Mac OS X 10_11_5) AppleWebKit/537.36 (KHTML, like Gecko) Chrome/51.0.2704.106 Safari/537.36"
177.38.200.177 - - [04/Jul/2016:14:48:03 -0300] "GET /search/cities?limit=5 HTTP/1.1" 200 165 "https://guardioesdasaude.org/" "Mozilla/5.0 (Macintosh; Intel Mac OS X 10_11_5) AppleWebKit/537.36 (KHTML, like Gecko) Chrome/51.0.2704.106 Safari/537.36"
177.38.200.177 - - [04/Jul/2016:14:48:05 -0300] "OPTIONS /user/lookup HTTP/1.1" 204 0 "https://guardioesdasaude.org/game/tutorial" "Mozilla/5.0 (Macintosh; Intel Mac OS X 10_11_5) AppleWebKit/537.36 (KHTML, like Gecko) Chrome/51.0.2704.106 Safari/537.36"
177.38.200.177 - - [04/Jul/2016:14:48:05 -0300] "OPTIONS /user/calendar/day HTTP/1.1" 204 0 "https://guardioesdasaude.org/game/tutorial" "Mozilla/5.0 (Macintosh; Intel Mac OS X 10_11_5) AppleWebKit/537.36 (KHTML, like Gecko) Chrome/51.0.2704.106 Safari/537.36"
177.38.200.177 - - [04/Jul/2016:14:48:05 -0300] "GET /user/calendar/day HTTP/1.1" 200 58 "https://guardioesdasaude.org/game/tutorial" "Mozilla/5.0 (Macintosh; Intel Mac OS X 10_11_5) AppleWebKit/537.36 (KHTML, like Gecko) Chrome/51.0.2704.106 Safari/537.36"
177.38.200.177 - - [04/Jul/2016:14:48:05 -0300] "GET /user/lookup HTTP/1.1" 200 3952 "https://guardioesdasaude.org/game/tutorial" "Mozilla/5.0 (Macintosh; Intel Mac OS X 10_11_5) AppleWebKit/537.36 (KHTML, like Gecko) Chrome/51.0.2704.106 Safari/537.36"
184.73.237.85 - - [04/Jul/2016:14:48:05 -0300] "GET / HTTP/1.0" 200 11894 "-" "NewRelicPinger/1.0 (954132)"
177.38.200.177 - - [04/Jul/2016:14:48:11 -0300] "GET /user/calendar/day HTTP/1.1" 200 58 "https://guardioesdasaude.org/game/home" "Mozilla/5.0 (Macintosh; Intel Mac OS X 10_11_5) AppleWebKit/537.36 (KHTML, like Gecko) Chrome/51.0.2704.106 Safari/537.36"
177.38.200.177 - - [04/Jul/2016:14:48:11 -0300] "GET /user/lookup HTTP/1.1" 200 3950 "https://guardioesdasaude.org/game/home" "Mozilla/5.0 (Macintosh; Intel Mac OS X 10_11_5) AppleWebKit/537.36 (KHTML, like Gecko) Chrome/51.0.2704.106 Safari/537.36"
177.41.192.99 - - [04/Jul/2016:14:48:20 -0300] "POST /user/create HTTP/1.1" 200 463 "-" "Dalvik/2.1.0 (Linux; U; Android 5.0.2; SM-A500M Build/LRX22G)"
177.41.192.99 - - [04/Jul/2016:14:48:21 -0300] "POST /user/login HTTP/1.1" 200 69 "-" "Dalvik/2.1.0 (Linux; U; Android 5.0.2; SM-A500M Build/LRX22G)"
177.41.192.99 - - [04/Jul/2016:14:48:33 -0300] "GET /user/household/577a670482a7c8f7221106fd HTTP/1.1" 200 401 "-" "Dalvik/2.1.0 (Linux; U; Android 5.0.2; SM-A500M Build/LRX22G)"
177.41.192.99 - - [04/Jul/2016:14:48:33 -0300] "GET /user/calendar/month?&month=7&year=2016 HTTP/1.1" 200 58 "-" "Dalvik/2.1.0 (Linux; U; Android 5.0.2; SM-A500M Build/LRX22G)"
177.41.192.99 - - [04/Jul/2016:14:48:33 -0300] "GET /user/calendar/year?year=2016 HTTP/1.1" 200 58 "-" "Dalvik/2.1.0 (Linux; U; Android 5.0.2; SM-A500M Build/LRX22G)"
177.41.192.99 - - [04/Jul/2016:14:48:33 -0300] "GET /user/survey/summary HTTP/1.1" 200 66 "-" "Dalvik/2.1.0 (Linux; U; Android 5.0.2; SM-A500M Build/LRX22G)"
54.247.188.179 - - [04/Jul/2016:14:48:39 -0300] "GET / HTTP/1.0" 200 11894 "-" "NewRelicPinger/1.0 (954132)"
177.41.192.99 - - [04/Jul/2016:14:48:41 -0300] "GET /user/calendar/month?&month=8&year=2016 HTTP/1.1" 200 58 "-" "Dalvik/2.1.0 (Linux; U; Android 5.0.2; SM-A500M Build/LRX22G)"
177.41.192.99 - - [04/Jul/2016:14:48:42 -0300] "GET /user/calendar/month?&month=7&year=2016 HTTP/1.1" 200 58 "-" "Dalvik/2.1.0 (Linux; U; Android 5.0.2; SM-A500M Build/LRX22G)"
50.112.95.211 - - [04/Jul/2016:14:49:06 -0300] "GET / HTTP/1.0" 200 11894 "-" "NewRelicPinger/1.0 (954132)"
177.41.192.99 - - [04/Jul/2016:14:49:27 -0300] "GET /user/household/577a670482a7c8f7221106fd HTTP/1.1" 200 401 "-" "Dalvik/2.1.0 (Linux; U; Android 5.0.2; SM-A500M Build/LRX22G)"
177.41.192.99 - - [04/Jul/2016:14:49:27 -0300] "GET /user/survey/summary HTTP/1.1" 200 66 "-" "Dalvik/2.1.0 (Linux; U; Android 5.0.2; SM-A500M Build/LRX22G)"
177.41.192.99 - - [04/Jul/2016:14:49:27 -0300] "GET /user/calendar/month?&month=7&year=2016 HTTP/1.1" 200 58 "-" "Dalvik/2.1.0 (Linux; U; Android 5.0.2; SM-A500M Build/LRX22G)"
177.41.192.99 - - [04/Jul/2016:14:49:27 -0300] "GET /user/calendar/year?year=2016 HTTP/1.1" 200 58 "-" "Dalvik/2.1.0 (Linux; U; Android 5.0.2; SM-A500M Build/LRX22G)"
54.251.34.67 - - [04/Jul/2016:14:49:29 -0300] "GET / HTTP/1.0" 200 11894 "-" "NewRelicPinger/1.0 (954132)"
177.41.192.99 - - [04/Jul/2016:14:49:33 -0300] "GET /household/survey/summary?household_id=577a677982a7c8f7221106fe HTTP/1.1" 200 66 "-" "Dalvik/2.1.0 (Linux; U; Android 5.0.2; SM-A500M Build/LRX22G)"
177.41.192.99 - - [04/Jul/2016:14:49:33 -0300] "GET /household/calendar/month?&month=7&year=2016&household_id=577a677982a7c8f7221106fe HTTP/1.1" 200 58 "-" "Dalvik/2.1.0 (Linux; U; Android 5.0.2; SM-A500M Build/LRX22G)"
177.41.192.99 - - [04/Jul/2016:14:49:33 -0300] "GET /household/calendar/year?year=2016&household_id=577a677982a7c8f7221106fe HTTP/1.1" 200 58 "-" "Dalvik/2.1.0 (Linux; U; Android 5.0.2; SM-A500M Build/LRX22G)"
177.41.192.99 - - [04/Jul/2016:14:49:45 -0300] "GET /user/calendar/year?year=2016 HTTP/1.1" 200 58 "-" "Dalvik/2.1.0 (Linux; U; Android 5.0.2; SM-A500M Build/LRX22G)"
177.41.192.99 - - [04/Jul/2016:14:49:45 -0300] "GET /user/survey/summary HTTP/1.1" 200 66 "-" "Dalvik/2.1.0 (Linux; U; Android 5.0.2; SM-A500M Build/LRX22G)"
177.41.192.99 - - [04/Jul/2016:14:49:45 -0300] "GET /user/calendar/month?&month=7&year=2016 HTTP/1.1" 200 58 "-" "Dalvik/2.1.0 (Linux; U; Android 5.0.2; SM-A500M Build/LRX22G)"
177.41.192.99 - - [04/Jul/2016:14:49:50 -0300] "GET /household/survey/summary?household_id=577a677982a7c8f7221106fe HTTP/1.1" 200 66 "-" "Dalvik/2.1.0 (Linux; U; Android 5.0.2; SM-A500M Build/LRX22G)"
177.41.192.99 - - [04/Jul/2016:14:49:50 -0300] "GET /household/calendar/year?year=2016&household_id=577a677982a7c8f7221106fe HTTP/1.1" 200 58 "-" "Dalvik/2.1.0 (Linux; U; Android 5.0.2; SM-A500M Build/LRX22G)"
177.41.192.99 - - [04/Jul/2016:14:49:50 -0300] "GET /household/calendar/month?&month=7&year=2016&household_id=577a677982a7c8f7221106fe HTTP/1.1" 200 58 "-" "Dalvik/2.1.0 (Linux; U; Android 5.0.2; SM-A500M Build/LRX22G)"
54.248.250.232 - - [04/Jul/2016:14:49:51 -0300] "GET / HTTP/1.0" 200 11894 "-" "NewRelicPinger/1.0 (954132)"
177.41.192.99 - - [04/Jul/2016:14:49:54 -0300] "GET /household/calendar/month?&month=6&year=2016&household_id=577a677982a7c8f7221106fe HTTP/1.1" 200 58 "-" "Dalvik/2.1.0 (Linux; U; Android 5.0.2; SM-A500M Build/LRX22G)"
177.41.192.99 - - [04/Jul/2016:14:50:00 -0300] "GET /user/household/577a670482a7c8f7221106fd HTTP/1.1" 200 401 "-" "Dalvik/2.1.0 (Linux; U; Android 5.0.2; SM-A500M Build/LRX22G)"
177.41.192.99 - - [04/Jul/2016:14:50:12 -0300] "GET /symptoms HTTP/1.1" 200 706 "-" "Dalvik/2.1.0 (Linux; U; Android 5.0.2; SM-A500M Build/LRX22G)"
184.73.237.85 - - [04/Jul/2016:14:50:37 -0300] "GET / HTTP/1.0" 200 11894 "-" "NewRelicPinger/1.0 (954132)"
177.41.192.99 - - [04/Jul/2016:14:50:41 -0300] "POST /survey/create HTTP/1.1" 200 457 "-" "Dalvik/2.1.0 (Linux; U; Android 5.0.2; SM-A500M Build/LRX22G)"
177.38.200.177 - - [04/Jul/2016:14:51:06 -0300] "OPTIONS /search/cities?limit=5 HTTP/1.1" 204 0 "-" "Mozilla/5.0 (Macintosh; Intel Mac OS X 10.11; rv:47.0) Gecko/20100101 Firefox/47.0"
177.38.200.177 - - [04/Jul/2016:14:51:06 -0300] "GET /search/cities?limit=5 HTTP/1.1" 200 165 "https://guardioesdasaude.org/" "Mozilla/5.0 (Macintosh; Intel Mac OS X 10.11; rv:47.0) Gecko/20100101 Firefox/47.0"
54.247.188.179 - - [04/Jul/2016:14:51:08 -0300] "GET / HTTP/1.0" 200 11894 "-" "NewRelicPinger/1.0 (954132)"
50.112.95.211 - - [04/Jul/2016:14:51:36 -0300] "GET / HTTP/1.0" 200 11894 "-" "NewRelicPinger/1.0 (954132)"
187.113.168.198 - - [04/Jul/2016:14:51:46 -0300] "POST /user/create HTTP/1.1" 200 568 "-" "Dalvik/1.6.0 (Linux; U; Android 4.3; GT-I9300 Build/JSS15J)"
187.113.168.198 - - [04/Jul/2016:14:51:51 -0300] "GET /news/get HTTP/1.1" 200 4179 "-" "Dalvik/1.6.0 (Linux; U; Android 4.3; GT-I9300 Build/JSS15J)"
54.251.34.67 - - [04/Jul/2016:14:51:57 -0300] "GET / HTTP/1.0" 200 11894 "-" "NewRelicPinger/1.0 (954132)"
177.41.192.99 - - [04/Jul/2016:14:52:12 -0300] "GET /user/household/577a670482a7c8f7221106fd HTTP/1.1" 200 509 "-" "Dalvik/2.1.0 (Linux; U; Android 5.0.2; SM-A500M Build/LRX22G)"
177.41.192.99 - - [04/Jul/2016:14:52:18 -0300] "GET /user/household/577a670482a7c8f7221106fd HTTP/1.1" 200 509 "-" "Dalvik/2.1.0 (Linux; U; Android 5.0.2; SM-A500M Build/LRX22G)"
54.248.250.232 - - [04/Jul/2016:14:52:21 -0300] "GET / HTTP/1.0" 200 11894 "-" "NewRelicPinger/1.0 (954132)"
177.41.192.99 - - [04/Jul/2016:14:52:25 -0300] "GET /user/household/577a670482a7c8f7221106fd HTTP/1.1" 200 509 "-" "Dalvik/2.1.0 (Linux; U; Android 5.0.2; SM-A500M Build/LRX22G)"
187.113.168.198 - - [04/Jul/2016:14:52:27 -0300] "GET /surveys/summary/?lon=-34.9000614&lat=-8.0407902 HTTP/1.1" 200 230 "-" "Dalvik/1.6.0 (Linux; U; Android 4.3; GT-I9300 Build/JSS15J)"
