177.173.182.71 - - [04/Apr/2016:17:45:57 -0300] "GET /surveys/summary?lat=-28.88760248201795&lon=-50.35519299102049 HTTP/1.1" 200 231 "-" "Guardioes da Saude/1.1.4 (iPhone; iOS 9.3; Scale/2.00)"
177.158.143.52 - - [04/Apr/2016:17:45:59 -0300] "GET /user/household/5702cf26d2abb8432e48e2e8 HTTP/1.1" 200 792 "-" "Dalvik/2.1.0 (Linux; U; Android 5.0.1; LG-H422 Build/LRX21Y)"
177.173.182.71 - - [04/Apr/2016:17:45:59 -0300] "GET /surveys/l?lat=-28.887602&lon=-50.355193 HTTP/1.1" 200 56 "-" "Guardioes da Saude/1.1.4 (iPhone; iOS 9.3; Scale/2.00)"
177.173.182.71 - - [04/Apr/2016:17:46:00 -0300] "GET /surveys/summary?lat=-28.88760248201795&lon=-50.35519299102049 HTTP/1.1" 200 231 "-" "Guardioes da Saude/1.1.4 (iPhone; iOS 9.3; Scale/2.00)"
189.123.58.194 - - [04/Apr/2016:17:46:02 -0300] "GET /user/household/5702d1f61a19da082e9d93da HTTP/1.1" 200 56 "-" "Guardioes da Saude/1.1.4 (iPhone; iOS 9.2; Scale/2.00)"
187.94.48.2 - - [04/Apr/2016:17:46:10 -0300] "OPTIONS /user/create HTTP/1.1" 204 0 "http://guardioesdasaude.org/cadastro/email" "Mozilla/5.0 (Windows NT 6.1; WOW64) AppleWebKit/537.36 (KHTML, like Gecko) Chrome/49.0.2623.110 Safari/537.36"
187.94.48.2 - - [04/Apr/2016:17:46:10 -0300] "POST /user/create HTTP/1.1" 200 529 "http://guardioesdasaude.org/cadastro/email" "Mozilla/5.0 (Windows NT 6.1; WOW64) AppleWebKit/537.36 (KHTML, like Gecko) Chrome/49.0.2623.110 Safari/537.36"
187.94.48.2 - - [04/Apr/2016:17:46:11 -0300] "GET /search/cities?limit=5 HTTP/1.1" 200 164 "http://guardioesdasaude.org/health-daily" "Mozilla/5.0 (Windows NT 6.1; WOW64) AppleWebKit/537.36 (KHTML, like Gecko) Chrome/49.0.2623.110 Safari/537.36"
187.94.48.2 - - [04/Apr/2016:17:46:11 -0300] "OPTIONS /user/survey/summary HTTP/1.1" 204 0 "http://guardioesdasaude.org/health-daily" "Mozilla/5.0 (Windows NT 6.1; WOW64) AppleWebKit/537.36 (KHTML, like Gecko) Chrome/49.0.2623.110 Safari/537.36"
187.94.48.2 - - [04/Apr/2016:17:46:11 -0300] "OPTIONS /user/calendar/month?month=4&year=2016 HTTP/1.1" 204 0 "http://guardioesdasaude.org/health-daily" "Mozilla/5.0 (Windows NT 6.1; WOW64) AppleWebKit/537.36 (KHTML, like Gecko) Chrome/49.0.2623.110 Safari/537.36"
187.94.48.2 - - [04/Apr/2016:17:46:11 -0300] "OPTIONS /user/calendar/year?year=2016 HTTP/1.1" 204 0 "http://guardioesdasaude.org/health-daily" "Mozilla/5.0 (Windows NT 6.1; WOW64) AppleWebKit/537.36 (KHTML, like Gecko) Chrome/49.0.2623.110 Safari/537.36"
187.94.48.2 - - [04/Apr/2016:17:46:11 -0300] "OPTIONS /user/calendar/month?month=4&year=2016 HTTP/1.1" 204 0 "http://guardioesdasaude.org/health-daily" "Mozilla/5.0 (Windows NT 6.1; WOW64) AppleWebKit/537.36 (KHTML, like Gecko) Chrome/49.0.2623.110 Safari/537.36"
187.94.48.2 - - [04/Apr/2016:17:46:11 -0300] "GET /search/cities?limit=5 HTTP/1.1" 200 164 "http://guardioesdasaude.org/health-daily" "Mozilla/5.0 (Windows NT 6.1; WOW64) AppleWebKit/537.36 (KHTML, like Gecko) Chrome/49.0.2623.110 Safari/537.36"
187.94.48.2 - - [04/Apr/2016:17:46:11 -0300] "GET /user/survey/summary HTTP/1.1" 200 66 "http://guardioesdasaude.org/health-daily" "Mozilla/5.0 (Windows NT 6.1; WOW64) AppleWebKit/537.36 (KHTML, like Gecko) Chrome/49.0.2623.110 Safari/537.36"
187.94.48.2 - - [04/Apr/2016:17:46:11 -0300] "GET /search/cities?limit=5 HTTP/1.1" 200 164 "http://guardioesdasaude.org/health-daily" "Mozilla/5.0 (Windows NT 6.1; WOW64) AppleWebKit/537.36 (KHTML, like Gecko) Chrome/49.0.2623.110 Safari/537.36"
187.94.48.2 - - [04/Apr/2016:17:46:11 -0300] "OPTIONS /user/chart/month?month=4&year=2016 HTTP/1.1" 204 0 "http://guardioesdasaude.org/health-daily" "Mozilla/5.0 (Windows NT 6.1; WOW64) AppleWebKit/537.36 (KHTML, like Gecko) Chrome/49.0.2623.110 Safari/537.36"
187.94.48.2 - - [04/Apr/2016:17:46:11 -0300] "GET /user/calendar/year?year=2016 HTTP/1.1" 200 58 "http://guardioesdasaude.org/health-daily" "Mozilla/5.0 (Windows NT 6.1; WOW64) AppleWebKit/537.36 (KHTML, like Gecko) Chrome/49.0.2623.110 Safari/537.36"
187.94.48.2 - - [04/Apr/2016:17:46:11 -0300] "GET /user/calendar/month?month=4&year=2016 HTTP/1.1" 200 58 "http://guardioesdasaude.org/health-daily" "Mozilla/5.0 (Windows NT 6.1; WOW64) AppleWebKit/537.36 (KHTML, like Gecko) Chrome/49.0.2623.110 Safari/537.36"
187.94.48.2 - - [04/Apr/2016:17:46:11 -0300] "GET /user/calendar/month?month=4&year=2016 HTTP/1.1" 200 58 "http://guardioesdasaude.org/health-daily" "Mozilla/5.0 (Windows NT 6.1; WOW64) AppleWebKit/537.36 (KHTML, like Gecko) Chrome/49.0.2623.110 Safari/537.36"
187.94.48.2 - - [04/Apr/2016:17:46:12 -0300] "GET /user/chart/month?month=4&year=2016 HTTP/1.1" 200 58 "http://guardioesdasaude.org/health-daily" "Mozilla/5.0 (Windows NT 6.1; WOW64) AppleWebKit/537.36 (KHTML, like Gecko) Chrome/49.0.2623.110 Safari/537.36"
177.173.182.71 - - [04/Apr/2016:17:46:18 -0300] "GET /user/household/5702d27bd2abb8432e48e2ec HTTP/1.1" 200 56 "-" "Guardioes da Saude/1.1.4 (iPhone; iOS 9.3; Scale/2.00)"
177.158.143.52 - - [04/Apr/2016:17:46:19 -0300] "GET /user/household/5702cf26d2abb8432e48e2e8 HTTP/1.1" 200 792 "-" "Dalvik/2.1.0 (Linux; U; Android 5.0.1; LG-H422 Build/LRX21Y)"
201.75.51.103 - - [04/Apr/2016:17:46:21 -0300] "GET /user/get?fb=1011879402233947 HTTP/1.1" 200 56 "-" "Guardioes da Saude/1.1.4 (iPhone; iOS 9.3.1; Scale/2.00)"
177.158.143.52 - - [04/Apr/2016:17:46:26 -0300] "GET /symptoms HTTP/1.1" 200 706 "-" "Dalvik/2.1.0 (Linux; U; Android 5.0.1; LG-H422 Build/LRX21Y)"
177.173.182.71 - - [04/Apr/2016:17:46:28 -0300] "GET /user/household/5702d27bd2abb8432e48e2ec HTTP/1.1" 200 56 "-" "Guardioes da Saude/1.1.4 (iPhone; iOS 9.3; Scale/2.00)"
187.94.48.2 - - [04/Apr/2016:17:46:37 -0300] "OPTIONS /survey/create HTTP/1.1" 204 0 "http://guardioesdasaude.org/survey/5702d29253072afe553aafb7/step-1" "Mozilla/5.0 (Windows NT 6.1; WOW64) AppleWebKit/537.36 (KHTML, like Gecko) Chrome/49.0.2623.110 Safari/537.36"
187.94.48.2 - - [04/Apr/2016:17:46:38 -0300] "POST /survey/create HTTP/1.1" 200 412 "http://guardioesdasaude.org/survey/5702d29253072afe553aafb7/step-1" "Mozilla/5.0 (Windows NT 6.1; WOW64) AppleWebKit/537.36 (KHTML, like Gecko) Chrome/49.0.2623.110 Safari/537.36"
187.94.48.2 - - [04/Apr/2016:17:46:38 -0300] "OPTIONS /user/get/5702d29253072afe553aafb7 HTTP/1.1" 204 0 "http://guardioesdasaude.org/survey/5702d29253072afe553aafb7/step-1" "Mozilla/5.0 (Windows NT 6.1; WOW64) AppleWebKit/537.36 (KHTML, like Gecko) Chrome/49.0.2623.110 Safari/537.36"
187.94.48.2 - - [04/Apr/2016:17:46:38 -0300] "GET /user/get/5702d29253072afe553aafb7 HTTP/1.1" 200 646 "http://guardioesdasaude.org/survey/5702d29253072afe553aafb7/step-1" "Mozilla/5.0 (Windows NT 6.1; WOW64) AppleWebKit/537.36 (KHTML, like Gecko) Chrome/49.0.2623.110 Safari/537.36"
187.94.48.2 - - [04/Apr/2016:17:46:43 -0300] "GET /user/calendar/year?year=2016 HTTP/1.1" 200 109 "http://guardioesdasaude.org/health-daily" "Mozilla/5.0 (Windows NT 6.1; WOW64) AppleWebKit/537.36 (KHTML, like Gecko) Chrome/49.0.2623.110 Safari/537.36"
187.94.48.2 - - [04/Apr/2016:17:46:43 -0300] "GET /user/survey/summary HTTP/1.1" 200 69 "http://guardioesdasaude.org/health-daily" "Mozilla/5.0 (Windows NT 6.1; WOW64) AppleWebKit/537.36 (KHTML, like Gecko) Chrome/49.0.2623.110 Safari/537.36"
187.94.48.2 - - [04/Apr/2016:17:46:43 -0300] "GET /user/calendar/month?month=4&year=2016 HTTP/1.1" 200 114 "http://guardioesdasaude.org/health-daily" "Mozilla/5.0 (Windows NT 6.1; WOW64) AppleWebKit/537.36 (KHTML, like Gecko) Chrome/49.0.2623.110 Safari/537.36"
187.94.48.2 - - [04/Apr/2016:17:46:43 -0300] "GET /search/cities?limit=5 HTTP/1.1" 200 164 "http://guardioesdasaude.org/health-daily" "Mozilla/5.0 (Windows NT 6.1; WOW64) AppleWebKit/537.36 (KHTML, like Gecko) Chrome/49.0.2623.110 Safari/537.36"
187.94.48.2 - - [04/Apr/2016:17:46:43 -0300] "GET /user/calendar/month?month=4&year=2016 HTTP/1.1" 200 114 "http://guardioesdasaude.org/health-daily" "Mozilla/5.0 (Windows NT 6.1; WOW64) AppleWebKit/537.36 (KHTML, like Gecko) Chrome/49.0.2623.110 Safari/537.36"
187.94.48.2 - - [04/Apr/2016:17:46:43 -0300] "GET /user/chart/month?month=4&year=2016 HTTP/1.1" 200 101 "http://guardioesdasaude.org/health-daily" "Mozilla/5.0 (Windows NT 6.1; WOW64) AppleWebKit/537.36 (KHTML, like Gecko) Chrome/49.0.2623.110 Safari/537.36"
187.94.48.2 - - [04/Apr/2016:17:46:43 -0300] "GET /user/chart/month?month=4&year=2016 HTTP/1.1" 200 101 "http://guardioesdasaude.org/health-daily" "Mozilla/5.0 (Windows NT 6.1; WOW64) AppleWebKit/537.36 (KHTML, like Gecko) Chrome/49.0.2623.110 Safari/537.36"
177.158.143.52 - - [04/Apr/2016:17:46:50 -0300] "POST /survey/create HTTP/1.1" 200 601 "-" "Dalvik/2.1.0 (Linux; U; Android 5.0.1; LG-H422 Build/LRX21Y)"
177.173.182.71 - - [04/Apr/2016:17:46:50 -0300] "POST /survey/create HTTP/1.1" 200 534 "-" "Guardioes da Saude/1.1.4 (iPhone; iOS 9.3; Scale/2.00)"
187.94.48.2 - - [04/Apr/2016:17:46:56 -0300] "OPTIONS /surveys/l?q=Companhia%20do%20Metropolitano%20de%20S%C3%A3o%20Paulo%20Metro%20-%20Rua%20Jz%20Ensor,%20366%20-%20S%C3%A9,%20S%C3%A3o%20Paulo%20-%20SP,%20Brasil HTTP/1.1" 204 0 "http://guardioesdasaude.org/health-map" "Mozilla/5.0 (Windows NT 6.1; WOW64) AppleWebKit/537.36 (KHTML, like Gecko) Chrome/49.0.2623.110 Safari/537.36"
187.94.48.2 - - [04/Apr/2016:17:46:57 -0300] "GET /surveys/l?q=Companhia%20do%20Metropolitano%20de%20S%C3%A3o%20Paulo%20Metro%20-%20Rua%20Jz%20Ensor,%20366%20-%20S%C3%A9,%20S%C3%A3o%20Paulo%20-%20SP,%20Brasil HTTP/1.1" 200 595 "http://guardioesdasaude.org/health-map" "Mozilla/5.0 (Windows NT 6.1; WOW64) AppleWebKit/537.36 (KHTML, like Gecko) Chrome/49.0.2623.110 Safari/537.36"
187.94.48.2 - - [04/Apr/2016:17:46:57 -0300] "OPTIONS /surveys/summary?lat=-23.550485991781393&lon=-46.63330939999997 HTTP/1.1" 204 0 "http://guardioesdasaude.org/health-map" "Mozilla/5.0 (Windows NT 6.1; WOW64) AppleWebKit/537.36 (KHTML, like Gecko) Chrome/49.0.2623.110 Safari/537.36"
187.94.48.2 - - [04/Apr/2016:17:46:57 -0300] "OPTIONS /surveys/l?lat=-23.550485991781393&lon=-46.63330939999997 HTTP/1.1" 204 0 "http://guardioesdasaude.org/health-map" "Mozilla/5.0 (Windows NT 6.1; WOW64) AppleWebKit/537.36 (KHTML, like Gecko) Chrome/49.0.2623.110 Safari/537.36"
187.94.48.2 - - [04/Apr/2016:17:46:57 -0300] "GET /surveys/l?lat=-23.550485991781393&lon=-46.63330939999997 HTTP/1.1" 200 540 "http://guardioesdasaude.org/health-map" "Mozilla/5.0 (Windows NT 6.1; WOW64) AppleWebKit/537.36 (KHTML, like Gecko) Chrome/49.0.2623.110 Safari/537.36"
177.173.182.71 - - [04/Apr/2016:17:46:57 -0300] "GET /user/household/5702d27bd2abb8432e48e2ec HTTP/1.1" 200 56 "-" "Guardioes da Saude/1.1.4 (iPhone; iOS 9.3; Scale/2.00)"
187.94.48.2 - - [04/Apr/2016:17:46:57 -0300] "GET /surveys/l?q=Companhia%20do%20Metropolitano%20de%20S%C3%A3o%20Paulo%20Metro%20-%20Rua%20Jz%20Ensor,%20366%20-%20S%C3%A9,%20S%C3%A3o%20Paulo%20-%20SP,%20Brasil HTTP/1.1" 304 0 "http://guardioesdasaude.org/health-map" "Mozilla/5.0 (Windows NT 6.1; WOW64) AppleWebKit/537.36 (KHTML, like Gecko) Chrome/49.0.2623.110 Safari/537.36"
187.94.48.2 - - [04/Apr/2016:17:46:57 -0300] "GET /surveys/summary?lat=-23.550485991781393&lon=-46.63330939999997 HTTP/1.1" 200 230 "http://guardioesdasaude.org/health-map" "Mozilla/5.0 (Windows NT 6.1; WOW64) AppleWebKit/537.36 (KHTML, like Gecko) Chrome/49.0.2623.110 Safari/537.36"
177.173.182.71 - - [04/Apr/2016:17:46:58 -0300] "GET /user/household/5702d27bd2abb8432e48e2ec HTTP/1.1" 200 56 "-" "Guardioes da Saude/1.1.4 (iPhone; iOS 9.3; Scale/2.00)"
177.173.182.71 - - [04/Apr/2016:17:46:59 -0300] "GET /user/calendar/month?&month=4&year=2016 HTTP/1.1" 200 114 "-" "Guardioes da Saude/1.1.4 (iPhone; iOS 9.3; Scale/2.00)"
177.173.182.71 - - [04/Apr/2016:17:46:59 -0300] "GET /user/survey/summary HTTP/1.1" 200 69 "-" "Guardioes da Saude/1.1.4 (iPhone; iOS 9.3; Scale/2.00)"
177.173.182.71 - - [04/Apr/2016:17:46:59 -0300] "GET /user/calendar/year?&year=2016 HTTP/1.1" 200 109 "-" "Guardioes da Saude/1.1.4 (iPhone; iOS 9.3; Scale/2.00)"
201.75.51.103 - - [04/Apr/2016:17:47:00 -0300] "POST /user/create HTTP/1.1" 200 437 "-" "Guardioes da Saude/1.1.4 (iPhone; iOS 9.3.1; Scale/2.00)"
177.158.143.52 - - [04/Apr/2016:17:47:10 -0300] "GET /user/household/5702cf26d2abb8432e48e2e8 HTTP/1.1" 200 1083 "-" "Dalvik/2.1.0 (Linux; U; Android 5.0.1; LG-H422 Build/LRX21Y)"
187.94.48.2 - - [04/Apr/2016:17:47:11 -0300] "OPTIONS /surveys/l?q=S%C3%A3o%20Paulo,%20S%C3%A3o%20Paulo%20-%20SP,%20Brasil HTTP/1.1" 204 0 "http://guardioesdasaude.org/health-map" "Mozilla/5.0 (Windows NT 6.1; WOW64) AppleWebKit/537.36 (KHTML, like Gecko) Chrome/49.0.2623.110 Safari/537.36"
187.94.48.2 - - [04/Apr/2016:17:47:11 -0300] "OPTIONS /surveys/summary?lat=-23.5505199&lon=-46.63330939999997 HTTP/1.1" 204 0 "http://guardioesdasaude.org/health-map" "Mozilla/5.0 (Windows NT 6.1; WOW64) AppleWebKit/537.36 (KHTML, like Gecko) Chrome/49.0.2623.110 Safari/537.36"
187.94.48.2 - - [04/Apr/2016:17:47:11 -0300] "GET /surveys/l?q=S%C3%A3o%20Paulo,%20S%C3%A3o%20Paulo%20-%20SP,%20Brasil HTTP/1.1" 200 550 "http://guardioesdasaude.org/health-map" "Mozilla/5.0 (Windows NT 6.1; WOW64) AppleWebKit/537.36 (KHTML, like Gecko) Chrome/49.0.2623.110 Safari/537.36"
187.94.48.2 - - [04/Apr/2016:17:47:11 -0300] "GET /surveys/summary?lat=-23.5505199&lon=-46.63330939999997 HTTP/1.1" 200 230 "http://guardioesdasaude.org/health-map" "Mozilla/5.0 (Windows NT 6.1; WOW64) AppleWebKit/537.36 (KHTML, like Gecko) Chrome/49.0.2623.110 Safari/537.36"
177.158.143.52 - - [04/Apr/2016:17:47:14 -0300] "GET /user/household/5702cf26d2abb8432e48e2e8 HTTP/1.1" 200 1083 "-" "Dalvik/2.1.0 (Linux; U; Android 5.0.1; LG-H422 Build/LRX21Y)"
187.94.48.2 - - [04/Apr/2016:17:47:17 -0300] "GET /surveys/l?q=S%C3%A3o%20Paulo,%20S%C3%A3o%20Paulo%20-%20SP,%20Brasil HTTP/1.1" 304 0 "http://guardioesdasaude.org/health-map" "Mozilla/5.0 (Windows NT 6.1; WOW64) AppleWebKit/537.36 (KHTML, like Gecko) Chrome/49.0.2623.110 Safari/537.36"
187.94.48.2 - - [04/Apr/2016:17:47:17 -0300] "GET /surveys/summary?lat=-23.5505199&lon=-46.63330939999997 HTTP/1.1" 200 230 "http://guardioesdasaude.org/health-map" "Mozilla/5.0 (Windows NT 6.1; WOW64) AppleWebKit/537.36 (KHTML, like Gecko) Chrome/49.0.2623.110 Safari/537.36"
187.94.48.2 - - [04/Apr/2016:17:47:26 -0300] "GET /surveys/l?q=S%C3%A3o%20Paulo,%20S%C3%A3o%20Paulo%20-%20SP,%20Brasil HTTP/1.1" 304 0 "http://guardioesdasaude.org/health-map" "Mozilla/5.0 (Windows NT 6.1; WOW64) AppleWebKit/537.36 (KHTML, like Gecko) Chrome/49.0.2623.110 Safari/537.36"
187.94.48.2 - - [04/Apr/2016:17:47:26 -0300] "GET /surveys/summary?lat=-23.5505199&lon=-46.63330939999997 HTTP/1.1" 200 230 "http://guardioesdasaude.org/health-map" "Mozilla/5.0 (Windows NT 6.1; WOW64) AppleWebKit/537.36 (KHTML, like Gecko) Chrome/49.0.2623.110 Safari/537.36"
177.173.182.71 - - [04/Apr/2016:17:47:37 -0300] "GET /user/household/5702d27bd2abb8432e48e2ec HTTP/1.1" 200 56 "-" "Guardioes da Saude/1.1.4 (iPhone; iOS 9.3; Scale/2.00)"
201.75.51.103 - - [04/Apr/2016:17:47:45 -0300] "GET /user/household/5702d2c4d2abb8432e48e2ef HTTP/1.1" 200 56 "-" "Guardioes da Saude/1.1.4 (iPhone; iOS 9.3.1; Scale/2.00)"
201.75.51.103 - - [04/Apr/2016:17:47:56 -0300] "GET /user/household/5702d2c4d2abb8432e48e2ef HTTP/1.1" 200 56 "-" "Guardioes da Saude/1.1.4 (iPhone; iOS 9.3.1; Scale/2.00)"
201.75.51.103 - - [04/Apr/2016:17:47:58 -0300] "GET /user/household/5702d2c4d2abb8432e48e2ef HTTP/1.1" 200 56 "-" "Guardioes da Saude/1.1.4 (iPhone; iOS 9.3.1; Scale/2.00)"
177.173.182.71 - - [04/Apr/2016:17:48:15 -0300] "POST /user/update HTTP/1.1" 200 86 "-" "Guardioes da Saude/1.1.4 (iPhone; iOS 9.3; Scale/2.00)"
177.173.182.71 - - [04/Apr/2016:17:48:17 -0300] "GET /user/household/5702d27bd2abb8432e48e2ec HTTP/1.1" 200 56 "-" "Guardioes da Saude/1.1.4 (iPhone; iOS 9.3; Scale/2.00)"
201.75.51.103 - - [04/Apr/2016:17:48:26 -0300] "GET /user/household/5702d2c4d2abb8432e48e2ef HTTP/1.1" 200 56 "-" "Guardioes da Saude/1.1.4 (iPhone; iOS 9.3.1; Scale/2.00)"
201.75.51.103 - - [04/Apr/2016:17:48:44 -0300] "POST /user/update HTTP/1.1" 200 86 "-" "Guardioes da Saude/1.1.4 (iPhone; iOS 9.3.1; Scale/2.00)"
201.75.51.103 - - [04/Apr/2016:17:48:46 -0300] "GET /user/household/5702d2c4d2abb8432e48e2ef HTTP/1.1" 200 56 "-" "Guardioes da Saude/1.1.4 (iPhone; iOS 9.3.1; Scale/2.00)"
201.75.51.103 - - [04/Apr/2016:17:48:51 -0300] "GET /surveys/l?lat=0.000000&lon=0.000000 HTTP/1.1" 200 14121 "-" "Guardioes da Saude/1.1.4 (iPhone; iOS 9.3.1; Scale/2.00)"
201.75.51.103 - - [04/Apr/2016:17:48:51 -0300] "GET /surveys/summary?lat=0&lon=0 HTTP/1.1" 200 141 "-" "Guardioes da Saude/1.1.4 (iPhone; iOS 9.3.1; Scale/2.00)"
201.75.51.103 - - [04/Apr/2016:17:49:13 -0300] "GET /user/household/5702d2c4d2abb8432e48e2ef HTTP/1.1" 200 56 "-" "Guardioes da Saude/1.1.4 (iPhone; iOS 9.3.1; Scale/2.00)"
201.75.51.103 - - [04/Apr/2016:17:49:24 -0300] "GET /user/household/5702d2c4d2abb8432e48e2ef HTTP/1.1" 200 56 "-" "Guardioes da Saude/1.1.4 (iPhone; iOS 9.3.1; Scale/2.00)"
201.75.51.103 - - [04/Apr/2016:17:49:48 -0300] "GET /user/household/5702d2c4d2abb8432e48e2ef HTTP/1.1" 200 56 "-" "Guardioes da Saude/1.1.4 (iPhone; iOS 9.3.1; Scale/2.00)"
201.75.51.103 - - [04/Apr/2016:17:49:50 -0300] "GET /user/household/5702d2c4d2abb8432e48e2ef HTTP/1.1" 200 56 "-" "Guardioes da Saude/1.1.4 (iPhone; iOS 9.3.1; Scale/2.00)"
201.75.51.103 - - [04/Apr/2016:17:50:05 -0300] "GET /surveys/l?lat=0.000000&lon=0.000000 HTTP/1.1" 304 0 "-" "Guardioes da Saude/1.1.4 (iPhone; iOS 9.3.1; Scale/2.00)"
201.75.51.103 - - [04/Apr/2016:17:50:05 -0300] "GET /surveys/summary?lat=0&lon=0 HTTP/1.1" 200 141 "-" "Guardioes da Saude/1.1.4 (iPhone; iOS 9.3.1; Scale/2.00)"
201.75.51.103 - - [04/Apr/2016:17:50:17 -0300] "GET /user/household/5702d2c4d2abb8432e48e2ef HTTP/1.1" 200 56 "-" "Guardioes da Saude/1.1.4 (iPhone; iOS 9.3.1; Scale/2.00)"
201.75.51.103 - - [04/Apr/2016:17:51:13 -0300] "POST /household/create HTTP/1.1" 200 82 "-" "Guardioes da Saude/1.1.4 (iPhone; iOS 9.3.1; Scale/2.00)"
201.75.51.103 - - [04/Apr/2016:17:51:21 -0300] "GET /user/household/5702d2c4d2abb8432e48e2ef HTTP/1.1" 200 56 "-" "Guardioes da Saude/1.1.4 (iPhone; iOS 9.3.1; Scale/2.00)"
201.75.51.103 - - [04/Apr/2016:17:51:33 -0300] "GET /user/household/5702d2c4d2abb8432e48e2ef HTTP/1.1" 200 56 "-" "Guardioes da Saude/1.1.4 (iPhone; iOS 9.3.1; Scale/2.00)"
201.75.51.103 - - [04/Apr/2016:17:51:37 -0300] "GET /news/get HTTP/1.1" 200 3904 "-" "Guardioes da Saude/1.1.4 (iPhone; iOS 9.3.1; Scale/2.00)"
201.75.51.103 - - [04/Apr/2016:17:52:29 -0300] "GET /surveys/l?lat=0.000000&lon=0.000000 HTTP/1.1" 304 0 "-" "Guardioes da Saude/1.1.4 (iPhone; iOS 9.3.1; Scale/2.00)"
201.75.51.103 - - [04/Apr/2016:17:52:29 -0300] "GET /surveys/summary?lat=0&lon=0 HTTP/1.1" 200 141 "-" "Guardioes da Saude/1.1.4 (iPhone; iOS 9.3.1; Scale/2.00)"
201.75.51.103 - - [04/Apr/2016:17:52:31 -0300] "GET /user/household/5702d2c4d2abb8432e48e2ef HTTP/1.1" 200 56 "-" "Guardioes da Saude/1.1.4 (iPhone; iOS 9.3.1; Scale/2.00)"
201.75.51.103 - - [04/Apr/2016:17:52:50 -0300] "GET /user/household/5702d2c4d2abb8432e48e2ef HTTP/1.1" 200 56 "-" "Guardioes da Saude/1.1.4 (iPhone; iOS 9.3.1; Scale/2.00)"
201.75.51.103 - - [04/Apr/2016:17:52:50 -0300] "GET /user/survey/summary HTTP/1.1" 200 66 "-" "Guardioes da Saude/1.1.4 (iPhone; iOS 9.3.1; Scale/2.00)"
201.75.51.103 - - [04/Apr/2016:17:52:51 -0300] "GET /user/calendar/month?&month=4&year=2016 HTTP/1.1" 200 58 "-" "Guardioes da Saude/1.1.4 (iPhone; iOS 9.3.1; Scale/2.00)"
201.75.51.103 - - [04/Apr/2016:17:52:51 -0300] "GET /user/calendar/year?&year=2016 HTTP/1.1" 200 58 "-" "Guardioes da Saude/1.1.4 (iPhone; iOS 9.3.1; Scale/2.00)"
201.75.51.103 - - [04/Apr/2016:17:52:59 -0300] "GET /content/upas.json HTTP/1.1" 200 22982 "-" "Guardioes da Saude/1.1.4 (iPhone; iOS 9.3.1; Scale/2.00)"
201.75.51.103 - - [04/Apr/2016:17:53:11 -0300] "GET /user/household/5702d2c4d2abb8432e48e2ef HTTP/1.1" 200 56 "-" "Guardioes da Saude/1.1.4 (iPhone; iOS 9.3.1; Scale/2.00)"
201.75.51.103 - - [04/Apr/2016:17:53:35 -0300] "GET /user/household/5702d2c4d2abb8432e48e2ef HTTP/1.1" 200 56 "-" "Guardioes da Saude/1.1.4 (iPhone; iOS 9.3.1; Scale/2.00)"
201.75.51.103 - - [04/Apr/2016:17:54:11 -0300] "GET /user/household/5702d2c4d2abb8432e48e2ef HTTP/1.1" 200 56 "-" "Guardioes da Saude/1.1.4 (iPhone; iOS 9.3.1; Scale/2.00)"
191.178.190.21 - - [04/Apr/2016:17:54:20 -0300] "GET /user/get?fb=null HTTP/1.1" 200 56 "-" "Dalvik/2.1.0 (Linux; U; Android 5.1.1; SM-J500M Build/LMY48B)"
191.178.190.21 - - [04/Apr/2016:17:54:21 -0300] "GET /user/get?fb=957857857633797 HTTP/1.1" 200 56 "-" "Dalvik/2.1.0 (Linux; U; Android 5.1.1; SM-J500M Build/LMY48B)"
191.178.190.21 - - [04/Apr/2016:17:54:56 -0300] "POST /user/create HTTP/1.1" 200 586 "-" "Dalvik/2.1.0 (Linux; U; Android 5.1.1; SM-J500M Build/LMY48B)"
191.178.190.21 - - [04/Apr/2016:17:54:56 -0300] "POST /user/login HTTP/1.1" 200 751 "-" "Dalvik/2.1.0 (Linux; U; Android 5.1.1; SM-J500M Build/LMY48B)"
191.178.190.21 - - [04/Apr/2016:17:55:09 -0300] "GET /user/household/5702d4a0aa0bef232ebe1ae8 HTTP/1.1" 200 56 "-" "Dalvik/2.1.0 (Linux; U; Android 5.1.1; SM-J500M Build/LMY48B)"
179.187.0.132 - - [04/Apr/2016:18:15:19 -0300] "OPTIONS /search/cities?limit=5 HTTP/1.1" 204 0 "http://guardioesdasaude.org/" "Mozilla/5.0 (Windows NT 6.1) AppleWebKit/537.36 (KHTML, like Gecko) Chrome/49.0.2623.110 Safari/537.36"
179.187.0.132 - - [04/Apr/2016:18:15:19 -0300] "GET /search/cities?limit=5 HTTP/1.1" 200 163 "http://guardioesdasaude.org/" "Mozilla/5.0 (Windows NT 6.1) AppleWebKit/537.36 (KHTML, like Gecko) Chrome/49.0.2623.110 Safari/537.36"
66.249.79.231 - - [04/Apr/2016:18:16:50 -0300] "GET /robots.txt HTTP/1.1" 200 220 "-" "Mozilla/5.0 (compatible; Googlebot/2.1; +http://www.google.com/bot.html)"
189.6.17.185 - - [04/Apr/2016:18:19:07 -0300] "OPTIONS /search/cities?limit=5 HTTP/1.1" 204 0 "http://guardioesdasaude.org/" "Mozilla/5.0 (Macintosh; Intel Mac OS X 10_11_4) AppleWebKit/537.36 (KHTML, like Gecko) Chrome/49.0.2623.110 Safari/537.36"
189.6.17.185 - - [04/Apr/2016:18:19:07 -0300] "GET /search/cities?limit=5 HTTP/1.1" 200 163 "http://guardioesdasaude.org/" "Mozilla/5.0 (Macintosh; Intel Mac OS X 10_11_4) AppleWebKit/537.36 (KHTML, like Gecko) Chrome/49.0.2623.110 Safari/537.36"
189.33.42.11 - - [04/Apr/2016:18:19:21 -0300] "OPTIONS /search/cities?limit=5 HTTP/1.1" 204 0 "http://guardioesdasaude.org/" "Mozilla/5.0 (Linux; Android 5.1.1; SM-G925I Build/LMY47X; wv) AppleWebKit/537.36 (KHTML, like Gecko) Version/4.0 Chrome/49.0.2623.105 Mobile Safari/537.36 [FB_IAB/FB4A;FBAV/70.0.0.22.83;]"
189.33.42.11 - - [04/Apr/2016:18:19:21 -0300] "GET /search/cities?limit=5 HTTP/1.1" 200 163 "http://guardioesdasaude.org/" "Mozilla/5.0 (Linux; Android 5.1.1; SM-G925I Build/LMY47X; wv) AppleWebKit/537.36 (KHTML, like Gecko) Version/4.0 Chrome/49.0.2623.105 Mobile Safari/537.36 [FB_IAB/FB4A;FBAV/70.0.0.22.83;]"
179.182.216.35 - - [04/Apr/2016:18:20:22 -0300] "OPTIONS /user/create HTTP/1.1" 204 0 "http://guardioesdasaude.org/cadastro/email" "Mozilla/5.0 (Windows NT 6.1) AppleWebKit/537.36 (KHTML, like Gecko) Chrome/49.0.2623.110 Safari/537.36"
179.182.216.35 - - [04/Apr/2016:18:20:22 -0300] "POST /user/create HTTP/1.1" 200 531 "http://guardioesdasaude.org/cadastro/email" "Mozilla/5.0 (Windows NT 6.1) AppleWebKit/537.36 (KHTML, like Gecko) Chrome/49.0.2623.110 Safari/537.36"
179.182.216.35 - - [04/Apr/2016:18:20:23 -0300] "GET /search/cities?limit=5 HTTP/1.1" 200 163 "http://guardioesdasaude.org/health-daily" "Mozilla/5.0 (Windows NT 6.1) AppleWebKit/537.36 (KHTML, like Gecko) Chrome/49.0.2623.110 Safari/537.36"
179.182.216.35 - - [04/Apr/2016:18:20:23 -0300] "OPTIONS /user/survey/summary HTTP/1.1" 204 0 "http://guardioesdasaude.org/health-daily" "Mozilla/5.0 (Windows NT 6.1) AppleWebKit/537.36 (KHTML, like Gecko) Chrome/49.0.2623.110 Safari/537.36"
179.182.216.35 - - [04/Apr/2016:18:20:23 -0300] "OPTIONS /user/calendar/year?year=2016 HTTP/1.1" 204 0 "http://guardioesdasaude.org/health-daily" "Mozilla/5.0 (Windows NT 6.1) AppleWebKit/537.36 (KHTML, like Gecko) Chrome/49.0.2623.110 Safari/537.36"
177.158.141.32 - - [04/Apr/2016:18:20:24 -0300] "GET /search/cities?limit=5 HTTP/1.1" 200 163 "http://guardioesdasaude.org/health-daily" "Mozilla/5.0 (Windows NT 6.1) AppleWebKit/537.36 (KHTML, like Gecko) Chrome/49.0.2623.110 Safari/537.36"
179.187.0.132 - - [04/Apr/2016:18:20:24 -0300] "OPTIONS /user/calendar/month?month=4&year=2016 HTTP/1.1" 204 0 "http://guardioesdasaude.org/health-daily" "Mozilla/5.0 (Windows NT 6.1) AppleWebKit/537.36 (KHTML, like Gecko) Chrome/49.0.2623.110 Safari/537.36"
179.97.44.83 - - [04/Apr/2016:18:20:24 -0300] "OPTIONS /user/calendar/month?month=4&year=2016 HTTP/1.1" 204 0 "http://guardioesdasaude.org/health-daily" "Mozilla/5.0 (Windows NT 6.1) AppleWebKit/537.36 (KHTML, like Gecko) Chrome/49.0.2623.110 Safari/537.36"
177.158.141.32 - - [04/Apr/2016:18:20:24 -0300] "GET /search/cities?limit=5 HTTP/1.1" 200 163 "http://guardioesdasaude.org/health-daily" "Mozilla/5.0 (Windows NT 6.1) AppleWebKit/537.36 (KHTML, like Gecko) Chrome/49.0.2623.110 Safari/537.36"
179.97.44.83 - - [04/Apr/2016:18:20:24 -0300] "GET /user/survey/summary HTTP/1.1" 200 66 "http://guardioesdasaude.org/health-daily" "Mozilla/5.0 (Windows NT 6.1) AppleWebKit/537.36 (KHTML, like Gecko) Chrome/49.0.2623.110 Safari/537.36"
179.182.216.35 - - [04/Apr/2016:18:20:24 -0300] "GET /user/calendar/month?month=4&year=2016 HTTP/1.1" 200 58 "http://guardioesdasaude.org/health-daily" "Mozilla/5.0 (Windows NT 6.1) AppleWebKit/537.36 (KHTML, like Gecko) Chrome/49.0.2623.110 Safari/537.36"
179.187.0.132 - - [04/Apr/2016:18:20:24 -0300] "GET /user/calendar/year?year=2016 HTTP/1.1" 200 58 "http://guardioesdasaude.org/health-daily" "Mozilla/5.0 (Windows NT 6.1) AppleWebKit/537.36 (KHTML, like Gecko) Chrome/49.0.2623.110 Safari/537.36"
179.182.216.35 - - [04/Apr/2016:18:20:25 -0300] "GET /user/calendar/month?month=4&year=2016 HTTP/1.1" 200 58 "http://guardioesdasaude.org/health-daily" "Mozilla/5.0 (Windows NT 6.1) AppleWebKit/537.36 (KHTML, like Gecko) Chrome/49.0.2623.110 Safari/537.36"
179.187.0.132 - - [04/Apr/2016:18:20:25 -0300] "OPTIONS /user/chart/month?month=4&year=2016 HTTP/1.1" 204 0 "http://guardioesdasaude.org/health-daily" "Mozilla/5.0 (Windows NT 6.1) AppleWebKit/537.36 (KHTML, like Gecko) Chrome/49.0.2623.110 Safari/537.36"
179.187.0.132 - - [04/Apr/2016:18:20:25 -0300] "GET /user/chart/month?month=4&year=2016 HTTP/1.1" 200 58 "http://guardioesdasaude.org/health-daily" "Mozilla/5.0 (Windows NT 6.1) AppleWebKit/537.36 (KHTML, like Gecko) Chrome/49.0.2623.110 Safari/537.36"
179.211.75.228 - - [04/Apr/2016:18:24:08 -0300] "GET /user/lookup/ HTTP/1.1" 200 972 "-" "Guardioes da Saude/1.1.4 (iPhone; iOS 9.3.1; Scale/2.00)"
179.211.75.228 - - [04/Apr/2016:18:24:11 -0300] "GET /user/household/56fafd68aa0bef232ebe196a HTTP/1.1" 200 56 "-" "Guardioes da Saude/1.1.4 (iPhone; iOS 9.3.1; Scale/2.00)"
179.211.75.228 - - [04/Apr/2016:18:24:12 -0300] "GET /user/calendar/year?&year=2016 HTTP/1.1" 200 109 "-" "Guardioes da Saude/1.1.4 (iPhone; iOS 9.3.1; Scale/2.00)"
179.211.75.228 - - [04/Apr/2016:18:24:12 -0300] "GET /user/calendar/month?&month=4&year=2016 HTTP/1.1" 200 123 "-" "Guardioes da Saude/1.1.4 (iPhone; iOS 9.3.1; Scale/2.00)"
179.211.75.228 - - [04/Apr/2016:18:24:12 -0300] "GET /user/survey/summary HTTP/1.1" 200 69 "-" "Guardioes da Saude/1.1.4 (iPhone; iOS 9.3.1; Scale/2.00)"
179.211.75.228 - - [04/Apr/2016:18:24:17 -0300] "GET /user/household/56fafd68aa0bef232ebe196a HTTP/1.1" 200 56 "-" "Guardioes da Saude/1.1.4 (iPhone; iOS 9.3.1; Scale/2.00)"
179.211.75.228 - - [04/Apr/2016:18:24:23 -0300] "POST /survey/create HTTP/1.1" 200 553 "-" "Guardioes da Saude/1.1.4 (iPhone; iOS 9.3.1; Scale/2.00)"
177.19.10.162 - - [04/Apr/2016:18:32:04 -0300] "GET /user/lookup/ HTTP/1.1" 200 1173 "-" "Dalvik/2.1.0 (Linux; U; Android 5.1; XT1058 Build/LPA23.12-21.7)"
177.19.10.162 - - [04/Apr/2016:18:32:11 -0300] "GET /user/household/56fac3f036e0053f5906c108 HTTP/1.1" 200 56 "-" "Dalvik/2.1.0 (Linux; U; Android 5.1; XT1058 Build/LPA23.12-21.7)"
177.19.10.162 - - [04/Apr/2016:18:32:16 -0300] "POST /survey/create HTTP/1.1" 200 529 "-" "Dalvik/2.1.0 (Linux; U; Android 5.1; XT1058 Build/LPA23.12-21.7)"
177.19.10.162 - - [04/Apr/2016:18:32:21 -0300] "GET /news/get HTTP/1.1" 200 3878 "-" "Dalvik/2.1.0 (Linux; U; Android 5.1; XT1058 Build/LPA23.12-21.7)"
186.218.117.163 - - [04/Apr/2016:18:35:14 -0300] "OPTIONS /search/cities?limit=5 HTTP/1.1" 204 0 "http://guardioesdasaude.org/" "Mozilla/5.0 (Linux; Android 5.0; SM-G900M Build/LRX21T) AppleWebKit/537.36 (KHTML, like Gecko) Chrome/49.0.2623.105 Mobile Safari/537.36"
186.218.117.163 - - [04/Apr/2016:18:35:14 -0300] "GET /search/cities?limit=5 HTTP/1.1" 200 163 "http://guardioesdasaude.org/" "Mozilla/5.0 (Linux; Android 5.0; SM-G900M Build/LRX21T) AppleWebKit/537.36 (KHTML, like Gecko) Chrome/49.0.2623.105 Mobile Safari/537.36"
186.218.117.163 - - [04/Apr/2016:18:35:43 -0300] "GET /search/cities?limit=5 HTTP/1.1" 200 163 "http://guardioesdasaude.org/" "Mozilla/5.0 (Linux; Android 5.0; SM-G900M Build/LRX21T) AppleWebKit/537.36 (KHTML, like Gecko) Chrome/49.0.2623.105 Mobile Safari/537.36"
186.218.117.163 - - [04/Apr/2016:18:35:59 -0300] "GET /search/cities?limit=5 HTTP/1.1" 200 163 "http://guardioesdasaude.org/" "Mozilla/5.0 (Linux; Android 5.0; SM-G900M Build/LRX21T) AppleWebKit/537.36 (KHTML, like Gecko) Chrome/49.0.2623.105 Mobile Safari/537.36"
186.218.117.163 - - [04/Apr/2016:18:36:03 -0300] "GET /search/cities?limit=5 HTTP/1.1" 200 163 "http://guardioesdasaude.org/" "Mozilla/5.0 (Linux; Android 5.0; SM-G900M Build/LRX21T) AppleWebKit/537.36 (KHTML, like Gecko) Chrome/49.0.2623.105 Mobile Safari/537.36"
189.105.250.145 - - [04/Apr/2016:18:41:05 -0300] "GET /user/get?fb=null HTTP/1.1" 200 56 "-" "Dalvik/2.1.0 (Linux; U; Android 5.0.2; LG-D410 Build/LRX22G.A1440649755)"
189.105.250.145 - - [04/Apr/2016:18:41:06 -0300] "GET /user/get?fb=814858078658437 HTTP/1.1" 200 56 "-" "Dalvik/2.1.0 (Linux; U; Android 5.0.2; LG-D410 Build/LRX22G.A1440649755)"
189.105.250.145 - - [04/Apr/2016:18:42:07 -0300] "POST /user/create HTTP/1.1" 200 575 "-" "Dalvik/2.1.0 (Linux; U; Android 5.0.2; LG-D410 Build/LRX22G.A1440649755)"
189.105.250.145 - - [04/Apr/2016:18:42:08 -0300] "POST /user/login HTTP/1.1" 200 741 "-" "Dalvik/2.1.0 (Linux; U; Android 5.0.2; LG-D410 Build/LRX22G.A1440649755)"
189.105.250.145 - - [04/Apr/2016:18:42:28 -0300] "GET /user/household/5702dfafaa0bef232ebe1ae9 HTTP/1.1" 200 56 "-" "Dalvik/2.1.0 (Linux; U; Android 5.0.2; LG-D410 Build/LRX22G.A1440649755)"
189.105.250.145 - - [04/Apr/2016:18:43:40 -0300] "POST /household/create HTTP/1.1" 200 243 "-" "Dalvik/2.1.0 (Linux; U; Android 5.0.2; LG-D410 Build/LRX22G.A1440649755)"
189.105.250.145 - - [04/Apr/2016:18:43:41 -0300] "GET /user/lookup/ HTTP/1.1" 200 788 "-" "Dalvik/2.1.0 (Linux; U; Android 5.0.2; LG-D410 Build/LRX22G.A1440649755)"
189.105.250.145 - - [04/Apr/2016:18:43:58 -0300] "GET /user/household/5702dfafaa0bef232ebe1ae9 HTTP/1.1" 200 517 "-" "Dalvik/2.1.0 (Linux; U; Android 5.0.2; LG-D410 Build/LRX22G.A1440649755)"
189.105.250.145 - - [04/Apr/2016:18:44:11 -0300] "GET /symptoms HTTP/1.1" 200 706 "-" "Dalvik/2.1.0 (Linux; U; Android 5.0.2; LG-D410 Build/LRX22G.A1440649755)"
189.105.250.145 - - [04/Apr/2016:18:44:34 -0300] "POST /survey/create HTTP/1.1" 200 458 "-" "Dalvik/2.1.0 (Linux; U; Android 5.0.2; LG-D410 Build/LRX22G.A1440649755)"
189.105.250.145 - - [04/Apr/2016:18:44:58 -0300] "GET /news/get HTTP/1.1" 200 3882 "-" "Dalvik/2.1.0 (Linux; U; Android 5.0.2; LG-D410 Build/LRX22G.A1440649755)"
189.105.250.145 - - [04/Apr/2016:18:45:45 -0300] "GET /user/household/5702dfafaa0bef232ebe1ae9 HTTP/1.1" 200 763 "-" "Dalvik/2.1.0 (Linux; U; Android 5.0.2; LG-D410 Build/LRX22G.A1440649755)"
189.105.250.145 - - [04/Apr/2016:18:45:45 -0300] "GET /user/calendar/year?year=2016 HTTP/1.1" 200 109 "-" "Dalvik/2.1.0 (Linux; U; Android 5.0.2; LG-D410 Build/LRX22G.A1440649755)"
189.105.250.145 - - [04/Apr/2016:18:45:46 -0300] "GET /user/survey/summary HTTP/1.1" 200 66 "-" "Dalvik/2.1.0 (Linux; U; Android 5.0.2; LG-D410 Build/LRX22G.A1440649755)"
168.181.42.154 - - [04/Apr/2016:18:47:23 -0300] "POST /user/create HTTP/1.1" 200 632 "-" "Guardioes da Saude/1.1.4 (iPhone; iOS 9.3.1; Scale/2.00)"
168.181.42.154 - - [04/Apr/2016:18:47:37 -0300] "GET /user/household/5702e0ebaa0bef232ebe1aec HTTP/1.1" 200 56 "-" "Guardioes da Saude/1.1.4 (iPhone; iOS 9.3.1; Scale/2.00)"
168.181.42.154 - - [04/Apr/2016:18:48:33 -0300] "POST /household/create HTTP/1.1" 200 82 "-" "Guardioes da Saude/1.1.4 (iPhone; iOS 9.3.1; Scale/2.00)"
168.181.42.154 - - [04/Apr/2016:18:48:36 -0300] "GET /user/household/5702e0ebaa0bef232ebe1aec HTTP/1.1" 200 56 "-" "Guardioes da Saude/1.1.4 (iPhone; iOS 9.3.1; Scale/2.00)"
168.181.42.154 - - [04/Apr/2016:18:48:45 -0300] "GET /symptoms HTTP/1.1" 200 706 "-" "Guardioes da Saude/1.1.4 (iPhone; iOS 9.3.1; Scale/2.00)"
168.181.42.154 - - [04/Apr/2016:18:49:10 -0300] "POST /survey/create HTTP/1.1" 200 596 "-" "Guardioes da Saude/1.1.4 (iPhone; iOS 9.3.1; Scale/2.00)"
168.181.42.154 - - [04/Apr/2016:18:49:31 -0300] "GET /user/household/5702e0ebaa0bef232ebe1aec HTTP/1.1" 200 56 "-" "Guardioes da Saude/1.1.4 (iPhone; iOS 9.3.1; Scale/2.00)"
179.187.13.196 - - [04/Apr/2016:18:49:37 -0300] "OPTIONS /search/cities?limit=5 HTTP/1.1" 204 0 "http://guardioesdasaude.org/" "Mozilla/5.0 (Linux; U; Android 4.2.2; pt-br; GT-I9063T Build/JDQ39) AppleWebKit/534.30 (KHTML, like Gecko) Version/4.0 Mobile Safari/534.30 [FB_IAB/FB4A;FBAV/70.0.0.22.83;]"
179.187.13.196 - - [04/Apr/2016:18:49:37 -0300] "GET /search/cities?limit=5 HTTP/1.1" 200 163 "http://guardioesdasaude.org/" "Mozilla/5.0 (Linux; U; Android 4.2.2; pt-br; GT-I9063T Build/JDQ39) AppleWebKit/534.30 (KHTML, like Gecko) Version/4.0 Mobile Safari/534.30 [FB_IAB/FB4A;FBAV/70.0.0.22.83;]"
168.181.42.154 - - [04/Apr/2016:18:49:39 -0300] "POST /user/update HTTP/1.1" 200 86 "-" "Guardioes da Saude/1.1.4 (iPhone; iOS 9.3.1; Scale/2.00)"
168.181.42.154 - - [04/Apr/2016:18:49:41 -0300] "GET /user/household/5702e0ebaa0bef232ebe1aec HTTP/1.1" 200 56 "-" "Guardioes da Saude/1.1.4 (iPhone; iOS 9.3.1; Scale/2.00)"
168.181.42.154 - - [04/Apr/2016:18:49:53 -0300] "GET /news/get HTTP/1.1" 200 3884 "-" "Guardioes da Saude/1.1.4 (iPhone; iOS 9.3.1; Scale/2.00)"
168.181.42.154 - - [04/Apr/2016:18:49:58 -0300] "GET /surveys/l?lat=-12.417937&lon=-41.778571 HTTP/1.1" 200 56 "-" "Guardioes da Saude/1.1.4 (iPhone; iOS 9.3.1; Scale/2.00)"
168.181.42.154 - - [04/Apr/2016:18:49:58 -0300] "GET /surveys/summary?lat=-12.41793669295722&lon=-41.7785712518187 HTTP/1.1" 200 224 "-" "Guardioes da Saude/1.1.4 (iPhone; iOS 9.3.1; Scale/2.00)"
168.181.42.154 - - [04/Apr/2016:18:50:10 -0300] "GET /user/household/5702e0ebaa0bef232ebe1aec HTTP/1.1" 200 56 "-" "Guardioes da Saude/1.1.4 (iPhone; iOS 9.3.1; Scale/2.00)"
168.181.42.154 - - [04/Apr/2016:18:50:20 -0300] "GET /user/household/5702e0ebaa0bef232ebe1aec HTTP/1.1" 200 56 "-" "Guardioes da Saude/1.1.4 (iPhone; iOS 9.3.1; Scale/2.00)"
168.181.42.154 - - [04/Apr/2016:18:50:31 -0300] "GET /user/household/5702e0ebaa0bef232ebe1aec HTTP/1.1" 200 56 "-" "Guardioes da Saude/1.1.4 (iPhone; iOS 9.3.1; Scale/2.00)"
168.181.42.154 - - [04/Apr/2016:18:50:37 -0300] "GET /user/household/5702e0ebaa0bef232ebe1aec HTTP/1.1" 200 56 "-" "Guardioes da Saude/1.1.4 (iPhone; iOS 9.3.1; Scale/2.00)"
168.181.42.154 - - [04/Apr/2016:18:50:41 -0300] "GET /user/household/5702e0ebaa0bef232ebe1aec HTTP/1.1" 200 56 "-" "Guardioes da Saude/1.1.4 (iPhone; iOS 9.3.1; Scale/2.00)"
168.181.42.154 - - [04/Apr/2016:18:50:42 -0300] "GET /user/calendar/month?&month=4&year=2016 HTTP/1.1" 200 115 "-" "Guardioes da Saude/1.1.4 (iPhone; iOS 9.3.1; Scale/2.00)"
168.181.42.154 - - [04/Apr/2016:18:50:42 -0300] "GET /user/survey/summary HTTP/1.1" 200 69 "-" "Guardioes da Saude/1.1.4 (iPhone; iOS 9.3.1; Scale/2.00)"
168.181.42.154 - - [04/Apr/2016:18:50:42 -0300] "GET /user/calendar/year?&year=2016 HTTP/1.1" 200 109 "-" "Guardioes da Saude/1.1.4 (iPhone; iOS 9.3.1; Scale/2.00)"
168.181.42.154 - - [04/Apr/2016:18:50:49 -0300] "GET /user/calendar/month?&month=5&year=2016 HTTP/1.1" 200 58 "-" "Guardioes da Saude/1.1.4 (iPhone; iOS 9.3.1; Scale/2.00)"
168.181.42.154 - - [04/Apr/2016:18:50:50 -0300] "GET /user/calendar/month?&month=4&year=2016 HTTP/1.1" 200 115 "-" "Guardioes da Saude/1.1.4 (iPhone; iOS 9.3.1; Scale/2.00)"
168.181.42.154 - - [04/Apr/2016:18:50:51 -0300] "GET /user/calendar/month?&month=3&year=2016 HTTP/1.1" 200 58 "-" "Guardioes da Saude/1.1.4 (iPhone; iOS 9.3.1; Scale/2.00)"
168.181.42.154 - - [04/Apr/2016:18:50:52 -0300] "GET /user/calendar/month?&month=4&year=2016 HTTP/1.1" 200 115 "-" "Guardioes da Saude/1.1.4 (iPhone; iOS 9.3.1; Scale/2.00)"
138.0.252.2 - - [04/Apr/2016:18:51:06 -0300] "GET /user/get?fb=null HTTP/1.1" 200 56 "-" "Dalvik/2.1.0 (Linux; U; Android 5.1.1; MotoG3 Build/LPI23.72-47.5)"
138.0.252.2 - - [04/Apr/2016:18:51:10 -0300] "GET /user/get?fb=2270870106385327 HTTP/1.1" 200 56 "-" "Dalvik/2.1.0 (Linux; U; Android 5.1.1; MotoG3 Build/LPI23.72-47.5)"
168.181.42.154 - - [04/Apr/2016:18:51:45 -0300] "GET /content/upas.json HTTP/1.1" 200 22982 "-" "Guardioes da Saude/1.1.4 (iPhone; iOS 9.3.1; Scale/2.00)"
143.0.252.22 - - [04/Apr/2016:18:52:03 -0300] "POST /user/create HTTP/1.1" 200 524 "-" "Guardioes da Saude/1.1.4 (iPhone; iOS 9.3.1; Scale/2.00)"
168.181.42.154 - - [04/Apr/2016:18:52:18 -0300] "GET /news/get HTTP/1.1" 200 3882 "-" "Guardioes da Saude/1.1.4 (iPhone; iOS 9.3.1; Scale/2.00)"
168.181.42.154 - - [04/Apr/2016:18:52:20 -0300] "GET /surveys/l?lat=-12.417988&lon=-41.778512 HTTP/1.1" 200 56 "-" "Guardioes da Saude/1.1.4 (iPhone; iOS 9.3.1; Scale/2.00)"
138.0.252.2 - - [04/Apr/2016:18:52:21 -0300] "POST /user/create HTTP/1.1" 200 659 "-" "Dalvik/2.1.0 (Linux; U; Android 5.1.1; MotoG3 Build/LPI23.72-47.5)"
168.181.42.154 - - [04/Apr/2016:18:52:21 -0300] "GET /surveys/summary?lat=-12.41798803211415&lon=-41.77851190794425 HTTP/1.1" 200 229 "-" "Guardioes da Saude/1.1.4 (iPhone; iOS 9.3.1; Scale/2.00)"
138.0.252.2 - - [04/Apr/2016:18:52:23 -0300] "POST /user/login HTTP/1.1" 200 817 "-" "Dalvik/2.1.0 (Linux; U; Android 5.1.1; MotoG3 Build/LPI23.72-47.5)"
138.0.252.2 - - [04/Apr/2016:18:52:33 -0300] "GET /news/get HTTP/1.1" 200 3883 "-" "Dalvik/2.1.0 (Linux; U; Android 5.1.1; MotoG3 Build/LPI23.72-47.5)"
168.181.42.154 - - [04/Apr/2016:18:52:36 -0300] "GET /user/household/5702e0ebaa0bef232ebe1aec HTTP/1.1" 200 56 "-" "Guardioes da Saude/1.1.4 (iPhone; iOS 9.3.1; Scale/2.00)"
168.181.42.154 - - [04/Apr/2016:18:52:37 -0300] "GET /user/calendar/year?&year=2016 HTTP/1.1" 200 109 "-" "Guardioes da Saude/1.1.4 (iPhone; iOS 9.3.1; Scale/2.00)"
168.181.42.154 - - [04/Apr/2016:18:52:37 -0300] "GET /user/survey/summary HTTP/1.1" 200 69 "-" "Guardioes da Saude/1.1.4 (iPhone; iOS 9.3.1; Scale/2.00)"
168.181.42.154 - - [04/Apr/2016:18:52:37 -0300] "GET /user/calendar/month?&month=4&year=2016 HTTP/1.1" 200 115 "-" "Guardioes da Saude/1.1.4 (iPhone; iOS 9.3.1; Scale/2.00)"
200.102.67.203 - - [04/Apr/2016:18:52:39 -0300] "GET /user/get?fb=10209541340515950 HTTP/1.1" 200 56 "-" "Guardioes da Saude/1.1.4 (iPhone; iOS 9.2.1; Scale/3.00)"
168.181.42.154 - - [04/Apr/2016:18:52:43 -0300] "GET /user/household/5702e0ebaa0bef232ebe1aec HTTP/1.1" 200 56 "-" "Guardioes da Saude/1.1.4 (iPhone; iOS 9.3.1; Scale/2.00)"
168.181.42.154 - - [04/Apr/2016:18:52:48 -0300] "GET /user/household/5702e0ebaa0bef232ebe1aec HTTP/1.1" 200 56 "-" "Guardioes da Saude/1.1.4 (iPhone; iOS 9.3.1; Scale/2.00)"
168.181.42.154 - - [04/Apr/2016:18:52:53 -0300] "GET /user/household/5702e0ebaa0bef232ebe1aec HTTP/1.1" 200 56 "-" "Guardioes da Saude/1.1.4 (iPhone; iOS 9.3.1; Scale/2.00)"
168.181.42.154 - - [04/Apr/2016:18:52:56 -0300] "GET /user/household/5702e0ebaa0bef232ebe1aec HTTP/1.1" 200 56 "-" "Guardioes da Saude/1.1.4 (iPhone; iOS 9.3.1; Scale/2.00)"
200.102.67.203 - - [04/Apr/2016:18:53:27 -0300] "POST /user/create HTTP/1.1" 200 541 "-" "Guardioes da Saude/1.1.4 (iPhone; iOS 9.2.1; Scale/3.00)"
200.102.67.203 - - [04/Apr/2016:18:53:31 -0300] "GET /surveys/l?lat=-30.060291&lon=-51.179829 HTTP/1.1" 200 1354 "-" "Guardioes da Saude/1.1.4 (iPhone; iOS 9.2.1; Scale/3.00)"
200.102.67.203 - - [04/Apr/2016:18:53:32 -0300] "GET /surveys/summary?lat=-30.0603042030987&lon=-51.17992130112944 HTTP/1.1" 200 233 "-" "Guardioes da Saude/1.1.4 (iPhone; iOS 9.2.1; Scale/3.00)"
138.0.252.2 - - [04/Apr/2016:18:53:47 -0300] "GET /user/household/5702e215aa0bef232ebe1aef HTTP/1.1" 200 56 "-" "Dalvik/2.1.0 (Linux; U; Android 5.1.1; MotoG3 Build/LPI23.72-47.5)"
200.102.67.203 - - [04/Apr/2016:18:53:47 -0300] "GET /user/household/5702e2571a19da082e9d93e0 HTTP/1.1" 200 56 "-" "Guardioes da Saude/1.1.4 (iPhone; iOS 9.2.1; Scale/3.00)"
200.102.67.203 - - [04/Apr/2016:18:53:49 -0300] "GET /user/calendar/month?&month=4&year=2016 HTTP/1.1" 200 58 "-" "Guardioes da Saude/1.1.4 (iPhone; iOS 9.2.1; Scale/3.00)"
200.102.67.203 - - [04/Apr/2016:18:53:49 -0300] "GET /user/survey/summary HTTP/1.1" 200 66 "-" "Guardioes da Saude/1.1.4 (iPhone; iOS 9.2.1; Scale/3.00)"
200.102.67.203 - - [04/Apr/2016:18:53:49 -0300] "GET /user/calendar/year?&year=2016 HTTP/1.1" 200 58 "-" "Guardioes da Saude/1.1.4 (iPhone; iOS 9.2.1; Scale/3.00)"
200.102.67.203 - - [04/Apr/2016:18:53:58 -0300] "GET /user/household/5702e2571a19da082e9d93e0 HTTP/1.1" 200 56 "-" "Guardioes da Saude/1.1.4 (iPhone; iOS 9.2.1; Scale/3.00)"
143.0.252.22 - - [04/Apr/2016:18:54:03 -0300] "GET /news/get HTTP/1.1" 200 3880 "-" "Guardioes da Saude/1.1.4 (iPhone; iOS 9.3.1; Scale/2.00)"
200.102.67.203 - - [04/Apr/2016:18:54:08 -0300] "GET /news/get HTTP/1.1" 200 3882 "-" "Guardioes da Saude/1.1.4 (iPhone; iOS 9.2.1; Scale/3.00)"
191.178.190.21 - - [04/Apr/2016:18:54:12 -0300] "GET /user/lookup/ HTTP/1.1" 200 721 "-" "Dalvik/2.1.0 (Linux; U; Android 5.1.1; SM-J500M Build/LMY48B)"
200.102.67.203 - - [04/Apr/2016:18:54:17 -0300] "GET /user/household/5702e2571a19da082e9d93e0 HTTP/1.1" 200 56 "-" "Guardioes da Saude/1.1.4 (iPhone; iOS 9.2.1; Scale/3.00)"
143.0.252.22 - - [04/Apr/2016:18:54:35 -0300] "GET /surveys/l?lat=-16.362656&lon=-48.957046 HTTP/1.1" 200 56 "-" "Guardioes da Saude/1.1.4 (iPhone; iOS 9.3.1; Scale/2.00)"
143.0.252.22 - - [04/Apr/2016:18:54:35 -0300] "GET /surveys/summary?lat=-16.36269478773994&lon=-48.95702681957414 HTTP/1.1" 200 242 "-" "Guardioes da Saude/1.1.4 (iPhone; iOS 9.3.1; Scale/2.00)"
191.178.190.21 - - [04/Apr/2016:18:54:38 -0300] "GET /surveys/summary/?lon=-48.4499994&lat=-1.3239424 HTTP/1.1" 200 224 "-" "Dalvik/2.1.0 (Linux; U; Android 5.1.1; SM-J500M Build/LMY48B)"
191.178.190.21 - - [04/Apr/2016:18:54:40 -0300] "GET /surveys/l?lon=-48.4499994&lat=-1.3239424 HTTP/1.1" 200 56 "-" "Dalvik/2.1.0 (Linux; U; Android 5.1.1; SM-J500M Build/LMY48B)"
191.45.178.71 - - [04/Apr/2016:18:54:46 -0300] "GET /user/get?fb=null HTTP/1.1" 200 56 "-" "Dalvik/2.1.0 (Linux; U; Android 6.0; MotoG3 Build/MPI24.65-33.1)"
191.45.178.71 - - [04/Apr/2016:18:54:47 -0300] "GET /user/get?fb=458701470988977 HTTP/1.1" 200 56 "-" "Dalvik/2.1.0 (Linux; U; Android 6.0; MotoG3 Build/MPI24.65-33.1)"
191.178.190.21 - - [04/Apr/2016:18:54:50 -0300] "GET /news/get HTTP/1.1" 200 3882 "-" "Dalvik/2.1.0 (Linux; U; Android 5.1.1; SM-J500M Build/LMY48B)"
200.102.67.203 - - [04/Apr/2016:18:55:00 -0300] "GET /user/household/5702e2571a19da082e9d93e0 HTTP/1.1" 200 56 "-" "Guardioes da Saude/1.1.4 (iPhone; iOS 9.2.1; Scale/3.00)"
200.102.67.203 - - [04/Apr/2016:18:55:06 -0300] "GET /user/household/5702e2571a19da082e9d93e0 HTTP/1.1" 200 56 "-" "Guardioes da Saude/1.1.4 (iPhone; iOS 9.2.1; Scale/3.00)"
191.45.178.71 - - [04/Apr/2016:18:55:13 -0300] "POST /user/create HTTP/1.1" 200 225 "-" "Dalvik/2.1.0 (Linux; U; Android 6.0; MotoG3 Build/MPI24.65-33.1)"
191.45.178.71 - - [04/Apr/2016:18:55:14 -0300] "POST /user/create HTTP/1.1" 200 225 "-" "Dalvik/2.1.0 (Linux; U; Android 6.0; MotoG3 Build/MPI24.65-33.1)"
138.0.252.2 - - [04/Apr/2016:18:55:25 -0300] "POST /household/create HTTP/1.1" 200 288 "-" "Dalvik/2.1.0 (Linux; U; Android 5.1.1; MotoG3 Build/LPI23.72-47.5)"
138.0.252.2 - - [04/Apr/2016:18:55:27 -0300] "GET /user/lookup/ HTTP/1.1" 200 914 "-" "Dalvik/2.1.0 (Linux; U; Android 5.1.1; MotoG3 Build/LPI23.72-47.5)"
191.45.178.71 - - [04/Apr/2016:18:55:28 -0300] "POST /user/create HTTP/1.1" 200 461 "-" "Dalvik/2.1.0 (Linux; U; Android 6.0; MotoG3 Build/MPI24.65-33.1)"
191.45.178.71 - - [04/Apr/2016:18:55:29 -0300] "POST /user/login HTTP/1.1" 200 622 "-" "Dalvik/2.1.0 (Linux; U; Android 6.0; MotoG3 Build/MPI24.65-33.1)"
191.45.178.71 - - [04/Apr/2016:18:55:38 -0300] "GET /user/household/5702e2d053072afe553aafba HTTP/1.1" 200 56 "-" "Dalvik/2.1.0 (Linux; U; Android 6.0; MotoG3 Build/MPI24.65-33.1)"
138.0.252.2 - - [04/Apr/2016:18:55:57 -0300] "GET /surveys/summary/?lon=-36.9183169&lat=-5.5833888 HTTP/1.1" 200 220 "-" "Dalvik/2.1.0 (Linux; U; Android 5.1.1; MotoG3 Build/LPI23.72-47.5)"
138.0.252.2 - - [04/Apr/2016:18:56:00 -0300] "GET /surveys/l?lon=-36.9183169&lat=-5.5833888 HTTP/1.1" 200 610 "-" "Dalvik/2.1.0 (Linux; U; Android 5.1.1; MotoG3 Build/LPI23.72-47.5)"
138.0.252.2 - - [04/Apr/2016:18:56:40 -0300] "GET /surveys/l?lon=-36.9183211&lat=-5.5834457 HTTP/1.1" 200 610 "-" "Dalvik/2.1.0 (Linux; U; Android 5.1.1; MotoG3 Build/LPI23.72-47.5)"
138.0.252.2 - - [04/Apr/2016:18:56:43 -0300] "GET /surveys/summary/?lon=-36.9183211&lat=-5.5834457 HTTP/1.1" 200 220 "-" "Dalvik/2.1.0 (Linux; U; Android 5.1.1; MotoG3 Build/LPI23.72-47.5)"
191.45.178.71 - - [04/Apr/2016:18:56:46 -0300] "POST /household/create HTTP/1.1" 200 241 "-" "Dalvik/2.1.0 (Linux; U; Android 6.0; MotoG3 Build/MPI24.65-33.1)"
191.45.178.71 - - [04/Apr/2016:18:56:48 -0300] "GET /user/lookup/ HTTP/1.1" 200 670 "-" "Dalvik/2.1.0 (Linux; U; Android 6.0; MotoG3 Build/MPI24.65-33.1)"
191.45.178.71 - - [04/Apr/2016:18:56:50 -0300] "POST /household/create HTTP/1.1" 200 239 "-" "Dalvik/2.1.0 (Linux; U; Android 6.0; MotoG3 Build/MPI24.65-33.1)"
138.0.252.2 - - [04/Apr/2016:18:56:51 -0300] "GET /user/household/5702e215aa0bef232ebe1aef HTTP/1.1" 200 644 "-" "Dalvik/2.1.0 (Linux; U; Android 5.1.1; MotoG3 Build/LPI23.72-47.5)"
191.45.178.71 - - [04/Apr/2016:18:56:51 -0300] "GET /user/lookup/ HTTP/1.1" 200 700 "-" "Dalvik/2.1.0 (Linux; U; Android 6.0; MotoG3 Build/MPI24.65-33.1)"
138.0.252.2 - - [04/Apr/2016:18:56:53 -0300] "GET /user/calendar/year?year=2016 HTTP/1.1" 200 58 "-" "Dalvik/2.1.0 (Linux; U; Android 5.1.1; MotoG3 Build/LPI23.72-47.5)"
138.0.252.2 - - [04/Apr/2016:18:56:56 -0300] "GET /user/survey/summary HTTP/1.1" 200 66 "-" "Dalvik/2.1.0 (Linux; U; Android 5.1.1; MotoG3 Build/LPI23.72-47.5)"
191.45.178.71 - - [04/Apr/2016:18:57:16 -0300] "GET /user/lookup/ HTTP/1.1" 200 699 "-" "Dalvik/2.1.0 (Linux; U; Android 6.0; MotoG3 Build/MPI24.65-33.1)"
187.181.201.44 - - [04/Apr/2016:18:57:17 -0300] "GET /user/get?fb=null HTTP/1.1" 200 56 "-" "Dalvik/2.1.0 (Linux; U; Android 5.1.1; D5833 Build/23.4.A.1.232)"
187.181.201.44 - - [04/Apr/2016:18:57:18 -0300] "GET /user/get?fb=10207193411526231 HTTP/1.1" 200 56 "-" "Dalvik/2.1.0 (Linux; U; Android 5.1.1; D5833 Build/23.4.A.1.232)"
191.45.178.71 - - [04/Apr/2016:18:57:21 -0300] "GET /news/get HTTP/1.1" 200 3880 "-" "Dalvik/2.1.0 (Linux; U; Android 6.0; MotoG3 Build/MPI24.65-33.1)"
187.181.201.44 - - [04/Apr/2016:18:57:48 -0300] "POST /user/create HTTP/1.1" 200 689 "-" "Dalvik/2.1.0 (Linux; U; Android 5.1.1; D5833 Build/23.4.A.1.232)"
187.181.201.44 - - [04/Apr/2016:18:57:51 -0300] "POST /user/login HTTP/1.1" 200 856 "-" "Dalvik/2.1.0 (Linux; U; Android 5.1.1; D5833 Build/23.4.A.1.232)"
187.181.201.44 - - [04/Apr/2016:18:57:53 -0300] "POST /user/create HTTP/1.1" 200 225 "-" "Dalvik/2.1.0 (Linux; U; Android 5.1.1; D5833 Build/23.4.A.1.232)"
179.154.230.28 - - [04/Apr/2016:18:57:55 -0300] "OPTIONS /search/cities?limit=5 HTTP/1.1" 204 0 "http://guardioesdasaude.org/" "Mozilla/5.0 (Linux; Android 6.0; XT1078 Build/MPB24.65-34) AppleWebKit/537.36 (KHTML, like Gecko) Chrome/49.0.2623.91 Mobile Safari/537.36"
187.14.27.104 - - [04/Apr/2016:18:58:48 -0300] "GET /user/lookup/ HTTP/1.1" 200 818 "-" "Dalvik/2.1.0 (Linux; U; Android 5.0.2; MotoE2 Build/LXC22.99-13.3)"
187.14.27.104 - - [04/Apr/2016:18:59:29 -0300] "GET /surveys/l?lon=-44.2488567&lat=-22.9903094 HTTP/1.1" 200 56 "-" "Dalvik/2.1.0 (Linux; U; Android 5.0.2; MotoE2 Build/LXC22.99-13.3)"
201.27.185.250 - - [04/Apr/2016:19:13:47 -0300] "OPTIONS /search/cities?limit=5 HTTP/1.1" 204 0 "http://guardioesdasaude.org/" "Mozilla/5.0 (Linux; Android 5.1.1; SM-J110M Build/LMY48B) AppleWebKit/537.36 (KHTML, like Gecko) Chrome/49.0.2623.105 Mobile Safari/537.36"
201.27.185.250 - - [04/Apr/2016:19:13:48 -0300] "GET /search/cities?limit=5 HTTP/1.1" 200 163 "http://guardioesdasaude.org/" "Mozilla/5.0 (Linux; Android 5.1.1; SM-J110M Build/LMY48B) AppleWebKit/537.36 (KHTML, like Gecko) Chrome/49.0.2623.105 Mobile Safari/537.36"
54.87.94.72 - - [04/Apr/2016:19:19:33 -0300] "GET / HTTP/1.1" 200 11894 "-" "Mozilla/4.0 (compatible; MSIE 6.0; Windows NT 5.1; SV1; InfoPath.2)"
201.27.185.250 - - [04/Apr/2016:19:20:35 -0300] "GET /user/get?fb=null HTTP/1.1" 200 56 "-" "Dalvik/2.1.0 (Linux; U; Android 5.1.1; SM-J110M Build/LMY48B)"
201.27.185.250 - - [04/Apr/2016:19:20:36 -0300] "GET /user/get?fb=1039469739459957 HTTP/1.1" 200 56 "-" "Dalvik/2.1.0 (Linux; U; Android 5.1.1; SM-J110M Build/LMY48B)"
189.70.79.110 - - [04/Apr/2016:19:20:36 -0300] "GET /user/get?fb=1104353379614892 HTTP/1.1" 200 56 "-" "Guardioes da Saude/1.1.4 (iPhone; iOS 9.3; Scale/2.00)"
201.27.185.250 - - [04/Apr/2016:19:21:17 -0300] "POST /user/create HTTP/1.1" 200 588 "-" "Dalvik/2.1.0 (Linux; U; Android 5.1.1; SM-J110M Build/LMY48B)"
201.27.185.250 - - [04/Apr/2016:19:21:18 -0300] "POST /user/login HTTP/1.1" 200 750 "-" "Dalvik/2.1.0 (Linux; U; Android 5.1.1; SM-J110M Build/LMY48B)"
189.70.79.110 - - [04/Apr/2016:19:21:22 -0300] "POST /user/create HTTP/1.1" 200 664 "-" "Guardioes da Saude/1.1.4 (iPhone; iOS 9.3; Scale/2.00)"
189.70.79.110 - - [04/Apr/2016:19:21:30 -0300] "GET /user/household/5702e8e2d2abb8432e48e2f4 HTTP/1.1" 200 56 "-" "Guardioes da Saude/1.1.4 (iPhone; iOS 9.3; Scale/2.00)"
