177.192.155.54 - - [04/Apr/2016:17:06:43 -0300] "POST /household/create HTTP/1.1" 200 238 "-" "Guardioes da Saude/1.1.4 (iPhone; iOS 9.3.1; Scale/2.00)"
177.192.155.54 - - [04/Apr/2016:17:06:45 -0300] "GET /user/household/5702c8adaa0bef232ebe1add HTTP/1.1" 200 376 "-" "Guardioes da Saude/1.1.4 (iPhone; iOS 9.3.1; Scale/2.00)"
177.192.155.54 - - [04/Apr/2016:17:06:48 -0300] "GET /symptoms HTTP/1.1" 200 706 "-" "Guardioes da Saude/1.1.4 (iPhone; iOS 9.3.1; Scale/2.00)"
177.192.155.54 - - [04/Apr/2016:17:07:46 -0300] "POST /survey/create HTTP/1.1" 200 607 "-" "Guardioes da Saude/1.1.4 (iPhone; iOS 9.3.1; Scale/2.00)"
177.192.155.54 - - [04/Apr/2016:17:07:57 -0300] "GET /news/get HTTP/1.1" 200 3907 "-" "Guardioes da Saude/1.1.4 (iPhone; iOS 9.3.1; Scale/2.00)"
177.192.155.54 - - [04/Apr/2016:17:08:02 -0300] "GET /surveys/l?lat=-22.892834&lon=-43.281736 HTTP/1.1" 200 1210 "-" "Guardioes da Saude/1.1.4 (iPhone; iOS 9.3.1; Scale/2.00)"
177.192.155.54 - - [04/Apr/2016:17:08:02 -0300] "GET /surveys/summary?lat=-22.89283440450476&lon=-43.28173574995555 HTTP/1.1" 200 230 "-" "Guardioes da Saude/1.1.4 (iPhone; iOS 9.3.1; Scale/2.00)"
191.250.213.235 - - [04/Apr/2016:17:08:41 -0300] "OPTIONS /search/cities?limit=5 HTTP/1.1" 204 0 "-" "Mozilla/5.0 (Mobile; Windows Phone 8.1; Android 4.0; ARM; Trident/7.0; Touch; rv:11.0; IEMobile/11.0; Microsoft; RM-1115) like iPhone OS 7_0_3 Mac OS X AppleWebKit/537 (KHTML, like Gecko) Mobile Safari/537"
191.250.213.235 - - [04/Apr/2016:17:08:41 -0300] "GET /search/cities?limit=5 HTTP/1.1" 200 164 "http://guardioesdasaude.org/" "Mozilla/5.0 (Mobile; Windows Phone 8.1; Android 4.0; ARM; Trident/7.0; Touch; rv:11.0; IEMobile/11.0; Microsoft; RM-1115) like iPhone OS 7_0_3 Mac OS X AppleWebKit/537 (KHTML, like Gecko) Mobile Safari/537"
177.98.31.138 - - [04/Apr/2016:17:08:43 -0300] "GET /user/get?gl=106038961032061255890 HTTP/1.1" 200 56 "-" "Dalvik/2.1.0 (Linux; U; Android 5.1.1; MotoG3 Build/LPI23.72-47.5)"
177.192.155.54 - - [04/Apr/2016:17:08:47 -0300] "GET /content/upas.json HTTP/1.1" 200 22982 "-" "Guardioes da Saude/1.1.4 (iPhone; iOS 9.3.1; Scale/2.00)"
177.98.31.138 - - [04/Apr/2016:17:09:10 -0300] "POST /user/create HTTP/1.1" 200 679 "-" "Dalvik/2.1.0 (Linux; U; Android 5.1.1; MotoG3 Build/LPI23.72-47.5)"
177.98.31.138 - - [04/Apr/2016:17:09:12 -0300] "POST /user/login HTTP/1.1" 200 841 "-" "Dalvik/2.1.0 (Linux; U; Android 5.1.1; MotoG3 Build/LPI23.72-47.5)"
177.192.155.54 - - [04/Apr/2016:17:09:16 -0300] "GET /user/household/5702c8adaa0bef232ebe1add HTTP/1.1" 200 770 "-" "Guardioes da Saude/1.1.4 (iPhone; iOS 9.3.1; Scale/2.00)"
177.192.155.54 - - [04/Apr/2016:17:09:20 -0300] "POST /user/update HTTP/1.1" 200 86 "-" "Guardioes da Saude/1.1.4 (iPhone; iOS 9.3.1; Scale/2.00)"
177.98.31.138 - - [04/Apr/2016:17:09:22 -0300] "GET /user/household/5702c9e653072afe553aafa8 HTTP/1.1" 200 56 "-" "Dalvik/2.1.0 (Linux; U; Android 5.1.1; MotoG3 Build/LPI23.72-47.5)"
177.192.155.54 - - [04/Apr/2016:17:09:23 -0300] "GET /user/household/5702c8adaa0bef232ebe1add HTTP/1.1" 200 776 "-" "Guardioes da Saude/1.1.4 (iPhone; iOS 9.3.1; Scale/2.00)"
177.192.155.54 - - [04/Apr/2016:17:09:27 -0300] "GET /user/household/5702c8adaa0bef232ebe1add HTTP/1.1" 304 0 "-" "Guardioes da Saude/1.1.4 (iPhone; iOS 9.3.1; Scale/2.00)"
177.192.155.54 - - [04/Apr/2016:17:09:29 -0300] "GET /user/household/5702c8adaa0bef232ebe1add HTTP/1.1" 304 0 "-" "Guardioes da Saude/1.1.4 (iPhone; iOS 9.3.1; Scale/2.00)"
177.192.155.54 - - [04/Apr/2016:17:09:34 -0300] "GET /user/household/5702c8adaa0bef232ebe1add HTTP/1.1" 304 0 "-" "Guardioes da Saude/1.1.4 (iPhone; iOS 9.3.1; Scale/2.00)"
177.192.155.54 - - [04/Apr/2016:17:09:36 -0300] "POST /survey/create HTTP/1.1" 200 522 "-" "Guardioes da Saude/1.1.4 (iPhone; iOS 9.3.1; Scale/2.00)"
177.98.31.138 - - [04/Apr/2016:17:09:36 -0300] "GET /symptoms HTTP/1.1" 200 706 "-" "Dalvik/2.1.0 (Linux; U; Android 5.1.1; MotoG3 Build/LPI23.72-47.5)"
177.98.31.138 - - [04/Apr/2016:17:10:09 -0300] "POST /survey/create HTTP/1.1" 200 579 "-" "Dalvik/2.1.0 (Linux; U; Android 5.1.1; MotoG3 Build/LPI23.72-47.5)"
177.98.31.138 - - [04/Apr/2016:17:10:26 -0300] "GET /surveys/summary/?lon=-35.300199&lat=-8.1093242 HTTP/1.1" 200 235 "-" "Dalvik/2.1.0 (Linux; U; Android 5.1.1; MotoG3 Build/LPI23.72-47.5)"
177.98.31.138 - - [04/Apr/2016:17:10:27 -0300] "GET /surveys/l?lon=-35.300199&lat=-8.1093242 HTTP/1.1" 200 56 "-" "Dalvik/2.1.0 (Linux; U; Android 5.1.1; MotoG3 Build/LPI23.72-47.5)"
177.44.115.20 - - [04/Apr/2016:17:10:52 -0300] "OPTIONS /search/cities?limit=5 HTTP/1.1" 204 0 "http://guardioesdasaude.org/" "Mozilla/5.0 (Linux; Android 6.0; MotoG3 Build/MPI24.65-33.1; wv) AppleWebKit/537.36 (KHTML, like Gecko) Version/4.0 Chrome/48.0.2564.106 Mobile Safari/537.36 [FB_IAB/FB4A;FBAV/70.0.0.22.83;]"
177.44.115.20 - - [04/Apr/2016:17:10:53 -0300] "GET /search/cities?limit=5 HTTP/1.1" 200 164 "http://guardioesdasaude.org/" "Mozilla/5.0 (Linux; Android 6.0; MotoG3 Build/MPI24.65-33.1; wv) AppleWebKit/537.36 (KHTML, like Gecko) Version/4.0 Chrome/48.0.2564.106 Mobile Safari/537.36 [FB_IAB/FB4A;FBAV/70.0.0.22.83;]"
187.112.228.115 - - [04/Apr/2016:17:11:46 -0300] "GET /user/get?fb=1085089824887601 HTTP/1.1" 200 56 "-" "Guardioes da Saude/1.1.4 (iPhone; iOS 9.3.1; Scale/2.00)"
179.124.130.242 - - [04/Apr/2016:17:12:14 -0300] "OPTIONS /search/cities?limit=5 HTTP/1.1" 204 0 "-" "Mozilla/5.0 (Windows NT 6.1; rv:45.0) Gecko/20100101 Firefox/45.0"
179.124.130.242 - - [04/Apr/2016:17:12:14 -0300] "GET /search/cities?limit=5 HTTP/1.1" 200 164 "http://guardioesdasaude.org/" "Mozilla/5.0 (Windows NT 6.1; rv:45.0) Gecko/20100101 Firefox/45.0"
187.112.228.115 - - [04/Apr/2016:17:12:42 -0300] "POST /user/create HTTP/1.1" 200 543 "-" "Guardioes da Saude/1.1.4 (iPhone; iOS 9.3.1; Scale/2.00)"
187.112.228.115 - - [04/Apr/2016:17:12:47 -0300] "GET /surveys/l?lat=-24.026466&lon=-52.355901 HTTP/1.1" 200 56 "-" "Guardioes da Saude/1.1.4 (iPhone; iOS 9.3.1; Scale/2.00)"
187.112.228.115 - - [04/Apr/2016:17:12:48 -0300] "GET /surveys/summary?lat=-24.02646589560809&lon=-52.35590131026912 HTTP/1.1" 200 245 "-" "Guardioes da Saude/1.1.4 (iPhone; iOS 9.3.1; Scale/2.00)"
187.112.228.115 - - [04/Apr/2016:17:12:50 -0300] "GET /user/household/5702cabaaa0bef232ebe1ae0 HTTP/1.1" 200 56 "-" "Guardioes da Saude/1.1.4 (iPhone; iOS 9.3.1; Scale/2.00)"
187.112.228.115 - - [04/Apr/2016:17:12:57 -0300] "GET /surveys/l?lat=-24.026510&lon=-52.355893 HTTP/1.1" 200 56 "-" "Guardioes da Saude/1.1.4 (iPhone; iOS 9.3.1; Scale/2.00)"
187.112.228.115 - - [04/Apr/2016:17:12:57 -0300] "GET /surveys/summary?lat=-24.02650960723313&lon=-52.35589292836595 HTTP/1.1" 200 245 "-" "Guardioes da Saude/1.1.4 (iPhone; iOS 9.3.1; Scale/2.00)"
187.112.228.115 - - [04/Apr/2016:17:13:06 -0300] "GET /news/get HTTP/1.1" 200 3906 "-" "Guardioes da Saude/1.1.4 (iPhone; iOS 9.3.1; Scale/2.00)"
187.112.228.115 - - [04/Apr/2016:17:13:33 -0300] "GET /user/household/5702cabaaa0bef232ebe1ae0 HTTP/1.1" 200 56 "-" "Guardioes da Saude/1.1.4 (iPhone; iOS 9.3.1; Scale/2.00)"
187.112.228.115 - - [04/Apr/2016:17:13:40 -0300] "GET /symptoms HTTP/1.1" 200 706 "-" "Guardioes da Saude/1.1.4 (iPhone; iOS 9.3.1; Scale/2.00)"
187.112.228.115 - - [04/Apr/2016:17:14:00 -0300] "POST /survey/create HTTP/1.1" 200 548 "-" "Guardioes da Saude/1.1.4 (iPhone; iOS 9.3.1; Scale/2.00)"
179.154.230.28 - - [04/Apr/2016:17:14:19 -0300] "OPTIONS /search/cities?limit=5 HTTP/1.1" 204 0 "http://guardioesdasaude.org/" "Mozilla/5.0 (Linux; Android 6.0; XT1078 Build/MPB24.65-34) AppleWebKit/537.36 (KHTML, like Gecko) Chrome/49.0.2623.91 Mobile Safari/537.36"
179.154.230.28 - - [04/Apr/2016:17:14:19 -0300] "GET /search/cities?limit=5 HTTP/1.1" 200 164 "http://guardioesdasaude.org/" "Mozilla/5.0 (Linux; Android 6.0; XT1078 Build/MPB24.65-34) AppleWebKit/537.36 (KHTML, like Gecko) Chrome/49.0.2623.91 Mobile Safari/537.36"
177.134.230.9 - - [04/Apr/2016:17:14:59 -0300] "OPTIONS /search/cities?limit=5 HTTP/1.1" 204 0 "-" "Mozilla/5.0 (Mobile; Windows Phone 8.1; Android 4.0; ARM; Trident/7.0; Touch; rv:11.0; IEMobile/11.0; Microsoft; RM-1092) like iPhone OS 7_0_3 Mac OS X AppleWebKit/537 (KHTML, like Gecko) Mobile Safari/537"
177.134.230.9 - - [04/Apr/2016:17:14:59 -0300] "GET /search/cities?limit=5 HTTP/1.1" 200 164 "http://guardioesdasaude.org/" "Mozilla/5.0 (Mobile; Windows Phone 8.1; Android 4.0; ARM; Trident/7.0; Touch; rv:11.0; IEMobile/11.0; Microsoft; RM-1092) like iPhone OS 7_0_3 Mac OS X AppleWebKit/537 (KHTML, like Gecko) Mobile Safari/537"
179.124.130.242 - - [04/Apr/2016:17:15:06 -0300] "OPTIONS /surveys/l?q=Teresina,%20Teresina%20-%20PI,%20Brasil HTTP/1.1" 204 0 "-" "Mozilla/5.0 (Windows NT 6.1; rv:45.0) Gecko/20100101 Firefox/45.0"
179.124.130.242 - - [04/Apr/2016:17:15:07 -0300] "GET /surveys/l?q=Teresina,%20Teresina%20-%20PI,%20Brasil HTTP/1.1" 200 87 "http://guardioesdasaude.org/health-map" "Mozilla/5.0 (Windows NT 6.1; rv:45.0) Gecko/20100101 Firefox/45.0"
179.124.130.242 - - [04/Apr/2016:17:15:07 -0300] "OPTIONS /surveys/l?q=Centro%20(Sul),%20Teresina%20-%20PI,%20Brasil HTTP/1.1" 204 0 "-" "Mozilla/5.0 (Windows NT 6.1; rv:45.0) Gecko/20100101 Firefox/45.0"
179.124.130.242 - - [04/Apr/2016:17:15:07 -0300] "OPTIONS /surveys/l?lat=-5.092002615880578&lon=-42.8037597 HTTP/1.1" 204 0 "-" "Mozilla/5.0 (Windows NT 6.1; rv:45.0) Gecko/20100101 Firefox/45.0"
179.124.130.242 - - [04/Apr/2016:17:15:07 -0300] "GET /surveys/l?q=Centro%20(Sul),%20Teresina%20-%20PI,%20Brasil HTTP/1.1" 200 98 "http://guardioesdasaude.org/health-map" "Mozilla/5.0 (Windows NT 6.1; rv:45.0) Gecko/20100101 Firefox/45.0"
179.124.130.242 - - [04/Apr/2016:17:15:07 -0300] "OPTIONS /surveys/summary?lat=-5.092002615880578&lon=-42.8037597 HTTP/1.1" 204 0 "-" "Mozilla/5.0 (Windows NT 6.1; rv:45.0) Gecko/20100101 Firefox/45.0"
179.124.130.242 - - [04/Apr/2016:17:15:08 -0300] "GET /surveys/l?lat=-5.092002615880578&lon=-42.8037597 HTTP/1.1" 200 56 "http://guardioesdasaude.org/health-map" "Mozilla/5.0 (Windows NT 6.1; rv:45.0) Gecko/20100101 Firefox/45.0"
179.124.130.242 - - [04/Apr/2016:17:15:08 -0300] "GET /surveys/summary?lat=-5.092002615880578&lon=-42.8037597 HTTP/1.1" 200 252 "http://guardioesdasaude.org/health-map" "Mozilla/5.0 (Windows NT 6.1; rv:45.0) Gecko/20100101 Firefox/45.0"
191.174.253.98 - - [04/Apr/2016:17:15:20 -0300] "GET /user/lookup/ HTTP/1.1" 200 1294 "-" "Guardioes da Saude/1.1.4 (iPhone; iOS 9.2; Scale/2.00)"
95.94.91.107 - - [04/Apr/2016:17:15:43 -0300] "GET /user/get?fb=577406002416534 HTTP/1.1" 200 56 "-" "Guardioes da Saude/1.1.4 (iPhone; iOS 9.3.1; Scale/3.00)"
200.149.177.96 - - [04/Apr/2016:17:16:18 -0300] "GET /user/get?fb=null HTTP/1.1" 200 56 "-" "Dalvik/2.1.0 (Linux; U; Android 5.0; SM-G900MD Build/LRX21T)"
200.149.177.96 - - [04/Apr/2016:17:16:19 -0300] "GET /user/get?fb=1092238130847414 HTTP/1.1" 200 56 "-" "Dalvik/2.1.0 (Linux; U; Android 5.0; SM-G900MD Build/LRX21T)"
200.149.177.96 - - [04/Apr/2016:17:16:43 -0300] "POST /user/create HTTP/1.1" 200 689 "-" "Dalvik/2.1.0 (Linux; U; Android 5.0; SM-G900MD Build/LRX21T)"
200.149.177.96 - - [04/Apr/2016:17:16:45 -0300] "POST /user/login HTTP/1.1" 200 848 "-" "Dalvik/2.1.0 (Linux; U; Android 5.0; SM-G900MD Build/LRX21T)"
95.94.91.107 - - [04/Apr/2016:17:16:46 -0300] "POST /user/create HTTP/1.1" 200 646 "-" "Guardioes da Saude/1.1.4 (iPhone; iOS 9.3.1; Scale/3.00)"
95.94.91.107 - - [04/Apr/2016:17:16:59 -0300] "GET /user/household/5702cbaed2abb8432e48e2e6 HTTP/1.1" 200 56 "-" "Guardioes da Saude/1.1.4 (iPhone; iOS 9.3.1; Scale/3.00)"
200.149.177.96 - - [04/Apr/2016:17:16:59 -0300] "GET /user/household/5702cbab1a19da082e9d93d0 HTTP/1.1" 200 56 "-" "Dalvik/2.1.0 (Linux; U; Android 5.0; SM-G900MD Build/LRX21T)"
200.149.177.96 - - [04/Apr/2016:17:17:00 -0300] "GET /user/calendar/year?year=2016 HTTP/1.1" 200 58 "-" "Dalvik/2.1.0 (Linux; U; Android 5.0; SM-G900MD Build/LRX21T)"
200.149.177.96 - - [04/Apr/2016:17:17:01 -0300] "GET /user/survey/summary HTTP/1.1" 200 66 "-" "Dalvik/2.1.0 (Linux; U; Android 5.0; SM-G900MD Build/LRX21T)"
95.94.91.107 - - [04/Apr/2016:17:17:15 -0300] "GET /user/household/5702cbaed2abb8432e48e2e6 HTTP/1.1" 200 56 "-" "Guardioes da Saude/1.1.4 (iPhone; iOS 9.3.1; Scale/3.00)"
95.94.91.107 - - [04/Apr/2016:17:17:16 -0300] "GET /user/calendar/year?&year=2016 HTTP/1.1" 200 58 "-" "Guardioes da Saude/1.1.4 (iPhone; iOS 9.3.1; Scale/3.00)"
95.94.91.107 - - [04/Apr/2016:17:17:16 -0300] "GET /user/survey/summary HTTP/1.1" 200 66 "-" "Guardioes da Saude/1.1.4 (iPhone; iOS 9.3.1; Scale/3.00)"
95.94.91.107 - - [04/Apr/2016:17:17:16 -0300] "GET /user/calendar/month?&month=4&year=2016 HTTP/1.1" 200 58 "-" "Guardioes da Saude/1.1.4 (iPhone; iOS 9.3.1; Scale/3.00)"
95.94.91.107 - - [04/Apr/2016:17:17:32 -0300] "GET /user/calendar/month?&month=5&year=2016 HTTP/1.1" 200 58 "-" "Guardioes da Saude/1.1.4 (iPhone; iOS 9.3.1; Scale/3.00)"
95.94.91.107 - - [04/Apr/2016:17:17:35 -0300] "GET /user/calendar/month?&month=4&year=2016 HTTP/1.1" 200 58 "-" "Guardioes da Saude/1.1.4 (iPhone; iOS 9.3.1; Scale/3.00)"
95.94.91.107 - - [04/Apr/2016:17:17:37 -0300] "GET /user/calendar/month?&month=3&year=2016 HTTP/1.1" 200 58 "-" "Guardioes da Saude/1.1.4 (iPhone; iOS 9.3.1; Scale/3.00)"
95.94.91.107 - - [04/Apr/2016:17:17:46 -0300] "GET /user/calendar/month?&month=2&year=2016 HTTP/1.1" 200 58 "-" "Guardioes da Saude/1.1.4 (iPhone; iOS 9.3.1; Scale/3.00)"
95.94.91.107 - - [04/Apr/2016:17:17:48 -0300] "GET /user/calendar/month?&month=3&year=2016 HTTP/1.1" 200 58 "-" "Guardioes da Saude/1.1.4 (iPhone; iOS 9.3.1; Scale/3.00)"
95.94.91.107 - - [04/Apr/2016:17:17:49 -0300] "GET /user/calendar/month?&month=4&year=2016 HTTP/1.1" 200 58 "-" "Guardioes da Saude/1.1.4 (iPhone; iOS 9.3.1; Scale/3.00)"
95.94.91.107 - - [04/Apr/2016:17:17:54 -0300] "GET /user/calendar/month?&month=5&year=2016 HTTP/1.1" 200 58 "-" "Guardioes da Saude/1.1.4 (iPhone; iOS 9.3.1; Scale/3.00)"
95.94.91.107 - - [04/Apr/2016:17:17:58 -0300] "GET /user/calendar/month?&month=6&year=2016 HTTP/1.1" 200 58 "-" "Guardioes da Saude/1.1.4 (iPhone; iOS 9.3.1; Scale/3.00)"
95.94.91.107 - - [04/Apr/2016:17:17:59 -0300] "GET /user/calendar/month?&month=7&year=2016 HTTP/1.1" 200 58 "-" "Guardioes da Saude/1.1.4 (iPhone; iOS 9.3.1; Scale/3.00)"
95.94.91.107 - - [04/Apr/2016:17:18:03 -0300] "GET /surveys/l?lat=38.807244&lon=-9.100668 HTTP/1.1" 200 56 "-" "Guardioes da Saude/1.1.4 (iPhone; iOS 9.3.1; Scale/3.00)"
95.94.91.107 - - [04/Apr/2016:17:18:04 -0300] "GET /surveys/summary?lat=38.80729089029022&lon=-9.100562771790754 HTTP/1.1" 200 215 "-" "Guardioes da Saude/1.1.4 (iPhone; iOS 9.3.1; Scale/3.00)"
95.94.91.107 - - [04/Apr/2016:17:18:16 -0300] "GET /news/get HTTP/1.1" 200 3907 "-" "Guardioes da Saude/1.1.4 (iPhone; iOS 9.3.1; Scale/3.00)"
187.64.68.198 - - [04/Apr/2016:17:18:33 -0300] "GET /user/get?fb=10207880865198449 HTTP/1.1" 200 56 "-" "Guardioes da Saude/1.1.4 (iPhone; iOS 9.3.1; Scale/2.00)"
187.64.68.198 - - [04/Apr/2016:17:19:17 -0300] "POST /user/create HTTP/1.1" 200 658 "-" "Guardioes da Saude/1.1.4 (iPhone; iOS 9.3.1; Scale/2.00)"
187.64.68.198 - - [04/Apr/2016:17:19:23 -0300] "GET /surveys/l?lat=-7.152081&lon=-34.848875 HTTP/1.1" 200 490 "-" "Guardioes da Saude/1.1.4 (iPhone; iOS 9.3.1; Scale/2.00)"
187.64.68.198 - - [04/Apr/2016:17:19:23 -0300] "GET /surveys/summary?lat=-7.152081217059467&lon=-34.84887534235708 HTTP/1.1" 200 243 "-" "Guardioes da Saude/1.1.4 (iPhone; iOS 9.3.1; Scale/2.00)"
187.64.68.198 - - [04/Apr/2016:17:19:50 -0300] "GET /user/household/5702cc4553072afe553aafa9 HTTP/1.1" 200 56 "-" "Guardioes da Saude/1.1.4 (iPhone; iOS 9.3.1; Scale/2.00)"
187.64.68.198 - - [04/Apr/2016:17:19:58 -0300] "GET /user/household/5702cc4553072afe553aafa9 HTTP/1.1" 200 56 "-" "Guardioes da Saude/1.1.4 (iPhone; iOS 9.3.1; Scale/2.00)"
187.64.68.198 - - [04/Apr/2016:17:20:15 -0300] "GET /user/household/5702cc4553072afe553aafa9 HTTP/1.1" 200 56 "-" "Guardioes da Saude/1.1.4 (iPhone; iOS 9.3.1; Scale/2.00)"
187.64.68.198 - - [04/Apr/2016:17:20:16 -0300] "GET /user/calendar/year?&year=2016 HTTP/1.1" 200 58 "-" "Guardioes da Saude/1.1.4 (iPhone; iOS 9.3.1; Scale/2.00)"
187.64.68.198 - - [04/Apr/2016:17:20:16 -0300] "GET /user/survey/summary HTTP/1.1" 200 66 "-" "Guardioes da Saude/1.1.4 (iPhone; iOS 9.3.1; Scale/2.00)"
187.64.68.198 - - [04/Apr/2016:17:20:17 -0300] "GET /user/calendar/month?&month=4&year=2016 HTTP/1.1" 200 58 "-" "Guardioes da Saude/1.1.4 (iPhone; iOS 9.3.1; Scale/2.00)"
187.64.68.198 - - [04/Apr/2016:17:20:23 -0300] "GET /news/get HTTP/1.1" 200 3905 "-" "Guardioes da Saude/1.1.4 (iPhone; iOS 9.3.1; Scale/2.00)"
187.64.68.198 - - [04/Apr/2016:17:20:37 -0300] "GET /user/household/5702cc4553072afe553aafa9 HTTP/1.1" 200 56 "-" "Guardioes da Saude/1.1.4 (iPhone; iOS 9.3.1; Scale/2.00)"
187.64.68.198 - - [04/Apr/2016:17:20:40 -0300] "GET /news/get HTTP/1.1" 200 3905 "-" "Guardioes da Saude/1.1.4 (iPhone; iOS 9.3.1; Scale/2.00)"
187.64.68.198 - - [04/Apr/2016:17:20:42 -0300] "GET /user/household/5702cc4553072afe553aafa9 HTTP/1.1" 200 56 "-" "Guardioes da Saude/1.1.4 (iPhone; iOS 9.3.1; Scale/2.00)"
187.59.113.84 - - [04/Apr/2016:17:22:10 -0300] "GET /user/get?gl=100532584974714356395 HTTP/1.1" 200 56 "-" "Dalvik/2.1.0 (Linux; U; Android 6.0.1; XT1563 Build/MPD24.107-52)"
179.154.230.28 - - [04/Apr/2016:17:22:28 -0300] "GET /user/get?fb=null HTTP/1.1" 200 56 "-" "Dalvik/2.1.0 (Linux; U; Android 6.0; XT1078 Build/MPB24.65-34)"
179.154.230.28 - - [04/Apr/2016:17:22:29 -0300] "GET /user/get?fb=1699089347038287 HTTP/1.1" 200 56 "-" "Dalvik/2.1.0 (Linux; U; Android 6.0; XT1078 Build/MPB24.65-34)"
187.59.113.84 - - [04/Apr/2016:17:22:44 -0300] "POST /user/create HTTP/1.1" 200 587 "-" "Dalvik/2.1.0 (Linux; U; Android 6.0.1; XT1563 Build/MPD24.107-52)"
187.59.113.84 - - [04/Apr/2016:17:22:46 -0300] "POST /user/login HTTP/1.1" 200 754 "-" "Dalvik/2.1.0 (Linux; U; Android 6.0.1; XT1563 Build/MPD24.107-52)"
201.13.110.102 - - [04/Apr/2016:17:24:13 -0300] "OPTIONS /search/cities?limit=5 HTTP/1.1" 204 0 "http://guardioesdasaude.org/" "Mozilla/5.0 (iPhone; CPU iPhone OS 9_3_1 like Mac OS X) AppleWebKit/601.1.46 (KHTML, like Gecko) Version/9.0 Mobile/13E238 Safari/601.1"
201.13.110.102 - - [04/Apr/2016:17:24:13 -0300] "GET /search/cities?limit=5 HTTP/1.1" 200 164 "http://guardioesdasaude.org/" "Mozilla/5.0 (iPhone; CPU iPhone OS 9_3_1 like Mac OS X) AppleWebKit/601.1.46 (KHTML, like Gecko) Version/9.0 Mobile/13E238 Safari/601.1"
179.154.230.28 - - [04/Apr/2016:17:24:16 -0300] "POST /user/create HTTP/1.1" 200 584 "-" "Dalvik/2.1.0 (Linux; U; Android 6.0; XT1078 Build/MPB24.65-34)"
179.154.230.28 - - [04/Apr/2016:17:24:17 -0300] "POST /user/login HTTP/1.1" 200 751 "-" "Dalvik/2.1.0 (Linux; U; Android 6.0; XT1078 Build/MPB24.65-34)"
179.154.230.28 - - [04/Apr/2016:17:24:26 -0300] "GET /user/household/5702cd7053072afe553aafaa HTTP/1.1" 200 56 "-" "Dalvik/2.1.0 (Linux; U; Android 6.0; XT1078 Build/MPB24.65-34)"
179.154.230.28 - - [04/Apr/2016:17:24:35 -0300] "GET /symptoms HTTP/1.1" 200 706 "-" "Dalvik/2.1.0 (Linux; U; Android 6.0; XT1078 Build/MPB24.65-34)"
179.154.230.28 - - [04/Apr/2016:17:24:38 -0300] "POST /survey/create HTTP/1.1" 200 431 "-" "Dalvik/2.1.0 (Linux; U; Android 6.0; XT1078 Build/MPB24.65-34)"
179.154.230.28 - - [04/Apr/2016:17:24:47 -0300] "GET /user/household/5702cd7053072afe553aafaa HTTP/1.1" 200 56 "-" "Dalvik/2.1.0 (Linux; U; Android 6.0; XT1078 Build/MPB24.65-34)"
179.154.230.28 - - [04/Apr/2016:17:24:51 -0300] "GET /symptoms HTTP/1.1" 200 706 "-" "Dalvik/2.1.0 (Linux; U; Android 6.0; XT1078 Build/MPB24.65-34)"
177.158.143.52 - - [04/Apr/2016:17:25:00 -0300] "POST /user/login HTTP/1.1" 200 77 "-" "Dalvik/2.1.0 (Linux; U; Android 5.0.1; LG-H422 Build/LRX21Y)"
177.158.143.52 - - [04/Apr/2016:17:25:20 -0300] "POST /user/login HTTP/1.1" 200 77 "-" "Dalvik/2.1.0 (Linux; U; Android 5.0.1; LG-H422 Build/LRX21Y)"
187.65.115.19 - - [04/Apr/2016:17:25:22 -0300] "GET /user/get?fb=992602147483640 HTTP/1.1" 200 56 "-" "Guardioes da Saude/1.1.4 (iPhone; iOS 9.3; Scale/2.00)"
179.154.230.28 - - [04/Apr/2016:17:25:23 -0300] "POST /survey/create HTTP/1.1" 200 453 "-" "Dalvik/2.1.0 (Linux; U; Android 6.0; XT1078 Build/MPB24.65-34)"
177.158.143.52 - - [04/Apr/2016:17:25:35 -0300] "GET /user/get?gl=108642012437565946087 HTTP/1.1" 200 56 "-" "Dalvik/2.1.0 (Linux; U; Android 5.0.1; LG-H422 Build/LRX21Y)"
201.13.110.102 - - [04/Apr/2016:17:25:37 -0300] "GET /search/cities?limit=5 HTTP/1.1" 200 164 "http://guardioesdasaude.org/" "Mozilla/5.0 (iPhone; CPU iPhone OS 9_3_1 like Mac OS X) AppleWebKit/601.1.46 (KHTML, like Gecko) Version/9.0 Mobile/13E238 Safari/601.1"
179.154.230.28 - - [04/Apr/2016:17:25:45 -0300] "GET /news/get HTTP/1.1" 200 3906 "-" "Dalvik/2.1.0 (Linux; U; Android 6.0; XT1078 Build/MPB24.65-34)"
186.205.182.98 - - [04/Apr/2016:17:25:48 -0300] "OPTIONS /search/cities?limit=5 HTTP/1.1" 204 0 "http://guardioesdasaude.org/" "Mozilla/5.0 (Linux; Android 4.1.2; GT-S6293T Build/JZO54K) AppleWebKit/537.36 (KHTML, like Gecko) Chrome/48.0.2564.95 Mobile Safari/537.36"
186.205.182.98 - - [04/Apr/2016:17:25:50 -0300] "GET /search/cities?limit=5 HTTP/1.1" 200 164 "http://guardioesdasaude.org/" "Mozilla/5.0 (Linux; Android 4.1.2; GT-S6293T Build/JZO54K) AppleWebKit/537.36 (KHTML, like Gecko) Chrome/48.0.2564.95 Mobile Safari/537.36"
187.65.115.19 - - [04/Apr/2016:17:25:56 -0300] "POST /user/create HTTP/1.1" 200 672 "-" "Guardioes da Saude/1.1.4 (iPhone; iOS 9.3; Scale/2.00)"
187.65.115.19 - - [04/Apr/2016:17:26:00 -0300] "GET /user/household/5702cdd453072afe553aafac HTTP/1.1" 200 56 "-" "Guardioes da Saude/1.1.4 (iPhone; iOS 9.3; Scale/2.00)"
201.17.183.159 - - [04/Apr/2016:17:26:02 -0300] "POST /user/login HTTP/1.1" 200 77 "-" "Dalvik/2.1.0 (Linux; U; Android 5.1; XT1033 Build/LPB23.13-56)"
186.205.182.98 - - [04/Apr/2016:17:26:04 -0300] "GET /search/cities?limit=5 HTTP/1.1" 200 164 "http://guardioesdasaude.org/" "Mozilla/5.0 (Linux; Android 4.1.2; GT-S6293T Build/JZO54K) AppleWebKit/537.36 (KHTML, like Gecko) Chrome/48.0.2564.95 Mobile Safari/537.36"
201.17.183.159 - - [04/Apr/2016:17:26:09 -0300] "POST /user/login HTTP/1.1" 200 77 "-" "Dalvik/2.1.0 (Linux; U; Android 5.1; XT1033 Build/LPB23.13-56)"
187.65.115.19 - - [04/Apr/2016:17:26:10 -0300] "POST /survey/create HTTP/1.1" 200 539 "-" "Guardioes da Saude/1.1.4 (iPhone; iOS 9.3; Scale/2.00)"
177.44.115.20 - - [04/Apr/2016:17:26:14 -0300] "GET /user/get?fb=null HTTP/1.1" 200 56 "-" "Dalvik/2.1.0 (Linux; U; Android 6.0; MotoG3 Build/MPI24.65-33.1)"
177.44.115.20 - - [04/Apr/2016:17:26:16 -0300] "GET /user/get?fb=10204706402414831 HTTP/1.1" 200 56 "-" "Dalvik/2.1.0 (Linux; U; Android 6.0; MotoG3 Build/MPI24.65-33.1)"
187.65.115.19 - - [04/Apr/2016:17:26:19 -0300] "GET /surveys/l?lat=-9.571379&lon=-35.774704 HTTP/1.1" 200 56 "-" "Guardioes da Saude/1.1.4 (iPhone; iOS 9.3; Scale/2.00)"
187.65.115.19 - - [04/Apr/2016:17:26:19 -0300] "GET /surveys/summary?lat=-9.571379&lon=-35.774704 HTTP/1.1" 200 242 "-" "Guardioes da Saude/1.1.4 (iPhone; iOS 9.3; Scale/2.00)"
201.17.183.159 - - [04/Apr/2016:17:26:24 -0300] "GET /user/get?gl=102874142543076148196 HTTP/1.1" 200 56 "-" "Dalvik/2.1.0 (Linux; U; Android 5.1; XT1033 Build/LPB23.13-56)"
201.17.183.159 - - [04/Apr/2016:17:26:39 -0300] "POST /user/create HTTP/1.1" 200 698 "-" "Dalvik/2.1.0 (Linux; U; Android 5.1; XT1033 Build/LPB23.13-56)"
201.17.183.159 - - [04/Apr/2016:17:26:40 -0300] "POST /user/login HTTP/1.1" 200 858 "-" "Dalvik/2.1.0 (Linux; U; Android 5.1; XT1033 Build/LPB23.13-56)"
201.17.183.159 - - [04/Apr/2016:17:26:48 -0300] "GET /user/household/5702cdff1a19da082e9d93d2 HTTP/1.1" 200 56 "-" "Dalvik/2.1.0 (Linux; U; Android 5.1; XT1033 Build/LPB23.13-56)"
177.44.115.20 - - [04/Apr/2016:17:26:51 -0300] "POST /user/create HTTP/1.1" 200 584 "-" "Dalvik/2.1.0 (Linux; U; Android 6.0; MotoG3 Build/MPI24.65-33.1)"
177.44.115.20 - - [04/Apr/2016:17:26:53 -0300] "POST /user/login HTTP/1.1" 200 751 "-" "Dalvik/2.1.0 (Linux; U; Android 6.0; MotoG3 Build/MPI24.65-33.1)"
187.65.115.19 - - [04/Apr/2016:17:26:58 -0300] "GET /news/get HTTP/1.1" 200 3905 "-" "Guardioes da Saude/1.1.4 (iPhone; iOS 9.3; Scale/2.00)"
177.44.115.20 - - [04/Apr/2016:17:27:00 -0300] "POST /user/create HTTP/1.1" 200 220 "-" "Dalvik/2.1.0 (Linux; U; Android 6.0; MotoG3 Build/MPI24.65-33.1)"
177.44.115.20 - - [04/Apr/2016:17:27:05 -0300] "POST /user/create HTTP/1.1" 200 220 "-" "Dalvik/2.1.0 (Linux; U; Android 6.0; MotoG3 Build/MPI24.65-33.1)"
187.65.115.19 - - [04/Apr/2016:17:27:11 -0300] "GET /user/household/5702cdd453072afe553aafac HTTP/1.1" 200 56 "-" "Guardioes da Saude/1.1.4 (iPhone; iOS 9.3; Scale/2.00)"
187.65.115.19 - - [04/Apr/2016:17:27:12 -0300] "GET /user/calendar/month?&month=4&year=2016 HTTP/1.1" 200 114 "-" "Guardioes da Saude/1.1.4 (iPhone; iOS 9.3; Scale/2.00)"
187.65.115.19 - - [04/Apr/2016:17:27:12 -0300] "GET /user/calendar/year?&year=2016 HTTP/1.1" 200 109 "-" "Guardioes da Saude/1.1.4 (iPhone; iOS 9.3; Scale/2.00)"
187.65.115.19 - - [04/Apr/2016:17:27:12 -0300] "GET /user/survey/summary HTTP/1.1" 200 69 "-" "Guardioes da Saude/1.1.4 (iPhone; iOS 9.3; Scale/2.00)"
201.17.183.159 - - [04/Apr/2016:17:27:27 -0300] "POST /household/create HTTP/1.1" 200 257 "-" "Dalvik/2.1.0 (Linux; U; Android 5.1; XT1033 Build/LPB23.13-56)"
201.17.183.159 - - [04/Apr/2016:17:27:28 -0300] "GET /user/lookup/ HTTP/1.1" 200 928 "-" "Dalvik/2.1.0 (Linux; U; Android 5.1; XT1033 Build/LPB23.13-56)"
186.205.182.98 - - [04/Apr/2016:17:27:33 -0300] "GET /search/cities?limit=5 HTTP/1.1" 200 164 "http://guardioesdasaude.org/" "Mozilla/5.0 (Linux; Android 4.1.2; GT-S6293T Build/JZO54K) AppleWebKit/537.36 (KHTML, like Gecko) Chrome/48.0.2564.95 Mobile Safari/537.36"
177.44.115.20 - - [04/Apr/2016:17:27:37 -0300] "POST /user/create HTTP/1.1" 200 220 "-" "Dalvik/2.1.0 (Linux; U; Android 6.0; MotoG3 Build/MPI24.65-33.1)"
201.17.183.159 - - [04/Apr/2016:17:27:49 -0300] "POST /survey/create HTTP/1.1" 200 540 "-" "Dalvik/2.1.0 (Linux; U; Android 5.1; XT1033 Build/LPB23.13-56)"
201.17.183.159 - - [04/Apr/2016:17:27:54 -0300] "GET /user/household/5702cdff1a19da082e9d93d2 HTTP/1.1" 200 665 "-" "Dalvik/2.1.0 (Linux; U; Android 5.1; XT1033 Build/LPB23.13-56)"
201.17.183.159 - - [04/Apr/2016:17:28:01 -0300] "POST /survey/create HTTP/1.1" 200 541 "-" "Dalvik/2.1.0 (Linux; U; Android 5.1; XT1033 Build/LPB23.13-56)"
177.44.115.20 - - [04/Apr/2016:17:28:09 -0300] "POST /user/create HTTP/1.1" 200 220 "-" "Dalvik/2.1.0 (Linux; U; Android 6.0; MotoG3 Build/MPI24.65-33.1)"
187.65.115.19 - - [04/Apr/2016:17:28:10 -0300] "GET /content/upas.json HTTP/1.1" 200 22982 "-" "Guardioes da Saude/1.1.4 (iPhone; iOS 9.3; Scale/2.00)"
201.17.183.159 - - [04/Apr/2016:17:28:10 -0300] "GET /news/get HTTP/1.1" 200 3905 "-" "Dalvik/2.1.0 (Linux; U; Android 5.1; XT1033 Build/LPB23.13-56)"
187.65.115.19 - - [04/Apr/2016:17:29:12 -0300] "GET /user/household/5702cdd453072afe553aafac HTTP/1.1" 200 56 "-" "Guardioes da Saude/1.1.4 (iPhone; iOS 9.3; Scale/2.00)"
187.65.115.19 - - [04/Apr/2016:17:29:17 -0300] "GET /user/household/5702cdd453072afe553aafac HTTP/1.1" 200 56 "-" "Guardioes da Saude/1.1.4 (iPhone; iOS 9.3; Scale/2.00)"
201.17.183.159 - - [04/Apr/2016:17:29:34 -0300] "GET /surveys/l?lon=-43.9329531&lat=-19.9315171 HTTP/1.1" 200 502 "-" "Dalvik/2.1.0 (Linux; U; Android 5.1; XT1033 Build/LPB23.13-56)"
201.17.183.159 - - [04/Apr/2016:17:29:36 -0300] "GET /surveys/summary/?lon=-43.9329531&lat=-19.9315171 HTTP/1.1" 200 240 "-" "Dalvik/2.1.0 (Linux; U; Android 5.1; XT1033 Build/LPB23.13-56)"
201.17.183.159 - - [04/Apr/2016:17:30:01 -0300] "GET /user/household/5702cdff1a19da082e9d93d2 HTTP/1.1" 200 665 "-" "Dalvik/2.1.0 (Linux; U; Android 5.1; XT1033 Build/LPB23.13-56)"
201.17.183.159 - - [04/Apr/2016:17:30:03 -0300] "GET /user/calendar/year?year=2016 HTTP/1.1" 200 109 "-" "Dalvik/2.1.0 (Linux; U; Android 5.1; XT1033 Build/LPB23.13-56)"
201.17.183.159 - - [04/Apr/2016:17:30:06 -0300] "GET /user/survey/summary HTTP/1.1" 200 69 "-" "Dalvik/2.1.0 (Linux; U; Android 5.1; XT1033 Build/LPB23.13-56)"
179.156.6.112 - - [04/Apr/2016:17:30:21 -0300] "OPTIONS /search/cities?limit=5 HTTP/1.1" 204 0 "http://guardioesdasaude.org/" "Mozilla/5.0 (iPhone; CPU iPhone OS 9_3 like Mac OS X) AppleWebKit/601.1.46 (KHTML, like Gecko) Mobile/13E233 [FBAN/FBIOS;FBAV/52.0.0.46.157;FBBV/26424168;FBDV/iPhone7,2;FBMD/iPhone;FBSN/iPhone OS;FBSV/9.3;FBSS/2; FBCR/ClaroBrasil;FBID/phone;FBLC/pt_BR;FBOP/5]"
179.156.6.112 - - [04/Apr/2016:17:30:21 -0300] "GET /search/cities?limit=5 HTTP/1.1" 200 164 "http://guardioesdasaude.org/" "Mozilla/5.0 (iPhone; CPU iPhone OS 9_3 like Mac OS X) AppleWebKit/601.1.46 (KHTML, like Gecko) Mobile/13E233 [FBAN/FBIOS;FBAV/52.0.0.46.157;FBBV/26424168;FBDV/iPhone7,2;FBMD/iPhone;FBSN/iPhone OS;FBSV/9.3;FBSS/2; FBCR/ClaroBrasil;FBID/phone;FBLC/pt_BR;FBOP/5]"
187.61.246.112 - - [04/Apr/2016:17:31:27 -0300] "GET /user/get?fb=998898380164694 HTTP/1.1" 200 56 "-" "Guardioes da Saude/1.1.4 (iPhone; iOS 9.3; Scale/2.00)"
177.158.143.52 - - [04/Apr/2016:17:31:34 -0300] "POST /user/create HTTP/1.1" 200 667 "-" "Dalvik/2.1.0 (Linux; U; Android 5.0.1; LG-H422 Build/LRX21Y)"
177.158.143.52 - - [04/Apr/2016:17:31:35 -0300] "POST /user/login HTTP/1.1" 200 833 "-" "Dalvik/2.1.0 (Linux; U; Android 5.0.1; LG-H422 Build/LRX21Y)"
187.61.246.112 - - [04/Apr/2016:17:31:40 -0300] "GET /user/get?fb=998898380164694 HTTP/1.1" 200 56 "-" "Guardioes da Saude/1.1.4 (iPhone; iOS 9.3; Scale/2.00)"
177.158.143.52 - - [04/Apr/2016:17:31:44 -0300] "GET /user/household/5702cf26d2abb8432e48e2e8 HTTP/1.1" 200 56 "-" "Dalvik/2.1.0 (Linux; U; Android 5.0.1; LG-H422 Build/LRX21Y)"
179.156.6.112 - - [04/Apr/2016:17:32:02 -0300] "GET /user/get?fb=868833323226038 HTTP/1.1" 200 56 "-" "Guardioes da Saude/1.1.4 (iPhone; iOS 9.3; Scale/2.00)"
187.61.246.112 - - [04/Apr/2016:17:32:19 -0300] "POST /user/login HTTP/1.1" 200 77 "-" "Guardioes da Saude/1.1.4 (iPhone; iOS 9.3; Scale/2.00)"
187.61.246.112 - - [04/Apr/2016:17:32:36 -0300] "GET /user/get?fb=998898380164694 HTTP/1.1" 200 56 "-" "Guardioes da Saude/1.1.4 (iPhone; iOS 9.3; Scale/2.00)"
179.156.6.112 - - [04/Apr/2016:17:32:50 -0300] "POST /user/create HTTP/1.1" 200 666 "-" "Guardioes da Saude/1.1.4 (iPhone; iOS 9.3; Scale/2.00)"
179.156.6.112 - - [04/Apr/2016:17:32:52 -0300] "GET /user/household/5702cf72d2abb8432e48e2e9 HTTP/1.1" 200 56 "-" "Guardioes da Saude/1.1.4 (iPhone; iOS 9.3; Scale/2.00)"
179.156.6.112 - - [04/Apr/2016:17:32:53 -0300] "GET /user/calendar/year?&year=2016 HTTP/1.1" 200 58 "-" "Guardioes da Saude/1.1.4 (iPhone; iOS 9.3; Scale/2.00)"
179.156.6.112 - - [04/Apr/2016:17:32:53 -0300] "GET /user/survey/summary HTTP/1.1" 200 66 "-" "Guardioes da Saude/1.1.4 (iPhone; iOS 9.3; Scale/2.00)"
179.156.6.112 - - [04/Apr/2016:17:32:53 -0300] "GET /user/calendar/month?&month=4&year=2016 HTTP/1.1" 200 58 "-" "Guardioes da Saude/1.1.4 (iPhone; iOS 9.3; Scale/2.00)"
187.61.246.112 - - [04/Apr/2016:17:33:23 -0300] "POST /user/create HTTP/1.1" 200 650 "-" "Guardioes da Saude/1.1.4 (iPhone; iOS 9.3; Scale/2.00)"
187.61.246.112 - - [04/Apr/2016:17:33:30 -0300] "GET /user/household/5702cf93aa0bef232ebe1ae4 HTTP/1.1" 200 56 "-" "Guardioes da Saude/1.1.4 (iPhone; iOS 9.3; Scale/2.00)"
187.61.246.112 - - [04/Apr/2016:17:33:37 -0300] "POST /survey/create HTTP/1.1" 200 527 "-" "Guardioes da Saude/1.1.4 (iPhone; iOS 9.3; Scale/2.00)"
187.61.246.112 - - [04/Apr/2016:17:33:49 -0300] "GET /news/get HTTP/1.1" 200 3905 "-" "Guardioes da Saude/1.1.4 (iPhone; iOS 9.3; Scale/2.00)"
179.156.6.112 - - [04/Apr/2016:17:34:42 -0300] "GET /user/household/5702cf72d2abb8432e48e2e9 HTTP/1.1" 200 56 "-" "Guardioes da Saude/1.1.4 (iPhone; iOS 9.3; Scale/2.00)"
179.156.6.112 - - [04/Apr/2016:17:35:00 -0300] "GET /user/household/5702cf72d2abb8432e48e2e9 HTTP/1.1" 200 56 "-" "Guardioes da Saude/1.1.4 (iPhone; iOS 9.3; Scale/2.00)"
179.156.6.112 - - [04/Apr/2016:17:35:08 -0300] "GET /user/household/5702cf72d2abb8432e48e2e9 HTTP/1.1" 200 56 "-" "Guardioes da Saude/1.1.4 (iPhone; iOS 9.3; Scale/2.00)"
179.156.6.112 - - [04/Apr/2016:17:35:17 -0300] "POST /survey/create HTTP/1.1" 200 537 "-" "Guardioes da Saude/1.1.4 (iPhone; iOS 9.3; Scale/2.00)"
179.156.6.112 - - [04/Apr/2016:17:35:26 -0300] "GET /user/household/5702cf72d2abb8432e48e2e9 HTTP/1.1" 200 56 "-" "Guardioes da Saude/1.1.4 (iPhone; iOS 9.3; Scale/2.00)"
179.156.6.112 - - [04/Apr/2016:17:35:27 -0300] "GET /user/survey/summary HTTP/1.1" 200 69 "-" "Guardioes da Saude/1.1.4 (iPhone; iOS 9.3; Scale/2.00)"
179.156.6.112 - - [04/Apr/2016:17:35:27 -0300] "GET /user/calendar/month?&month=4&year=2016 HTTP/1.1" 200 114 "-" "Guardioes da Saude/1.1.4 (iPhone; iOS 9.3; Scale/2.00)"
179.156.6.112 - - [04/Apr/2016:17:35:28 -0300] "GET /user/calendar/year?&year=2016 HTTP/1.1" 200 109 "-" "Guardioes da Saude/1.1.4 (iPhone; iOS 9.3; Scale/2.00)"
179.156.6.112 - - [04/Apr/2016:17:35:32 -0300] "GET /news/get HTTP/1.1" 200 3907 "-" "Guardioes da Saude/1.1.4 (iPhone; iOS 9.3; Scale/2.00)"
177.39.72.78 - - [04/Apr/2016:17:35:41 -0300] "GET /user/get?fb=1092272424126919 HTTP/1.1" 200 56 "-" "Guardioes da Saude/1.1.4 (iPhone; iOS 9.3.1; Scale/2.00)"
177.158.143.52 - - [04/Apr/2016:17:35:52 -0300] "POST /household/create HTTP/1.1" 200 281 "-" "Dalvik/2.1.0 (Linux; U; Android 5.0.1; LG-H422 Build/LRX21Y)"
177.158.143.52 - - [04/Apr/2016:17:35:53 -0300] "GET /user/lookup/ HTTP/1.1" 200 916 "-" "Dalvik/2.1.0 (Linux; U; Android 5.0.1; LG-H422 Build/LRX21Y)"
177.158.143.52 - - [04/Apr/2016:17:36:02 -0300] "GET /user/household/5702cf26d2abb8432e48e2e8 HTTP/1.1" 200 648 "-" "Dalvik/2.1.0 (Linux; U; Android 5.0.1; LG-H422 Build/LRX21Y)"
177.158.143.52 - - [04/Apr/2016:17:36:50 -0300] "POST /household/create HTTP/1.1" 200 256 "-" "Dalvik/2.1.0 (Linux; U; Android 5.0.1; LG-H422 Build/LRX21Y)"
177.158.143.52 - - [04/Apr/2016:17:36:51 -0300] "GET /user/lookup/ HTTP/1.1" 200 970 "-" "Dalvik/2.1.0 (Linux; U; Android 5.0.1; LG-H422 Build/LRX21Y)"
177.158.143.52 - - [04/Apr/2016:17:36:58 -0300] "GET /user/household/5702cf26d2abb8432e48e2e8 HTTP/1.1" 200 718 "-" "Dalvik/2.1.0 (Linux; U; Android 5.0.1; LG-H422 Build/LRX21Y)"
177.39.72.78 - - [04/Apr/2016:17:37:05 -0300] "POST /user/create HTTP/1.1" 200 581 "-" "Guardioes da Saude/1.1.4 (iPhone; iOS 9.3.1; Scale/2.00)"
177.39.72.78 - - [04/Apr/2016:17:37:12 -0300] "GET /surveys/l?lat=0.000000&lon=0.000000 HTTP/1.1" 200 14121 "-" "Guardioes da Saude/1.1.4 (iPhone; iOS 9.3.1; Scale/2.00)"
177.39.72.78 - - [04/Apr/2016:17:37:13 -0300] "GET /surveys/summary?lat=0&lon=0 HTTP/1.1" 200 141 "-" "Guardioes da Saude/1.1.4 (iPhone; iOS 9.3.1; Scale/2.00)"
177.179.132.249 - - [04/Apr/2016:17:37:34 -0300] "GET /user/lookup/ HTTP/1.1" 200 1684 "-" "Dalvik/2.1.0 (Linux; U; Android 5.1.1; LG-K130 Build/LMY47V)"
177.179.132.249 - - [04/Apr/2016:17:37:50 -0300] "GET /surveys/summary/?lon=-43.4506417&lat=-22.7286934 HTTP/1.1" 200 236 "-" "Dalvik/2.1.0 (Linux; U; Android 5.1.1; LG-K130 Build/LMY47V)"
177.179.132.249 - - [04/Apr/2016:17:37:51 -0300] "GET /surveys/l?lon=-43.4506417&lat=-22.7286934 HTTP/1.1" 200 664 "-" "Dalvik/2.1.0 (Linux; U; Android 5.1.1; LG-K130 Build/LMY47V)"
177.158.143.52 - - [04/Apr/2016:17:38:04 -0300] "POST /household/create HTTP/1.1" 200 255 "-" "Dalvik/2.1.0 (Linux; U; Android 5.0.1; LG-H422 Build/LRX21Y)"
177.158.143.52 - - [04/Apr/2016:17:38:05 -0300] "GET /user/lookup/ HTTP/1.1" 200 1032 "-" "Dalvik/2.1.0 (Linux; U; Android 5.0.1; LG-H422 Build/LRX21Y)"
177.179.132.249 - - [04/Apr/2016:17:38:21 -0300] "GET /news/get HTTP/1.1" 200 3907 "-" "Dalvik/2.1.0 (Linux; U; Android 5.1.1; LG-K130 Build/LMY47V)"
177.158.143.52 - - [04/Apr/2016:17:38:25 -0300] "GET /user/household/5702cf26d2abb8432e48e2e8 HTTP/1.1" 200 785 "-" "Dalvik/2.1.0 (Linux; U; Android 5.0.1; LG-H422 Build/LRX21Y)"
177.38.200.191 - - [04/Apr/2016:17:38:30 -0300] "OPTIONS /search/cities?limit=5 HTTP/1.1" 204 0 "http://guardioesdasaude.org/" "Mozilla/5.0 (Macintosh; Intel Mac OS X 10_11_4) AppleWebKit/537.36 (KHTML, like Gecko) Chrome/49.0.2623.110 Safari/537.36"
177.38.200.191 - - [04/Apr/2016:17:38:31 -0300] "GET /search/cities?limit=5 HTTP/1.1" 200 164 "http://guardioesdasaude.org/" "Mozilla/5.0 (Macintosh; Intel Mac OS X 10_11_4) AppleWebKit/537.36 (KHTML, like Gecko) Chrome/49.0.2623.110 Safari/537.36"
177.158.143.52 - - [04/Apr/2016:17:39:01 -0300] "GET /symptoms HTTP/1.1" 200 706 "-" "Dalvik/2.1.0 (Linux; U; Android 5.0.1; LG-H422 Build/LRX21Y)"
177.39.72.78 - - [04/Apr/2016:17:39:26 -0300] "GET /user/household/5702d07153072afe553aafb3 HTTP/1.1" 200 56 "-" "Guardioes da Saude/1.1.4 (iPhone; iOS 9.3.1; Scale/2.00)"
177.39.72.78 - - [04/Apr/2016:17:39:31 -0300] "GET /news/get HTTP/1.1" 200 3905 "-" "Guardioes da Saude/1.1.4 (iPhone; iOS 9.3.1; Scale/2.00)"
177.39.72.78 - - [04/Apr/2016:17:39:42 -0300] "GET /user/household/5702d07153072afe553aafb3 HTTP/1.1" 200 56 "-" "Guardioes da Saude/1.1.4 (iPhone; iOS 9.3.1; Scale/2.00)"
177.39.72.78 - - [04/Apr/2016:17:39:43 -0300] "GET /user/survey/summary HTTP/1.1" 200 66 "-" "Guardioes da Saude/1.1.4 (iPhone; iOS 9.3.1; Scale/2.00)"
177.39.72.78 - - [04/Apr/2016:17:39:43 -0300] "GET /user/calendar/month?&month=4&year=2016 HTTP/1.1" 200 58 "-" "Guardioes da Saude/1.1.4 (iPhone; iOS 9.3.1; Scale/2.00)"
177.39.72.78 - - [04/Apr/2016:17:39:43 -0300] "GET /user/calendar/year?&year=2016 HTTP/1.1" 200 58 "-" "Guardioes da Saude/1.1.4 (iPhone; iOS 9.3.1; Scale/2.00)"
177.158.143.52 - - [04/Apr/2016:17:40:10 -0300] "POST /survey/create HTTP/1.1" 200 571 "-" "Dalvik/2.1.0 (Linux; U; Android 5.0.1; LG-H422 Build/LRX21Y)"
177.158.143.52 - - [04/Apr/2016:17:41:12 -0300] "POST /survey/create HTTP/1.1" 200 570 "-" "Dalvik/2.1.0 (Linux; U; Android 5.0.1; LG-H422 Build/LRX21Y)"
177.158.143.52 - - [04/Apr/2016:17:41:44 -0300] "GET /news/get HTTP/1.1" 200 3906 "-" "Dalvik/2.1.0 (Linux; U; Android 5.0.1; LG-H422 Build/LRX21Y)"
177.158.143.52 - - [04/Apr/2016:17:41:50 -0300] "GET /news/get HTTP/1.1" 200 3906 "-" "Dalvik/2.1.0 (Linux; U; Android 5.0.1; LG-H422 Build/LRX21Y)"
189.123.58.194 - - [04/Apr/2016:17:43:07 -0300] "GET /user/get?fb=10201563524487321 HTTP/1.1" 200 56 "-" "Guardioes da Saude/1.1.4 (iPhone; iOS 9.2; Scale/2.00)"
187.94.48.2 - - [04/Apr/2016:17:43:26 -0300] "OPTIONS /search/cities?limit=5 HTTP/1.1" 204 0 "http://guardioesdasaude.org/" "Mozilla/5.0 (Windows NT 6.1; WOW64) AppleWebKit/537.36 (KHTML, like Gecko) Chrome/49.0.2623.110 Safari/537.36"
187.94.48.2 - - [04/Apr/2016:17:43:26 -0300] "GET /search/cities?limit=5 HTTP/1.1" 200 164 "http://guardioesdasaude.org/" "Mozilla/5.0 (Windows NT 6.1; WOW64) AppleWebKit/537.36 (KHTML, like Gecko) Chrome/49.0.2623.110 Safari/537.36"
189.123.58.194 - - [04/Apr/2016:17:43:34 -0300] "POST /user/create HTTP/1.1" 200 510 "-" "Guardioes da Saude/1.1.4 (iPhone; iOS 9.2; Scale/2.00)"
189.123.58.194 - - [04/Apr/2016:17:43:38 -0300] "GET /surveys/l?lat=-16.014745&lon=-48.052657 HTTP/1.1" 200 56 "-" "Guardioes da Saude/1.1.4 (iPhone; iOS 9.2; Scale/2.00)"
189.123.58.194 - - [04/Apr/2016:17:43:39 -0300] "GET /surveys/summary?lat=-16.0147563887195&lon=-48.05265060955101 HTTP/1.1" 200 212 "-" "Guardioes da Saude/1.1.4 (iPhone; iOS 9.2; Scale/2.00)"
189.123.58.194 - - [04/Apr/2016:17:43:47 -0300] "GET /news/get HTTP/1.1" 200 3905 "-" "Guardioes da Saude/1.1.4 (iPhone; iOS 9.2; Scale/2.00)"
187.94.48.2 - - [04/Apr/2016:17:43:58 -0300] "OPTIONS /surveys/l?q=Belo%20Horizonte,%20Belo%20Horizonte%20-%20MG,%20Brasil HTTP/1.1" 204 0 "http://guardioesdasaude.org/health-map" "Mozilla/5.0 (Windows NT 6.1; WOW64) AppleWebKit/537.36 (KHTML, like Gecko) Chrome/49.0.2623.110 Safari/537.36"
187.94.48.2 - - [04/Apr/2016:17:43:58 -0300] "GET /surveys/l?q=Belo%20Horizonte,%20Belo%20Horizonte%20-%20MG,%20Brasil HTTP/1.1" 200 515 "http://guardioesdasaude.org/health-map" "Mozilla/5.0 (Windows NT 6.1; WOW64) AppleWebKit/537.36 (KHTML, like Gecko) Chrome/49.0.2623.110 Safari/537.36"
187.94.48.2 - - [04/Apr/2016:17:43:59 -0300] "OPTIONS /surveys/summary?lat=-19.916651650163214&lon=-43.9344931 HTTP/1.1" 204 0 "http://guardioesdasaude.org/health-map" "Mozilla/5.0 (Windows NT 6.1; WOW64) AppleWebKit/537.36 (KHTML, like Gecko) Chrome/49.0.2623.110 Safari/537.36"
187.94.48.2 - - [04/Apr/2016:17:43:59 -0300] "OPTIONS /surveys/l?lat=-19.916651650163214&lon=-43.9344931 HTTP/1.1" 204 0 "http://guardioesdasaude.org/health-map" "Mozilla/5.0 (Windows NT 6.1; WOW64) AppleWebKit/537.36 (KHTML, like Gecko) Chrome/49.0.2623.110 Safari/537.36"
187.94.48.2 - - [04/Apr/2016:17:44:00 -0300] "GET /surveys/l?lat=-19.916651650163214&lon=-43.9344931 HTTP/1.1" 200 502 "http://guardioesdasaude.org/health-map" "Mozilla/5.0 (Windows NT 6.1; WOW64) AppleWebKit/537.36 (KHTML, like Gecko) Chrome/49.0.2623.110 Safari/537.36"
187.94.48.2 - - [04/Apr/2016:17:44:00 -0300] "OPTIONS /surveys/l?q=Ave%20Dos%20Andradas%20em%20frente%20ao%20numero%20220%20-%20Centro,%20Belo%20Horizonte%20-%20MG,%20Brasil HTTP/1.1" 204 0 "http://guardioesdasaude.org/health-map" "Mozilla/5.0 (Windows NT 6.1; WOW64) AppleWebKit/537.36 (KHTML, like Gecko) Chrome/49.0.2623.110 Safari/537.36"
187.94.48.2 - - [04/Apr/2016:17:44:00 -0300] "GET /surveys/summary?lat=-19.916651650163214&lon=-43.9344931 HTTP/1.1" 200 212 "http://guardioesdasaude.org/health-map" "Mozilla/5.0 (Windows NT 6.1; WOW64) AppleWebKit/537.36 (KHTML, like Gecko) Chrome/49.0.2623.110 Safari/537.36"
187.94.48.2 - - [04/Apr/2016:17:44:00 -0300] "GET /surveys/l?q=Ave%20Dos%20Andradas%20em%20frente%20ao%20numero%20220%20-%20Centro,%20Belo%20Horizonte%20-%20MG,%20Brasil HTTP/1.1" 200 545 "http://guardioesdasaude.org/health-map" "Mozilla/5.0 (Windows NT 6.1; WOW64) AppleWebKit/537.36 (KHTML, like Gecko) Chrome/49.0.2623.110 Safari/537.36"
189.123.58.194 - - [04/Apr/2016:17:44:03 -0300] "GET /user/household/5702d1f61a19da082e9d93da HTTP/1.1" 200 56 "-" "Guardioes da Saude/1.1.4 (iPhone; iOS 9.2; Scale/2.00)"
189.123.58.194 - - [04/Apr/2016:17:44:03 -0300] "GET /user/survey/summary HTTP/1.1" 200 66 "-" "Guardioes da Saude/1.1.4 (iPhone; iOS 9.2; Scale/2.00)"
189.123.58.194 - - [04/Apr/2016:17:44:03 -0300] "GET /user/calendar/month?&month=4&year=2016 HTTP/1.1" 200 58 "-" "Guardioes da Saude/1.1.4 (iPhone; iOS 9.2; Scale/2.00)"
189.123.58.194 - - [04/Apr/2016:17:44:03 -0300] "GET /user/calendar/year?&year=2016 HTTP/1.1" 200 58 "-" "Guardioes da Saude/1.1.4 (iPhone; iOS 9.2; Scale/2.00)"
187.94.48.2 - - [04/Apr/2016:17:44:17 -0300] "GET /search/cities?limit=5 HTTP/1.1" 200 164 "http://guardioesdasaude.org/" "Mozilla/5.0 (Windows NT 6.1; WOW64) AppleWebKit/537.36 (KHTML, like Gecko) Chrome/49.0.2623.110 Safari/537.36"
187.94.48.2 - - [04/Apr/2016:17:44:30 -0300] "OPTIONS /surveys/l?q=Nova%20Lima,%20Nova%20Lima%20-%20MG,%20Brasil HTTP/1.1" 204 0 "http://guardioesdasaude.org/health-map" "Mozilla/5.0 (Windows NT 6.1; WOW64) AppleWebKit/537.36 (KHTML, like Gecko) Chrome/49.0.2623.110 Safari/537.36"
187.94.48.2 - - [04/Apr/2016:17:44:30 -0300] "GET /surveys/l?q=Nova%20Lima,%20Nova%20Lima%20-%20MG,%20Brasil HTTP/1.1" 200 88 "http://guardioesdasaude.org/health-map" "Mozilla/5.0 (Windows NT 6.1; WOW64) AppleWebKit/537.36 (KHTML, like Gecko) Chrome/49.0.2623.110 Safari/537.36"
187.94.48.2 - - [04/Apr/2016:17:44:31 -0300] "OPTIONS /surveys/summary?lat=-23.599324837093427&lon=-46.44288833125006 HTTP/1.1" 204 0 "http://guardioesdasaude.org/health-map" "Mozilla/5.0 (Windows NT 6.1; WOW64) AppleWebKit/537.36 (KHTML, like Gecko) Chrome/49.0.2623.110 Safari/537.36"
187.94.48.2 - - [04/Apr/2016:17:44:31 -0300] "OPTIONS /surveys/l?lat=-23.599324837093427&lon=-46.44288833125006 HTTP/1.1" 204 0 "http://guardioesdasaude.org/health-map" "Mozilla/5.0 (Windows NT 6.1; WOW64) AppleWebKit/537.36 (KHTML, like Gecko) Chrome/49.0.2623.110 Safari/537.36"
187.94.48.2 - - [04/Apr/2016:17:44:31 -0300] "GET /surveys/l?lat=-23.599324837093427&lon=-46.44288833125006 HTTP/1.1" 200 56 "http://guardioesdasaude.org/health-map" "Mozilla/5.0 (Windows NT 6.1; WOW64) AppleWebKit/537.36 (KHTML, like Gecko) Chrome/49.0.2623.110 Safari/537.36"
187.94.48.2 - - [04/Apr/2016:17:44:31 -0300] "OPTIONS /surveys/l?q=Jardim%20Iguatemi,%20S%C3%A3o%20Paulo%20-%20SP,%20Brasil HTTP/1.1" 204 0 "http://guardioesdasaude.org/health-map" "Mozilla/5.0 (Windows NT 6.1; WOW64) AppleWebKit/537.36 (KHTML, like Gecko) Chrome/49.0.2623.110 Safari/537.36"
187.94.48.2 - - [04/Apr/2016:17:44:31 -0300] "GET /surveys/summary?lat=-23.599324837093427&lon=-46.44288833125006 HTTP/1.1" 200 236 "http://guardioesdasaude.org/health-map" "Mozilla/5.0 (Windows NT 6.1; WOW64) AppleWebKit/537.36 (KHTML, like Gecko) Chrome/49.0.2623.110 Safari/537.36"
187.94.48.2 - - [04/Apr/2016:17:44:31 -0300] "GET /surveys/l?q=Jardim%20Iguatemi,%20S%C3%A3o%20Paulo%20-%20SP,%20Brasil HTTP/1.1" 200 103 "http://guardioesdasaude.org/health-map" "Mozilla/5.0 (Windows NT 6.1; WOW64) AppleWebKit/537.36 (KHTML, like Gecko) Chrome/49.0.2623.110 Safari/537.36"
177.158.143.52 - - [04/Apr/2016:17:44:33 -0300] "GET /user/household/5702cf26d2abb8432e48e2e8 HTTP/1.1" 200 792 "-" "Dalvik/2.1.0 (Linux; U; Android 5.0.1; LG-H422 Build/LRX21Y)"
177.158.143.52 - - [04/Apr/2016:17:44:34 -0300] "GET /user/calendar/year?year=2016 HTTP/1.1" 200 109 "-" "Dalvik/2.1.0 (Linux; U; Android 5.0.1; LG-H422 Build/LRX21Y)"
177.158.143.52 - - [04/Apr/2016:17:44:36 -0300] "GET /user/survey/summary HTTP/1.1" 200 69 "-" "Dalvik/2.1.0 (Linux; U; Android 5.0.1; LG-H422 Build/LRX21Y)"
187.94.48.2 - - [04/Apr/2016:17:44:51 -0300] "OPTIONS /surveys/summary?lat=-19.9930478&lon=-43.848556599999995 HTTP/1.1" 204 0 "http://guardioesdasaude.org/health-map" "Mozilla/5.0 (Windows NT 6.1; WOW64) AppleWebKit/537.36 (KHTML, like Gecko) Chrome/49.0.2623.110 Safari/537.36"
187.94.48.2 - - [04/Apr/2016:17:44:51 -0300] "GET /surveys/l?q=Nova%20Lima,%20Nova%20Lima%20-%20MG,%20Brasil HTTP/1.1" 200 88 "http://guardioesdasaude.org/health-map" "Mozilla/5.0 (Windows NT 6.1; WOW64) AppleWebKit/537.36 (KHTML, like Gecko) Chrome/49.0.2623.110 Safari/537.36"
187.94.48.2 - - [04/Apr/2016:17:44:51 -0300] "GET /surveys/summary?lat=-19.9930478&lon=-43.848556599999995 HTTP/1.1" 200 239 "http://guardioesdasaude.org/health-map" "Mozilla/5.0 (Windows NT 6.1; WOW64) AppleWebKit/537.36 (KHTML, like Gecko) Chrome/49.0.2623.110 Safari/537.36"
187.94.48.2 - - [04/Apr/2016:17:44:51 -0300] "OPTIONS /surveys/summary?lat=-19.993018055517265&lon=-43.848556599999995 HTTP/1.1" 204 0 "http://guardioesdasaude.org/health-map" "Mozilla/5.0 (Windows NT 6.1; WOW64) AppleWebKit/537.36 (KHTML, like Gecko) Chrome/49.0.2623.110 Safari/537.36"
187.94.48.2 - - [04/Apr/2016:17:44:51 -0300] "OPTIONS /surveys/l?lat=-19.993018055517265&lon=-43.848556599999995 HTTP/1.1" 204 0 "http://guardioesdasaude.org/health-map" "Mozilla/5.0 (Windows NT 6.1; WOW64) AppleWebKit/537.36 (KHTML, like Gecko) Chrome/49.0.2623.110 Safari/537.36"
187.94.48.2 - - [04/Apr/2016:17:44:52 -0300] "GET /surveys/l?lat=-19.993018055517265&lon=-43.848556599999995 HTTP/1.1" 200 56 "http://guardioesdasaude.org/health-map" "Mozilla/5.0 (Windows NT 6.1; WOW64) AppleWebKit/537.36 (KHTML, like Gecko) Chrome/49.0.2623.110 Safari/537.36"
187.94.48.2 - - [04/Apr/2016:17:44:52 -0300] "OPTIONS /surveys/l?q=Cascalho,%20Nova%20Lima%20-%20MG,%20Brasil HTTP/1.1" 204 0 "http://guardioesdasaude.org/health-map" "Mozilla/5.0 (Windows NT 6.1; WOW64) AppleWebKit/537.36 (KHTML, like Gecko) Chrome/49.0.2623.110 Safari/537.36"
187.94.48.2 - - [04/Apr/2016:17:44:52 -0300] "GET /surveys/summary?lat=-19.993018055517265&lon=-43.848556599999995 HTTP/1.1" 200 239 "http://guardioesdasaude.org/health-map" "Mozilla/5.0 (Windows NT 6.1; WOW64) AppleWebKit/537.36 (KHTML, like Gecko) Chrome/49.0.2623.110 Safari/537.36"
187.94.48.2 - - [04/Apr/2016:17:44:52 -0300] "GET /surveys/l?q=Cascalho,%20Nova%20Lima%20-%20MG,%20Brasil HTTP/1.1" 200 95 "http://guardioesdasaude.org/health-map" "Mozilla/5.0 (Windows NT 6.1; WOW64) AppleWebKit/537.36 (KHTML, like Gecko) Chrome/49.0.2623.110 Safari/537.36"
189.123.58.194 - - [04/Apr/2016:17:45:08 -0300] "GET /user/household/5702d1f61a19da082e9d93da HTTP/1.1" 200 56 "-" "Guardioes da Saude/1.1.4 (iPhone; iOS 9.2; Scale/2.00)"
189.123.58.194 - - [04/Apr/2016:17:45:15 -0300] "POST /survey/create HTTP/1.1" 200 511 "-" "Guardioes da Saude/1.1.4 (iPhone; iOS 9.2; Scale/2.00)"
189.123.58.194 - - [04/Apr/2016:17:45:20 -0300] "GET /user/household/5702d1f61a19da082e9d93da HTTP/1.1" 200 56 "-" "Guardioes da Saude/1.1.4 (iPhone; iOS 9.2; Scale/2.00)"
189.123.58.194 - - [04/Apr/2016:17:45:20 -0300] "GET /user/calendar/year?&year=2016 HTTP/1.1" 200 109 "-" "Guardioes da Saude/1.1.4 (iPhone; iOS 9.2; Scale/2.00)"
189.123.58.194 - - [04/Apr/2016:17:45:20 -0300] "GET /user/calendar/month?&month=4&year=2016 HTTP/1.1" 200 114 "-" "Guardioes da Saude/1.1.4 (iPhone; iOS 9.2; Scale/2.00)"
189.123.58.194 - - [04/Apr/2016:17:45:20 -0300] "GET /user/survey/summary HTTP/1.1" 200 69 "-" "Guardioes da Saude/1.1.4 (iPhone; iOS 9.2; Scale/2.00)"
189.123.58.194 - - [04/Apr/2016:17:45:30 -0300] "GET /user/household/5702d1f61a19da082e9d93da HTTP/1.1" 200 56 "-" "Guardioes da Saude/1.1.4 (iPhone; iOS 9.2; Scale/2.00)"
177.158.143.52 - - [04/Apr/2016:17:45:30 -0300] "GET /user/lookup/ HTTP/1.1" 200 1241 "-" "Dalvik/2.1.0 (Linux; U; Android 5.0.1; LG-H422 Build/LRX21Y)"
189.123.58.194 - - [04/Apr/2016:17:45:36 -0300] "GET /user/household/5702d1f61a19da082e9d93da HTTP/1.1" 200 56 "-" "Guardioes da Saude/1.1.4 (iPhone; iOS 9.2; Scale/2.00)"
177.158.143.52 - - [04/Apr/2016:17:45:38 -0300] "GET /surveys/summary/?lon=-35.7076501&lat=-9.6479835 HTTP/1.1" 200 223 "-" "Dalvik/2.1.0 (Linux; U; Android 5.0.1; LG-H422 Build/LRX21Y)"
177.158.143.52 - - [04/Apr/2016:17:45:39 -0300] "GET /surveys/l?lon=-35.7076501&lat=-9.6479835 HTTP/1.1" 200 536 "-" "Dalvik/2.1.0 (Linux; U; Android 5.0.1; LG-H422 Build/LRX21Y)"
177.173.182.71 - - [04/Apr/2016:17:45:47 -0300] "POST /user/create HTTP/1.1" 200 645 "-" "Guardioes da Saude/1.1.4 (iPhone; iOS 9.3; Scale/2.00)"
177.173.182.71 - - [04/Apr/2016:17:45:55 -0300] "GET /news/get HTTP/1.1" 200 3906 "-" "Guardioes da Saude/1.1.4 (iPhone; iOS 9.3; Scale/2.00)"
177.173.182.71 - - [04/Apr/2016:17:45:57 -0300] "GET /surveys/l?lat=-28.887602&lon=-50.355193 HTTP/1.1" 200 56 "-" "Guardioes da Saude/1.1.4 (iPhone; iOS 9.3; Scale/2.00)"
