177.38.200.88 - - [23/May/2016:18:24:33 -0300] "GET /search/cities?limit=5 HTTP/1.1" 200 165 "http://olympics.guardioesdasaude.org/" "Mozilla/5.0 (Macintosh; Intel Mac OS X 10.11; rv:46.0) Gecko/20100101 Firefox/46.0"
177.38.200.88 - - [23/May/2016:18:24:33 -0300] "GET /search/cities?limit=5 HTTP/1.1" 200 165 "http://olympics.guardioesdasaude.org/" "Mozilla/5.0 (Macintosh; Intel Mac OS X 10.11; rv:46.0) Gecko/20100101 Firefox/46.0"
186.226.1.158 - - [23/May/2016:18:26:19 -0300] "GET /user/lookup/ HTTP/1.1" 200 743 "-" "Dalvik/2.1.0 (Linux; U; Android 5.1.1; SM-J500M Build/LMY48B)"
177.38.200.88 - - [23/May/2016:18:26:43 -0300] "GET /search/cities?limit=5 HTTP/1.1" 200 165 "http://olympics.guardioesdasaude.org/" "Mozilla/5.0 (Macintosh; Intel Mac OS X 10.11; rv:46.0) Gecko/20100101 Firefox/46.0"
177.38.200.88 - - [23/May/2016:18:26:43 -0300] "GET /search/cities?limit=5 HTTP/1.1" 200 165 "http://olympics.guardioesdasaude.org/" "Mozilla/5.0 (Macintosh; Intel Mac OS X 10.11; rv:46.0) Gecko/20100101 Firefox/46.0"
177.38.200.88 - - [23/May/2016:18:26:43 -0300] "GET /search/cities?limit=5 HTTP/1.1" 200 165 "http://olympics.guardioesdasaude.org/" "Mozilla/5.0 (Macintosh; Intel Mac OS X 10.11; rv:46.0) Gecko/20100101 Firefox/46.0"
177.38.200.88 - - [23/May/2016:18:28:52 -0300] "GET /search/cities?limit=5 HTTP/1.1" 200 165 "http://olympics.guardioesdasaude.org/" "Mozilla/5.0 (Macintosh; Intel Mac OS X 10.11; rv:46.0) Gecko/20100101 Firefox/46.0"
177.38.200.88 - - [23/May/2016:18:28:52 -0300] "GET /search/cities?limit=5 HTTP/1.1" 200 165 "http://olympics.guardioesdasaude.org/" "Mozilla/5.0 (Macintosh; Intel Mac OS X 10.11; rv:46.0) Gecko/20100101 Firefox/46.0"
177.38.200.88 - - [23/May/2016:18:28:52 -0300] "GET /search/cities?limit=5 HTTP/1.1" 200 165 "http://olympics.guardioesdasaude.org/" "Mozilla/5.0 (Macintosh; Intel Mac OS X 10.11; rv:46.0) Gecko/20100101 Firefox/46.0"
177.38.200.88 - - [23/May/2016:18:30:48 -0300] "GET /search/cities?limit=5 HTTP/1.1" 200 165 "http://olympics.guardioesdasaude.org/" "Mozilla/5.0 (Macintosh; Intel Mac OS X 10.11; rv:46.0) Gecko/20100101 Firefox/46.0"
177.38.200.88 - - [23/May/2016:18:30:48 -0300] "GET /search/cities?limit=5 HTTP/1.1" 200 165 "http://olympics.guardioesdasaude.org/" "Mozilla/5.0 (Macintosh; Intel Mac OS X 10.11; rv:46.0) Gecko/20100101 Firefox/46.0"
177.38.200.88 - - [23/May/2016:18:30:48 -0300] "GET /search/cities?limit=5 HTTP/1.1" 200 165 "http://olympics.guardioesdasaude.org/" "Mozilla/5.0 (Macintosh; Intel Mac OS X 10.11; rv:46.0) Gecko/20100101 Firefox/46.0"
54.163.55.90 - - [23/May/2016:18:31:19 -0300] "GET / HTTP/1.1" 200 11894 "-" "Mozilla/4.0 (compatible; MSIE 6.0; Windows NT 5.1; SV1; InfoPath.2)"
177.79.3.2 - - [23/May/2016:18:31:41 -0300] "OPTIONS /search/cities?limit=5 HTTP/1.1" 204 0 "http://guardioesdasaude.org/" "Mozilla/5.0 (Linux; Android 6.0; MotoG3 Build/MPI24.65-25.1) AppleWebKit/537.36 (KHTML, like Gecko) Chrome/50.0.2661.89 Mobile Safari/537.36"
177.79.3.2 - - [23/May/2016:18:31:42 -0300] "GET /search/cities?limit=5 HTTP/1.1" 200 165 "http://guardioesdasaude.org/" "Mozilla/5.0 (Linux; Android 6.0; MotoG3 Build/MPI24.65-25.1) AppleWebKit/537.36 (KHTML, like Gecko) Chrome/50.0.2661.89 Mobile Safari/537.36"
177.38.200.88 - - [23/May/2016:18:33:00 -0300] "GET /search/cities?limit=5 HTTP/1.1" 200 165 "http://olympics.guardioesdasaude.org/" "Mozilla/5.0 (Macintosh; Intel Mac OS X 10.11; rv:46.0) Gecko/20100101 Firefox/46.0"
177.38.200.88 - - [23/May/2016:18:33:00 -0300] "GET /search/cities?limit=5 HTTP/1.1" 200 165 "http://olympics.guardioesdasaude.org/" "Mozilla/5.0 (Macintosh; Intel Mac OS X 10.11; rv:46.0) Gecko/20100101 Firefox/46.0"
177.38.200.88 - - [23/May/2016:18:33:00 -0300] "GET /search/cities?limit=5 HTTP/1.1" 200 165 "http://olympics.guardioesdasaude.org/" "Mozilla/5.0 (Macintosh; Intel Mac OS X 10.11; rv:46.0) Gecko/20100101 Firefox/46.0"
177.38.200.88 - - [23/May/2016:18:35:25 -0300] "GET /search/cities?limit=5 HTTP/1.1" 200 165 "http://olympics.guardioesdasaude.org/" "Mozilla/5.0 (Macintosh; Intel Mac OS X 10.11; rv:46.0) Gecko/20100101 Firefox/46.0"
177.38.200.88 - - [23/May/2016:18:35:25 -0300] "GET /search/cities?limit=5 HTTP/1.1" 200 165 "http://olympics.guardioesdasaude.org/" "Mozilla/5.0 (Macintosh; Intel Mac OS X 10.11; rv:46.0) Gecko/20100101 Firefox/46.0"
177.38.200.88 - - [23/May/2016:18:35:25 -0300] "GET /search/cities?limit=5 HTTP/1.1" 200 165 "http://olympics.guardioesdasaude.org/" "Mozilla/5.0 (Macintosh; Intel Mac OS X 10.11; rv:46.0) Gecko/20100101 Firefox/46.0"
177.38.200.88 - - [23/May/2016:18:36:46 -0300] "GET /search/cities?limit=5 HTTP/1.1" 200 165 "http://olympics.guardioesdasaude.org/" "Mozilla/5.0 (Macintosh; Intel Mac OS X 10.11; rv:46.0) Gecko/20100101 Firefox/46.0"
177.38.200.88 - - [23/May/2016:18:36:46 -0300] "GET /search/cities?limit=5 HTTP/1.1" 200 165 "http://olympics.guardioesdasaude.org/" "Mozilla/5.0 (Macintosh; Intel Mac OS X 10.11; rv:46.0) Gecko/20100101 Firefox/46.0"
177.38.200.88 - - [23/May/2016:18:36:46 -0300] "GET /search/cities?limit=5 HTTP/1.1" 200 165 "http://olympics.guardioesdasaude.org/" "Mozilla/5.0 (Macintosh; Intel Mac OS X 10.11; rv:46.0) Gecko/20100101 Firefox/46.0"
177.38.200.88 - - [23/May/2016:18:38:12 -0300] "GET /search/cities?limit=5 HTTP/1.1" 200 165 "http://olympics.guardioesdasaude.org/" "Mozilla/5.0 (Macintosh; Intel Mac OS X 10.11; rv:46.0) Gecko/20100101 Firefox/46.0"
177.38.200.88 - - [23/May/2016:18:38:12 -0300] "GET /search/cities?limit=5 HTTP/1.1" 200 165 "http://olympics.guardioesdasaude.org/" "Mozilla/5.0 (Macintosh; Intel Mac OS X 10.11; rv:46.0) Gecko/20100101 Firefox/46.0"
177.38.200.88 - - [23/May/2016:18:38:12 -0300] "GET /search/cities?limit=5 HTTP/1.1" 200 165 "http://olympics.guardioesdasaude.org/" "Mozilla/5.0 (Macintosh; Intel Mac OS X 10.11; rv:46.0) Gecko/20100101 Firefox/46.0"
177.38.200.88 - - [23/May/2016:18:40:42 -0300] "GET /search/cities?limit=5 HTTP/1.1" 200 165 "http://olympics.guardioesdasaude.org/" "Mozilla/5.0 (Macintosh; Intel Mac OS X 10.11; rv:46.0) Gecko/20100101 Firefox/46.0"
177.38.200.88 - - [23/May/2016:18:40:42 -0300] "GET /search/cities?limit=5 HTTP/1.1" 200 165 "http://olympics.guardioesdasaude.org/" "Mozilla/5.0 (Macintosh; Intel Mac OS X 10.11; rv:46.0) Gecko/20100101 Firefox/46.0"
177.38.200.88 - - [23/May/2016:18:40:42 -0300] "GET /search/cities?limit=5 HTTP/1.1" 200 165 "http://olympics.guardioesdasaude.org/" "Mozilla/5.0 (Macintosh; Intel Mac OS X 10.11; rv:46.0) Gecko/20100101 Firefox/46.0"
177.158.253.151 - - [23/May/2016:18:40:47 -0300] "GET /user/lookup/ HTTP/1.1" 200 918 "-" "Dalvik/2.1.0 (Linux; U; Android 5.1.1; SM-J500M Build/LMY48B)"
177.158.253.151 - - [23/May/2016:18:40:55 -0300] "GET /user/calendar/month?&month=5&year=2016 HTTP/1.1" 200 116 "-" "Dalvik/2.1.0 (Linux; U; Android 5.1.1; SM-J500M Build/LMY48B)"
177.158.253.151 - - [23/May/2016:18:40:55 -0300] "GET /user/household/5733c1a3fb2af3c50833ae2d HTTP/1.1" 200 56 "-" "Dalvik/2.1.0 (Linux; U; Android 5.1.1; SM-J500M Build/LMY48B)"
177.158.253.151 - - [23/May/2016:18:40:55 -0300] "GET /user/calendar/year?year=2016 HTTP/1.1" 200 109 "-" "Dalvik/2.1.0 (Linux; U; Android 5.1.1; SM-J500M Build/LMY48B)"
177.158.253.151 - - [23/May/2016:18:40:56 -0300] "GET /user/survey/summary HTTP/1.1" 200 69 "-" "Dalvik/2.1.0 (Linux; U; Android 5.1.1; SM-J500M Build/LMY48B)"
177.158.253.151 - - [23/May/2016:18:40:56 -0300] "GET /user/calendar/day?day=23&month=5&year=2016 HTTP/1.1" 200 58 "-" "Dalvik/2.1.0 (Linux; U; Android 5.1.1; SM-J500M Build/LMY48B)"
177.158.253.151 - - [23/May/2016:18:41:02 -0300] "GET /user/calendar/month?&month=6&year=2016 HTTP/1.1" 200 58 "-" "Dalvik/2.1.0 (Linux; U; Android 5.1.1; SM-J500M Build/LMY48B)"
177.158.253.151 - - [23/May/2016:18:41:03 -0300] "GET /user/calendar/day?day=1&month=6&year=2016 HTTP/1.1" 200 58 "-" "Dalvik/2.1.0 (Linux; U; Android 5.1.1; SM-J500M Build/LMY48B)"
177.158.253.151 - - [23/May/2016:18:41:05 -0300] "GET /user/calendar/month?&month=5&year=2016 HTTP/1.1" 200 116 "-" "Dalvik/2.1.0 (Linux; U; Android 5.1.1; SM-J500M Build/LMY48B)"
177.158.253.151 - - [23/May/2016:18:41:06 -0300] "GET /user/calendar/day?day=1&month=5&year=2016 HTTP/1.1" 200 58 "-" "Dalvik/2.1.0 (Linux; U; Android 5.1.1; SM-J500M Build/LMY48B)"
177.158.253.151 - - [23/May/2016:18:41:09 -0300] "GET /user/calendar/day?day=23&month=5&year=2016 HTTP/1.1" 200 58 "-" "Dalvik/2.1.0 (Linux; U; Android 5.1.1; SM-J500M Build/LMY48B)"
177.158.253.151 - - [23/May/2016:18:41:23 -0300] "GET /user/household/5733c1a3fb2af3c50833ae2d HTTP/1.1" 200 56 "-" "Dalvik/2.1.0 (Linux; U; Android 5.1.1; SM-J500M Build/LMY48B)"
177.158.253.151 - - [23/May/2016:18:41:34 -0300] "POST /survey/create HTTP/1.1" 200 434 "-" "Dalvik/2.1.0 (Linux; U; Android 5.1.1; SM-J500M Build/LMY48B)"
177.158.253.151 - - [23/May/2016:18:41:51 -0300] "GET /user/household/5733c1a3fb2af3c50833ae2d HTTP/1.1" 200 56 "-" "Dalvik/2.1.0 (Linux; U; Android 5.1.1; SM-J500M Build/LMY48B)"
177.158.253.151 - - [23/May/2016:18:41:51 -0300] "GET /user/survey/summary HTTP/1.1" 200 69 "-" "Dalvik/2.1.0 (Linux; U; Android 5.1.1; SM-J500M Build/LMY48B)"
177.158.253.151 - - [23/May/2016:18:41:52 -0300] "GET /user/calendar/month?&month=5&year=2016 HTTP/1.1" 200 124 "-" "Dalvik/2.1.0 (Linux; U; Android 5.1.1; SM-J500M Build/LMY48B)"
177.158.253.151 - - [23/May/2016:18:41:53 -0300] "GET /user/calendar/year?year=2016 HTTP/1.1" 200 110 "-" "Dalvik/2.1.0 (Linux; U; Android 5.1.1; SM-J500M Build/LMY48B)"
177.158.253.151 - - [23/May/2016:18:41:55 -0300] "GET /user/calendar/day?day=23&month=5&year=2016 HTTP/1.1" 200 116 "-" "Dalvik/2.1.0 (Linux; U; Android 5.1.1; SM-J500M Build/LMY48B)"
177.38.200.88 - - [23/May/2016:18:41:57 -0300] "GET /search/cities?limit=5 HTTP/1.1" 200 165 "http://olympics.guardioesdasaude.org/" "Mozilla/5.0 (Macintosh; Intel Mac OS X 10.11; rv:46.0) Gecko/20100101 Firefox/46.0"
177.38.200.88 - - [23/May/2016:18:41:57 -0300] "GET /search/cities?limit=5 HTTP/1.1" 200 165 "http://olympics.guardioesdasaude.org/" "Mozilla/5.0 (Macintosh; Intel Mac OS X 10.11; rv:46.0) Gecko/20100101 Firefox/46.0"
177.38.200.88 - - [23/May/2016:18:41:57 -0300] "GET /search/cities?limit=5 HTTP/1.1" 200 165 "http://olympics.guardioesdasaude.org/" "Mozilla/5.0 (Macintosh; Intel Mac OS X 10.11; rv:46.0) Gecko/20100101 Firefox/46.0"
177.38.200.88 - - [23/May/2016:18:43:28 -0300] "GET /search/cities?limit=5 HTTP/1.1" 200 165 "http://olympics.guardioesdasaude.org/" "Mozilla/5.0 (Macintosh; Intel Mac OS X 10.11; rv:46.0) Gecko/20100101 Firefox/46.0"
177.38.200.88 - - [23/May/2016:18:43:28 -0300] "GET /search/cities?limit=5 HTTP/1.1" 200 165 "http://olympics.guardioesdasaude.org/" "Mozilla/5.0 (Macintosh; Intel Mac OS X 10.11; rv:46.0) Gecko/20100101 Firefox/46.0"
177.38.200.88 - - [23/May/2016:18:43:28 -0300] "GET /search/cities?limit=5 HTTP/1.1" 200 165 "http://olympics.guardioesdasaude.org/" "Mozilla/5.0 (Macintosh; Intel Mac OS X 10.11; rv:46.0) Gecko/20100101 Firefox/46.0"
177.38.200.88 - - [23/May/2016:18:46:24 -0300] "GET /search/cities?limit=5 HTTP/1.1" 200 165 "http://olympics.guardioesdasaude.org/" "Mozilla/5.0 (Macintosh; Intel Mac OS X 10.11; rv:46.0) Gecko/20100101 Firefox/46.0"
177.38.200.88 - - [23/May/2016:18:46:24 -0300] "GET /search/cities?limit=5 HTTP/1.1" 200 165 "http://olympics.guardioesdasaude.org/" "Mozilla/5.0 (Macintosh; Intel Mac OS X 10.11; rv:46.0) Gecko/20100101 Firefox/46.0"
177.38.200.88 - - [23/May/2016:18:46:24 -0300] "GET /search/cities?limit=5 HTTP/1.1" 200 165 "http://olympics.guardioesdasaude.org/" "Mozilla/5.0 (Macintosh; Intel Mac OS X 10.11; rv:46.0) Gecko/20100101 Firefox/46.0"
177.38.200.88 - - [23/May/2016:18:48:54 -0300] "GET /search/cities?limit=5 HTTP/1.1" 200 165 "http://olympics.guardioesdasaude.org/" "Mozilla/5.0 (Macintosh; Intel Mac OS X 10.11; rv:46.0) Gecko/20100101 Firefox/46.0"
177.38.200.88 - - [23/May/2016:18:48:54 -0300] "GET /search/cities?limit=5 HTTP/1.1" 200 165 "http://olympics.guardioesdasaude.org/" "Mozilla/5.0 (Macintosh; Intel Mac OS X 10.11; rv:46.0) Gecko/20100101 Firefox/46.0"
177.38.200.88 - - [23/May/2016:18:48:54 -0300] "GET /search/cities?limit=5 HTTP/1.1" 200 165 "http://olympics.guardioesdasaude.org/" "Mozilla/5.0 (Macintosh; Intel Mac OS X 10.11; rv:46.0) Gecko/20100101 Firefox/46.0"
177.38.200.88 - - [23/May/2016:18:50:32 -0300] "GET /search/cities?limit=5 HTTP/1.1" 200 165 "http://olympics.guardioesdasaude.org/" "Mozilla/5.0 (Macintosh; Intel Mac OS X 10.11; rv:46.0) Gecko/20100101 Firefox/46.0"
177.38.200.88 - - [23/May/2016:18:50:32 -0300] "GET /search/cities?limit=5 HTTP/1.1" 200 165 "http://olympics.guardioesdasaude.org/" "Mozilla/5.0 (Macintosh; Intel Mac OS X 10.11; rv:46.0) Gecko/20100101 Firefox/46.0"
177.38.200.88 - - [23/May/2016:18:50:32 -0300] "GET /search/cities?limit=5 HTTP/1.1" 200 165 "http://olympics.guardioesdasaude.org/" "Mozilla/5.0 (Macintosh; Intel Mac OS X 10.11; rv:46.0) Gecko/20100101 Firefox/46.0"
177.79.0.146 - - [23/May/2016:18:51:15 -0300] "OPTIONS /user/get?fb=10154401640829928 HTTP/1.1" 204 0 "http://guardioesdasaude.org/cadastro" "Mozilla/5.0 (Linux; Android 6.0; MotoG3 Build/MPI24.65-25.1) AppleWebKit/537.36 (KHTML, like Gecko) Chrome/50.0.2661.89 Mobile Safari/537.36"
177.79.0.146 - - [23/May/2016:18:51:15 -0300] "GET /user/get?fb=10154401640829928 HTTP/1.1" 200 56 "http://guardioesdasaude.org/cadastro" "Mozilla/5.0 (Linux; Android 6.0; MotoG3 Build/MPI24.65-25.1) AppleWebKit/537.36 (KHTML, like Gecko) Chrome/50.0.2661.89 Mobile Safari/537.36"
177.79.0.146 - - [23/May/2016:18:51:47 -0300] "OPTIONS /user/create HTTP/1.1" 204 0 "http://guardioesdasaude.org/cadastro" "Mozilla/5.0 (Linux; Android 6.0; MotoG3 Build/MPI24.65-25.1) AppleWebKit/537.36 (KHTML, like Gecko) Chrome/50.0.2661.89 Mobile Safari/537.36"
177.79.0.146 - - [23/May/2016:18:51:48 -0300] "POST /user/create HTTP/1.1" 200 463 "http://guardioesdasaude.org/cadastro" "Mozilla/5.0 (Linux; Android 6.0; MotoG3 Build/MPI24.65-25.1) AppleWebKit/537.36 (KHTML, like Gecko) Chrome/50.0.2661.89 Mobile Safari/537.36"
177.79.0.146 - - [23/May/2016:18:51:48 -0300] "OPTIONS /search/cities?limit=5 HTTP/1.1" 204 0 "http://guardioesdasaude.org/survey" "Mozilla/5.0 (Linux; Android 6.0; MotoG3 Build/MPI24.65-25.1) AppleWebKit/537.36 (KHTML, like Gecko) Chrome/50.0.2661.89 Mobile Safari/537.36"
177.79.0.146 - - [23/May/2016:18:51:48 -0300] "OPTIONS /search/cities?limit=5 HTTP/1.1" 204 0 "http://guardioesdasaude.org/survey" "Mozilla/5.0 (Linux; Android 6.0; MotoG3 Build/MPI24.65-25.1) AppleWebKit/537.36 (KHTML, like Gecko) Chrome/50.0.2661.89 Mobile Safari/537.36"
177.79.0.146 - - [23/May/2016:18:51:49 -0300] "GET /search/cities?limit=5 HTTP/1.1" 200 165 "http://guardioesdasaude.org/survey" "Mozilla/5.0 (Linux; Android 6.0; MotoG3 Build/MPI24.65-25.1) AppleWebKit/537.36 (KHTML, like Gecko) Chrome/50.0.2661.89 Mobile Safari/537.36"
177.79.0.146 - - [23/May/2016:18:51:49 -0300] "GET /search/cities?limit=5 HTTP/1.1" 200 165 "http://guardioesdasaude.org/survey" "Mozilla/5.0 (Linux; Android 6.0; MotoG3 Build/MPI24.65-25.1) AppleWebKit/537.36 (KHTML, like Gecko) Chrome/50.0.2661.89 Mobile Safari/537.36"
177.38.200.88 - - [23/May/2016:18:52:05 -0300] "GET /search/cities?limit=5 HTTP/1.1" 200 165 "http://olympics.guardioesdasaude.org/" "Mozilla/5.0 (Macintosh; Intel Mac OS X 10.11; rv:46.0) Gecko/20100101 Firefox/46.0"
177.38.200.88 - - [23/May/2016:18:52:05 -0300] "GET /search/cities?limit=5 HTTP/1.1" 200 165 "http://olympics.guardioesdasaude.org/" "Mozilla/5.0 (Macintosh; Intel Mac OS X 10.11; rv:46.0) Gecko/20100101 Firefox/46.0"
177.38.200.88 - - [23/May/2016:18:52:05 -0300] "GET /search/cities?limit=5 HTTP/1.1" 200 165 "http://olympics.guardioesdasaude.org/" "Mozilla/5.0 (Macintosh; Intel Mac OS X 10.11; rv:46.0) Gecko/20100101 Firefox/46.0"
177.38.200.88 - - [23/May/2016:18:53:25 -0300] "GET /search/cities?limit=5 HTTP/1.1" 200 165 "http://olympics.guardioesdasaude.org/" "Mozilla/5.0 (Macintosh; Intel Mac OS X 10.11; rv:46.0) Gecko/20100101 Firefox/46.0"
177.38.200.88 - - [23/May/2016:18:53:25 -0300] "GET /search/cities?limit=5 HTTP/1.1" 200 165 "http://olympics.guardioesdasaude.org/" "Mozilla/5.0 (Macintosh; Intel Mac OS X 10.11; rv:46.0) Gecko/20100101 Firefox/46.0"
177.38.200.88 - - [23/May/2016:18:53:26 -0300] "GET /search/cities?limit=5 HTTP/1.1" 200 165 "http://olympics.guardioesdasaude.org/" "Mozilla/5.0 (Macintosh; Intel Mac OS X 10.11; rv:46.0) Gecko/20100101 Firefox/46.0"
177.79.3.2 - - [23/May/2016:18:53:36 -0300] "OPTIONS /household/create HTTP/1.1" 204 0 "http://guardioesdasaude.org/survey" "Mozilla/5.0 (Linux; Android 6.0; MotoG3 Build/MPI24.65-25.1) AppleWebKit/537.36 (KHTML, like Gecko) Chrome/50.0.2661.89 Mobile Safari/537.36"
177.79.3.2 - - [23/May/2016:18:53:36 -0300] "POST /household/create HTTP/1.1" 200 398 "http://guardioesdasaude.org/survey" "Mozilla/5.0 (Linux; Android 6.0; MotoG3 Build/MPI24.65-25.1) AppleWebKit/537.36 (KHTML, like Gecko) Chrome/50.0.2661.89 Mobile Safari/537.36"
177.79.3.2 - - [23/May/2016:18:53:37 -0300] "OPTIONS /user/get/57437b740f40feac12d4d4b5 HTTP/1.1" 204 0 "http://guardioesdasaude.org/survey" "Mozilla/5.0 (Linux; Android 6.0; MotoG3 Build/MPI24.65-25.1) AppleWebKit/537.36 (KHTML, like Gecko) Chrome/50.0.2661.89 Mobile Safari/537.36"
177.79.3.2 - - [23/May/2016:18:53:37 -0300] "GET /user/get/57437b740f40feac12d4d4b5 HTTP/1.1" 200 676 "http://guardioesdasaude.org/survey" "Mozilla/5.0 (Linux; Android 6.0; MotoG3 Build/MPI24.65-25.1) AppleWebKit/537.36 (KHTML, like Gecko) Chrome/50.0.2661.89 Mobile Safari/537.36"
177.79.3.2 - - [23/May/2016:18:54:25 -0300] "OPTIONS /symptoms HTTP/1.1" 204 0 "http://guardioesdasaude.org/survey/household/57437be00f40feac12d4d4b6/step-2" "Mozilla/5.0 (Linux; Android 6.0; MotoG3 Build/MPI24.65-25.1) AppleWebKit/537.36 (KHTML, like Gecko) Chrome/50.0.2661.89 Mobile Safari/537.36"
177.79.3.2 - - [23/May/2016:18:54:25 -0300] "GET /symptoms HTTP/1.1" 200 706 "http://guardioesdasaude.org/survey/household/57437be00f40feac12d4d4b6/step-2" "Mozilla/5.0 (Linux; Android 6.0; MotoG3 Build/MPI24.65-25.1) AppleWebKit/537.36 (KHTML, like Gecko) Chrome/50.0.2661.89 Mobile Safari/537.36"
177.38.200.88 - - [23/May/2016:18:55:07 -0300] "GET /search/cities?limit=5 HTTP/1.1" 200 165 "http://olympics.guardioesdasaude.org/" "Mozilla/5.0 (Macintosh; Intel Mac OS X 10.11; rv:46.0) Gecko/20100101 Firefox/46.0"
177.38.200.88 - - [23/May/2016:18:55:07 -0300] "GET /search/cities?limit=5 HTTP/1.1" 200 165 "http://olympics.guardioesdasaude.org/" "Mozilla/5.0 (Macintosh; Intel Mac OS X 10.11; rv:46.0) Gecko/20100101 Firefox/46.0"
177.38.200.88 - - [23/May/2016:18:55:07 -0300] "GET /search/cities?limit=5 HTTP/1.1" 200 165 "http://olympics.guardioesdasaude.org/" "Mozilla/5.0 (Macintosh; Intel Mac OS X 10.11; rv:46.0) Gecko/20100101 Firefox/46.0"
177.79.3.2 - - [23/May/2016:18:56:35 -0300] "OPTIONS /search/cities?limit=5 HTTP/1.1" 204 0 "http://guardioesdasaude.org/" "Mozilla/5.0 (Linux; Android 6.0; MotoG3 Build/MPI24.65-25.1) AppleWebKit/537.36 (KHTML, like Gecko) Chrome/50.0.2661.89 Mobile Safari/537.36"
177.79.0.146 - - [23/May/2016:18:56:36 -0300] "OPTIONS /search/cities?limit=5 HTTP/1.1" 204 0 "http://guardioesdasaude.org/" "Mozilla/5.0 (Linux; Android 6.0; MotoG3 Build/MPI24.65-25.1) AppleWebKit/537.36 (KHTML, like Gecko) Chrome/50.0.2661.89 Mobile Safari/537.36"
177.79.3.2 - - [23/May/2016:18:56:36 -0300] "OPTIONS /search/cities?limit=5 HTTP/1.1" 204 0 "http://guardioesdasaude.org/" "Mozilla/5.0 (Linux; Android 6.0; MotoG3 Build/MPI24.65-25.1) AppleWebKit/537.36 (KHTML, like Gecko) Chrome/50.0.2661.89 Mobile Safari/537.36"
177.79.3.2 - - [23/May/2016:18:56:36 -0300] "GET /search/cities?limit=5 HTTP/1.1" 200 165 "http://guardioesdasaude.org/" "Mozilla/5.0 (Linux; Android 6.0; MotoG3 Build/MPI24.65-25.1) AppleWebKit/537.36 (KHTML, like Gecko) Chrome/50.0.2661.89 Mobile Safari/537.36"
177.79.3.2 - - [23/May/2016:18:56:36 -0300] "GET /search/cities?limit=5 HTTP/1.1" 200 165 "http://guardioesdasaude.org/" "Mozilla/5.0 (Linux; Android 6.0; MotoG3 Build/MPI24.65-25.1) AppleWebKit/537.36 (KHTML, like Gecko) Chrome/50.0.2661.89 Mobile Safari/537.36"
177.79.3.2 - - [23/May/2016:18:56:36 -0300] "GET /search/cities?limit=5 HTTP/1.1" 200 165 "http://guardioesdasaude.org/" "Mozilla/5.0 (Linux; Android 6.0; MotoG3 Build/MPI24.65-25.1) AppleWebKit/537.36 (KHTML, like Gecko) Chrome/50.0.2661.89 Mobile Safari/537.36"
177.38.200.88 - - [23/May/2016:18:57:01 -0300] "GET /search/cities?limit=5 HTTP/1.1" 200 165 "http://olympics.guardioesdasaude.org/" "Mozilla/5.0 (Macintosh; Intel Mac OS X 10.11; rv:46.0) Gecko/20100101 Firefox/46.0"
177.38.200.88 - - [23/May/2016:18:57:02 -0300] "GET /search/cities?limit=5 HTTP/1.1" 200 165 "http://olympics.guardioesdasaude.org/" "Mozilla/5.0 (Macintosh; Intel Mac OS X 10.11; rv:46.0) Gecko/20100101 Firefox/46.0"
177.38.200.88 - - [23/May/2016:18:57:02 -0300] "GET /search/cities?limit=5 HTTP/1.1" 200 165 "http://olympics.guardioesdasaude.org/" "Mozilla/5.0 (Macintosh; Intel Mac OS X 10.11; rv:46.0) Gecko/20100101 Firefox/46.0"
200.195.187.34 - - [23/May/2016:18:57:12 -0300] "GET /user/get?fb=null HTTP/1.1" 200 56 "-" "Dalvik/1.6.0 (Linux; U; Android 4.4.2; LG-D105 Build/KOT49I)"
200.195.187.34 - - [23/May/2016:18:57:13 -0300] "GET /user/get?fb=1084846158229160 HTTP/1.1" 200 56 "-" "Dalvik/1.6.0 (Linux; U; Android 4.4.2; LG-D105 Build/KOT49I)"
177.79.0.146 - - [23/May/2016:18:57:48 -0300] "GET /search/cities?limit=5 HTTP/1.1" 200 165 "http://guardioesdasaude.org/" "Mozilla/5.0 (Linux; Android 6.0; MotoG3 Build/MPI24.65-25.1) AppleWebKit/537.36 (KHTML, like Gecko) Chrome/50.0.2661.89 Mobile Safari/537.36"
177.38.200.88 - - [23/May/2016:18:58:47 -0300] "GET /search/cities?limit=5 HTTP/1.1" 200 165 "http://olympics.guardioesdasaude.org/" "Mozilla/5.0 (Macintosh; Intel Mac OS X 10.11; rv:46.0) Gecko/20100101 Firefox/46.0"
177.38.200.88 - - [23/May/2016:18:58:47 -0300] "GET /search/cities?limit=5 HTTP/1.1" 200 165 "http://olympics.guardioesdasaude.org/" "Mozilla/5.0 (Macintosh; Intel Mac OS X 10.11; rv:46.0) Gecko/20100101 Firefox/46.0"
177.38.200.88 - - [23/May/2016:18:58:47 -0300] "GET /search/cities?limit=5 HTTP/1.1" 200 165 "http://olympics.guardioesdasaude.org/" "Mozilla/5.0 (Macintosh; Intel Mac OS X 10.11; rv:46.0) Gecko/20100101 Firefox/46.0"
177.38.200.88 - - [23/May/2016:19:02:29 -0300] "GET /search/cities?limit=5 HTTP/1.1" 200 165 "http://olympics.guardioesdasaude.org/" "Mozilla/5.0 (Macintosh; Intel Mac OS X 10.11; rv:46.0) Gecko/20100101 Firefox/46.0"
177.38.200.88 - - [23/May/2016:19:02:29 -0300] "GET /search/cities?limit=5 HTTP/1.1" 200 165 "http://olympics.guardioesdasaude.org/" "Mozilla/5.0 (Macintosh; Intel Mac OS X 10.11; rv:46.0) Gecko/20100101 Firefox/46.0"
177.38.200.88 - - [23/May/2016:19:02:29 -0300] "GET /search/cities?limit=5 HTTP/1.1" 200 165 "http://olympics.guardioesdasaude.org/" "Mozilla/5.0 (Macintosh; Intel Mac OS X 10.11; rv:46.0) Gecko/20100101 Firefox/46.0"
177.38.200.88 - - [23/May/2016:19:03:55 -0300] "GET /search/cities?limit=5 HTTP/1.1" 200 165 "http://olympics.guardioesdasaude.org/" "Mozilla/5.0 (Macintosh; Intel Mac OS X 10.11; rv:46.0) Gecko/20100101 Firefox/46.0"
177.38.200.88 - - [23/May/2016:19:03:55 -0300] "GET /search/cities?limit=5 HTTP/1.1" 200 165 "http://olympics.guardioesdasaude.org/" "Mozilla/5.0 (Macintosh; Intel Mac OS X 10.11; rv:46.0) Gecko/20100101 Firefox/46.0"
177.38.200.88 - - [23/May/2016:19:03:55 -0300] "GET /search/cities?limit=5 HTTP/1.1" 200 165 "http://olympics.guardioesdasaude.org/" "Mozilla/5.0 (Macintosh; Intel Mac OS X 10.11; rv:46.0) Gecko/20100101 Firefox/46.0"
177.38.200.88 - - [23/May/2016:19:05:22 -0300] "GET /search/cities?limit=5 HTTP/1.1" 200 165 "http://olympics.guardioesdasaude.org/" "Mozilla/5.0 (Macintosh; Intel Mac OS X 10.11; rv:46.0) Gecko/20100101 Firefox/46.0"
177.38.200.88 - - [23/May/2016:19:05:22 -0300] "GET /search/cities?limit=5 HTTP/1.1" 200 165 "http://olympics.guardioesdasaude.org/" "Mozilla/5.0 (Macintosh; Intel Mac OS X 10.11; rv:46.0) Gecko/20100101 Firefox/46.0"
177.38.200.88 - - [23/May/2016:19:05:22 -0300] "GET /search/cities?limit=5 HTTP/1.1" 200 165 "http://olympics.guardioesdasaude.org/" "Mozilla/5.0 (Macintosh; Intel Mac OS X 10.11; rv:46.0) Gecko/20100101 Firefox/46.0"
177.38.200.88 - - [23/May/2016:19:07:21 -0300] "GET /search/cities?limit=5 HTTP/1.1" 200 165 "http://olympics.guardioesdasaude.org/" "Mozilla/5.0 (Macintosh; Intel Mac OS X 10.11; rv:46.0) Gecko/20100101 Firefox/46.0"
177.38.200.88 - - [23/May/2016:19:07:21 -0300] "GET /search/cities?limit=5 HTTP/1.1" 200 165 "http://olympics.guardioesdasaude.org/" "Mozilla/5.0 (Macintosh; Intel Mac OS X 10.11; rv:46.0) Gecko/20100101 Firefox/46.0"
177.38.200.88 - - [23/May/2016:19:07:21 -0300] "GET /search/cities?limit=5 HTTP/1.1" 200 165 "http://olympics.guardioesdasaude.org/" "Mozilla/5.0 (Macintosh; Intel Mac OS X 10.11; rv:46.0) Gecko/20100101 Firefox/46.0"
177.38.200.88 - - [23/May/2016:19:09:22 -0300] "GET /search/cities?limit=5 HTTP/1.1" 200 165 "http://olympics.guardioesdasaude.org/" "Mozilla/5.0 (Macintosh; Intel Mac OS X 10.11; rv:46.0) Gecko/20100101 Firefox/46.0"
177.38.200.88 - - [23/May/2016:19:09:22 -0300] "GET /search/cities?limit=5 HTTP/1.1" 200 165 "http://olympics.guardioesdasaude.org/" "Mozilla/5.0 (Macintosh; Intel Mac OS X 10.11; rv:46.0) Gecko/20100101 Firefox/46.0"
177.38.200.88 - - [23/May/2016:19:09:22 -0300] "GET /search/cities?limit=5 HTTP/1.1" 200 165 "http://olympics.guardioesdasaude.org/" "Mozilla/5.0 (Macintosh; Intel Mac OS X 10.11; rv:46.0) Gecko/20100101 Firefox/46.0"
177.79.3.2 - - [23/May/2016:19:26:18 -0300] "OPTIONS /search/cities?limit=5 HTTP/1.1" 204 0 "http://guardioesdasaude.org/" "Mozilla/5.0 (Linux; Android 6.0; MotoG3 Build/MPI24.65-25.1) AppleWebKit/537.36 (KHTML, like Gecko) Chrome/50.0.2661.89 Mobile Safari/537.36"
177.133.110.83 - - [23/May/2016:19:29:29 -0300] "OPTIONS /search/cities?limit=5 HTTP/1.1" 204 0 "http://guardioesdasaude.org/" "Mozilla/5.0 (Windows NT 10.0; WOW64) AppleWebKit/537.36 (KHTML, like Gecko) Chrome/50.0.2661.102 Safari/537.36"
177.133.110.83 - - [23/May/2016:19:29:29 -0300] "OPTIONS /search/cities?limit=5 HTTP/1.1" 204 0 "http://guardioesdasaude.org/" "Mozilla/5.0 (Windows NT 10.0; WOW64) AppleWebKit/537.36 (KHTML, like Gecko) Chrome/50.0.2661.102 Safari/537.36"
177.133.110.83 - - [23/May/2016:19:29:29 -0300] "GET /search/cities?limit=5 HTTP/1.1" 200 165 "http://guardioesdasaude.org/" "Mozilla/5.0 (Windows NT 10.0; WOW64) AppleWebKit/537.36 (KHTML, like Gecko) Chrome/50.0.2661.102 Safari/537.36"
177.133.110.83 - - [23/May/2016:19:29:29 -0300] "GET /search/cities?limit=5 HTTP/1.1" 200 165 "http://guardioesdasaude.org/" "Mozilla/5.0 (Windows NT 10.0; WOW64) AppleWebKit/537.36 (KHTML, like Gecko) Chrome/50.0.2661.102 Safari/537.36"
177.135.31.216 - - [23/May/2016:19:29:31 -0300] "OPTIONS /search/cities?limit=5 HTTP/1.1" 204 0 "http://guardioesdasaude.org/" "Mozilla/5.0 (Windows NT 10.0; WOW64) AppleWebKit/537.36 (KHTML, like Gecko) Chrome/50.0.2661.102 Safari/537.36"
177.135.31.216 - - [23/May/2016:19:29:31 -0300] "GET /search/cities?limit=5 HTTP/1.1" 200 165 "http://guardioesdasaude.org/" "Mozilla/5.0 (Windows NT 10.0; WOW64) AppleWebKit/537.36 (KHTML, like Gecko) Chrome/50.0.2661.102 Safari/537.36"
177.42.131.93 - - [23/May/2016:19:29:51 -0300] "OPTIONS /search/cities?limit=5 HTTP/1.1" 204 0 "http://guardioesdasaude.org/" "Mozilla/5.0 (Linux; Android 6.0.1; SM-G920I Build/MMB29K) AppleWebKit/537.36 (KHTML, like Gecko) Chrome/50.0.2661.89 Mobile Safari/537.36"
177.42.131.93 - - [23/May/2016:19:29:51 -0300] "GET /search/cities?limit=5 HTTP/1.1" 200 165 "http://guardioesdasaude.org/" "Mozilla/5.0 (Linux; Android 6.0.1; SM-G920I Build/MMB29K) AppleWebKit/537.36 (KHTML, like Gecko) Chrome/50.0.2661.89 Mobile Safari/537.36"
177.40.224.90 - - [23/May/2016:19:29:55 -0300] "OPTIONS /search/cities?limit=5 HTTP/1.1" 204 0 "http://guardioesdasaude.org/" "Mozilla/5.0 (Linux; Android 4.4.2; SM-T520 Build/KOT49H) AppleWebKit/537.36 (KHTML, like Gecko) Chrome/49.0.2623.91 Safari/537.36"
177.40.224.90 - - [23/May/2016:19:29:55 -0300] "GET /search/cities?limit=5 HTTP/1.1" 200 165 "http://guardioesdasaude.org/" "Mozilla/5.0 (Linux; Android 4.4.2; SM-T520 Build/KOT49H) AppleWebKit/537.36 (KHTML, like Gecko) Chrome/49.0.2623.91 Safari/537.36"
177.206.248.121 - - [23/May/2016:19:29:57 -0300] "OPTIONS /search/cities?limit=5 HTTP/1.1" 204 0 "http://guardioesdasaude.org/" "Mozilla/5.0 (Windows NT 6.1) AppleWebKit/537.36 (KHTML, like Gecko) Chrome/50.0.2661.102 Safari/537.36"
177.206.248.121 - - [23/May/2016:19:29:58 -0300] "GET /search/cities?limit=5 HTTP/1.1" 200 165 "http://guardioesdasaude.org/" "Mozilla/5.0 (Windows NT 6.1) AppleWebKit/537.36 (KHTML, like Gecko) Chrome/50.0.2661.102 Safari/537.36"
177.98.213.129 - - [23/May/2016:19:30:00 -0300] "OPTIONS /search/cities?limit=5 HTTP/1.1" 204 0 "-" "Mozilla/5.0 (Android 4.4.4; Mobile; rv:46.0) Gecko/46.0 Firefox/46.0"
177.98.213.129 - - [23/May/2016:19:30:00 -0300] "GET /search/cities?limit=5 HTTP/1.1" 200 165 "http://guardioesdasaude.org/" "Mozilla/5.0 (Android 4.4.4; Mobile; rv:46.0) Gecko/46.0 Firefox/46.0"
177.17.110.24 - - [23/May/2016:19:30:03 -0300] "OPTIONS /search/cities?limit=5 HTTP/1.1" 204 0 "http://guardioesdasaude.org/" "Mozilla/5.0 (Linux; Android 6.0; MotoE2(4G-LTE) Build/MPI24.65-39) AppleWebKit/537.36 (KHTML, like Gecko) Chrome/50.0.2661.89 Mobile Safari/537.36"
187.103.67.201 - - [23/May/2016:19:30:04 -0300] "OPTIONS /search/cities?limit=5 HTTP/1.1" 204 0 "http://guardioesdasaude.org/" "Mozilla/5.0 (Linux; Android 6.0; XT1069 Build/MPB24.65-34) AppleWebKit/537.36 (KHTML, like Gecko) Chrome/50.0.2661.89 Mobile Safari/537.36"
187.103.67.201 - - [23/May/2016:19:30:04 -0300] "OPTIONS /search/cities?limit=5 HTTP/1.1" 204 0 "http://guardioesdasaude.org/" "Mozilla/5.0 (Linux; Android 6.0; XT1069 Build/MPB24.65-34) AppleWebKit/537.36 (KHTML, like Gecko) Chrome/50.0.2661.89 Mobile Safari/537.36"
177.17.110.24 - - [23/May/2016:19:30:04 -0300] "GET /search/cities?limit=5 HTTP/1.1" 200 165 "http://guardioesdasaude.org/" "Mozilla/5.0 (Linux; Android 6.0; MotoE2(4G-LTE) Build/MPI24.65-39) AppleWebKit/537.36 (KHTML, like Gecko) Chrome/50.0.2661.89 Mobile Safari/537.36"
187.103.67.201 - - [23/May/2016:19:30:04 -0300] "GET /search/cities?limit=5 HTTP/1.1" 200 165 "http://guardioesdasaude.org/" "Mozilla/5.0 (Linux; Android 6.0; XT1069 Build/MPB24.65-34) AppleWebKit/537.36 (KHTML, like Gecko) Chrome/50.0.2661.89 Mobile Safari/537.36"
187.103.67.201 - - [23/May/2016:19:30:04 -0300] "GET /search/cities?limit=5 HTTP/1.1" 200 165 "http://guardioesdasaude.org/" "Mozilla/5.0 (Linux; Android 6.0; XT1069 Build/MPB24.65-34) AppleWebKit/537.36 (KHTML, like Gecko) Chrome/50.0.2661.89 Mobile Safari/537.36"
177.158.108.254 - - [23/May/2016:19:30:07 -0300] "OPTIONS /search/cities?limit=5 HTTP/1.1" 204 0 "http://guardioesdasaude.org/" "Mozilla/5.0 (Windows NT 6.3; WOW64) AppleWebKit/537.36 (KHTML, like Gecko) Chrome/50.0.2661.102 Safari/537.36"
177.158.108.254 - - [23/May/2016:19:30:08 -0300] "GET /search/cities?limit=5 HTTP/1.1" 200 165 "http://guardioesdasaude.org/" "Mozilla/5.0 (Windows NT 6.3; WOW64) AppleWebKit/537.36 (KHTML, like Gecko) Chrome/50.0.2661.102 Safari/537.36"
191.187.165.147 - - [23/May/2016:19:30:11 -0300] "GET /user/get?fb=null HTTP/1.1" 200 56 "-" "Dalvik/2.1.0 (Linux; U; Android 6.0.1; SM-G920I Build/MMB29K)"
191.187.165.147 - - [23/May/2016:19:30:12 -0300] "GET /user/get?fb=10209417976715773 HTTP/1.1" 200 56 "-" "Dalvik/2.1.0 (Linux; U; Android 6.0.1; SM-G920I Build/MMB29K)"
189.70.3.203 - - [23/May/2016:19:30:12 -0300] "OPTIONS /search/cities?limit=5 HTTP/1.1" 204 0 "http://guardioesdasaude.org/" "Mozilla/5.0 (Windows NT 6.1; WOW64) AppleWebKit/537.36 (KHTML, like Gecko) Chrome/50.0.2661.94 Safari/537.36 OPR/37.0.2178.43"
189.70.3.203 - - [23/May/2016:19:30:13 -0300] "GET /search/cities?limit=5 HTTP/1.1" 200 165 "http://guardioesdasaude.org/" "Mozilla/5.0 (Windows NT 6.1; WOW64) AppleWebKit/537.36 (KHTML, like Gecko) Chrome/50.0.2661.94 Safari/537.36 OPR/37.0.2178.43"
177.134.202.158 - - [23/May/2016:19:30:15 -0300] "OPTIONS /search/cities?limit=5 HTTP/1.1" 204 0 "http://guardioesdasaude.org/" "Mozilla/5.0 (iPhone; CPU iPhone OS 9_3_1 like Mac OS X) AppleWebKit/601.1.46 (KHTML, like Gecko) Version/9.0 Mobile/13E238 Safari/601.1"
177.134.202.158 - - [23/May/2016:19:30:16 -0300] "GET /search/cities?limit=5 HTTP/1.1" 200 165 "http://guardioesdasaude.org/" "Mozilla/5.0 (iPhone; CPU iPhone OS 9_3_1 like Mac OS X) AppleWebKit/601.1.46 (KHTML, like Gecko) Version/9.0 Mobile/13E238 Safari/601.1"
191.9.91.70 - - [23/May/2016:19:30:16 -0300] "OPTIONS /search/cities?limit=5 HTTP/1.1" 204 0 "http://guardioesdasaude.org/" "Mozilla/5.0 (Linux; Android 6.0; MotoG3 Build/MPI24.65-33.1) AppleWebKit/537.36 (KHTML, like Gecko) Chrome/50.0.2661.89 Mobile Safari/537.36"
191.9.91.70 - - [23/May/2016:19:30:16 -0300] "GET /search/cities?limit=5 HTTP/1.1" 200 165 "http://guardioesdasaude.org/" "Mozilla/5.0 (Linux; Android 6.0; MotoG3 Build/MPI24.65-33.1) AppleWebKit/537.36 (KHTML, like Gecko) Chrome/50.0.2661.89 Mobile Safari/537.36"
177.40.182.63 - - [23/May/2016:19:30:17 -0300] "OPTIONS /search/cities?limit=5 HTTP/1.1" 204 0 "http://guardioesdasaude.org/" "Mozilla/5.0 (Linux; Android 6.0.1; SAMSUNG SM-G920I Build/MMB29K) AppleWebKit/537.36 (KHTML, like Gecko) SamsungBrowser/4.0 Chrome/44.0.2403.133 Mobile Safari/537.36"
179.235.194.54 - - [23/May/2016:19:30:17 -0300] "OPTIONS /search/cities?limit=5 HTTP/1.1" 204 0 "http://guardioesdasaude.org/" "Mozilla/5.0 (Linux; Android 4.4.2; GT-I9192 Build/KOT49H) AppleWebKit/537.36 (KHTML, like Gecko) Chrome/50.0.2661.89 Mobile Safari/537.36"
177.40.182.63 - - [23/May/2016:19:30:17 -0300] "GET /search/cities?limit=5 HTTP/1.1" 200 165 "http://guardioesdasaude.org/" "Mozilla/5.0 (Linux; Android 6.0.1; SAMSUNG SM-G920I Build/MMB29K) AppleWebKit/537.36 (KHTML, like Gecko) SamsungBrowser/4.0 Chrome/44.0.2403.133 Mobile Safari/537.36"
179.235.194.54 - - [23/May/2016:19:30:17 -0300] "GET /search/cities?limit=5 HTTP/1.1" 200 165 "http://guardioesdasaude.org/" "Mozilla/5.0 (Linux; Android 4.4.2; GT-I9192 Build/KOT49H) AppleWebKit/537.36 (KHTML, like Gecko) Chrome/50.0.2661.89 Mobile Safari/537.36"
177.135.31.216 - - [23/May/2016:19:30:19 -0300] "OPTIONS /user/get?fb=1801079603455406 HTTP/1.1" 204 0 "http://guardioesdasaude.org/login" "Mozilla/5.0 (Windows NT 10.0; WOW64) AppleWebKit/537.36 (KHTML, like Gecko) Chrome/50.0.2661.102 Safari/537.36"
177.135.31.216 - - [23/May/2016:19:30:19 -0300] "GET /user/get?fb=1801079603455406 HTTP/1.1" 200 56 "http://guardioesdasaude.org/login" "Mozilla/5.0 (Windows NT 10.0; WOW64) AppleWebKit/537.36 (KHTML, like Gecko) Chrome/50.0.2661.102 Safari/537.36"
179.235.194.54 - - [23/May/2016:19:30:24 -0300] "GET /search/cities?limit=5 HTTP/1.1" 200 165 "http://guardioesdasaude.org/" "Mozilla/5.0 (Linux; Android 4.4.2; GT-I9192 Build/KOT49H) AppleWebKit/537.36 (KHTML, like Gecko) Chrome/50.0.2661.89 Mobile Safari/537.36"
187.58.102.255 - - [23/May/2016:19:30:28 -0300] "GET /user/get?tw=137285263 HTTP/1.1" 200 56 "-" "Guardioes da Saude/1.1.7 (iPhone; iOS 9.3.2; Scale/3.00)"
186.233.255.12 - - [23/May/2016:19:30:30 -0300] "OPTIONS /search/cities?limit=5 HTTP/1.1" 204 0 "http://guardioesdasaude.org/" "Mozilla/5.0 (Windows NT 10.0; WOW64) AppleWebKit/537.36 (KHTML, like Gecko) Chrome/50.0.2661.102 Safari/537.36"
177.133.110.83 - - [23/May/2016:19:30:30 -0300] "OPTIONS /user/get?fb=10154261578423750 HTTP/1.1" 204 0 "http://guardioesdasaude.org/login" "Mozilla/5.0 (Windows NT 10.0; WOW64) AppleWebKit/537.36 (KHTML, like Gecko) Chrome/50.0.2661.102 Safari/537.36"
177.133.110.83 - - [23/May/2016:19:30:30 -0300] "GET /user/get?fb=10154261578423750 HTTP/1.1" 200 56 "http://guardioesdasaude.org/login" "Mozilla/5.0 (Windows NT 10.0; WOW64) AppleWebKit/537.36 (KHTML, like Gecko) Chrome/50.0.2661.102 Safari/537.36"
186.233.255.12 - - [23/May/2016:19:30:30 -0300] "GET /search/cities?limit=5 HTTP/1.1" 200 165 "http://guardioesdasaude.org/" "Mozilla/5.0 (Windows NT 10.0; WOW64) AppleWebKit/537.36 (KHTML, like Gecko) Chrome/50.0.2661.102 Safari/537.36"
187.113.77.12 - - [23/May/2016:19:30:32 -0300] "OPTIONS /search/cities?limit=5 HTTP/1.1" 204 0 "-" "Mozilla/5.0 (Mobile; Windows Phone 8.1; Android 4.0; ARM; Trident/7.0; Touch; rv:11.0; IEMobile/11.0; NOKIA; Lumia 630 Dual SIM) like iPhone OS 7_0_3 Mac OS X AppleWebKit/537 (KHTML, like Gecko) Mobile Safari/537"
177.158.100.205 - - [23/May/2016:19:30:32 -0300] "POST /user/login HTTP/1.1" 200 77 "-" "Dalvik/2.1.0 (Linux; U; Android 6.0.1; SM-G920I Build/MMB29K)"
187.113.77.12 - - [23/May/2016:19:30:33 -0300] "GET /search/cities?limit=5 HTTP/1.1" 200 165 "http://guardioesdasaude.org/" "Mozilla/5.0 (Mobile; Windows Phone 8.1; Android 4.0; ARM; Trident/7.0; Touch; rv:11.0; IEMobile/11.0; NOKIA; Lumia 630 Dual SIM) like iPhone OS 7_0_3 Mac OS X AppleWebKit/537 (KHTML, like Gecko) Mobile Safari/537"
191.200.208.123 - - [23/May/2016:19:30:36 -0300] "OPTIONS /search/cities?limit=5 HTTP/1.1" 204 0 "http://guardioesdasaude.org/" "Mozilla/5.0 (iPhone; CPU iPhone OS 9_3_1 like Mac OS X) AppleWebKit/601.1 (KHTML, like Gecko) CriOS/49.0.2623.73 Mobile/13E238 Safari/601.1.46"
191.187.165.147 - - [23/May/2016:19:30:36 -0300] "POST /user/create HTTP/1.1" 200 475 "-" "Dalvik/2.1.0 (Linux; U; Android 6.0.1; SM-G920I Build/MMB29K)"
177.40.181.27 - - [23/May/2016:19:30:37 -0300] "OPTIONS /search/cities?limit=5 HTTP/1.1" 204 0 "http://guardioesdasaude.org/" "Mozilla/5.0 (iPhone; CPU iPhone OS 9_3_2 like Mac OS X) AppleWebKit/601.1 (KHTML, like Gecko) CriOS/50.0.2661.95 Mobile/13F69 Safari/601.1.46"
177.40.181.27 - - [23/May/2016:19:30:37 -0300] "GET /search/cities?limit=5 HTTP/1.1" 200 165 "http://guardioesdasaude.org/" "Mozilla/5.0 (iPhone; CPU iPhone OS 9_3_2 like Mac OS X) AppleWebKit/601.1 (KHTML, like Gecko) CriOS/50.0.2661.95 Mobile/13F69 Safari/601.1.46"
191.200.208.123 - - [23/May/2016:19:30:37 -0300] "GET /search/cities?limit=5 HTTP/1.1" 200 165 "http://guardioesdasaude.org/" "Mozilla/5.0 (iPhone; CPU iPhone OS 9_3_1 like Mac OS X) AppleWebKit/601.1 (KHTML, like Gecko) CriOS/49.0.2623.73 Mobile/13E238 Safari/601.1.46"
191.187.165.147 - - [23/May/2016:19:30:37 -0300] "POST /user/login HTTP/1.1" 200 660 "-" "Dalvik/2.1.0 (Linux; U; Android 6.0.1; SM-G920I Build/MMB29K)"
177.159.211.27 - - [23/May/2016:19:30:41 -0300] "OPTIONS /search/cities?limit=5 HTTP/1.1" 204 0 "http://guardioesdasaude.org/" "Mozilla/5.0 (Linux; Android 6.0; MotoE2(4G-LTE) Build/MPI24.65-39) AppleWebKit/537.36 (KHTML, like Gecko) Chrome/50.0.2661.89 Mobile Safari/537.36"
177.159.211.27 - - [23/May/2016:19:30:41 -0300] "GET /search/cities?limit=5 HTTP/1.1" 200 165 "http://guardioesdasaude.org/" "Mozilla/5.0 (Linux; Android 6.0; MotoE2(4G-LTE) Build/MPI24.65-39) AppleWebKit/537.36 (KHTML, like Gecko) Chrome/50.0.2661.89 Mobile Safari/537.36"
179.235.194.54 - - [23/May/2016:19:30:42 -0300] "GET /search/cities?limit=5 HTTP/1.1" 200 165 "http://guardioesdasaude.org/" "Mozilla/5.0 (Linux; Android 4.4.2; GT-I9192 Build/KOT49H) AppleWebKit/537.36 (KHTML, like Gecko) Chrome/50.0.2661.89 Mobile Safari/537.36"
177.98.158.103 - - [23/May/2016:19:30:44 -0300] "GET /user/get?fb=null HTTP/1.1" 200 56 "-" "Dalvik/2.1.0 (Linux; U; Android 5.1.1; D6543 Build/23.4.A.1.232)"
177.98.158.103 - - [23/May/2016:19:30:45 -0300] "GET /user/get?fb=995729457171093 HTTP/1.1" 200 56 "-" "Dalvik/2.1.0 (Linux; U; Android 5.1.1; D6543 Build/23.4.A.1.232)"
187.103.67.201 - - [23/May/2016:19:30:47 -0300] "GET /search/cities?limit=5 HTTP/1.1" 200 165 "http://guardioesdasaude.org/" "Mozilla/5.0 (Linux; Android 6.0; XT1069 Build/MPB24.65-34) AppleWebKit/537.36 (KHTML, like Gecko) Chrome/50.0.2661.89 Mobile Safari/537.36"
181.222.110.177 - - [23/May/2016:19:30:47 -0300] "GET /user/get?fb=null HTTP/1.1" 200 56 "-" "Dalvik/2.1.0 (Linux; U; Android 5.1.1; SM-J700M Build/LMY48B)"
181.222.110.177 - - [23/May/2016:19:30:48 -0300] "GET /user/get?fb=1020209051390152 HTTP/1.1" 200 56 "-" "Dalvik/2.1.0 (Linux; U; Android 5.1.1; SM-J700M Build/LMY48B)"
191.187.165.147 - - [23/May/2016:19:30:48 -0300] "GET /surveys/summary/?lon=-34.8838972&lat=-8.0982173 HTTP/1.1" 200 219 "-" "Dalvik/2.1.0 (Linux; U; Android 6.0.1; SM-G920I Build/MMB29K)"
177.36.5.246 - - [23/May/2016:19:30:48 -0300] "GET /user/get?tw=1394995008 HTTP/1.1" 200 56 "-" "Guardioes da Saude/1.1.7 (iPhone; iOS 9.3.2; Scale/2.00)"
191.33.33.241 - - [23/May/2016:19:30:49 -0300] "OPTIONS /search/cities?limit=5 HTTP/1.1" 204 0 "http://guardioesdasaude.org/" "Mozilla/5.0 (Linux; Android 6.0; XT1069 Build/MPB24.65-34) AppleWebKit/537.36 (KHTML, like Gecko) Chrome/50.0.2661.89 Mobile Safari/537.36"
186.233.255.12 - - [23/May/2016:19:30:49 -0300] "OPTIONS /user/get?fb=10209023196237976 HTTP/1.1" 204 0 "http://guardioesdasaude.org/cadastro" "Mozilla/5.0 (Windows NT 10.0; WOW64) AppleWebKit/537.36 (KHTML, like Gecko) Chrome/50.0.2661.102 Safari/537.36"
186.233.255.12 - - [23/May/2016:19:30:49 -0300] "GET /user/get?fb=10209023196237976 HTTP/1.1" 200 56 "http://guardioesdasaude.org/cadastro" "Mozilla/5.0 (Windows NT 10.0; WOW64) AppleWebKit/537.36 (KHTML, like Gecko) Chrome/50.0.2661.102 Safari/537.36"
191.187.165.147 - - [23/May/2016:19:30:49 -0300] "GET /surveys/l?lon=-34.8838972&lat=-8.0982173 HTTP/1.1" 200 515 "-" "Dalvik/2.1.0 (Linux; U; Android 6.0.1; SM-G920I Build/MMB29K)"
177.98.138.76 - - [23/May/2016:19:30:50 -0300] "OPTIONS /search/cities?limit=5 HTTP/1.1" 204 0 "http://guardioesdasaude.org/" "Mozilla/5.0 (Linux; Android 5.0; SM-G900M Build/LRX21T) AppleWebKit/537.36 (KHTML, like Gecko) Chrome/50.0.2661.89 Mobile Safari/537.36"
191.33.33.241 - - [23/May/2016:19:30:50 -0300] "GET /search/cities?limit=5 HTTP/1.1" 200 165 "http://guardioesdasaude.org/" "Mozilla/5.0 (Linux; Android 6.0; XT1069 Build/MPB24.65-34) AppleWebKit/537.36 (KHTML, like Gecko) Chrome/50.0.2661.89 Mobile Safari/537.36"
177.98.138.76 - - [23/May/2016:19:30:50 -0300] "GET /search/cities?limit=5 HTTP/1.1" 200 165 "http://guardioesdasaude.org/" "Mozilla/5.0 (Linux; Android 5.0; SM-G900M Build/LRX21T) AppleWebKit/537.36 (KHTML, like Gecko) Chrome/50.0.2661.89 Mobile Safari/537.36"
189.3.39.2 - - [23/May/2016:19:30:52 -0300] "OPTIONS /search/cities?limit=5 HTTP/1.1" 204 0 "http://guardioesdasaude.org/" "Mozilla/5.0 (Windows NT 6.1; WOW64) AppleWebKit/537.36 (KHTML, like Gecko) Chrome/50.0.2661.102 Safari/537.36"
187.59.243.203 - - [23/May/2016:19:30:52 -0300] "GET /user/get?fb=null HTTP/1.1" 200 56 "-" "Dalvik/2.1.0 (Linux; U; Android 5.0; LG-D855 Build/LRX21R)"
177.206.248.121 - - [23/May/2016:19:30:52 -0300] "OPTIONS /search/cities?limit=5 HTTP/1.1" 204 0 "http://guardioesdasaude.org/" "Mozilla/5.0 (Windows NT 10.0; WOW64) AppleWebKit/537.36 (KHTML, like Gecko) Chrome/50.0.2661.102 Safari/537.36"
189.3.39.2 - - [23/May/2016:19:30:53 -0300] "GET /search/cities?limit=5 HTTP/1.1" 200 165 "http://guardioesdasaude.org/" "Mozilla/5.0 (Windows NT 6.1; WOW64) AppleWebKit/537.36 (KHTML, like Gecko) Chrome/50.0.2661.102 Safari/537.36"
187.59.243.203 - - [23/May/2016:19:30:54 -0300] "GET /user/get?fb=1133759060016638 HTTP/1.1" 200 56 "-" "Dalvik/2.1.0 (Linux; U; Android 5.0; LG-D855 Build/LRX21R)"
177.206.248.121 - - [23/May/2016:19:30:55 -0300] "GET /search/cities?limit=5 HTTP/1.1" 200 165 "http://guardioesdasaude.org/" "Mozilla/5.0 (Windows NT 10.0; WOW64) AppleWebKit/537.36 (KHTML, like Gecko) Chrome/50.0.2661.102 Safari/537.36"
181.223.220.217 - - [23/May/2016:19:30:55 -0300] "GET /user/get?fb=null HTTP/1.1" 200 56 "-" "Dalvik/2.1.0 (Linux; U; Android 5.1.1; SM-J500M Build/LMY48B)"
179.191.16.82 - - [23/May/2016:19:30:56 -0300] "OPTIONS /search/cities?limit=5 HTTP/1.1" 204 0 "http://guardioesdasaude.org/" "Mozilla/5.0 (Windows NT 6.1) AppleWebKit/537.36 (KHTML, like Gecko) Chrome/39.0.2171.71 Safari/537.36"
179.191.16.82 - - [23/May/2016:19:30:56 -0300] "OPTIONS /search/cities?limit=5 HTTP/1.1" 204 0 "http://guardioesdasaude.org/" "Mozilla/5.0 (Windows NT 6.1) AppleWebKit/537.36 (KHTML, like Gecko) Chrome/39.0.2171.71 Safari/537.36"
179.108.255.55 - - [23/May/2016:19:30:56 -0300] "OPTIONS /search/cities?limit=5 HTTP/1.1" 204 0 "-" "Mozilla/5.0 (Mobile; Windows Phone 8.1; Android 4.0; ARM; Trident/7.0; Touch; rv:11.0; IEMobile/11.0; Microsoft; RM-1115) like iPhone OS 7_0_3 Mac OS X AppleWebKit/537 (KHTML, like Gecko) Mobile Safari/537"
179.191.16.82 - - [23/May/2016:19:30:56 -0300] "GET /search/cities?limit=5 HTTP/1.1" 200 165 "http://guardioesdasaude.org/" "Mozilla/5.0 (Windows NT 6.1) AppleWebKit/537.36 (KHTML, like Gecko) Chrome/39.0.2171.71 Safari/537.36"
179.235.194.54 - - [23/May/2016:19:30:56 -0300] "GET /search/cities?limit=5 HTTP/1.1" 200 165 "http://guardioesdasaude.org/" "Mozilla/5.0 (Linux; Android 4.4.2; GT-I9192 Build/KOT49H) AppleWebKit/537.36 (KHTML, like Gecko) Chrome/50.0.2661.89 Mobile Safari/537.36"
181.223.220.217 - - [23/May/2016:19:30:57 -0300] "GET /user/get?fb=857275191043779 HTTP/1.1" 200 56 "-" "Dalvik/2.1.0 (Linux; U; Android 5.1.1; SM-J500M Build/LMY48B)"
179.108.255.55 - - [23/May/2016:19:30:57 -0300] "GET /search/cities?limit=5 HTTP/1.1" 200 165 "http://guardioesdasaude.org/" "Mozilla/5.0 (Mobile; Windows Phone 8.1; Android 4.0; ARM; Trident/7.0; Touch; rv:11.0; IEMobile/11.0; Microsoft; RM-1115) like iPhone OS 7_0_3 Mac OS X AppleWebKit/537 (KHTML, like Gecko) Mobile Safari/537"
177.158.108.254 - - [23/May/2016:19:30:58 -0300] "GET /search/cities?limit=5 HTTP/1.1" 200 165 "http://guardioesdasaude.org/" "Mozilla/5.0 (Windows NT 6.3; WOW64) AppleWebKit/537.36 (KHTML, like Gecko) Chrome/50.0.2661.102 Safari/537.36"
177.105.79.147 - - [23/May/2016:19:30:59 -0300] "GET /user/get?fb=null HTTP/1.1" 200 56 "-" "Dalvik/2.1.0 (Linux; U; Android 5.1.1; SM-J500M Build/LMY48B)"
177.206.248.121 - - [23/May/2016:19:31:00 -0300] "GET /search/cities?limit=5 HTTP/1.1" 200 165 "http://guardioesdasaude.org/" "Mozilla/5.0 (Windows NT 6.1) AppleWebKit/537.36 (KHTML, like Gecko) Chrome/50.0.2661.102 Safari/537.36"
177.105.79.147 - - [23/May/2016:19:31:00 -0300] "GET /user/get?fb=1329807777047050 HTTP/1.1" 200 56 "-" "Dalvik/2.1.0 (Linux; U; Android 5.1.1; SM-J500M Build/LMY48B)"
186.233.255.12 - - [23/May/2016:19:31:01 -0300] "OPTIONS /user/create HTTP/1.1" 204 0 "http://guardioesdasaude.org/cadastro" "Mozilla/5.0 (Windows NT 10.0; WOW64) AppleWebKit/537.36 (KHTML, like Gecko) Chrome/50.0.2661.102 Safari/537.36"
189.40.100.67 - - [23/May/2016:19:31:01 -0300] "OPTIONS /search/cities?limit=5 HTTP/1.1" 204 0 "http://www.google.com.br/" "Mozilla/5.0 (Linux; Android 4.4.2; XT1025 Build/KXC20.82-13) AppleWebKit/537.36 (KHTML, like Gecko) Chrome/39.0.2171.93 Mobile Safari/537.36"
186.233.255.12 - - [23/May/2016:19:31:01 -0300] "POST /user/create HTTP/1.1" 200 468 "http://guardioesdasaude.org/cadastro" "Mozilla/5.0 (Windows NT 10.0; WOW64) AppleWebKit/537.36 (KHTML, like Gecko) Chrome/50.0.2661.102 Safari/537.36"
186.233.255.12 - - [23/May/2016:19:31:02 -0300] "GET /search/cities?limit=5 HTTP/1.1" 200 165 "http://guardioesdasaude.org/survey" "Mozilla/5.0 (Windows NT 10.0; WOW64) AppleWebKit/537.36 (KHTML, like Gecko) Chrome/50.0.2661.102 Safari/537.36"
186.233.255.12 - - [23/May/2016:19:31:02 -0300] "GET /search/cities?limit=5 HTTP/1.1" 200 165 "http://guardioesdasaude.org/survey" "Mozilla/5.0 (Windows NT 10.0; WOW64) AppleWebKit/537.36 (KHTML, like Gecko) Chrome/50.0.2661.102 Safari/537.36"
187.112.5.179 - - [23/May/2016:19:31:02 -0300] "GET /user/get?fb=null HTTP/1.1" 200 56 "-" "Dalvik/1.6.0 (Linux; U; Android 4.4.2; SM-G900M Build/KOT49H)"
189.40.100.67 - - [23/May/2016:19:31:03 -0300] "GET /search/cities?limit=5 HTTP/1.1" 200 165 "http://www.google.com.br/" "Mozilla/5.0 (Linux; Android 4.4.2; XT1025 Build/KXC20.82-13) AppleWebKit/537.36 (KHTML, like Gecko) Chrome/39.0.2171.93 Mobile Safari/537.36"
187.112.5.179 - - [23/May/2016:19:31:04 -0300] "GET /user/get?fb=660815977383919 HTTP/1.1" 200 56 "-" "Dalvik/1.6.0 (Linux; U; Android 4.4.2; SM-G900M Build/KOT49H)"
189.3.39.2 - - [23/May/2016:19:31:04 -0300] "OPTIONS /search/cities?limit=5 HTTP/1.1" 204 0 "http://guardioesdasaude.org/" "Mozilla/5.0 (Windows NT 6.1; WOW64) AppleWebKit/537.36 (KHTML, like Gecko) Chrome/50.0.2661.102 Safari/537.36"
189.3.39.2 - - [23/May/2016:19:31:04 -0300] "GET /search/cities?limit=5 HTTP/1.1" 200 165 "http://guardioesdasaude.org/" "Mozilla/5.0 (Windows NT 6.1; WOW64) AppleWebKit/537.36 (KHTML, like Gecko) Chrome/50.0.2661.102 Safari/537.36"
189.115.173.216 - - [23/May/2016:19:31:04 -0300] "GET /user/get?fb=null HTTP/1.1" 200 56 "-" "Dalvik/1.6.0 (Linux; U; Android 4.4.4; SM-G530BT Build/KTU84P)"
187.58.102.255 - - [23/May/2016:19:31:04 -0300] "POST /user/forgot-password HTTP/1.1" 200 74 "-" "Guardioes da Saude/1.1.7 (iPhone; iOS 9.3.2; Scale/3.00)"
177.17.96.82 - - [23/May/2016:19:31:05 -0300] "GET /user/get?fb=1072057942840374 HTTP/1.1" 200 56 "-" "Guardioes da Saude/1.1.7 (iPhone; iOS 9.3.2; Scale/2.00)"
189.115.173.216 - - [23/May/2016:19:31:06 -0300] "GET /user/get?fb=1104313596282021 HTTP/1.1" 200 56 "-" "Dalvik/1.6.0 (Linux; U; Android 4.4.4; SM-G530BT Build/KTU84P)"
177.98.215.54 - - [23/May/2016:19:31:06 -0300] "POST /user/login HTTP/1.1" 200 77 "-" "Dalvik/2.1.0 (Linux; U; Android 5.0; SM-G900M Build/LRX21T)"
191.187.165.147 - - [23/May/2016:19:31:08 -0300] "GET /news/get HTTP/1.1" 200 4150 "-" "Dalvik/2.1.0 (Linux; U; Android 6.0.1; SM-G920I Build/MMB29K)"
177.158.146.112 - - [23/May/2016:19:31:09 -0300] "OPTIONS /search/cities?limit=5 HTTP/1.1" 204 0 "http://guardioesdasaude.org/" "Mozilla/5.0 (Linux; Android 4.2.2; YPY_S500 Build/JDQ39) AppleWebKit/537.36 (KHTML, like Gecko) Chrome/50.0.2661.89 Mobile Safari/537.36"
187.103.67.201 - - [23/May/2016:19:31:09 -0300] "GET /search/cities?limit=5 HTTP/1.1" 200 165 "http://guardioesdasaude.org/" "Mozilla/5.0 (Linux; Android 6.0; XT1069 Build/MPB24.65-34) AppleWebKit/537.36 (KHTML, like Gecko) Chrome/50.0.2661.89 Mobile Safari/537.36"
