189.30.121.68 - - [03/Apr/2016:12:39:34 -0300] "GET /user/household/570138cb1a19da082e9d93a9 HTTP/1.1" 200 56 "-" "Guardioes da Saude/1.1.4 (iPhone; iOS 9.1; Scale/2.00)"
189.30.121.68 - - [03/Apr/2016:12:39:35 -0300] "GET /user/household/570138cb1a19da082e9d93a9 HTTP/1.1" 200 56 "-" "Guardioes da Saude/1.1.4 (iPhone; iOS 9.1; Scale/2.00)"
189.30.121.68 - - [03/Apr/2016:12:39:37 -0300] "GET /user/calendar/year?&year=2016 HTTP/1.1" 200 58 "-" "Guardioes da Saude/1.1.4 (iPhone; iOS 9.1; Scale/2.00)"
189.30.121.68 - - [03/Apr/2016:12:39:37 -0300] "GET /user/calendar/month?&month=4&year=2016 HTTP/1.1" 200 58 "-" "Guardioes da Saude/1.1.4 (iPhone; iOS 9.1; Scale/2.00)"
189.30.121.68 - - [03/Apr/2016:12:39:37 -0300] "GET /user/survey/summary HTTP/1.1" 200 66 "-" "Guardioes da Saude/1.1.4 (iPhone; iOS 9.1; Scale/2.00)"
191.247.224.59 - - [03/Apr/2016:12:44:32 -0300] "GET /user/lookup/ HTTP/1.1" 200 895 "-" "Dalvik/2.1.0 (Linux; U; Android 5.0; LG-D855 Build/LRX21R)"
191.247.224.59 - - [03/Apr/2016:12:44:36 -0300] "GET /user/household/56ff1131d2abb8432e48e264 HTTP/1.1" 200 56 "-" "Dalvik/2.1.0 (Linux; U; Android 5.0; LG-D855 Build/LRX21R)"
191.247.224.59 - - [03/Apr/2016:12:44:43 -0300] "GET /symptoms HTTP/1.1" 200 706 "-" "Dalvik/2.1.0 (Linux; U; Android 5.0; LG-D855 Build/LRX21R)"
179.180.30.117 - - [03/Apr/2016:12:44:59 -0300] "OPTIONS /search/cities?limit=5 HTTP/1.1" 204 0 "http://guardioesdasaude.org/" "Mozilla/5.0 (Windows NT 10.0; WOW64) AppleWebKit/537.36 (KHTML, like Gecko) Chrome/49.0.2623.110 Safari/537.36"
179.180.30.117 - - [03/Apr/2016:12:44:59 -0300] "GET /search/cities?limit=5 HTTP/1.1" 200 163 "http://guardioesdasaude.org/" "Mozilla/5.0 (Windows NT 10.0; WOW64) AppleWebKit/537.36 (KHTML, like Gecko) Chrome/49.0.2623.110 Safari/537.36"
191.247.224.59 - - [03/Apr/2016:12:45:04 -0300] "POST /survey/create HTTP/1.1" 200 432 "-" "Dalvik/2.1.0 (Linux; U; Android 5.0; LG-D855 Build/LRX21R)"
191.247.224.59 - - [03/Apr/2016:12:45:09 -0300] "GET /user/household/56ff1131d2abb8432e48e264 HTTP/1.1" 200 56 "-" "Dalvik/2.1.0 (Linux; U; Android 5.0; LG-D855 Build/LRX21R)"
191.247.224.59 - - [03/Apr/2016:12:45:13 -0300] "GET /symptoms HTTP/1.1" 200 706 "-" "Dalvik/2.1.0 (Linux; U; Android 5.0; LG-D855 Build/LRX21R)"
191.247.224.59 - - [03/Apr/2016:12:45:24 -0300] "POST /survey/create HTTP/1.1" 200 455 "-" "Dalvik/2.1.0 (Linux; U; Android 5.0; LG-D855 Build/LRX21R)"
138.36.35.238 - - [03/Apr/2016:12:48:18 -0300] "GET /user/get?fb=null HTTP/1.1" 200 56 "-" "Dalvik/2.1.0 (Linux; U; Android 6.0; XT1097 Build/MPE24.49-18)"
138.36.35.238 - - [03/Apr/2016:12:48:19 -0300] "GET /user/get?fb=1252460944782809 HTTP/1.1" 200 56 "-" "Dalvik/2.1.0 (Linux; U; Android 6.0; XT1097 Build/MPE24.49-18)"
138.36.35.238 - - [03/Apr/2016:12:48:46 -0300] "POST /user/create HTTP/1.1" 200 583 "-" "Dalvik/2.1.0 (Linux; U; Android 6.0; XT1097 Build/MPE24.49-18)"
138.36.35.238 - - [03/Apr/2016:12:48:47 -0300] "POST /user/login HTTP/1.1" 200 749 "-" "Dalvik/2.1.0 (Linux; U; Android 6.0; XT1097 Build/MPE24.49-18)"
138.36.35.238 - - [03/Apr/2016:12:48:52 -0300] "GET /news/get HTTP/1.1" 200 3990 "-" "Dalvik/2.1.0 (Linux; U; Android 6.0; XT1097 Build/MPE24.49-18)"
138.36.35.238 - - [03/Apr/2016:12:49:01 -0300] "GET /user/lookup/ HTTP/1.1" 200 714 "-" "Dalvik/2.1.0 (Linux; U; Android 6.0; XT1097 Build/MPE24.49-18)"
138.36.35.238 - - [03/Apr/2016:12:49:14 -0300] "GET /user/lookup/ HTTP/1.1" 200 715 "-" "Dalvik/2.1.0 (Linux; U; Android 6.0; XT1097 Build/MPE24.49-18)"
138.36.35.238 - - [03/Apr/2016:12:49:16 -0300] "GET /user/household/57013b5e53072afe553aaf73 HTTP/1.1" 200 56 "-" "Dalvik/2.1.0 (Linux; U; Android 6.0; XT1097 Build/MPE24.49-18)"
138.36.35.238 - - [03/Apr/2016:12:49:17 -0300] "GET /user/calendar/year?year=2016 HTTP/1.1" 200 58 "-" "Dalvik/2.1.0 (Linux; U; Android 6.0; XT1097 Build/MPE24.49-18)"
138.36.35.238 - - [03/Apr/2016:12:49:18 -0300] "GET /user/survey/summary HTTP/1.1" 200 66 "-" "Dalvik/2.1.0 (Linux; U; Android 6.0; XT1097 Build/MPE24.49-18)"
186.238.31.22 - - [03/Apr/2016:13:12:58 -0300] "GET /user/lookup/ HTTP/1.1" 200 804 "-" "Dalvik/2.1.0 (Linux; U; Android 5.0; K012 Build/LRX21V)"
186.238.31.22 - - [03/Apr/2016:13:13:53 -0300] "GET /user/lookup/ HTTP/1.1" 499 0 "-" "Dalvik/2.1.0 (Linux; U; Android 5.0; K012 Build/LRX21V)"
187.86.102.116 - - [03/Apr/2016:13:16:45 -0300] "GET /user/lookup/ HTTP/1.1" 200 1034 "-" "Dalvik/2.1.0 (Linux; U; Android 5.1; XT1033 Build/LPB23.13-56)"
177.79.5.42 - - [03/Apr/2016:13:37:43 -0300] "OPTIONS /search/cities?limit=5 HTTP/1.1" 204 0 "http://guardioesdasaude.org/" "Mozilla/5.0 (Linux; Android 5.0; SM-G900M Build/LRX21T) AppleWebKit/537.36 (KHTML, like Gecko) Chrome/47.0.2526.83 Mobile Safari/537.36"
177.79.5.42 - - [03/Apr/2016:13:37:44 -0300] "GET /search/cities?limit=5 HTTP/1.1" 200 163 "http://guardioesdasaude.org/" "Mozilla/5.0 (Linux; Android 5.0; SM-G900M Build/LRX21T) AppleWebKit/537.36 (KHTML, like Gecko) Chrome/47.0.2526.83 Mobile Safari/537.36"
189.70.145.5 - - [03/Apr/2016:13:46:59 -0300] "POST /user/login HTTP/1.1" 200 77 "-" "Dalvik/2.1.0 (Linux; U; Android 5.1.1; SM-E500M Build/LMY47X)"
189.70.145.5 - - [03/Apr/2016:13:47:17 -0300] "POST /user/login HTTP/1.1" 200 77 "-" "Dalvik/2.1.0 (Linux; U; Android 5.1.1; SM-E500M Build/LMY47X)"
189.70.145.5 - - [03/Apr/2016:13:47:19 -0300] "POST /user/login HTTP/1.1" 200 77 "-" "Dalvik/2.1.0 (Linux; U; Android 5.1.1; SM-E500M Build/LMY47X)"
189.70.145.5 - - [03/Apr/2016:13:47:22 -0300] "POST /user/login HTTP/1.1" 200 77 "-" "Dalvik/2.1.0 (Linux; U; Android 5.1.1; SM-E500M Build/LMY47X)"
189.70.145.5 - - [03/Apr/2016:13:47:37 -0300] "POST /user/login HTTP/1.1" 200 77 "-" "Dalvik/2.1.0 (Linux; U; Android 5.1.1; SM-E500M Build/LMY47X)"
189.70.145.5 - - [03/Apr/2016:13:48:02 -0300] "GET /user/get?fb=null HTTP/1.1" 200 56 "-" "Dalvik/2.1.0 (Linux; U; Android 5.1.1; SM-E500M Build/LMY47X)"
189.70.145.5 - - [03/Apr/2016:13:48:04 -0300] "GET /user/get?fb=990758247674627 HTTP/1.1" 200 56 "-" "Dalvik/2.1.0 (Linux; U; Android 5.1.1; SM-E500M Build/LMY47X)"
189.70.145.5 - - [03/Apr/2016:13:48:37 -0300] "POST /user/create HTTP/1.1" 200 586 "-" "Dalvik/2.1.0 (Linux; U; Android 5.1.1; SM-E500M Build/LMY47X)"
189.70.145.5 - - [03/Apr/2016:13:48:40 -0300] "POST /user/login HTTP/1.1" 200 789 "-" "Dalvik/2.1.0 (Linux; U; Android 5.1.1; SM-E500M Build/LMY47X)"
189.70.145.5 - - [03/Apr/2016:13:48:46 -0300] "GET /user/household/57014965d2abb8432e48e2bf HTTP/1.1" 200 56 "-" "Dalvik/2.1.0 (Linux; U; Android 5.1.1; SM-E500M Build/LMY47X)"
189.70.145.5 - - [03/Apr/2016:13:48:49 -0300] "GET /user/household/57014965d2abb8432e48e2bf HTTP/1.1" 200 56 "-" "Dalvik/2.1.0 (Linux; U; Android 5.1.1; SM-E500M Build/LMY47X)"
189.70.145.5 - - [03/Apr/2016:13:49:29 -0300] "POST /household/create HTTP/1.1" 200 231 "-" "Dalvik/2.1.0 (Linux; U; Android 5.1.1; SM-E500M Build/LMY47X)"
189.70.145.5 - - [03/Apr/2016:13:49:32 -0300] "GET /user/lookup/ HTTP/1.1" 200 795 "-" "Dalvik/2.1.0 (Linux; U; Android 5.1.1; SM-E500M Build/LMY47X)"
189.70.145.5 - - [03/Apr/2016:13:49:34 -0300] "POST /household/create HTTP/1.1" 200 223 "-" "Dalvik/2.1.0 (Linux; U; Android 5.1.1; SM-E500M Build/LMY47X)"
189.70.145.5 - - [03/Apr/2016:13:49:38 -0300] "GET /user/lookup/ HTTP/1.1" 200 819 "-" "Dalvik/2.1.0 (Linux; U; Android 5.1.1; SM-E500M Build/LMY47X)"
189.70.145.5 - - [03/Apr/2016:13:49:43 -0300] "GET /user/household/57014965d2abb8432e48e2bf HTTP/1.1" 200 558 "-" "Dalvik/2.1.0 (Linux; U; Android 5.1.1; SM-E500M Build/LMY47X)"
189.70.145.5 - - [03/Apr/2016:13:49:49 -0300] "GET /household/delete/5701499ed2abb8432e48e2c0?client=api HTTP/1.1" 200 83 "-" "Dalvik/2.1.0 (Linux; U; Android 5.1.1; SM-E500M Build/LMY47X)"
189.70.145.5 - - [03/Apr/2016:13:50:00 -0300] "GET /user/household/57014965d2abb8432e48e2bf HTTP/1.1" 200 525 "-" "Dalvik/2.1.0 (Linux; U; Android 5.1.1; SM-E500M Build/LMY47X)"
189.70.145.5 - - [03/Apr/2016:13:50:14 -0300] "GET /user/household/57014965d2abb8432e48e2bf HTTP/1.1" 200 525 "-" "Dalvik/2.1.0 (Linux; U; Android 5.1.1; SM-E500M Build/LMY47X)"
189.70.145.5 - - [03/Apr/2016:13:50:29 -0300] "GET /symptoms HTTP/1.1" 200 706 "-" "Dalvik/2.1.0 (Linux; U; Android 5.1.1; SM-E500M Build/LMY47X)"
189.70.145.5 - - [03/Apr/2016:13:51:02 -0300] "POST /survey/create HTTP/1.1" 200 484 "-" "Dalvik/2.1.0 (Linux; U; Android 5.1.1; SM-E500M Build/LMY47X)"
189.70.145.5 - - [03/Apr/2016:13:51:20 -0300] "GET /user/household/57014965d2abb8432e48e2bf HTTP/1.1" 200 525 "-" "Dalvik/2.1.0 (Linux; U; Android 5.1.1; SM-E500M Build/LMY47X)"
189.70.145.5 - - [03/Apr/2016:13:51:22 -0300] "GET /user/calendar/year?year=2016 HTTP/1.1" 200 109 "-" "Dalvik/2.1.0 (Linux; U; Android 5.1.1; SM-E500M Build/LMY47X)"
189.70.145.5 - - [03/Apr/2016:13:51:24 -0300] "GET /user/survey/summary HTTP/1.1" 200 69 "-" "Dalvik/2.1.0 (Linux; U; Android 5.1.1; SM-E500M Build/LMY47X)"
179.71.143.210 - - [03/Apr/2016:13:58:55 -0300] "GET /user/lookup/ HTTP/1.1" 200 1521 "-" "Dalvik/2.1.0 (Linux; U; Android 5.1.1; SM-E500M Build/LMY47X)"
177.79.5.42 - - [03/Apr/2016:14:02:28 -0300] "GET /user/get?gl=107406842719480888139 HTTP/1.1" 200 56 "-" "Dalvik/2.1.0 (Linux; U; Android 5.0; SM-G900M Build/LRX21T)"
177.79.7.59 - - [03/Apr/2016:14:02:49 -0300] "POST /user/create HTTP/1.1" 200 592 "-" "Dalvik/2.1.0 (Linux; U; Android 5.0; SM-G900M Build/LRX21T)"
177.79.5.42 - - [03/Apr/2016:14:02:51 -0300] "POST /user/login HTTP/1.1" 200 755 "-" "Dalvik/2.1.0 (Linux; U; Android 5.0; SM-G900M Build/LRX21T)"
177.79.7.59 - - [03/Apr/2016:14:02:53 -0300] "POST /user/create HTTP/1.1" 200 221 "-" "Dalvik/2.1.0 (Linux; U; Android 5.0; SM-G900M Build/LRX21T)"
177.79.7.59 - - [03/Apr/2016:14:03:16 -0300] "GET /user/household/57014cb9aa0bef232ebe1ab5 HTTP/1.1" 200 56 "-" "Dalvik/2.1.0 (Linux; U; Android 5.0; SM-G900M Build/LRX21T)"
177.79.7.59 - - [03/Apr/2016:14:03:41 -0300] "POST /survey/create HTTP/1.1" 200 431 "-" "Dalvik/2.1.0 (Linux; U; Android 5.0; SM-G900M Build/LRX21T)"
177.79.5.42 - - [03/Apr/2016:14:03:58 -0300] "GET /news/get HTTP/1.1" 200 3981 "-" "Dalvik/2.1.0 (Linux; U; Android 5.0; SM-G900M Build/LRX21T)"
177.79.5.42 - - [03/Apr/2016:14:04:50 -0300] "GET /surveys/l?lon=-43.3539814&lat=-21.7459246 HTTP/1.1" 200 547 "-" "Dalvik/2.1.0 (Linux; U; Android 5.0; SM-G900M Build/LRX21T)"
177.79.5.42 - - [03/Apr/2016:14:04:51 -0300] "GET /surveys/summary/?lon=-43.3539814&lat=-21.7459246 HTTP/1.1" 200 229 "-" "Dalvik/2.1.0 (Linux; U; Android 5.0; SM-G900M Build/LRX21T)"
66.249.64.239 - - [03/Apr/2016:14:06:18 -0300] "GET /robots.txt HTTP/1.1" 200 220 "-" "Mozilla/5.0 (compatible; Googlebot/2.1; +http://www.google.com/bot.html)"
177.79.7.59 - - [03/Apr/2016:14:06:47 -0300] "GET /user/household/57014cb9aa0bef232ebe1ab5 HTTP/1.1" 200 56 "-" "Dalvik/2.1.0 (Linux; U; Android 5.0; SM-G900M Build/LRX21T)"
177.79.7.59 - - [03/Apr/2016:14:06:49 -0300] "GET /user/calendar/year?year=2016 HTTP/1.1" 200 109 "-" "Dalvik/2.1.0 (Linux; U; Android 5.0; SM-G900M Build/LRX21T)"
177.79.5.42 - - [03/Apr/2016:14:06:50 -0300] "GET /user/survey/summary HTTP/1.1" 200 69 "-" "Dalvik/2.1.0 (Linux; U; Android 5.0; SM-G900M Build/LRX21T)"
187.104.15.175 - - [03/Apr/2016:14:10:16 -0300] "GET /user/get?fb=null HTTP/1.1" 200 56 "-" "Dalvik/2.1.0 (Linux; U; Android 5.0.2; LG-H522 Build/LRX22G)"
187.104.15.175 - - [03/Apr/2016:14:10:17 -0300] "GET /user/get?fb=1716547145287452 HTTP/1.1" 200 56 "-" "Dalvik/2.1.0 (Linux; U; Android 5.0.2; LG-H522 Build/LRX22G)"
187.104.15.175 - - [03/Apr/2016:14:13:15 -0300] "POST /user/login HTTP/1.1" 200 77 "-" "Dalvik/2.1.0 (Linux; U; Android 5.0.2; LG-H522 Build/LRX22G)"
187.104.15.175 - - [03/Apr/2016:14:13:16 -0300] "POST /user/login HTTP/1.1" 200 77 "-" "Dalvik/2.1.0 (Linux; U; Android 5.0.2; LG-H522 Build/LRX22G)"
187.104.15.175 - - [03/Apr/2016:14:13:58 -0300] "POST /user/login HTTP/1.1" 200 77 "-" "Dalvik/2.1.0 (Linux; U; Android 5.0.2; LG-H522 Build/LRX22G)"
189.18.207.49 - - [03/Apr/2016:14:14:05 -0300] "GET /user/get?gl=108524865136384391322 HTTP/1.1" 200 56 "-" "Dalvik/2.1.0 (Linux; U; Android 5.0.1; LG-H326 Build/LRX21Y)"
189.18.207.49 - - [03/Apr/2016:14:14:34 -0300] "POST /user/create HTTP/1.1" 200 674 "-" "Dalvik/2.1.0 (Linux; U; Android 5.0.1; LG-H326 Build/LRX21Y)"
189.18.207.49 - - [03/Apr/2016:14:14:35 -0300] "POST /user/login HTTP/1.1" 200 844 "-" "Dalvik/2.1.0 (Linux; U; Android 5.0.1; LG-H326 Build/LRX21Y)"
187.104.15.175 - - [03/Apr/2016:14:14:35 -0300] "POST /user/login HTTP/1.1" 200 77 "-" "Dalvik/2.1.0 (Linux; U; Android 5.0.2; LG-H522 Build/LRX22G)"
187.104.15.175 - - [03/Apr/2016:14:14:52 -0300] "POST /user/login HTTP/1.1" 200 77 "-" "Dalvik/2.1.0 (Linux; U; Android 5.0.2; LG-H522 Build/LRX22G)"
187.104.15.175 - - [03/Apr/2016:14:14:53 -0300] "POST /user/login HTTP/1.1" 200 77 "-" "Dalvik/2.1.0 (Linux; U; Android 5.0.2; LG-H522 Build/LRX22G)"
187.104.15.175 - - [03/Apr/2016:14:15:28 -0300] "POST /user/forgot-password HTTP/1.1" 200 74 "-" "Dalvik/2.1.0 (Linux; U; Android 5.0.2; LG-H522 Build/LRX22G)"
189.18.207.49 - - [03/Apr/2016:14:15:57 -0300] "GET /user/household/57014f7aaa0bef232ebe1ab6 HTTP/1.1" 200 56 "-" "Dalvik/2.1.0 (Linux; U; Android 5.0.1; LG-H326 Build/LRX21Y)"
187.104.15.175 - - [03/Apr/2016:14:16:23 -0300] "POST /user/login HTTP/1.1" 200 77 "-" "Dalvik/2.1.0 (Linux; U; Android 5.0.2; LG-H522 Build/LRX22G)"
187.104.15.175 - - [03/Apr/2016:14:16:24 -0300] "POST /user/login HTTP/1.1" 200 77 "-" "Dalvik/2.1.0 (Linux; U; Android 5.0.2; LG-H522 Build/LRX22G)"
189.18.207.49 - - [03/Apr/2016:14:16:59 -0300] "GET /surveys/summary/?lon=-46.5345338&lat=-23.608171 HTTP/1.1" 200 225 "-" "Dalvik/2.1.0 (Linux; U; Android 5.0.1; LG-H326 Build/LRX21Y)"
189.18.207.49 - - [03/Apr/2016:14:17:00 -0300] "GET /surveys/l?lon=-46.5345338&lat=-23.608171 HTTP/1.1" 200 503 "-" "Dalvik/2.1.0 (Linux; U; Android 5.0.1; LG-H326 Build/LRX21Y)"
189.18.207.49 - - [03/Apr/2016:14:17:26 -0300] "GET /user/household/57014f7aaa0bef232ebe1ab6 HTTP/1.1" 200 56 "-" "Dalvik/2.1.0 (Linux; U; Android 5.0.1; LG-H326 Build/LRX21Y)"
189.18.207.49 - - [03/Apr/2016:14:17:27 -0300] "GET /user/calendar/year?year=2016 HTTP/1.1" 200 58 "-" "Dalvik/2.1.0 (Linux; U; Android 5.0.1; LG-H326 Build/LRX21Y)"
189.18.207.49 - - [03/Apr/2016:14:17:28 -0300] "GET /user/survey/summary HTTP/1.1" 200 66 "-" "Dalvik/2.1.0 (Linux; U; Android 5.0.1; LG-H326 Build/LRX21Y)"
187.104.15.175 - - [03/Apr/2016:14:17:45 -0300] "POST /user/login HTTP/1.1" 200 77 "-" "Dalvik/2.1.0 (Linux; U; Android 5.0.2; LG-H522 Build/LRX22G)"
187.104.15.175 - - [03/Apr/2016:14:17:57 -0300] "POST /user/login HTTP/1.1" 200 77 "-" "Dalvik/2.1.0 (Linux; U; Android 5.0.2; LG-H522 Build/LRX22G)"
187.104.15.175 - - [03/Apr/2016:14:18:02 -0300] "POST /user/login HTTP/1.1" 200 77 "-" "Dalvik/2.1.0 (Linux; U; Android 5.0.2; LG-H522 Build/LRX22G)"
187.104.15.175 - - [03/Apr/2016:14:18:34 -0300] "GET /user/get?gl=114600380045305697457 HTTP/1.1" 200 56 "-" "Dalvik/2.1.0 (Linux; U; Android 5.0.2; LG-H522 Build/LRX22G)"
187.104.15.175 - - [03/Apr/2016:14:19:16 -0300] "POST /user/create HTTP/1.1" 200 590 "-" "Dalvik/2.1.0 (Linux; U; Android 5.0.2; LG-H522 Build/LRX22G)"
187.104.15.175 - - [03/Apr/2016:14:19:17 -0300] "POST /user/login HTTP/1.1" 200 753 "-" "Dalvik/2.1.0 (Linux; U; Android 5.0.2; LG-H522 Build/LRX22G)"
187.104.15.175 - - [03/Apr/2016:14:19:18 -0300] "POST /user/create HTTP/1.1" 200 225 "-" "Dalvik/2.1.0 (Linux; U; Android 5.0.2; LG-H522 Build/LRX22G)"
187.104.15.175 - - [03/Apr/2016:14:19:57 -0300] "GET /user/household/5701509453072afe553aaf75 HTTP/1.1" 200 56 "-" "Dalvik/2.1.0 (Linux; U; Android 5.0.2; LG-H522 Build/LRX22G)"
187.104.15.175 - - [03/Apr/2016:14:20:14 -0300] "POST /survey/create HTTP/1.1" 200 430 "-" "Dalvik/2.1.0 (Linux; U; Android 5.0.2; LG-H522 Build/LRX22G)"
187.104.15.175 - - [03/Apr/2016:14:21:02 -0300] "POST /survey/create HTTP/1.1" 200 424 "-" "Dalvik/2.1.0 (Linux; U; Android 5.0.2; LG-H522 Build/LRX22G)"
187.104.15.175 - - [03/Apr/2016:14:21:11 -0300] "GET /news/get HTTP/1.1" 200 3991 "-" "Dalvik/2.1.0 (Linux; U; Android 5.0.2; LG-H522 Build/LRX22G)"
187.104.15.175 - - [03/Apr/2016:14:21:55 -0300] "GET /user/household/5701509453072afe553aaf75 HTTP/1.1" 200 56 "-" "Dalvik/2.1.0 (Linux; U; Android 5.0.2; LG-H522 Build/LRX22G)"
187.104.15.175 - - [03/Apr/2016:14:21:56 -0300] "GET /user/calendar/year?year=2016 HTTP/1.1" 200 109 "-" "Dalvik/2.1.0 (Linux; U; Android 5.0.2; LG-H522 Build/LRX22G)"
187.104.15.175 - - [03/Apr/2016:14:21:57 -0300] "GET /user/survey/summary HTTP/1.1" 200 69 "-" "Dalvik/2.1.0 (Linux; U; Android 5.0.2; LG-H522 Build/LRX22G)"
189.18.207.49 - - [03/Apr/2016:14:24:47 -0300] "GET /user/lookup/ HTTP/1.1" 200 816 "-" "Dalvik/2.1.0 (Linux; U; Android 5.0.1; LG-H326 Build/LRX21Y)"
189.18.207.49 - - [03/Apr/2016:14:24:51 -0300] "GET /user/household/57014f7aaa0bef232ebe1ab6 HTTP/1.1" 200 56 "-" "Dalvik/2.1.0 (Linux; U; Android 5.0.1; LG-H326 Build/LRX21Y)"
189.18.207.49 - - [03/Apr/2016:14:24:57 -0300] "GET /user/household/57014f7aaa0bef232ebe1ab6 HTTP/1.1" 200 56 "-" "Dalvik/2.1.0 (Linux; U; Android 5.0.1; LG-H326 Build/LRX21Y)"
189.18.207.49 - - [03/Apr/2016:14:25:10 -0300] "GET /user/lookup/ HTTP/1.1" 200 816 "-" "Dalvik/2.1.0 (Linux; U; Android 5.0.1; LG-H326 Build/LRX21Y)"
189.18.207.49 - - [03/Apr/2016:14:25:15 -0300] "GET /user/household/57014f7aaa0bef232ebe1ab6 HTTP/1.1" 200 56 "-" "Dalvik/2.1.0 (Linux; U; Android 5.0.1; LG-H326 Build/LRX21Y)"
186.244.136.179 - - [03/Apr/2016:14:28:06 -0300] "OPTIONS /search/cities?limit=5 HTTP/1.1" 204 0 "http://guardioesdasaude.org/" "Mozilla/5.0 (Linux; Android 4.4.4; SM-G530BT Build/KTU84P) AppleWebKit/537.36 (KHTML, like Gecko) Version/4.0 Chrome/33.0.0.0 Mobile Safari/537.36 [FB_IAB/FB4A;FBAV/57.0.0.18.136;]"
186.244.136.179 - - [03/Apr/2016:14:28:07 -0300] "GET /search/cities?limit=5 HTTP/1.1" 200 163 "http://guardioesdasaude.org/" "Mozilla/5.0 (Linux; Android 4.4.4; SM-G530BT Build/KTU84P) AppleWebKit/537.36 (KHTML, like Gecko) Version/4.0 Chrome/33.0.0.0 Mobile Safari/537.36 [FB_IAB/FB4A;FBAV/57.0.0.18.136;]"
191.247.225.6 - - [03/Apr/2016:14:29:10 -0300] "OPTIONS /search/cities?limit=5 HTTP/1.1" 204 0 "http://guardioesdasaude.org/" "Mozilla/5.0 (Linux; Android 4.4.2; LG-D325 Build/KOT49I) AppleWebKit/537.36 (KHTML, like Gecko) Chrome/49.0.2623.87 Mobile Safari/537.36 OPR/36.0.2126.101812"
191.247.225.6 - - [03/Apr/2016:14:29:10 -0300] "GET /search/cities?limit=5 HTTP/1.1" 200 163 "http://guardioesdasaude.org/" "Mozilla/5.0 (Linux; Android 4.4.2; LG-D325 Build/KOT49I) AppleWebKit/537.36 (KHTML, like Gecko) Chrome/49.0.2623.87 Mobile Safari/537.36 OPR/36.0.2126.101812"
189.18.207.49 - - [03/Apr/2016:14:33:41 -0300] "GET /user/get?gl=108524865136384391322 HTTP/1.1" 200 689 "-" "Dalvik/2.1.0 (Linux; U; Android 5.0.1; LG-H326 Build/LRX21Y)"
189.18.207.49 - - [03/Apr/2016:14:33:42 -0300] "POST /user/login HTTP/1.1" 200 843 "-" "Dalvik/2.1.0 (Linux; U; Android 5.0.1; LG-H326 Build/LRX21Y)"
179.96.37.22 - - [03/Apr/2016:14:44:49 -0300] "OPTIONS /search/cities?limit=5 HTTP/1.1" 204 0 "http://guardioesdasaude.org/" "Mozilla/5.0 (Linux; Android 6.0; XT1069 Build/MPB24.65-34; wv) AppleWebKit/537.36 (KHTML, like Gecko) Version/4.0 Chrome/48.0.2564.106 Mobile Safari/537.36 [FB_IAB/FB4A;FBAV/68.0.0.37.59;]"
179.96.37.22 - - [03/Apr/2016:14:44:49 -0300] "GET /search/cities?limit=5 HTTP/1.1" 200 163 "http://guardioesdasaude.org/" "Mozilla/5.0 (Linux; Android 6.0; XT1069 Build/MPB24.65-34; wv) AppleWebKit/537.36 (KHTML, like Gecko) Version/4.0 Chrome/48.0.2564.106 Mobile Safari/537.36 [FB_IAB/FB4A;FBAV/68.0.0.37.59;]"
186.226.178.181 - - [03/Apr/2016:14:48:46 -0300] "GET /user/get?fb=838123669648559 HTTP/1.1" 200 56 "-" "Guardioes da Saude/1.1.4 (iPhone; iOS 9.3.1; Scale/2.00)"
179.96.37.22 - - [03/Apr/2016:14:49:23 -0300] "OPTIONS /user/get?fb=988692941212017 HTTP/1.1" 204 0 "http://guardioesdasaude.org/cadastro" "Mozilla/5.0 (Linux; Android 6.0; XT1069 Build/MPB24.65-34; wv) AppleWebKit/537.36 (KHTML, like Gecko) Version/4.0 Chrome/48.0.2564.106 Mobile Safari/537.36 [FB_IAB/FB4A;FBAV/68.0.0.37.59;]"
179.96.37.22 - - [03/Apr/2016:14:49:23 -0300] "GET /user/get?fb=988692941212017 HTTP/1.1" 200 56 "http://guardioesdasaude.org/cadastro" "Mozilla/5.0 (Linux; Android 6.0; XT1069 Build/MPB24.65-34; wv) AppleWebKit/537.36 (KHTML, like Gecko) Version/4.0 Chrome/48.0.2564.106 Mobile Safari/537.36 [FB_IAB/FB4A;FBAV/68.0.0.37.59;]"
186.226.178.181 - - [03/Apr/2016:14:49:52 -0300] "POST /user/create HTTP/1.1" 200 488 "-" "Guardioes da Saude/1.1.4 (iPhone; iOS 9.3.1; Scale/2.00)"
186.226.178.181 - - [03/Apr/2016:14:50:00 -0300] "GET /news/get HTTP/1.1" 200 3989 "-" "Guardioes da Saude/1.1.4 (iPhone; iOS 9.3.1; Scale/2.00)"
186.226.178.181 - - [03/Apr/2016:14:50:34 -0300] "GET /surveys/l?lat=-11.536843&lon=-39.069808 HTTP/1.1" 200 56 "-" "Guardioes da Saude/1.1.4 (iPhone; iOS 9.3.1; Scale/2.00)"
186.226.178.181 - - [03/Apr/2016:14:50:34 -0300] "GET /surveys/summary?lat=-11.53684285004766&lon=-39.06980794858101 HTTP/1.1" 200 210 "-" "Guardioes da Saude/1.1.4 (iPhone; iOS 9.3.1; Scale/2.00)"
179.96.37.22 - - [03/Apr/2016:14:51:17 -0300] "GET /search/cities?limit=5 HTTP/1.1" 200 163 "http://guardioesdasaude.org/" "Mozilla/5.0 (Linux; Android 6.0; XT1069 Build/MPB24.65-34; wv) AppleWebKit/537.36 (KHTML, like Gecko) Version/4.0 Chrome/48.0.2564.106 Mobile Safari/537.36 [FB_IAB/FB4A;FBAV/68.0.0.37.59;]"
186.226.178.181 - - [03/Apr/2016:14:51:34 -0300] "GET /user/household/570157c01a19da082e9d93ac HTTP/1.1" 200 56 "-" "Guardioes da Saude/1.1.4 (iPhone; iOS 9.3.1; Scale/2.00)"
186.226.178.181 - - [03/Apr/2016:14:51:35 -0300] "GET /user/calendar/year?&year=2016 HTTP/1.1" 200 58 "-" "Guardioes da Saude/1.1.4 (iPhone; iOS 9.3.1; Scale/2.00)"
186.226.178.181 - - [03/Apr/2016:14:51:35 -0300] "GET /user/calendar/month?&month=4&year=2016 HTTP/1.1" 200 58 "-" "Guardioes da Saude/1.1.4 (iPhone; iOS 9.3.1; Scale/2.00)"
186.226.178.181 - - [03/Apr/2016:14:51:36 -0300] "GET /user/household/570157c01a19da082e9d93ac HTTP/1.1" 200 56 "-" "Guardioes da Saude/1.1.4 (iPhone; iOS 9.3.1; Scale/2.00)"
186.226.178.181 - - [03/Apr/2016:14:51:36 -0300] "GET /user/survey/summary HTTP/1.1" 200 66 "-" "Guardioes da Saude/1.1.4 (iPhone; iOS 9.3.1; Scale/2.00)"
186.226.178.181 - - [03/Apr/2016:14:51:41 -0300] "POST /survey/create HTTP/1.1" 200 517 "-" "Guardioes da Saude/1.1.4 (iPhone; iOS 9.3.1; Scale/2.00)"
186.226.178.181 - - [03/Apr/2016:14:51:52 -0300] "GET /news/get HTTP/1.1" 200 3990 "-" "Guardioes da Saude/1.1.4 (iPhone; iOS 9.3.1; Scale/2.00)"
179.96.37.22 - - [03/Apr/2016:14:52:06 -0300] "GET /user/get?fb=988692941212017 HTTP/1.1" 200 56 "http://guardioesdasaude.org/login" "Mozilla/5.0 (Linux; Android 6.0; XT1069 Build/MPB24.65-34; wv) AppleWebKit/537.36 (KHTML, like Gecko) Version/4.0 Chrome/48.0.2564.106 Mobile Safari/537.36 [FB_IAB/FB4A;FBAV/68.0.0.37.59;]"
186.226.178.181 - - [03/Apr/2016:14:52:08 -0300] "GET /surveys/l?lat=-11.536881&lon=-39.069806 HTTP/1.1" 200 56 "-" "Guardioes da Saude/1.1.4 (iPhone; iOS 9.3.1; Scale/2.00)"
186.226.178.181 - - [03/Apr/2016:14:52:09 -0300] "GET /surveys/summary?lat=-11.53688090388806&lon=-39.06980602074328 HTTP/1.1" 200 210 "-" "Guardioes da Saude/1.1.4 (iPhone; iOS 9.3.1; Scale/2.00)"
186.226.178.181 - - [03/Apr/2016:14:52:25 -0300] "GET /content/upas.json HTTP/1.1" 200 22982 "-" "Guardioes da Saude/1.1.4 (iPhone; iOS 9.3.1; Scale/2.00)"
179.96.37.22 - - [03/Apr/2016:14:54:04 -0300] "OPTIONS /user/login HTTP/1.1" 204 0 "http://guardioesdasaude.org/login/email" "Mozilla/5.0 (Linux; Android 6.0; XT1069 Build/MPB24.65-34; wv) AppleWebKit/537.36 (KHTML, like Gecko) Version/4.0 Chrome/48.0.2564.106 Mobile Safari/537.36 [FB_IAB/FB4A;FBAV/68.0.0.37.59;]"
179.96.37.22 - - [03/Apr/2016:14:54:04 -0300] "POST /user/login HTTP/1.1" 200 77 "http://guardioesdasaude.org/login/email" "Mozilla/5.0 (Linux; Android 6.0; XT1069 Build/MPB24.65-34; wv) AppleWebKit/537.36 (KHTML, like Gecko) Version/4.0 Chrome/48.0.2564.106 Mobile Safari/537.36 [FB_IAB/FB4A;FBAV/68.0.0.37.59;]"
179.96.37.22 - - [03/Apr/2016:14:54:55 -0300] "OPTIONS /search/cities?limit=5 HTTP/1.1" 204 0 "http://guardioesdasaude.org/" "Mozilla/5.0 (Linux; Android 6.0; XT1069 Build/MPB24.65-34; wv) AppleWebKit/537.36 (KHTML, like Gecko) Version/4.0 Chrome/48.0.2564.106 Mobile Safari/537.36 [FB_IAB/FB4A;FBAV/68.0.0.37.59;]"
179.96.37.22 - - [03/Apr/2016:14:54:59 -0300] "GET /search/cities?limit=5 HTTP/1.1" 200 163 "http://guardioesdasaude.org/cadastro" "Mozilla/5.0 (Linux; Android 6.0; XT1069 Build/MPB24.65-34; wv) AppleWebKit/537.36 (KHTML, like Gecko) Version/4.0 Chrome/48.0.2564.106 Mobile Safari/537.36 [FB_IAB/FB4A;FBAV/68.0.0.37.59;]"
179.96.37.22 - - [03/Apr/2016:14:55:01 -0300] "GET /search/cities?limit=5 HTTP/1.1" 200 163 "http://guardioesdasaude.org/" "Mozilla/5.0 (Linux; Android 6.0; XT1069 Build/MPB24.65-34; wv) AppleWebKit/537.36 (KHTML, like Gecko) Version/4.0 Chrome/48.0.2564.106 Mobile Safari/537.36 [FB_IAB/FB4A;FBAV/68.0.0.37.59;]"
179.96.37.22 - - [03/Apr/2016:14:55:01 -0300] "GET /user/get?fb=988692941212017 HTTP/1.1" 200 56 "http://guardioesdasaude.org/" "Mozilla/5.0 (Linux; Android 6.0; XT1069 Build/MPB24.65-34; wv) AppleWebKit/537.36 (KHTML, like Gecko) Version/4.0 Chrome/48.0.2564.106 Mobile Safari/537.36 [FB_IAB/FB4A;FBAV/68.0.0.37.59;]"
177.154.222.131 - - [03/Apr/2016:14:57:31 -0300] "GET /user/get?fb=null HTTP/1.1" 200 56 "-" "Dalvik/2.1.0 (Linux; U; Android 5.1; XT1033 Build/LPB23.13-56)"
177.154.222.131 - - [03/Apr/2016:14:57:32 -0300] "GET /user/get?fb=1578276519166806 HTTP/1.1" 200 56 "-" "Dalvik/2.1.0 (Linux; U; Android 5.1; XT1033 Build/LPB23.13-56)"
177.154.222.131 - - [03/Apr/2016:14:58:01 -0300] "POST /user/create HTTP/1.1" 200 657 "-" "Dalvik/2.1.0 (Linux; U; Android 5.1; XT1033 Build/LPB23.13-56)"
177.154.222.131 - - [03/Apr/2016:14:58:01 -0300] "POST /user/login HTTP/1.1" 200 826 "-" "Dalvik/2.1.0 (Linux; U; Android 5.1; XT1033 Build/LPB23.13-56)"
177.154.222.131 - - [03/Apr/2016:14:58:09 -0300] "GET /user/household/570159a953072afe553aaf77 HTTP/1.1" 200 56 "-" "Dalvik/2.1.0 (Linux; U; Android 5.1; XT1033 Build/LPB23.13-56)"
177.154.222.131 - - [03/Apr/2016:14:58:09 -0300] "GET /user/calendar/year?year=2016 HTTP/1.1" 200 58 "-" "Dalvik/2.1.0 (Linux; U; Android 5.1; XT1033 Build/LPB23.13-56)"
177.154.222.131 - - [03/Apr/2016:14:58:10 -0300] "GET /user/survey/summary HTTP/1.1" 200 66 "-" "Dalvik/2.1.0 (Linux; U; Android 5.1; XT1033 Build/LPB23.13-56)"
191.250.237.60 - - [03/Apr/2016:15:01:38 -0300] "GET /user/lookup/ HTTP/1.1" 200 712 "-" "Dalvik/2.1.0 (Linux; U; Android 5.1; XT1058 Build/LPA23.12-21.7)"
191.250.237.60 - - [03/Apr/2016:15:01:45 -0300] "GET /news/get HTTP/1.1" 200 4014 "-" "Dalvik/2.1.0 (Linux; U; Android 5.1; XT1058 Build/LPA23.12-21.7)"
191.250.237.60 - - [03/Apr/2016:15:02:13 -0300] "GET /user/household/56fa03929bc35dac74cf5c4a HTTP/1.1" 200 56 "-" "Dalvik/2.1.0 (Linux; U; Android 5.1; XT1058 Build/LPA23.12-21.7)"
191.250.237.60 - - [03/Apr/2016:15:02:14 -0300] "GET /user/calendar/year?year=2016 HTTP/1.1" 200 58 "-" "Dalvik/2.1.0 (Linux; U; Android 5.1; XT1058 Build/LPA23.12-21.7)"
191.250.237.60 - - [03/Apr/2016:15:02:15 -0300] "GET /user/survey/summary HTTP/1.1" 200 66 "-" "Dalvik/2.1.0 (Linux; U; Android 5.1; XT1058 Build/LPA23.12-21.7)"
177.86.181.198 - - [03/Apr/2016:15:02:41 -0300] "OPTIONS /search/cities?limit=5 HTTP/1.1" 204 0 "http://guardioesdasaude.org/" "Mozilla/5.0 (Linux; U; Android 4.1.2; pt-br; GT-I9070 Build/JZO54K) AppleWebKit/534.30 (KHTML, like Gecko) Version/4.0 Mobile Safari/534.30"
177.86.181.198 - - [03/Apr/2016:15:02:45 -0300] "GET /search/cities?limit=5 HTTP/1.1" 200 163 "http://guardioesdasaude.org/" "Mozilla/5.0 (Linux; U; Android 4.1.2; pt-br; GT-I9070 Build/JZO54K) AppleWebKit/534.30 (KHTML, like Gecko) Version/4.0 Mobile Safari/534.30"
186.206.154.19 - - [03/Apr/2016:15:04:31 -0300] "OPTIONS /search/cities?limit=5 HTTP/1.1" 204 0 "http://guardioesdasaude.org/" "Mozilla/5.0 (X11; Linux x86_64) AppleWebKit/537.36 (KHTML, like Gecko) Chrome/49.0.2623.110 Safari/537.36"
186.206.154.19 - - [03/Apr/2016:15:04:32 -0300] "GET /search/cities?limit=5 HTTP/1.1" 200 163 "http://guardioesdasaude.org/" "Mozilla/5.0 (X11; Linux x86_64) AppleWebKit/537.36 (KHTML, like Gecko) Chrome/49.0.2623.110 Safari/537.36"
177.185.27.154 - - [03/Apr/2016:15:10:36 -0300] "OPTIONS /search/cities?limit=5 HTTP/1.1" 204 0 "http://guardioesdasaude.org/" "Mozilla/5.0 (Linux; Android 4.4.2; LG-D325 Build/KOT49I) AppleWebKit/537.36 (KHTML, like Gecko) Version/4.0 Chrome/30.0.0.0 Mobile Safari/537.36 [FB_IAB/FB4A;FBAV/65.0.0.42.81;]"
177.185.27.154 - - [03/Apr/2016:15:10:37 -0300] "GET /search/cities?limit=5 HTTP/1.1" 200 163 "http://guardioesdasaude.org/" "Mozilla/5.0 (Linux; Android 4.4.2; LG-D325 Build/KOT49I) AppleWebKit/537.36 (KHTML, like Gecko) Version/4.0 Chrome/30.0.0.0 Mobile Safari/537.36 [FB_IAB/FB4A;FBAV/65.0.0.42.81;]"
177.142.107.249 - - [03/Apr/2016:15:17:56 -0300] "GET /user/get?fb=1198142036920950 HTTP/1.1" 200 56 "-" "Guardioes da Saude/1.1.4 (iPhone; iOS 9.3; Scale/2.00)"
186.226.223.156 - - [03/Apr/2016:15:18:19 -0300] "GET /user/lookup/ HTTP/1.1" 200 2763 "-" "Dalvik/2.1.0 (Linux; U; Android 5.0.2; LG-D337 Build/LRX22G)"
177.142.107.249 - - [03/Apr/2016:15:19:02 -0300] "POST /user/create HTTP/1.1" 200 516 "-" "Guardioes da Saude/1.1.4 (iPhone; iOS 9.3; Scale/2.00)"
177.142.107.249 - - [03/Apr/2016:15:21:13 -0300] "GET /user/household/57015e96aa0bef232ebe1ab8 HTTP/1.1" 200 56 "-" "Guardioes da Saude/1.1.4 (iPhone; iOS 9.3; Scale/2.00)"
177.142.107.249 - - [03/Apr/2016:15:21:19 -0300] "GET /user/household/57015e96aa0bef232ebe1ab8 HTTP/1.1" 200 56 "-" "Guardioes da Saude/1.1.4 (iPhone; iOS 9.3; Scale/2.00)"
177.142.107.249 - - [03/Apr/2016:15:21:23 -0300] "GET /user/household/57015e96aa0bef232ebe1ab8 HTTP/1.1" 200 56 "-" "Guardioes da Saude/1.1.4 (iPhone; iOS 9.3; Scale/2.00)"
177.142.107.249 - - [03/Apr/2016:15:21:24 -0300] "GET /user/calendar/month?&month=4&year=2016 HTTP/1.1" 200 58 "-" "Guardioes da Saude/1.1.4 (iPhone; iOS 9.3; Scale/2.00)"
177.142.107.249 - - [03/Apr/2016:15:21:24 -0300] "GET /user/survey/summary HTTP/1.1" 200 66 "-" "Guardioes da Saude/1.1.4 (iPhone; iOS 9.3; Scale/2.00)"
177.142.107.249 - - [03/Apr/2016:15:21:24 -0300] "GET /user/calendar/year?&year=2016 HTTP/1.1" 200 58 "-" "Guardioes da Saude/1.1.4 (iPhone; iOS 9.3; Scale/2.00)"
177.142.107.249 - - [03/Apr/2016:15:21:48 -0300] "GET /content/upas.json HTTP/1.1" 200 22982 "-" "Guardioes da Saude/1.1.4 (iPhone; iOS 9.3; Scale/2.00)"
213.55.176.135 - - [03/Apr/2016:15:21:50 -0300] "POST /user/create HTTP/1.1" 200 562 "-" "Guardioes da Saude/1.1.4 (iPhone; iOS 9.3.1; Scale/2.00)"
177.142.107.249 - - [03/Apr/2016:15:21:51 -0300] "GET /content/upas.json HTTP/1.1" 304 0 "-" "Guardioes da Saude/1.1.4 (iPhone; iOS 9.3; Scale/2.00)"
213.55.176.135 - - [03/Apr/2016:15:21:56 -0300] "GET /surveys/l?lat=0.000000&lon=0.000000 HTTP/1.1" 200 14306 "-" "Guardioes da Saude/1.1.4 (iPhone; iOS 9.3.1; Scale/2.00)"
213.55.176.135 - - [03/Apr/2016:15:21:56 -0300] "GET /surveys/summary?lat=0&lon=0 HTTP/1.1" 200 141 "-" "Guardioes da Saude/1.1.4 (iPhone; iOS 9.3.1; Scale/2.00)"
213.55.176.135 - - [03/Apr/2016:15:22:16 -0300] "GET /surveys/l?lat=43.932232&lon=-71.131323 HTTP/1.1" 200 56 "-" "Guardioes da Saude/1.1.4 (iPhone; iOS 9.3.1; Scale/2.00)"
213.55.176.135 - - [03/Apr/2016:15:22:17 -0300] "GET /surveys/summary?lat=43.932232&lon=-71.13132259999999 HTTP/1.1" 200 205 "-" "Guardioes da Saude/1.1.4 (iPhone; iOS 9.3.1; Scale/2.00)"
177.142.107.249 - - [03/Apr/2016:15:22:27 -0300] "GET /news/get HTTP/1.1" 200 4015 "-" "Guardioes da Saude/1.1.4 (iPhone; iOS 9.3; Scale/2.00)"
177.142.107.249 - - [03/Apr/2016:15:22:32 -0300] "GET /surveys/l?lat=-23.020592&lon=-43.458799 HTTP/1.1" 200 56 "-" "Guardioes da Saude/1.1.4 (iPhone; iOS 9.3; Scale/2.00)"
177.142.107.249 - - [03/Apr/2016:15:22:32 -0300] "GET /surveys/summary?lat=-23.02059190034833&lon=-43.45879766406976 HTTP/1.1" 200 222 "-" "Guardioes da Saude/1.1.4 (iPhone; iOS 9.3; Scale/2.00)"
177.142.107.249 - - [03/Apr/2016:15:22:36 -0300] "GET /user/household/57015e96aa0bef232ebe1ab8 HTTP/1.1" 200 56 "-" "Guardioes da Saude/1.1.4 (iPhone; iOS 9.3; Scale/2.00)"
177.142.107.249 - - [03/Apr/2016:15:22:42 -0300] "POST /survey/create HTTP/1.1" 200 532 "-" "Guardioes da Saude/1.1.4 (iPhone; iOS 9.3; Scale/2.00)"
177.142.107.249 - - [03/Apr/2016:15:22:48 -0300] "GET /user/household/57015e96aa0bef232ebe1ab8 HTTP/1.1" 200 56 "-" "Guardioes da Saude/1.1.4 (iPhone; iOS 9.3; Scale/2.00)"
177.142.107.249 - - [03/Apr/2016:15:22:49 -0300] "GET /user/calendar/year?&year=2016 HTTP/1.1" 200 109 "-" "Guardioes da Saude/1.1.4 (iPhone; iOS 9.3; Scale/2.00)"
177.142.107.249 - - [03/Apr/2016:15:22:49 -0300] "GET /user/calendar/month?&month=4&year=2016 HTTP/1.1" 200 115 "-" "Guardioes da Saude/1.1.4 (iPhone; iOS 9.3; Scale/2.00)"
177.142.107.249 - - [03/Apr/2016:15:22:49 -0300] "GET /user/survey/summary HTTP/1.1" 200 69 "-" "Guardioes da Saude/1.1.4 (iPhone; iOS 9.3; Scale/2.00)"
213.55.176.135 - - [03/Apr/2016:15:22:52 -0300] "GET /surveys/l?lat=43.932232&lon=-71.131323 HTTP/1.1" 200 56 "-" "Guardioes da Saude/1.1.4 (iPhone; iOS 9.3.1; Scale/2.00)"
213.55.176.135 - - [03/Apr/2016:15:22:53 -0300] "GET /surveys/summary?lat=43.932232&lon=-71.13132259999999 HTTP/1.1" 200 205 "-" "Guardioes da Saude/1.1.4 (iPhone; iOS 9.3.1; Scale/2.00)"
213.55.176.135 - - [03/Apr/2016:15:23:01 -0300] "GET /user/household/57015f3e53072afe553aaf78 HTTP/1.1" 200 56 "-" "Guardioes da Saude/1.1.4 (iPhone; iOS 9.3.1; Scale/2.00)"
177.142.107.249 - - [03/Apr/2016:15:23:03 -0300] "GET /user/household/57015e96aa0bef232ebe1ab8 HTTP/1.1" 200 56 "-" "Guardioes da Saude/1.1.4 (iPhone; iOS 9.3; Scale/2.00)"
213.55.176.135 - - [03/Apr/2016:15:23:12 -0300] "GET /user/household/57015f3e53072afe553aaf78 HTTP/1.1" 200 56 "-" "Guardioes da Saude/1.1.4 (iPhone; iOS 9.3.1; Scale/2.00)"
213.55.176.135 - - [03/Apr/2016:15:23:17 -0300] "GET /content/upas.json HTTP/1.1" 200 22982 "-" "Guardioes da Saude/1.1.4 (iPhone; iOS 9.3.1; Scale/2.00)"
177.142.107.249 - - [03/Apr/2016:15:23:40 -0300] "POST /household/create HTTP/1.1" 200 82 "-" "Guardioes da Saude/1.1.4 (iPhone; iOS 9.3; Scale/2.00)"
177.142.107.249 - - [03/Apr/2016:15:23:42 -0300] "GET /user/household/57015e96aa0bef232ebe1ab8 HTTP/1.1" 200 56 "-" "Guardioes da Saude/1.1.4 (iPhone; iOS 9.3; Scale/2.00)"
177.142.107.249 - - [03/Apr/2016:15:23:48 -0300] "GET /user/household/57015e96aa0bef232ebe1ab8 HTTP/1.1" 200 56 "-" "Guardioes da Saude/1.1.4 (iPhone; iOS 9.3; Scale/2.00)"
177.142.107.249 - - [03/Apr/2016:15:23:50 -0300] "GET /user/household/57015e96aa0bef232ebe1ab8 HTTP/1.1" 200 56 "-" "Guardioes da Saude/1.1.4 (iPhone; iOS 9.3; Scale/2.00)"
177.142.107.249 - - [03/Apr/2016:15:23:57 -0300] "GET /user/household/57015e96aa0bef232ebe1ab8 HTTP/1.1" 200 56 "-" "Guardioes da Saude/1.1.4 (iPhone; iOS 9.3; Scale/2.00)"
177.142.107.249 - - [03/Apr/2016:15:24:00 -0300] "GET /user/household/57015e96aa0bef232ebe1ab8 HTTP/1.1" 200 56 "-" "Guardioes da Saude/1.1.4 (iPhone; iOS 9.3; Scale/2.00)"
177.142.107.249 - - [03/Apr/2016:15:24:04 -0300] "GET /user/household/57015e96aa0bef232ebe1ab8 HTTP/1.1" 200 56 "-" "Guardioes da Saude/1.1.4 (iPhone; iOS 9.3; Scale/2.00)"
177.142.107.249 - - [03/Apr/2016:15:24:09 -0300] "GET /user/household/57015e96aa0bef232ebe1ab8 HTTP/1.1" 200 56 "-" "Guardioes da Saude/1.1.4 (iPhone; iOS 9.3; Scale/2.00)"
213.55.176.135 - - [03/Apr/2016:15:24:22 -0300] "GET /user/household/57015f3e53072afe553aaf78 HTTP/1.1" 200 56 "-" "Guardioes da Saude/1.1.4 (iPhone; iOS 9.3.1; Scale/2.00)"
213.55.176.135 - - [03/Apr/2016:15:24:23 -0300] "GET /user/calendar/year?&year=2016 HTTP/1.1" 200 58 "-" "Guardioes da Saude/1.1.4 (iPhone; iOS 9.3.1; Scale/2.00)"
213.55.176.135 - - [03/Apr/2016:15:24:23 -0300] "GET /user/survey/summary HTTP/1.1" 200 66 "-" "Guardioes da Saude/1.1.4 (iPhone; iOS 9.3.1; Scale/2.00)"
213.55.176.135 - - [03/Apr/2016:15:24:23 -0300] "GET /user/calendar/month?&month=4&year=2016 HTTP/1.1" 200 58 "-" "Guardioes da Saude/1.1.4 (iPhone; iOS 9.3.1; Scale/2.00)"
213.55.176.135 - - [03/Apr/2016:15:24:35 -0300] "GET /user/household/57015f3e53072afe553aaf78 HTTP/1.1" 200 56 "-" "Guardioes da Saude/1.1.4 (iPhone; iOS 9.3.1; Scale/2.00)"
213.55.176.135 - - [03/Apr/2016:15:24:57 -0300] "GET /user/household/57015f3e53072afe553aaf78 HTTP/1.1" 200 56 "-" "Guardioes da Saude/1.1.4 (iPhone; iOS 9.3.1; Scale/2.00)"
177.18.219.30 - - [03/Apr/2016:15:47:57 -0300] "GET /user/get?gl=107970116755721205529 HTTP/1.1" 200 56 "-" "Dalvik/2.1.0 (Linux; U; Android 5.1.1; SM-G928G Build/LMY47X)"
177.18.219.30 - - [03/Apr/2016:15:48:19 -0300] "POST /user/create HTTP/1.1" 200 591 "-" "Dalvik/2.1.0 (Linux; U; Android 5.1.1; SM-G928G Build/LMY47X)"
177.18.219.30 - - [03/Apr/2016:15:48:20 -0300] "POST /user/login HTTP/1.1" 200 756 "-" "Dalvik/2.1.0 (Linux; U; Android 5.1.1; SM-G928G Build/LMY47X)"
177.18.219.30 - - [03/Apr/2016:15:48:25 -0300] "GET /user/household/57016573aa0bef232ebe1ab9 HTTP/1.1" 200 56 "-" "Dalvik/2.1.0 (Linux; U; Android 5.1.1; SM-G928G Build/LMY47X)"
177.18.219.30 - - [03/Apr/2016:15:48:26 -0300] "GET /user/calendar/year?year=2016 HTTP/1.1" 200 58 "-" "Dalvik/2.1.0 (Linux; U; Android 5.1.1; SM-G928G Build/LMY47X)"
177.18.219.30 - - [03/Apr/2016:15:48:27 -0300] "GET /user/survey/summary HTTP/1.1" 200 66 "-" "Dalvik/2.1.0 (Linux; U; Android 5.1.1; SM-G928G Build/LMY47X)"
186.212.72.173 - - [03/Apr/2016:15:49:17 -0300] "GET /user/get?fb=null HTTP/1.1" 200 56 "-" "Dalvik/2.1.0 (Linux; U; Android 5.1.1; SM-J700M Build/LMY48B)"
186.212.72.173 - - [03/Apr/2016:15:49:18 -0300] "GET /user/get?fb=1079804178746116 HTTP/1.1" 200 56 "-" "Dalvik/2.1.0 (Linux; U; Android 5.1.1; SM-J700M Build/LMY48B)"
186.212.72.173 - - [03/Apr/2016:15:49:41 -0300] "POST /user/create HTTP/1.1" 200 675 "-" "Dalvik/2.1.0 (Linux; U; Android 5.1.1; SM-J700M Build/LMY48B)"
186.212.72.173 - - [03/Apr/2016:15:49:42 -0300] "POST /user/login HTTP/1.1" 200 838 "-" "Dalvik/2.1.0 (Linux; U; Android 5.1.1; SM-J700M Build/LMY48B)"
186.212.72.173 - - [03/Apr/2016:15:49:49 -0300] "GET /user/household/570165c5aa0bef232ebe1aba HTTP/1.1" 200 56 "-" "Dalvik/2.1.0 (Linux; U; Android 5.1.1; SM-J700M Build/LMY48B)"
186.212.72.173 - - [03/Apr/2016:15:49:50 -0300] "GET /user/calendar/year?year=2016 HTTP/1.1" 200 58 "-" "Dalvik/2.1.0 (Linux; U; Android 5.1.1; SM-J700M Build/LMY48B)"
186.212.72.173 - - [03/Apr/2016:15:49:51 -0300] "GET /user/survey/summary HTTP/1.1" 200 66 "-" "Dalvik/2.1.0 (Linux; U; Android 5.1.1; SM-J700M Build/LMY48B)"
177.86.181.198 - - [03/Apr/2016:15:52:21 -0300] "OPTIONS /search/cities?limit=5 HTTP/1.1" 204 0 "http://guardioesdasaude.org/" "Mozilla/5.0 (Linux; U; Android 4.1.2; pt-br; GT-I9070 Build/JZO54K) AppleWebKit/534.30 (KHTML, like Gecko) Version/4.0 Mobile Safari/534.30"
177.86.181.198 - - [03/Apr/2016:15:52:21 -0300] "GET /search/cities?limit=5 HTTP/1.1" 200 163 "http://guardioesdasaude.org/" "Mozilla/5.0 (Linux; U; Android 4.1.2; pt-br; GT-I9070 Build/JZO54K) AppleWebKit/534.30 (KHTML, like Gecko) Version/4.0 Mobile Safari/534.30"
177.86.181.198 - - [03/Apr/2016:15:55:16 -0300] "OPTIONS /search/cities?limit=5 HTTP/1.1" 204 0 "http://guardioesdasaude.org/" "Mozilla/5.0 (Linux; U; Android 4.1.2; pt-br; GT-I9070 Build/JZO54K) AppleWebKit/534.30 (KHTML, like Gecko) Version/4.0 Mobile Safari/534.30"
177.86.181.198 - - [03/Apr/2016:15:55:20 -0300] "GET /search/cities?limit=5 HTTP/1.1" 200 163 "http://guardioesdasaude.org/" "Mozilla/5.0 (Linux; U; Android 4.1.2; pt-br; GT-I9070 Build/JZO54K) AppleWebKit/534.30 (KHTML, like Gecko) Version/4.0 Mobile Safari/534.30"
177.86.181.198 - - [03/Apr/2016:16:16:25 -0300] "OPTIONS /search/cities?limit=5 HTTP/1.1" 204 0 "http://guardioesdasaude.org/" "Mozilla/5.0 (Linux; U; Android 4.1.2; pt-br; GT-I9070 Build/JZO54K) AppleWebKit/534.30 (KHTML, like Gecko) Version/4.0 Mobile Safari/534.30"
177.86.181.198 - - [03/Apr/2016:16:16:31 -0300] "GET /search/cities?limit=5 HTTP/1.1" 200 163 "http://guardioesdasaude.org/" "Mozilla/5.0 (Linux; U; Android 4.1.2; pt-br; GT-I9070 Build/JZO54K) AppleWebKit/534.30 (KHTML, like Gecko) Version/4.0 Mobile Safari/534.30"
181.77.219.58 - - [03/Apr/2016:16:39:10 -0300] "GET /user/lookup/ HTTP/1.1" 200 1517 "-" "Dalvik/2.1.0 (Linux; U; Android 5.1.1; LG-K130 Build/LMY47V)"
181.77.219.58 - - [03/Apr/2016:16:39:17 -0300] "GET /user/household/56fb477cad0ba1592e623039 HTTP/1.1" 200 1133 "-" "Dalvik/2.1.0 (Linux; U; Android 5.1.1; LG-K130 Build/LMY47V)"
181.77.219.58 - - [03/Apr/2016:16:39:21 -0300] "POST /survey/create HTTP/1.1" 200 547 "-" "Dalvik/2.1.0 (Linux; U; Android 5.1.1; LG-K130 Build/LMY47V)"
181.77.219.58 - - [03/Apr/2016:16:39:33 -0300] "GET /surveys/summary/?lon=-43.4508573&lat=-22.722232 HTTP/1.1" 200 239 "-" "Dalvik/2.1.0 (Linux; U; Android 5.1.1; LG-K130 Build/LMY47V)"
181.77.219.58 - - [03/Apr/2016:16:39:34 -0300] "GET /surveys/l?lon=-43.4508573&lat=-22.722232 HTTP/1.1" 200 666 "-" "Dalvik/2.1.0 (Linux; U; Android 5.1.1; LG-K130 Build/LMY47V)"
181.77.219.58 - - [03/Apr/2016:16:40:11 -0300] "GET /user/household/56fb477cad0ba1592e623039 HTTP/1.1" 200 1133 "-" "Dalvik/2.1.0 (Linux; U; Android 5.1.1; LG-K130 Build/LMY47V)"
181.77.219.58 - - [03/Apr/2016:16:40:15 -0300] "POST /survey/create HTTP/1.1" 200 546 "-" "Dalvik/2.1.0 (Linux; U; Android 5.1.1; LG-K130 Build/LMY47V)"
181.77.219.58 - - [03/Apr/2016:16:40:28 -0300] "GET /surveys/summary/?lon=-43.4510216&lat=-22.7224983 HTTP/1.1" 200 240 "-" "Dalvik/2.1.0 (Linux; U; Android 5.1.1; LG-K130 Build/LMY47V)"
181.77.219.58 - - [03/Apr/2016:16:40:29 -0300] "GET /surveys/l?lon=-43.4510216&lat=-22.7224983 HTTP/1.1" 200 662 "-" "Dalvik/2.1.0 (Linux; U; Android 5.1.1; LG-K130 Build/LMY47V)"
177.80.124.138 - - [03/Apr/2016:16:51:16 -0300] "OPTIONS /search/cities?limit=5 HTTP/1.1" 204 0 "http://guardioesdasaude.org/" "Mozilla/5.0 (iPhone; CPU iPhone OS 9_3 like Mac OS X) AppleWebKit/601.1.46 (KHTML, like Gecko) Version/9.0 Mobile/13E233 Safari/601.1"
177.80.124.138 - - [03/Apr/2016:16:51:17 -0300] "GET /search/cities?limit=5 HTTP/1.1" 200 163 "http://guardioesdasaude.org/" "Mozilla/5.0 (iPhone; CPU iPhone OS 9_3 like Mac OS X) AppleWebKit/601.1.46 (KHTML, like Gecko) Version/9.0 Mobile/13E233 Safari/601.1"
187.58.83.237 - - [03/Apr/2016:16:58:00 -0300] "OPTIONS /search/cities?limit=5 HTTP/1.1" 204 0 "http://guardioesdasaude.org/" "Mozilla/5.0 (iPhone; CPU iPhone OS 9_2_1 like Mac OS X) AppleWebKit/601.1.46 (KHTML, like Gecko) Version/9.0 Mobile/13D15 Safari/601.1"
187.58.83.237 - - [03/Apr/2016:16:58:00 -0300] "GET /search/cities?limit=5 HTTP/1.1" 200 163 "http://guardioesdasaude.org/" "Mozilla/5.0 (iPhone; CPU iPhone OS 9_2_1 like Mac OS X) AppleWebKit/601.1.46 (KHTML, like Gecko) Version/9.0 Mobile/13D15 Safari/601.1"
189.83.78.51 - - [03/Apr/2016:17:10:17 -0300] "POST /user/login HTTP/1.1" 200 77 "-" "Dalvik/2.1.0 (Linux; U; Android 5.1.1; SM-G531H Build/LMY48B)"
189.83.78.51 - - [03/Apr/2016:17:10:50 -0300] "POST /user/login HTTP/1.1" 200 77 "-" "Dalvik/2.1.0 (Linux; U; Android 5.1.1; SM-G531H Build/LMY48B)"
189.83.78.51 - - [03/Apr/2016:17:11:17 -0300] "GET /user/get?fb=null HTTP/1.1" 200 56 "-" "Dalvik/2.1.0 (Linux; U; Android 5.1.1; SM-G531H Build/LMY48B)"
189.83.78.51 - - [03/Apr/2016:17:11:18 -0300] "GET /user/get?fb=423679504469385 HTTP/1.1" 200 56 "-" "Dalvik/2.1.0 (Linux; U; Android 5.1.1; SM-G531H Build/LMY48B)"
189.83.78.51 - - [03/Apr/2016:17:12:17 -0300] "POST /user/create HTTP/1.1" 200 662 "-" "Dalvik/2.1.0 (Linux; U; Android 5.1.1; SM-G531H Build/LMY48B)"
189.83.78.51 - - [03/Apr/2016:17:12:18 -0300] "POST /user/login HTTP/1.1" 200 830 "-" "Dalvik/2.1.0 (Linux; U; Android 5.1.1; SM-G531H Build/LMY48B)"
189.83.78.51 - - [03/Apr/2016:17:12:28 -0300] "GET /user/household/57017921d2abb8432e48e2c4 HTTP/1.1" 200 56 "-" "Dalvik/2.1.0 (Linux; U; Android 5.1.1; SM-G531H Build/LMY48B)"
189.83.78.51 - - [03/Apr/2016:17:12:31 -0300] "GET /user/household/57017921d2abb8432e48e2c4 HTTP/1.1" 200 56 "-" "Dalvik/2.1.0 (Linux; U; Android 5.1.1; SM-G531H Build/LMY48B)"
189.83.78.51 - - [03/Apr/2016:17:12:54 -0300] "POST /user/update HTTP/1.1" 200 86 "-" "Dalvik/2.1.0 (Linux; U; Android 5.1.1; SM-G531H Build/LMY48B)"
189.83.78.51 - - [03/Apr/2016:17:12:55 -0300] "GET /user/lookup/ HTTP/1.1" 200 833 "-" "Dalvik/2.1.0 (Linux; U; Android 5.1.1; SM-G531H Build/LMY48B)"
189.83.78.51 - - [03/Apr/2016:17:12:56 -0300] "POST /user/update HTTP/1.1" 200 86 "-" "Dalvik/2.1.0 (Linux; U; Android 5.1.1; SM-G531H Build/LMY48B)"
189.83.78.51 - - [03/Apr/2016:17:12:58 -0300] "GET /user/lookup/ HTTP/1.1" 200 834 "-" "Dalvik/2.1.0 (Linux; U; Android 5.1.1; SM-G531H Build/LMY48B)"
189.83.78.51 - - [03/Apr/2016:17:13:00 -0300] "POST /user/update HTTP/1.1" 200 86 "-" "Dalvik/2.1.0 (Linux; U; Android 5.1.1; SM-G531H Build/LMY48B)"
189.83.78.51 - - [03/Apr/2016:17:13:01 -0300] "GET /user/lookup/ HTTP/1.1" 200 834 "-" "Dalvik/2.1.0 (Linux; U; Android 5.1.1; SM-G531H Build/LMY48B)"
189.83.78.51 - - [03/Apr/2016:17:13:04 -0300] "GET /user/household/57017921d2abb8432e48e2c4 HTTP/1.1" 200 56 "-" "Dalvik/2.1.0 (Linux; U; Android 5.1.1; SM-G531H Build/LMY48B)"
189.83.78.51 - - [03/Apr/2016:17:13:11 -0300] "GET /user/household/57017921d2abb8432e48e2c4 HTTP/1.1" 200 56 "-" "Dalvik/2.1.0 (Linux; U; Android 5.1.1; SM-G531H Build/LMY48B)"
189.83.78.51 - - [03/Apr/2016:17:13:28 -0300] "GET /user/household/57017921d2abb8432e48e2c4 HTTP/1.1" 200 56 "-" "Dalvik/2.1.0 (Linux; U; Android 5.1.1; SM-G531H Build/LMY48B)"
189.83.78.51 - - [03/Apr/2016:17:13:29 -0300] "GET /user/calendar/year?year=2016 HTTP/1.1" 200 58 "-" "Dalvik/2.1.0 (Linux; U; Android 5.1.1; SM-G531H Build/LMY48B)"
189.83.78.51 - - [03/Apr/2016:17:13:30 -0300] "GET /user/survey/summary HTTP/1.1" 200 66 "-" "Dalvik/2.1.0 (Linux; U; Android 5.1.1; SM-G531H Build/LMY48B)"
179.232.121.45 - - [03/Apr/2016:17:14:51 -0300] "OPTIONS /search/cities?limit=5 HTTP/1.1" 204 0 "http://guardioesdasaude.org/" "Mozilla/5.0 (Linux; Android 5.1.1; SM-G920I Build/LMY47X; wv) AppleWebKit/537.36 (KHTML, like Gecko) Version/4.0 Chrome/49.0.2623.105 Mobile Safari/537.36 [FB_IAB/FB4A;FBAV/70.0.0.22.83;]"
179.232.121.45 - - [03/Apr/2016:17:14:51 -0300] "GET /search/cities?limit=5 HTTP/1.1" 200 163 "http://guardioesdasaude.org/" "Mozilla/5.0 (Linux; Android 5.1.1; SM-G920I Build/LMY47X; wv) AppleWebKit/537.36 (KHTML, like Gecko) Version/4.0 Chrome/49.0.2623.105 Mobile Safari/537.36 [FB_IAB/FB4A;FBAV/70.0.0.22.83;]"
189.18.220.95 - - [03/Apr/2016:17:15:03 -0300] "GET /user/get?fb=null HTTP/1.1" 200 56 "-" "Dalvik/2.1.0 (Linux; U; Android 6.0; MotoG3 Build/MPI24.65-33.1)"
189.18.220.95 - - [03/Apr/2016:17:15:05 -0300] "GET /user/get?fb=966996966741071 HTTP/1.1" 200 56 "-" "Dalvik/2.1.0 (Linux; U; Android 6.0; MotoG3 Build/MPI24.65-33.1)"
189.18.220.95 - - [03/Apr/2016:17:15:36 -0300] "POST /user/create HTTP/1.1" 200 584 "-" "Dalvik/2.1.0 (Linux; U; Android 6.0; MotoG3 Build/MPI24.65-33.1)"
189.18.220.95 - - [03/Apr/2016:17:15:37 -0300] "POST /user/login HTTP/1.1" 200 754 "-" "Dalvik/2.1.0 (Linux; U; Android 6.0; MotoG3 Build/MPI24.65-33.1)"
189.18.220.95 - - [03/Apr/2016:17:15:46 -0300] "GET /news/get HTTP/1.1" 200 4021 "-" "Dalvik/2.1.0 (Linux; U; Android 6.0; MotoG3 Build/MPI24.65-33.1)"
189.18.220.95 - - [03/Apr/2016:17:16:16 -0300] "GET /user/household/570179e8aa0bef232ebe1abb HTTP/1.1" 200 56 "-" "Dalvik/2.1.0 (Linux; U; Android 6.0; MotoG3 Build/MPI24.65-33.1)"
189.18.220.95 - - [03/Apr/2016:17:16:18 -0300] "GET /user/calendar/year?year=2016 HTTP/1.1" 200 58 "-" "Dalvik/2.1.0 (Linux; U; Android 6.0; MotoG3 Build/MPI24.65-33.1)"
189.18.220.95 - - [03/Apr/2016:17:16:20 -0300] "GET /user/survey/summary HTTP/1.1" 200 66 "-" "Dalvik/2.1.0 (Linux; U; Android 6.0; MotoG3 Build/MPI24.65-33.1)"
138.219.179.38 - - [03/Apr/2016:17:18:17 -0300] "OPTIONS /search/cities?limit=5 HTTP/1.1" 204 0 "http://guardioesdasaude.org/" "Mozilla/5.0 (Linux; Android 6.0; MotoG3 Build/MPI24.65-33.1; wv) AppleWebKit/537.36 (KHTML, like Gecko) Version/4.0 Chrome/49.0.2623.105 Mobile Safari/537.36 [FB_IAB/FB4A;FBAV/70.0.0.22.83;]"
138.219.179.38 - - [03/Apr/2016:17:18:22 -0300] "GET /search/cities?limit=5 HTTP/1.1" 200 163 "http://guardioesdasaude.org/" "Mozilla/5.0 (Linux; Android 6.0; MotoG3 Build/MPI24.65-33.1; wv) AppleWebKit/537.36 (KHTML, like Gecko) Version/4.0 Chrome/49.0.2623.105 Mobile Safari/537.36 [FB_IAB/FB4A;FBAV/70.0.0.22.83;]"
179.232.121.45 - - [03/Apr/2016:17:19:23 -0300] "POST /user/login HTTP/1.1" 200 77 "-" "Dalvik/2.1.0 (Linux; U; Android 5.1.1; SM-G920I Build/LMY47X)"
179.232.121.45 - - [03/Apr/2016:17:19:38 -0300] "POST /user/login HTTP/1.1" 200 77 "-" "Dalvik/2.1.0 (Linux; U; Android 5.1.1; SM-G920I Build/LMY47X)"
179.232.121.45 - - [03/Apr/2016:17:19:55 -0300] "POST /user/login HTTP/1.1" 200 77 "-" "Dalvik/2.1.0 (Linux; U; Android 5.1.1; SM-G920I Build/LMY47X)"
201.58.41.195 - - [03/Apr/2016:17:27:34 -0300] "OPTIONS /search/cities?limit=5 HTTP/1.1" 204 0 "http://guardioesdasaude.org/" "Mozilla/5.0 (Linux; Android 5.0.2; SAMSUNG SM-A700FD Build/LRX22G) AppleWebKit/537.36 (KHTML, like Gecko) SamsungBrowser/4.0 Chrome/44.0.2403.133 Mobile Safari/537.36"
201.58.41.195 - - [03/Apr/2016:17:27:34 -0300] "GET /search/cities?limit=5 HTTP/1.1" 200 163 "http://guardioesdasaude.org/" "Mozilla/5.0 (Linux; Android 5.0.2; SAMSUNG SM-A700FD Build/LRX22G) AppleWebKit/537.36 (KHTML, like Gecko) SamsungBrowser/4.0 Chrome/44.0.2403.133 Mobile Safari/537.36"
177.215.155.217 - - [03/Apr/2016:17:39:29 -0300] "GET /user/lookup/ HTTP/1.1" 200 796 "-" "Guardioes da Saude/1.1.4 (iPhone; iOS 9.3.1; Scale/2.00)"
177.215.155.217 - - [03/Apr/2016:17:39:37 -0300] "GET /user/household/56fef55daa0bef232ebe1a3f HTTP/1.1" 200 56 "-" "Guardioes da Saude/1.1.4 (iPhone; iOS 9.3.1; Scale/2.00)"
177.215.155.217 - - [03/Apr/2016:17:39:44 -0300] "GET /news/get HTTP/1.1" 200 4018 "-" "Guardioes da Saude/1.1.4 (iPhone; iOS 9.3.1; Scale/2.00)"
177.215.155.217 - - [03/Apr/2016:17:41:04 -0300] "GET /user/household/56fef55daa0bef232ebe1a3f HTTP/1.1" 200 56 "-" "Guardioes da Saude/1.1.4 (iPhone; iOS 9.3.1; Scale/2.00)"
