187.113.141.74 - - [04/Jul/2016:10:40:17 -0300] "GET /user/household/577a670482a7c8f7221106fd HTTP/1.1" 200 56 "-" "Dalvik/2.1.0 (Linux; U; Android 5.0.2; SM-A500M Build/LRX22G)"
54.247.188.179 - - [04/Jul/2016:10:40:35 -0300] "GET / HTTP/1.0" 200 11894 "-" "NewRelicPinger/1.0 (954132)"
187.113.141.74 - - [04/Jul/2016:10:41:13 -0300] "POST /household/create HTTP/1.1" 200 250 "-" "Dalvik/2.1.0 (Linux; U; Android 5.0.2; SM-A500M Build/LRX22G)"
187.113.141.74 - - [04/Jul/2016:10:41:14 -0300] "GET /user/lookup/ HTTP/1.1" 200 681 "-" "Dalvik/2.1.0 (Linux; U; Android 5.0.2; SM-A500M Build/LRX22G)"
50.112.95.211 - - [04/Jul/2016:10:41:15 -0300] "GET / HTTP/1.0" 200 11894 "-" "NewRelicPinger/1.0 (954132)"
187.113.141.74 - - [04/Jul/2016:10:41:25 -0300] "GET /news/get HTTP/1.1" 200 4089 "-" "Dalvik/2.1.0 (Linux; U; Android 5.0.2; SM-A500M Build/LRX22G)"
54.251.34.67 - - [04/Jul/2016:10:41:42 -0300] "GET / HTTP/1.0" 200 11894 "-" "NewRelicPinger/1.0 (954132)"
54.248.250.232 - - [04/Jul/2016:10:42:01 -0300] "GET / HTTP/1.0" 200 11894 "-" "NewRelicPinger/1.0 (954132)"
187.113.141.74 - - [04/Jul/2016:10:42:04 -0300] "GET /surveys/summary/?lon=-46.8885428&lat=-23.2031302 HTTP/1.1" 200 221 "-" "Dalvik/2.1.0 (Linux; U; Android 5.0.2; SM-A500M Build/LRX22G)"
187.113.141.74 - - [04/Jul/2016:10:42:09 -0300] "GET /surveys/l?lon=-46.8885428&lat=-23.2031302 HTTP/1.1" 200 56 "-" "Dalvik/2.1.0 (Linux; U; Android 5.0.2; SM-A500M Build/LRX22G)"
187.113.141.74 - - [04/Jul/2016:10:42:33 -0300] "GET /surveys/l?lon=-46.8884697&lat=-23.2032806 HTTP/1.1" 200 56 "-" "Dalvik/2.1.0 (Linux; U; Android 5.0.2; SM-A500M Build/LRX22G)"
187.113.141.74 - - [04/Jul/2016:10:42:34 -0300] "GET /surveys/summary/?lon=-46.8884697&lat=-23.2032806 HTTP/1.1" 200 217 "-" "Dalvik/2.1.0 (Linux; U; Android 5.0.2; SM-A500M Build/LRX22G)"
184.73.237.85 - - [04/Jul/2016:10:42:43 -0300] "GET / HTTP/1.0" 200 11894 "-" "NewRelicPinger/1.0 (954132)"
54.247.188.179 - - [04/Jul/2016:10:43:06 -0300] "GET / HTTP/1.0" 200 11894 "-" "NewRelicPinger/1.0 (954132)"
50.112.95.211 - - [04/Jul/2016:10:43:45 -0300] "GET / HTTP/1.0" 200 11894 "-" "NewRelicPinger/1.0 (954132)"
54.251.34.67 - - [04/Jul/2016:10:44:12 -0300] "GET / HTTP/1.0" 200 11894 "-" "NewRelicPinger/1.0 (954132)"
54.248.250.232 - - [04/Jul/2016:10:44:31 -0300] "GET / HTTP/1.0" 200 11894 "-" "NewRelicPinger/1.0 (954132)"
184.73.237.85 - - [04/Jul/2016:10:45:12 -0300] "GET / HTTP/1.0" 200 11894 "-" "NewRelicPinger/1.0 (954132)"
54.247.188.179 - - [04/Jul/2016:10:45:35 -0300] "GET / HTTP/1.0" 200 11894 "-" "NewRelicPinger/1.0 (954132)"
50.112.95.211 - - [04/Jul/2016:10:46:15 -0300] "GET / HTTP/1.0" 200 11894 "-" "NewRelicPinger/1.0 (954132)"
54.251.34.67 - - [04/Jul/2016:10:46:42 -0300] "GET / HTTP/1.0" 200 11894 "-" "NewRelicPinger/1.0 (954132)"
54.248.250.232 - - [04/Jul/2016:10:47:09 -0300] "GET / HTTP/1.0" 200 11894 "-" "NewRelicPinger/1.0 (954132)"
184.73.237.85 - - [04/Jul/2016:10:47:43 -0300] "GET / HTTP/1.0" 200 11894 "-" "NewRelicPinger/1.0 (954132)"
54.247.188.179 - - [04/Jul/2016:10:48:05 -0300] "GET / HTTP/1.0" 200 11894 "-" "NewRelicPinger/1.0 (954132)"
50.112.95.211 - - [04/Jul/2016:10:48:45 -0300] "GET / HTTP/1.0" 200 11894 "-" "NewRelicPinger/1.0 (954132)"
54.251.34.67 - - [04/Jul/2016:10:49:12 -0300] "GET / HTTP/1.0" 200 11894 "-" "NewRelicPinger/1.0 (954132)"
54.248.250.232 - - [04/Jul/2016:10:49:40 -0300] "GET / HTTP/1.0" 200 11894 "-" "NewRelicPinger/1.0 (954132)"
184.73.237.85 - - [04/Jul/2016:10:50:13 -0300] "GET / HTTP/1.0" 200 11894 "-" "NewRelicPinger/1.0 (954132)"
54.247.188.179 - - [04/Jul/2016:10:50:35 -0300] "GET / HTTP/1.0" 200 11894 "-" "NewRelicPinger/1.0 (954132)"
50.112.95.211 - - [04/Jul/2016:10:51:15 -0300] "GET / HTTP/1.0" 200 11894 "-" "NewRelicPinger/1.0 (954132)"
54.251.34.67 - - [04/Jul/2016:10:51:42 -0300] "GET / HTTP/1.0" 200 11894 "-" "NewRelicPinger/1.0 (954132)"
54.248.250.232 - - [04/Jul/2016:10:52:09 -0300] "GET / HTTP/1.0" 200 11894 "-" "NewRelicPinger/1.0 (954132)"
184.73.237.85 - - [04/Jul/2016:10:52:43 -0300] "GET / HTTP/1.0" 200 11894 "-" "NewRelicPinger/1.0 (954132)"
54.247.188.179 - - [04/Jul/2016:10:53:05 -0300] "GET / HTTP/1.0" 200 11894 "-" "NewRelicPinger/1.0 (954132)"
50.112.95.211 - - [04/Jul/2016:10:53:45 -0300] "GET / HTTP/1.0" 200 11894 "-" "NewRelicPinger/1.0 (954132)"
54.251.34.67 - - [04/Jul/2016:10:54:12 -0300] "GET / HTTP/1.0" 200 11894 "-" "NewRelicPinger/1.0 (954132)"
54.248.250.232 - - [04/Jul/2016:10:54:39 -0300] "GET / HTTP/1.0" 200 11894 "-" "NewRelicPinger/1.0 (954132)"
184.73.237.85 - - [04/Jul/2016:10:55:13 -0300] "GET / HTTP/1.0" 200 11894 "-" "NewRelicPinger/1.0 (954132)"
54.247.188.179 - - [04/Jul/2016:10:55:35 -0300] "GET / HTTP/1.0" 200 11894 "-" "NewRelicPinger/1.0 (954132)"
50.112.95.211 - - [04/Jul/2016:10:56:15 -0300] "GET / HTTP/1.0" 200 11894 "-" "NewRelicPinger/1.0 (954132)"
54.251.34.67 - - [04/Jul/2016:10:56:42 -0300] "GET / HTTP/1.0" 200 11894 "-" "NewRelicPinger/1.0 (954132)"
54.248.250.232 - - [04/Jul/2016:10:57:09 -0300] "GET / HTTP/1.0" 200 11894 "-" "NewRelicPinger/1.0 (954132)"
184.73.237.85 - - [04/Jul/2016:10:57:43 -0300] "GET / HTTP/1.0" 200 11894 "-" "NewRelicPinger/1.0 (954132)"
54.247.188.179 - - [04/Jul/2016:10:58:05 -0300] "GET / HTTP/1.0" 200 11894 "-" "NewRelicPinger/1.0 (954132)"
50.112.95.211 - - [04/Jul/2016:10:58:45 -0300] "GET / HTTP/1.0" 200 11894 "-" "NewRelicPinger/1.0 (954132)"
54.251.34.67 - - [04/Jul/2016:10:59:12 -0300] "GET / HTTP/1.0" 200 11894 "-" "NewRelicPinger/1.0 (954132)"
54.248.250.232 - - [04/Jul/2016:10:59:40 -0300] "GET / HTTP/1.0" 200 11894 "-" "NewRelicPinger/1.0 (954132)"
184.73.237.85 - - [04/Jul/2016:11:00:13 -0300] "GET / HTTP/1.0" 200 11894 "-" "NewRelicPinger/1.0 (954132)"
177.38.200.177 - - [04/Jul/2016:11:00:27 -0300] "OPTIONS /search/cities?limit=5 HTTP/1.1" 204 0 "https://guardioesdasaude.org/" "Mozilla/5.0 (Macintosh; Intel Mac OS X 10_10_5) AppleWebKit/537.36 (KHTML, like Gecko) Chrome/51.0.2704.84 Safari/537.36"
177.38.200.177 - - [04/Jul/2016:11:00:27 -0300] "OPTIONS /search/cities?limit=5 HTTP/1.1" 204 0 "https://guardioesdasaude.org/" "Mozilla/5.0 (Macintosh; Intel Mac OS X 10_10_5) AppleWebKit/537.36 (KHTML, like Gecko) Chrome/51.0.2704.84 Safari/537.36"
177.38.200.177 - - [04/Jul/2016:11:00:27 -0300] "OPTIONS /search/cities?limit=5 HTTP/1.1" 204 0 "https://guardioesdasaude.org/" "Mozilla/5.0 (Macintosh; Intel Mac OS X 10_10_5) AppleWebKit/537.36 (KHTML, like Gecko) Chrome/51.0.2704.84 Safari/537.36"
177.38.200.177 - - [04/Jul/2016:11:00:27 -0300] "GET /search/cities?limit=5 HTTP/1.1" 200 165 "https://guardioesdasaude.org/" "Mozilla/5.0 (Macintosh; Intel Mac OS X 10_10_5) AppleWebKit/537.36 (KHTML, like Gecko) Chrome/51.0.2704.84 Safari/537.36"
177.38.200.177 - - [04/Jul/2016:11:00:28 -0300] "GET /search/cities?limit=5 HTTP/1.1" 200 165 "https://guardioesdasaude.org/" "Mozilla/5.0 (Macintosh; Intel Mac OS X 10_10_5) AppleWebKit/537.36 (KHTML, like Gecko) Chrome/51.0.2704.84 Safari/537.36"
177.38.200.177 - - [04/Jul/2016:11:00:28 -0300] "GET /search/cities?limit=5 HTTP/1.1" 200 165 "https://guardioesdasaude.org/" "Mozilla/5.0 (Macintosh; Intel Mac OS X 10_10_5) AppleWebKit/537.36 (KHTML, like Gecko) Chrome/51.0.2704.84 Safari/537.36"
54.247.188.179 - - [04/Jul/2016:11:00:35 -0300] "GET / HTTP/1.0" 200 11894 "-" "NewRelicPinger/1.0 (954132)"
50.112.95.211 - - [04/Jul/2016:11:01:15 -0300] "GET / HTTP/1.0" 200 11894 "-" "NewRelicPinger/1.0 (954132)"
54.251.34.67 - - [04/Jul/2016:11:01:42 -0300] "GET / HTTP/1.0" 200 11894 "-" "NewRelicPinger/1.0 (954132)"
54.248.250.232 - - [04/Jul/2016:11:02:10 -0300] "GET / HTTP/1.0" 200 11894 "-" "NewRelicPinger/1.0 (954132)"
184.73.237.85 - - [04/Jul/2016:11:02:43 -0300] "GET / HTTP/1.0" 200 11894 "-" "NewRelicPinger/1.0 (954132)"
54.247.188.179 - - [04/Jul/2016:11:03:06 -0300] "GET / HTTP/1.0" 200 11894 "-" "NewRelicPinger/1.0 (954132)"
50.112.95.211 - - [04/Jul/2016:11:03:45 -0300] "GET / HTTP/1.0" 200 11894 "-" "NewRelicPinger/1.0 (954132)"
54.251.34.67 - - [04/Jul/2016:11:04:12 -0300] "GET / HTTP/1.0" 200 11894 "-" "NewRelicPinger/1.0 (954132)"
54.248.250.232 - - [04/Jul/2016:11:04:40 -0300] "GET / HTTP/1.0" 200 11894 "-" "NewRelicPinger/1.0 (954132)"
184.73.237.85 - - [04/Jul/2016:11:05:13 -0300] "GET / HTTP/1.0" 200 11894 "-" "NewRelicPinger/1.0 (954132)"
54.247.188.179 - - [04/Jul/2016:11:05:35 -0300] "GET / HTTP/1.0" 200 11894 "-" "NewRelicPinger/1.0 (954132)"
50.112.95.211 - - [04/Jul/2016:11:06:15 -0300] "GET / HTTP/1.0" 200 11894 "-" "NewRelicPinger/1.0 (954132)"
54.251.34.67 - - [04/Jul/2016:11:06:42 -0300] "GET / HTTP/1.0" 200 11894 "-" "NewRelicPinger/1.0 (954132)"
54.248.250.232 - - [04/Jul/2016:11:07:10 -0300] "GET / HTTP/1.0" 200 11894 "-" "NewRelicPinger/1.0 (954132)"
184.73.237.85 - - [04/Jul/2016:11:07:43 -0300] "GET / HTTP/1.0" 200 11894 "-" "NewRelicPinger/1.0 (954132)"
54.247.188.179 - - [04/Jul/2016:11:08:05 -0300] "GET / HTTP/1.0" 200 11894 "-" "NewRelicPinger/1.0 (954132)"
179.159.97.46 - - [04/Jul/2016:11:08:40 -0300] "GET /user/get?fb=1337269579635035 HTTP/1.1" 200 56 "-" "Guardioes da Saude/1.1.9 (iPhone; iOS 9.3.2; Scale/2.00)"
50.112.95.211 - - [04/Jul/2016:11:08:45 -0300] "GET / HTTP/1.0" 200 11894 "-" "NewRelicPinger/1.0 (954132)"
54.251.34.67 - - [04/Jul/2016:11:09:12 -0300] "GET / HTTP/1.0" 200 11894 "-" "NewRelicPinger/1.0 (954132)"
179.159.97.46 - - [04/Jul/2016:11:09:15 -0300] "POST /user/create HTTP/1.1" 200 589 "-" "Guardioes da Saude/1.1.9 (iPhone; iOS 9.3.2; Scale/2.00)"
179.159.97.46 - - [04/Jul/2016:11:09:16 -0300] "GET /user/calendar/day?&day=4&month=7&year=2016 HTTP/1.1" 200 58 "-" "Guardioes da Saude/1.1.9 (iPhone; iOS 9.3.2; Scale/2.00)"
54.248.250.232 - - [04/Jul/2016:11:09:40 -0300] "GET / HTTP/1.0" 200 11894 "-" "NewRelicPinger/1.0 (954132)"
179.159.97.46 - - [04/Jul/2016:11:10:02 -0300] "POST /survey/create HTTP/1.1" 200 561 "-" "Guardioes da Saude/1.1.9 (iPhone; iOS 9.3.2; Scale/2.00)"
184.73.237.85 - - [04/Jul/2016:11:10:14 -0300] "GET / HTTP/1.0" 200 11894 "-" "NewRelicPinger/1.0 (954132)"
54.247.188.179 - - [04/Jul/2016:11:10:36 -0300] "GET / HTTP/1.0" 200 11894 "-" "NewRelicPinger/1.0 (954132)"
179.159.97.46 - - [04/Jul/2016:11:10:55 -0300] "GET /user/calendar/day?&day=4&month=7&year=2016 HTTP/1.1" 200 115 "-" "Guardioes da Saude/1.1.9 (iPhone; iOS 9.3.2; Scale/2.00)"
179.159.97.46 - - [04/Jul/2016:11:11:06 -0300] "GET /surveys/l?lat=-22.854090&lon=-47.047221 HTTP/1.1" 200 355 "-" "Guardioes da Saude/1.1.9 (iPhone; iOS 9.3.2; Scale/2.00)"
179.159.97.46 - - [04/Jul/2016:11:11:06 -0300] "GET /surveys/summary?lat=-22.85428523553801&lon=-47.04734112140447 HTTP/1.1" 200 246 "-" "Guardioes da Saude/1.1.9 (iPhone; iOS 9.3.2; Scale/2.00)"
50.112.95.211 - - [04/Jul/2016:11:11:15 -0300] "GET / HTTP/1.0" 200 11894 "-" "NewRelicPinger/1.0 (954132)"
179.159.97.46 - - [04/Jul/2016:11:11:18 -0300] "GET /news/get HTTP/1.1" 200 4127 "-" "Guardioes da Saude/1.1.9 (iPhone; iOS 9.3.2; Scale/2.00)"
179.159.97.46 - - [04/Jul/2016:11:11:34 -0300] "GET /user/household/577a6e0b82a7c8f7221106ff HTTP/1.1" 200 56 "-" "Guardioes da Saude/1.1.9 (iPhone; iOS 9.3.2; Scale/2.00)"
179.159.97.46 - - [04/Jul/2016:11:11:41 -0300] "POST /survey/create HTTP/1.1" 200 548 "-" "Guardioes da Saude/1.1.9 (iPhone; iOS 9.3.2; Scale/2.00)"
54.251.34.67 - - [04/Jul/2016:11:11:42 -0300] "GET / HTTP/1.0" 200 11894 "-" "NewRelicPinger/1.0 (954132)"
179.159.97.46 - - [04/Jul/2016:11:11:43 -0300] "GET /user/calendar/day?&day=4&month=7&year=2016 HTTP/1.1" 200 114 "-" "Guardioes da Saude/1.1.9 (iPhone; iOS 9.3.2; Scale/2.00)"
179.159.97.46 - - [04/Jul/2016:11:11:55 -0300] "GET /user/calendar/day?&day=4&month=7&year=2016 HTTP/1.1" 200 114 "-" "Guardioes da Saude/1.1.9 (iPhone; iOS 9.3.2; Scale/2.00)"
179.159.97.46 - - [04/Jul/2016:11:11:59 -0300] "GET /user/household/577a6e0b82a7c8f7221106ff HTTP/1.1" 200 56 "-" "Guardioes da Saude/1.1.9 (iPhone; iOS 9.3.2; Scale/2.00)"
179.159.97.46 - - [04/Jul/2016:11:12:00 -0300] "GET /user/survey/summary HTTP/1.1" 200 69 "-" "Guardioes da Saude/1.1.9 (iPhone; iOS 9.3.2; Scale/2.00)"
179.159.97.46 - - [04/Jul/2016:11:12:00 -0300] "GET /user/calendar/month?&month=7&year=2016 HTTP/1.1" 200 114 "-" "Guardioes da Saude/1.1.9 (iPhone; iOS 9.3.2; Scale/2.00)"
179.159.97.46 - - [04/Jul/2016:11:12:00 -0300] "GET /user/calendar/year?&year=2016 HTTP/1.1" 200 109 "-" "Guardioes da Saude/1.1.9 (iPhone; iOS 9.3.2; Scale/2.00)"
54.248.250.232 - - [04/Jul/2016:11:12:10 -0300] "GET / HTTP/1.0" 200 11894 "-" "NewRelicPinger/1.0 (954132)"
184.73.237.85 - - [04/Jul/2016:11:12:44 -0300] "GET / HTTP/1.0" 200 11894 "-" "NewRelicPinger/1.0 (954132)"
54.247.188.179 - - [04/Jul/2016:11:13:05 -0300] "GET / HTTP/1.0" 200 11894 "-" "NewRelicPinger/1.0 (954132)"
50.112.95.211 - - [04/Jul/2016:11:13:46 -0300] "GET / HTTP/1.0" 200 11894 "-" "NewRelicPinger/1.0 (954132)"
54.251.34.67 - - [04/Jul/2016:11:14:12 -0300] "GET / HTTP/1.0" 200 11894 "-" "NewRelicPinger/1.0 (954132)"
54.248.250.232 - - [04/Jul/2016:11:14:40 -0300] "GET / HTTP/1.0" 200 11894 "-" "NewRelicPinger/1.0 (954132)"
184.73.237.85 - - [04/Jul/2016:11:15:13 -0300] "GET / HTTP/1.0" 200 11894 "-" "NewRelicPinger/1.0 (954132)"
54.247.188.179 - - [04/Jul/2016:11:15:35 -0300] "GET / HTTP/1.0" 200 11894 "-" "NewRelicPinger/1.0 (954132)"
50.112.95.211 - - [04/Jul/2016:11:16:15 -0300] "GET / HTTP/1.0" 200 11894 "-" "NewRelicPinger/1.0 (954132)"
54.251.34.67 - - [04/Jul/2016:11:16:42 -0300] "GET / HTTP/1.0" 200 11894 "-" "NewRelicPinger/1.0 (954132)"
54.248.250.232 - - [04/Jul/2016:11:17:10 -0300] "GET / HTTP/1.0" 200 11894 "-" "NewRelicPinger/1.0 (954132)"
184.73.237.85 - - [04/Jul/2016:11:17:44 -0300] "GET / HTTP/1.0" 200 11894 "-" "NewRelicPinger/1.0 (954132)"
54.247.188.179 - - [04/Jul/2016:11:18:05 -0300] "GET / HTTP/1.0" 200 11894 "-" "NewRelicPinger/1.0 (954132)"
50.112.95.211 - - [04/Jul/2016:11:18:45 -0300] "GET / HTTP/1.0" 200 11894 "-" "NewRelicPinger/1.0 (954132)"
54.251.34.67 - - [04/Jul/2016:11:19:12 -0300] "GET / HTTP/1.0" 200 11894 "-" "NewRelicPinger/1.0 (954132)"
54.248.250.232 - - [04/Jul/2016:11:19:40 -0300] "GET / HTTP/1.0" 200 11894 "-" "NewRelicPinger/1.0 (954132)"
184.73.237.85 - - [04/Jul/2016:11:20:15 -0300] "GET / HTTP/1.0" 200 11894 "-" "NewRelicPinger/1.0 (954132)"
54.247.188.179 - - [04/Jul/2016:11:20:35 -0300] "GET / HTTP/1.0" 200 11894 "-" "NewRelicPinger/1.0 (954132)"
50.112.95.211 - - [04/Jul/2016:11:21:15 -0300] "GET / HTTP/1.0" 200 11894 "-" "NewRelicPinger/1.0 (954132)"
54.251.34.67 - - [04/Jul/2016:11:21:42 -0300] "GET / HTTP/1.0" 200 11894 "-" "NewRelicPinger/1.0 (954132)"
54.248.250.232 - - [04/Jul/2016:11:22:10 -0300] "GET / HTTP/1.0" 200 11894 "-" "NewRelicPinger/1.0 (954132)"
184.73.237.85 - - [04/Jul/2016:11:22:44 -0300] "GET / HTTP/1.0" 200 11894 "-" "NewRelicPinger/1.0 (954132)"
54.247.188.179 - - [04/Jul/2016:11:23:05 -0300] "GET / HTTP/1.0" 200 11894 "-" "NewRelicPinger/1.0 (954132)"
50.112.95.211 - - [04/Jul/2016:11:23:45 -0300] "GET / HTTP/1.0" 200 11894 "-" "NewRelicPinger/1.0 (954132)"
54.251.34.67 - - [04/Jul/2016:11:24:12 -0300] "GET / HTTP/1.0" 200 11894 "-" "NewRelicPinger/1.0 (954132)"
54.248.250.232 - - [04/Jul/2016:11:24:40 -0300] "GET / HTTP/1.0" 200 11894 "-" "NewRelicPinger/1.0 (954132)"
184.73.237.85 - - [04/Jul/2016:11:25:14 -0300] "GET / HTTP/1.0" 200 11894 "-" "NewRelicPinger/1.0 (954132)"
54.247.188.179 - - [04/Jul/2016:11:25:35 -0300] "GET / HTTP/1.0" 200 11894 "-" "NewRelicPinger/1.0 (954132)"
50.112.95.211 - - [04/Jul/2016:11:26:16 -0300] "GET / HTTP/1.0" 200 11894 "-" "NewRelicPinger/1.0 (954132)"
54.251.34.67 - - [04/Jul/2016:11:26:42 -0300] "GET / HTTP/1.0" 200 11894 "-" "NewRelicPinger/1.0 (954132)"
54.248.250.232 - - [04/Jul/2016:11:27:10 -0300] "GET / HTTP/1.0" 200 11894 "-" "NewRelicPinger/1.0 (954132)"
184.73.237.85 - - [04/Jul/2016:11:27:44 -0300] "GET / HTTP/1.0" 200 11894 "-" "NewRelicPinger/1.0 (954132)"
54.247.188.179 - - [04/Jul/2016:11:28:05 -0300] "GET / HTTP/1.0" 200 11894 "-" "NewRelicPinger/1.0 (954132)"
50.112.95.211 - - [04/Jul/2016:11:28:46 -0300] "GET / HTTP/1.0" 200 11894 "-" "NewRelicPinger/1.0 (954132)"
54.251.34.67 - - [04/Jul/2016:11:29:12 -0300] "GET / HTTP/1.0" 200 11894 "-" "NewRelicPinger/1.0 (954132)"
54.248.250.232 - - [04/Jul/2016:11:29:41 -0300] "GET / HTTP/1.0" 200 11894 "-" "NewRelicPinger/1.0 (954132)"
184.73.237.85 - - [04/Jul/2016:11:30:16 -0300] "GET / HTTP/1.0" 200 11894 "-" "NewRelicPinger/1.0 (954132)"
54.247.188.179 - - [04/Jul/2016:11:30:35 -0300] "GET / HTTP/1.0" 200 11894 "-" "NewRelicPinger/1.0 (954132)"
50.112.95.211 - - [04/Jul/2016:11:31:16 -0300] "GET / HTTP/1.0" 200 11894 "-" "NewRelicPinger/1.0 (954132)"
54.251.34.67 - - [04/Jul/2016:11:31:42 -0300] "GET / HTTP/1.0" 200 11894 "-" "NewRelicPinger/1.0 (954132)"
54.248.250.232 - - [04/Jul/2016:11:32:10 -0300] "GET / HTTP/1.0" 200 11894 "-" "NewRelicPinger/1.0 (954132)"
184.73.237.85 - - [04/Jul/2016:11:32:45 -0300] "GET / HTTP/1.0" 200 11894 "-" "NewRelicPinger/1.0 (954132)"
54.247.188.179 - - [04/Jul/2016:11:33:05 -0300] "GET / HTTP/1.0" 200 11894 "-" "NewRelicPinger/1.0 (954132)"
50.112.95.211 - - [04/Jul/2016:11:33:46 -0300] "GET / HTTP/1.0" 200 11894 "-" "NewRelicPinger/1.0 (954132)"
54.251.34.67 - - [04/Jul/2016:11:34:12 -0300] "GET / HTTP/1.0" 200 11894 "-" "NewRelicPinger/1.0 (954132)"
54.248.250.232 - - [04/Jul/2016:11:34:41 -0300] "GET / HTTP/1.0" 200 11894 "-" "NewRelicPinger/1.0 (954132)"
184.73.237.85 - - [04/Jul/2016:11:35:16 -0300] "GET / HTTP/1.0" 200 11894 "-" "NewRelicPinger/1.0 (954132)"
54.247.188.179 - - [04/Jul/2016:11:35:35 -0300] "GET / HTTP/1.0" 200 11894 "-" "NewRelicPinger/1.0 (954132)"
50.112.95.211 - - [04/Jul/2016:11:36:16 -0300] "GET / HTTP/1.0" 200 11894 "-" "NewRelicPinger/1.0 (954132)"
54.251.34.67 - - [04/Jul/2016:11:36:42 -0300] "GET / HTTP/1.0" 200 11894 "-" "NewRelicPinger/1.0 (954132)"
54.248.250.232 - - [04/Jul/2016:11:37:10 -0300] "GET / HTTP/1.0" 200 11894 "-" "NewRelicPinger/1.0 (954132)"
184.73.237.85 - - [04/Jul/2016:11:37:46 -0300] "GET / HTTP/1.0" 200 11894 "-" "NewRelicPinger/1.0 (954132)"
54.247.188.179 - - [04/Jul/2016:11:38:05 -0300] "GET / HTTP/1.0" 200 11894 "-" "NewRelicPinger/1.0 (954132)"
50.112.95.211 - - [04/Jul/2016:11:38:46 -0300] "GET / HTTP/1.0" 200 11894 "-" "NewRelicPinger/1.0 (954132)"
54.251.34.67 - - [04/Jul/2016:11:39:12 -0300] "GET / HTTP/1.0" 200 11894 "-" "NewRelicPinger/1.0 (954132)"
54.248.250.232 - - [04/Jul/2016:11:39:40 -0300] "GET / HTTP/1.0" 200 11894 "-" "NewRelicPinger/1.0 (954132)"
184.73.237.85 - - [04/Jul/2016:11:40:16 -0300] "GET / HTTP/1.0" 200 11894 "-" "NewRelicPinger/1.0 (954132)"
54.247.188.179 - - [04/Jul/2016:11:40:35 -0300] "GET / HTTP/1.0" 200 11894 "-" "NewRelicPinger/1.0 (954132)"
50.112.95.211 - - [04/Jul/2016:11:41:16 -0300] "GET / HTTP/1.0" 200 11894 "-" "NewRelicPinger/1.0 (954132)"
54.251.34.67 - - [04/Jul/2016:11:41:43 -0300] "GET / HTTP/1.0" 200 11894 "-" "NewRelicPinger/1.0 (954132)"
54.248.250.232 - - [04/Jul/2016:11:42:10 -0300] "GET / HTTP/1.0" 200 11894 "-" "NewRelicPinger/1.0 (954132)"
184.73.237.85 - - [04/Jul/2016:11:42:45 -0300] "GET / HTTP/1.0" 200 11894 "-" "NewRelicPinger/1.0 (954132)"
54.247.188.179 - - [04/Jul/2016:11:43:05 -0300] "GET / HTTP/1.0" 200 11894 "-" "NewRelicPinger/1.0 (954132)"
50.112.95.211 - - [04/Jul/2016:11:43:46 -0300] "GET / HTTP/1.0" 200 11894 "-" "NewRelicPinger/1.0 (954132)"
54.251.34.67 - - [04/Jul/2016:11:44:12 -0300] "GET / HTTP/1.0" 200 11894 "-" "NewRelicPinger/1.0 (954132)"
54.248.250.232 - - [04/Jul/2016:11:44:41 -0300] "GET / HTTP/1.0" 200 11894 "-" "NewRelicPinger/1.0 (954132)"
184.73.237.85 - - [04/Jul/2016:11:45:15 -0300] "GET / HTTP/1.0" 200 11894 "-" "NewRelicPinger/1.0 (954132)"
54.247.188.179 - - [04/Jul/2016:11:45:35 -0300] "GET / HTTP/1.0" 200 11894 "-" "NewRelicPinger/1.0 (954132)"
50.112.95.211 - - [04/Jul/2016:11:46:16 -0300] "GET / HTTP/1.0" 200 11894 "-" "NewRelicPinger/1.0 (954132)"
54.251.34.67 - - [04/Jul/2016:11:46:43 -0300] "GET / HTTP/1.0" 200 11894 "-" "NewRelicPinger/1.0 (954132)"
177.38.200.177 - - [04/Jul/2016:11:47:01 -0300] "GET /user/lookup/ HTTP/1.1" 200 12356 "-" "Guardioes da Saude/2.0 (iPhone; iOS 9.3.2; Scale/2.00)"
177.38.200.177 - - [04/Jul/2016:11:47:01 -0300] "GET /user/calendar/day?&day=4&month=7&year=2016 HTTP/1.1" 200 58 "-" "Guardioes da Saude/2.0 (iPhone; iOS 9.3.2; Scale/2.00)"
54.248.250.232 - - [04/Jul/2016:11:47:11 -0300] "GET / HTTP/1.0" 200 11894 "-" "NewRelicPinger/1.0 (954132)"
177.38.200.177 - - [04/Jul/2016:11:47:18 -0300] "POST /survey/create HTTP/1.1" 200 556 "-" "Guardioes da Saude/2.0 (iPhone; iOS 9.3.2; Scale/2.00)"
177.38.200.177 - - [04/Jul/2016:11:47:19 -0300] "GET /user/calendar/day?&day=4&month=7&year=2016 HTTP/1.1" 200 115 "-" "Guardioes da Saude/2.0 (iPhone; iOS 9.3.2; Scale/2.00)"
184.73.237.85 - - [04/Jul/2016:11:47:58 -0300] "GET / HTTP/1.0" 200 11894 "-" "NewRelicPinger/1.0 (954132)"
54.247.188.179 - - [04/Jul/2016:11:48:05 -0300] "GET / HTTP/1.0" 200 11894 "-" "NewRelicPinger/1.0 (954132)"
50.112.95.211 - - [04/Jul/2016:11:48:46 -0300] "GET / HTTP/1.0" 200 11894 "-" "NewRelicPinger/1.0 (954132)"
54.251.34.67 - - [04/Jul/2016:11:49:13 -0300] "GET / HTTP/1.0" 200 11894 "-" "NewRelicPinger/1.0 (954132)"
54.248.250.232 - - [04/Jul/2016:11:49:41 -0300] "GET / HTTP/1.0" 200 11894 "-" "NewRelicPinger/1.0 (954132)"
177.38.200.177 - - [04/Jul/2016:11:50:17 -0300] "OPTIONS /user/lookup HTTP/1.1" 204 0 "https://guardioesdasaude.org/game/tutorial" "Mozilla/5.0 (Macintosh; Intel Mac OS X 10_10_5) AppleWebKit/537.36 (KHTML, like Gecko) Chrome/51.0.2704.84 Safari/537.36"
177.38.200.177 - - [04/Jul/2016:11:50:17 -0300] "OPTIONS /user/calendar/day HTTP/1.1" 204 0 "https://guardioesdasaude.org/game/tutorial" "Mozilla/5.0 (Macintosh; Intel Mac OS X 10_10_5) AppleWebKit/537.36 (KHTML, like Gecko) Chrome/51.0.2704.84 Safari/537.36"
177.38.200.177 - - [04/Jul/2016:11:50:17 -0300] "GET /user/lookup HTTP/1.1" 200 12457 "https://guardioesdasaude.org/game/tutorial" "Mozilla/5.0 (Macintosh; Intel Mac OS X 10_10_5) AppleWebKit/537.36 (KHTML, like Gecko) Chrome/51.0.2704.84 Safari/537.36"
177.38.200.177 - - [04/Jul/2016:11:50:17 -0300] "GET /user/calendar/day HTTP/1.1" 200 115 "https://guardioesdasaude.org/game/tutorial" "Mozilla/5.0 (Macintosh; Intel Mac OS X 10_10_5) AppleWebKit/537.36 (KHTML, like Gecko) Chrome/51.0.2704.84 Safari/537.36"
184.73.237.85 - - [04/Jul/2016:11:50:26 -0300] "GET / HTTP/1.0" 200 11894 "-" "NewRelicPinger/1.0 (954132)"
177.38.200.177 - - [04/Jul/2016:11:50:30 -0300] "GET /user/lookup HTTP/1.1" 200 12459 "https://guardioesdasaude.org/game/home" "Mozilla/5.0 (Macintosh; Intel Mac OS X 10_10_5) AppleWebKit/537.36 (KHTML, like Gecko) Chrome/51.0.2704.84 Safari/537.36"
177.38.200.177 - - [04/Jul/2016:11:50:30 -0300] "GET /user/calendar/day HTTP/1.1" 200 115 "https://guardioesdasaude.org/game/home" "Mozilla/5.0 (Macintosh; Intel Mac OS X 10_10_5) AppleWebKit/537.36 (KHTML, like Gecko) Chrome/51.0.2704.84 Safari/537.36"
54.247.188.179 - - [04/Jul/2016:11:50:38 -0300] "GET / HTTP/1.0" 200 11894 "-" "NewRelicPinger/1.0 (954132)"
50.112.95.211 - - [04/Jul/2016:11:51:16 -0300] "GET / HTTP/1.0" 200 11894 "-" "NewRelicPinger/1.0 (954132)"
54.251.34.67 - - [04/Jul/2016:11:51:43 -0300] "GET / HTTP/1.0" 200 11894 "-" "NewRelicPinger/1.0 (954132)"
54.248.250.232 - - [04/Jul/2016:11:52:11 -0300] "GET / HTTP/1.0" 200 11894 "-" "NewRelicPinger/1.0 (954132)"
184.73.237.85 - - [04/Jul/2016:11:52:56 -0300] "GET / HTTP/1.0" 200 11894 "-" "NewRelicPinger/1.0 (954132)"
54.247.188.179 - - [04/Jul/2016:11:53:07 -0300] "GET / HTTP/1.0" 200 11894 "-" "NewRelicPinger/1.0 (954132)"
50.112.95.211 - - [04/Jul/2016:11:53:46 -0300] "GET / HTTP/1.0" 200 11894 "-" "NewRelicPinger/1.0 (954132)"
54.251.34.67 - - [04/Jul/2016:11:54:14 -0300] "GET / HTTP/1.0" 200 11894 "-" "NewRelicPinger/1.0 (954132)"
54.248.250.232 - - [04/Jul/2016:11:54:41 -0300] "GET / HTTP/1.0" 200 11894 "-" "NewRelicPinger/1.0 (954132)"
184.73.237.85 - - [04/Jul/2016:11:55:28 -0300] "GET / HTTP/1.0" 200 11894 "-" "NewRelicPinger/1.0 (954132)"
54.247.188.179 - - [04/Jul/2016:11:55:37 -0300] "GET / HTTP/1.0" 200 11894 "-" "NewRelicPinger/1.0 (954132)"
50.112.95.211 - - [04/Jul/2016:11:56:16 -0300] "GET / HTTP/1.0" 200 11894 "-" "NewRelicPinger/1.0 (954132)"
54.251.34.67 - - [04/Jul/2016:11:56:43 -0300] "GET / HTTP/1.0" 200 11894 "-" "NewRelicPinger/1.0 (954132)"
54.248.250.232 - - [04/Jul/2016:11:57:11 -0300] "GET / HTTP/1.0" 200 11894 "-" "NewRelicPinger/1.0 (954132)"
184.73.237.85 - - [04/Jul/2016:11:57:58 -0300] "GET / HTTP/1.0" 200 11894 "-" "NewRelicPinger/1.0 (954132)"
54.247.188.179 - - [04/Jul/2016:11:58:06 -0300] "GET / HTTP/1.0" 200 11894 "-" "NewRelicPinger/1.0 (954132)"
50.112.95.211 - - [04/Jul/2016:11:58:46 -0300] "GET / HTTP/1.0" 200 11894 "-" "NewRelicPinger/1.0 (954132)"
54.251.34.67 - - [04/Jul/2016:11:59:12 -0300] "GET / HTTP/1.0" 200 11894 "-" "NewRelicPinger/1.0 (954132)"
54.248.250.232 - - [04/Jul/2016:11:59:41 -0300] "GET / HTTP/1.0" 200 11894 "-" "NewRelicPinger/1.0 (954132)"
177.98.213.28 - - [04/Jul/2016:12:00:08 -0300] "POST /user/login HTTP/1.1" 200 940 "-" "Dalvik/1.6.0 (Linux; U; Android 4.4.2; GT-I9192 Build/KOT49H)"
184.73.237.85 - - [04/Jul/2016:12:00:26 -0300] "GET / HTTP/1.0" 200 11894 "-" "NewRelicPinger/1.0 (954132)"
54.247.188.179 - - [04/Jul/2016:12:00:36 -0300] "GET / HTTP/1.0" 200 11894 "-" "NewRelicPinger/1.0 (954132)"
50.112.95.211 - - [04/Jul/2016:12:01:16 -0300] "GET / HTTP/1.0" 200 11894 "-" "NewRelicPinger/1.0 (954132)"
54.251.34.67 - - [04/Jul/2016:12:01:43 -0300] "GET / HTTP/1.0" 200 11894 "-" "NewRelicPinger/1.0 (954132)"
54.248.250.232 - - [04/Jul/2016:12:02:11 -0300] "GET / HTTP/1.0" 200 11894 "-" "NewRelicPinger/1.0 (954132)"
177.38.200.177 - - [04/Jul/2016:12:02:33 -0300] "OPTIONS /search/cities?limit=5 HTTP/1.1" 204 0 "https://guardioesdasaude.org/" "Mozilla/5.0 (Macintosh; Intel Mac OS X 10_11_5) AppleWebKit/601.6.17 (KHTML, like Gecko) Version/9.1.1 Safari/601.6.17"
177.38.200.177 - - [04/Jul/2016:12:02:33 -0300] "GET /search/cities?limit=5 HTTP/1.1" 200 165 "https://guardioesdasaude.org/" "Mozilla/5.0 (Macintosh; Intel Mac OS X 10_11_5) AppleWebKit/601.6.17 (KHTML, like Gecko) Version/9.1.1 Safari/601.6.17"
184.73.237.85 - - [04/Jul/2016:12:02:57 -0300] "GET / HTTP/1.0" 200 11894 "-" "NewRelicPinger/1.0 (954132)"
177.98.213.28 - - [04/Jul/2016:12:02:58 -0300] "GET /user/household/5777f41e82a7c8f7221106e9 HTTP/1.1" 200 56 "-" "Dalvik/1.6.0 (Linux; U; Android 4.4.2; GT-I9192 Build/KOT49H)"
54.247.188.179 - - [04/Jul/2016:12:03:06 -0300] "GET / HTTP/1.0" 200 11894 "-" "NewRelicPinger/1.0 (954132)"
50.112.95.211 - - [04/Jul/2016:12:03:46 -0300] "GET / HTTP/1.0" 200 11894 "-" "NewRelicPinger/1.0 (954132)"
177.38.200.177 - - [04/Jul/2016:12:04:02 -0300] "OPTIONS /user/lookup HTTP/1.1" 204 0 "https://guardioesdasaude.org/game/tutorial" "Mozilla/5.0 (Macintosh; Intel Mac OS X 10_11_5) AppleWebKit/601.6.17 (KHTML, like Gecko) Version/9.1.1 Safari/601.6.17"
177.38.200.177 - - [04/Jul/2016:12:04:02 -0300] "GET /user/lookup HTTP/1.1" 200 851 "https://guardioesdasaude.org/game/tutorial" "Mozilla/5.0 (Macintosh; Intel Mac OS X 10_11_5) AppleWebKit/601.6.17 (KHTML, like Gecko) Version/9.1.1 Safari/601.6.17"
177.38.200.177 - - [04/Jul/2016:12:04:02 -0300] "OPTIONS /user/calendar/day HTTP/1.1" 204 0 "https://guardioesdasaude.org/game/tutorial" "Mozilla/5.0 (Macintosh; Intel Mac OS X 10_11_5) AppleWebKit/601.6.17 (KHTML, like Gecko) Version/9.1.1 Safari/601.6.17"
177.38.200.177 - - [04/Jul/2016:12:04:02 -0300] "GET /user/calendar/day HTTP/1.1" 200 58 "https://guardioesdasaude.org/game/tutorial" "Mozilla/5.0 (Macintosh; Intel Mac OS X 10_11_5) AppleWebKit/601.6.17 (KHTML, like Gecko) Version/9.1.1 Safari/601.6.17"
177.38.200.177 - - [04/Jul/2016:12:04:08 -0300] "GET /user/calendar/day HTTP/1.1" 200 58 "https://guardioesdasaude.org/game/home" "Mozilla/5.0 (Macintosh; Intel Mac OS X 10_11_5) AppleWebKit/601.6.17 (KHTML, like Gecko) Version/9.1.1 Safari/601.6.17"
177.38.200.177 - - [04/Jul/2016:12:04:08 -0300] "GET /user/lookup HTTP/1.1" 200 855 "https://guardioesdasaude.org/game/tutorial" "Mozilla/5.0 (Macintosh; Intel Mac OS X 10_11_5) AppleWebKit/601.6.17 (KHTML, like Gecko) Version/9.1.1 Safari/601.6.17"
177.38.200.177 - - [04/Jul/2016:12:04:12 -0300] "GET /search/cities?limit=5 HTTP/1.1" 200 165 "https://guardioesdasaude.org/survey" "Mozilla/5.0 (Macintosh; Intel Mac OS X 10_11_5) AppleWebKit/601.6.17 (KHTML, like Gecko) Version/9.1.1 Safari/601.6.17"
54.251.34.67 - - [04/Jul/2016:12:04:13 -0300] "GET / HTTP/1.0" 200 11894 "-" "NewRelicPinger/1.0 (954132)"
177.38.200.177 - - [04/Jul/2016:12:04:15 -0300] "OPTIONS /survey/create HTTP/1.1" 204 0 "https://guardioesdasaude.org/survey/577162b6b5d0643e16663131/step-1" "Mozilla/5.0 (Macintosh; Intel Mac OS X 10_11_5) AppleWebKit/601.6.17 (KHTML, like Gecko) Version/9.1.1 Safari/601.6.17"
177.38.200.177 - - [04/Jul/2016:12:04:15 -0300] "GET /user/calendar/day HTTP/1.1" 200 58 "https://guardioesdasaude.org/survey/577162b6b5d0643e16663131/step-1" "Mozilla/5.0 (Macintosh; Intel Mac OS X 10_11_5) AppleWebKit/601.6.17 (KHTML, like Gecko) Version/9.1.1 Safari/601.6.17"
177.38.200.177 - - [04/Jul/2016:12:04:15 -0300] "OPTIONS /user/update HTTP/1.1" 204 0 "https://guardioesdasaude.org/survey/577162b6b5d0643e16663131/step-1" "Mozilla/5.0 (Macintosh; Intel Mac OS X 10_11_5) AppleWebKit/601.6.17 (KHTML, like Gecko) Version/9.1.1 Safari/601.6.17"
177.38.200.177 - - [04/Jul/2016:12:04:15 -0300] "POST /user/update HTTP/1.1" 200 86 "https://guardioesdasaude.org/survey/577162b6b5d0643e16663131/step-1" "Mozilla/5.0 (Macintosh; Intel Mac OS X 10_11_5) AppleWebKit/601.6.17 (KHTML, like Gecko) Version/9.1.1 Safari/601.6.17"
177.38.200.177 - - [04/Jul/2016:12:04:15 -0300] "POST /survey/create HTTP/1.1" 200 440 "https://guardioesdasaude.org/survey/577162b6b5d0643e16663131/step-1" "Mozilla/5.0 (Macintosh; Intel Mac OS X 10_11_5) AppleWebKit/601.6.17 (KHTML, like Gecko) Version/9.1.1 Safari/601.6.17"
177.38.200.177 - - [04/Jul/2016:12:04:15 -0300] "OPTIONS /user/get/577162b6b5d0643e16663131 HTTP/1.1" 204 0 "https://guardioesdasaude.org/survey/577162b6b5d0643e16663131/step-1" "Mozilla/5.0 (Macintosh; Intel Mac OS X 10_11_5) AppleWebKit/601.6.17 (KHTML, like Gecko) Version/9.1.1 Safari/601.6.17"
177.38.200.177 - - [04/Jul/2016:12:04:16 -0300] "GET /user/get/577162b6b5d0643e16663131 HTTP/1.1" 200 779 "https://guardioesdasaude.org/survey/577162b6b5d0643e16663131/step-1" "Mozilla/5.0 (Macintosh; Intel Mac OS X 10_11_5) AppleWebKit/601.6.17 (KHTML, like Gecko) Version/9.1.1 Safari/601.6.17"
177.38.200.177 - - [04/Jul/2016:12:04:17 -0300] "OPTIONS /user/calendar/month?month=7&year=2016 HTTP/1.1" 204 0 "https://guardioesdasaude.org/health-daily" "Mozilla/5.0 (Macintosh; Intel Mac OS X 10_11_5) AppleWebKit/601.6.17 (KHTML, like Gecko) Version/9.1.1 Safari/601.6.17"
177.38.200.177 - - [04/Jul/2016:12:04:17 -0300] "OPTIONS /user/survey/summary HTTP/1.1" 204 0 "https://guardioesdasaude.org/health-daily" "Mozilla/5.0 (Macintosh; Intel Mac OS X 10_11_5) AppleWebKit/601.6.17 (KHTML, like Gecko) Version/9.1.1 Safari/601.6.17"
177.38.200.177 - - [04/Jul/2016:12:04:17 -0300] "GET /user/survey/summary HTTP/1.1" 200 69 "https://guardioesdasaude.org/health-daily" "Mozilla/5.0 (Macintosh; Intel Mac OS X 10_11_5) AppleWebKit/601.6.17 (KHTML, like Gecko) Version/9.1.1 Safari/601.6.17"
177.38.200.177 - - [04/Jul/2016:12:04:17 -0300] "GET /user/calendar/month?month=7&year=2016 HTTP/1.1" 200 115 "https://guardioesdasaude.org/health-daily" "Mozilla/5.0 (Macintosh; Intel Mac OS X 10_11_5) AppleWebKit/601.6.17 (KHTML, like Gecko) Version/9.1.1 Safari/601.6.17"
177.38.200.177 - - [04/Jul/2016:12:04:17 -0300] "OPTIONS /user/calendar/year?year=2016 HTTP/1.1" 204 0 "https://guardioesdasaude.org/health-daily" "Mozilla/5.0 (Macintosh; Intel Mac OS X 10_11_5) AppleWebKit/601.6.17 (KHTML, like Gecko) Version/9.1.1 Safari/601.6.17"
177.38.200.177 - - [04/Jul/2016:12:04:17 -0300] "OPTIONS /user/chart/month?month=7&year=2016 HTTP/1.1" 204 0 "https://guardioesdasaude.org/health-daily" "Mozilla/5.0 (Macintosh; Intel Mac OS X 10_11_5) AppleWebKit/601.6.17 (KHTML, like Gecko) Version/9.1.1 Safari/601.6.17"
177.38.200.177 - - [04/Jul/2016:12:04:17 -0300] "GET /search/cities?limit=5 HTTP/1.1" 200 165 "https://guardioesdasaude.org/health-daily" "Mozilla/5.0 (Macintosh; Intel Mac OS X 10_11_5) AppleWebKit/601.6.17 (KHTML, like Gecko) Version/9.1.1 Safari/601.6.17"
177.38.200.177 - - [04/Jul/2016:12:04:17 -0300] "GET /user/calendar/year?year=2016 HTTP/1.1" 200 119 "https://guardioesdasaude.org/health-daily" "Mozilla/5.0 (Macintosh; Intel Mac OS X 10_11_5) AppleWebKit/601.6.17 (KHTML, like Gecko) Version/9.1.1 Safari/601.6.17"
177.38.200.177 - - [04/Jul/2016:12:04:17 -0300] "GET /user/chart/month?month=7&year=2016 HTTP/1.1" 200 103 "https://guardioesdasaude.org/health-daily" "Mozilla/5.0 (Macintosh; Intel Mac OS X 10_11_5) AppleWebKit/601.6.17 (KHTML, like Gecko) Version/9.1.1 Safari/601.6.17"
177.38.200.177 - - [04/Jul/2016:12:04:21 -0300] "GET /user/calendar/day HTTP/1.1" 200 115 "https://guardioesdasaude.org/game/tutorial" "Mozilla/5.0 (Macintosh; Intel Mac OS X 10_11_5) AppleWebKit/601.6.17 (KHTML, like Gecko) Version/9.1.1 Safari/601.6.17"
177.38.200.177 - - [04/Jul/2016:12:04:21 -0300] "GET /user/lookup HTTP/1.1" 200 909 "https://guardioesdasaude.org/game/tutorial" "Mozilla/5.0 (Macintosh; Intel Mac OS X 10_11_5) AppleWebKit/601.6.17 (KHTML, like Gecko) Version/9.1.1 Safari/601.6.17"
177.38.200.177 - - [04/Jul/2016:12:04:25 -0300] "GET /user/calendar/day HTTP/1.1" 200 115 "https://guardioesdasaude.org/game/home" "Mozilla/5.0 (Macintosh; Intel Mac OS X 10_11_5) AppleWebKit/601.6.17 (KHTML, like Gecko) Version/9.1.1 Safari/601.6.17"
177.38.200.177 - - [04/Jul/2016:12:04:25 -0300] "GET /user/lookup HTTP/1.1" 200 911 "https://guardioesdasaude.org/game/tutorial" "Mozilla/5.0 (Macintosh; Intel Mac OS X 10_11_5) AppleWebKit/601.6.17 (KHTML, like Gecko) Version/9.1.1 Safari/601.6.17"
177.38.200.177 - - [04/Jul/2016:12:04:27 -0300] "GET /game/questions/?lang=pt_BR HTTP/1.1" 200 820 "https://guardioesdasaude.org/game/home" "Mozilla/5.0 (Macintosh; Intel Mac OS X 10_11_5) AppleWebKit/601.6.17 (KHTML, like Gecko) Version/9.1.1 Safari/601.6.17"
177.38.200.177 - - [04/Jul/2016:12:04:36 -0300] "OPTIONS /game/ HTTP/1.1" 204 0 "https://guardioesdasaude.org/game/home" "Mozilla/5.0 (Macintosh; Intel Mac OS X 10_11_5) AppleWebKit/601.6.17 (KHTML, like Gecko) Version/9.1.1 Safari/601.6.17"
177.38.200.177 - - [04/Jul/2016:12:04:36 -0300] "POST /user/update HTTP/1.1" 200 86 "https://guardioesdasaude.org/game/home" "Mozilla/5.0 (Macintosh; Intel Mac OS X 10_11_5) AppleWebKit/601.6.17 (KHTML, like Gecko) Version/9.1.1 Safari/601.6.17"
177.38.200.177 - - [04/Jul/2016:12:04:36 -0300] "POST /game/ HTTP/1.1" 200 161 "https://guardioesdasaude.org/game/home" "Mozilla/5.0 (Macintosh; Intel Mac OS X 10_11_5) AppleWebKit/601.6.17 (KHTML, like Gecko) Version/9.1.1 Safari/601.6.17"
177.98.213.28 - - [04/Jul/2016:12:04:37 -0300] "POST /household/create HTTP/1.1" 200 253 "-" "Dalvik/1.6.0 (Linux; U; Android 4.4.2; GT-I9192 Build/KOT49H)"
177.98.213.28 - - [04/Jul/2016:12:04:38 -0300] "GET /user/lookup/ HTTP/1.1" 200 998 "-" "Dalvik/1.6.0 (Linux; U; Android 4.4.2; GT-I9192 Build/KOT49H)"
54.248.250.232 - - [04/Jul/2016:12:04:42 -0300] "GET / HTTP/1.0" 200 11894 "-" "NewRelicPinger/1.0 (954132)"
177.38.200.177 - - [04/Jul/2016:12:04:43 -0300] "POST /user/update HTTP/1.1" 200 86 "https://guardioesdasaude.org/game/home" "Mozilla/5.0 (Macintosh; Intel Mac OS X 10_11_5) AppleWebKit/601.6.17 (KHTML, like Gecko) Version/9.1.1 Safari/601.6.17"
177.38.200.177 - - [04/Jul/2016:12:04:43 -0300] "POST /game/ HTTP/1.1" 200 163 "https://guardioesdasaude.org/game/home" "Mozilla/5.0 (Macintosh; Intel Mac OS X 10_11_5) AppleWebKit/601.6.17 (KHTML, like Gecko) Version/9.1.1 Safari/601.6.17"
177.38.200.177 - - [04/Jul/2016:12:04:50 -0300] "POST /user/update HTTP/1.1" 200 86 "https://guardioesdasaude.org/game/home" "Mozilla/5.0 (Macintosh; Intel Mac OS X 10_11_5) AppleWebKit/601.6.17 (KHTML, like Gecko) Version/9.1.1 Safari/601.6.17"
177.38.200.177 - - [04/Jul/2016:12:04:50 -0300] "POST /game/ HTTP/1.1" 200 163 "https://guardioesdasaude.org/game/home" "Mozilla/5.0 (Macintosh; Intel Mac OS X 10_11_5) AppleWebKit/601.6.17 (KHTML, like Gecko) Version/9.1.1 Safari/601.6.17"
177.98.213.28 - - [04/Jul/2016:12:04:59 -0300] "POST /survey/create HTTP/1.1" 200 447 "-" "Dalvik/1.6.0 (Linux; U; Android 4.4.2; GT-I9192 Build/KOT49H)"
177.38.200.177 - - [04/Jul/2016:12:05:00 -0300] "POST /user/update HTTP/1.1" 200 86 "https://guardioesdasaude.org/game/home" "Mozilla/5.0 (Macintosh; Intel Mac OS X 10_11_5) AppleWebKit/601.6.17 (KHTML, like Gecko) Version/9.1.1 Safari/601.6.17"
177.38.200.177 - - [04/Jul/2016:12:05:00 -0300] "POST /game/ HTTP/1.1" 200 163 "https://guardioesdasaude.org/game/home" "Mozilla/5.0 (Macintosh; Intel Mac OS X 10_11_5) AppleWebKit/601.6.17 (KHTML, like Gecko) Version/9.1.1 Safari/601.6.17"
177.98.213.28 - - [04/Jul/2016:12:05:09 -0300] "GET /user/household/5777f41e82a7c8f7221106e9 HTTP/1.1" 200 701 "-" "Dalvik/1.6.0 (Linux; U; Android 4.4.2; GT-I9192 Build/KOT49H)"
177.38.200.177 - - [04/Jul/2016:12:05:09 -0300] "POST /user/update HTTP/1.1" 200 86 "https://guardioesdasaude.org/game/home" "Mozilla/5.0 (Macintosh; Intel Mac OS X 10_11_5) AppleWebKit/601.6.17 (KHTML, like Gecko) Version/9.1.1 Safari/601.6.17"
177.38.200.177 - - [04/Jul/2016:12:05:09 -0300] "POST /game/ HTTP/1.1" 200 162 "https://guardioesdasaude.org/game/home" "Mozilla/5.0 (Macintosh; Intel Mac OS X 10_11_5) AppleWebKit/601.6.17 (KHTML, like Gecko) Version/9.1.1 Safari/601.6.17"
177.98.213.28 - - [04/Jul/2016:12:05:19 -0300] "POST /survey/create HTTP/1.1" 200 459 "-" "Dalvik/1.6.0 (Linux; U; Android 4.4.2; GT-I9192 Build/KOT49H)"
177.38.200.177 - - [04/Jul/2016:12:05:21 -0300] "POST /user/update HTTP/1.1" 200 86 "https://guardioesdasaude.org/game/home" "Mozilla/5.0 (Macintosh; Intel Mac OS X 10_11_5) AppleWebKit/601.6.17 (KHTML, like Gecko) Version/9.1.1 Safari/601.6.17"
177.38.200.177 - - [04/Jul/2016:12:05:23 -0300] "POST /user/update HTTP/1.1" 200 86 "https://guardioesdasaude.org/game/home" "Mozilla/5.0 (Macintosh; Intel Mac OS X 10_11_5) AppleWebKit/601.6.17 (KHTML, like Gecko) Version/9.1.1 Safari/601.6.17"
177.38.200.177 - - [04/Jul/2016:12:05:23 -0300] "POST /game/ HTTP/1.1" 200 164 "https://guardioesdasaude.org/game/home" "Mozilla/5.0 (Macintosh; Intel Mac OS X 10_11_5) AppleWebKit/601.6.17 (KHTML, like Gecko) Version/9.1.1 Safari/601.6.17"
184.73.237.85 - - [04/Jul/2016:12:05:27 -0300] "GET / HTTP/1.0" 200 11894 "-" "NewRelicPinger/1.0 (954132)"
177.38.200.177 - - [04/Jul/2016:12:05:34 -0300] "POST /user/update HTTP/1.1" 200 86 "https://guardioesdasaude.org/game/home" "Mozilla/5.0 (Macintosh; Intel Mac OS X 10_11_5) AppleWebKit/601.6.17 (KHTML, like Gecko) Version/9.1.1 Safari/601.6.17"
177.38.200.177 - - [04/Jul/2016:12:05:34 -0300] "POST /game/ HTTP/1.1" 200 163 "https://guardioesdasaude.org/game/home" "Mozilla/5.0 (Macintosh; Intel Mac OS X 10_11_5) AppleWebKit/601.6.17 (KHTML, like Gecko) Version/9.1.1 Safari/601.6.17"
54.247.188.179 - - [04/Jul/2016:12:05:36 -0300] "GET / HTTP/1.0" 200 11894 "-" "NewRelicPinger/1.0 (954132)"
50.112.95.211 - - [04/Jul/2016:12:06:16 -0300] "GET / HTTP/1.0" 200 11894 "-" "NewRelicPinger/1.0 (954132)"
54.251.34.67 - - [04/Jul/2016:12:06:43 -0300] "GET / HTTP/1.0" 200 11894 "-" "NewRelicPinger/1.0 (954132)"
54.248.250.232 - - [04/Jul/2016:12:07:11 -0300] "GET / HTTP/1.0" 200 11894 "-" "NewRelicPinger/1.0 (954132)"
184.73.237.85 - - [04/Jul/2016:12:08:04 -0300] "GET / HTTP/1.0" 200 11894 "-" "NewRelicPinger/1.0 (954132)"
54.247.188.179 - - [04/Jul/2016:12:08:06 -0300] "GET / HTTP/1.0" 200 11894 "-" "NewRelicPinger/1.0 (954132)"
189.19.245.130 - - [04/Jul/2016:12:08:26 -0300] "POST /user/create HTTP/1.1" 200 570 "-" "Dalvik/2.1.0 (Linux; U; Android 6.0.1; SM-G900M Build/MMB29M)"
189.19.245.130 - - [04/Jul/2016:12:08:33 -0300] "GET /user/household/577a7bea82a7c8f722110707 HTTP/1.1" 200 56 "-" "Dalvik/2.1.0 (Linux; U; Android 6.0.1; SM-G900M Build/MMB29M)"
189.19.245.130 - - [04/Jul/2016:12:08:41 -0300] "GET /user/household/577a7bea82a7c8f722110707 HTTP/1.1" 200 56 "-" "Dalvik/2.1.0 (Linux; U; Android 6.0.1; SM-G900M Build/MMB29M)"
50.112.95.211 - - [04/Jul/2016:12:08:46 -0300] "GET / HTTP/1.0" 200 11894 "-" "NewRelicPinger/1.0 (954132)"
189.19.245.130 - - [04/Jul/2016:12:08:50 -0300] "GET /surveys/summary/?lon=-46.633626&lat=-23.5470946 HTTP/1.1" 200 215 "-" "Dalvik/2.1.0 (Linux; U; Android 6.0.1; SM-G900M Build/MMB29M)"
189.19.245.130 - - [04/Jul/2016:12:08:51 -0300] "GET /surveys/l?lon=-46.633626&lat=-23.5470946 HTTP/1.1" 200 56 "-" "Dalvik/2.1.0 (Linux; U; Android 6.0.1; SM-G900M Build/MMB29M)"
54.251.34.67 - - [04/Jul/2016:12:09:13 -0300] "GET / HTTP/1.0" 200 11894 "-" "NewRelicPinger/1.0 (954132)"
54.248.250.232 - - [04/Jul/2016:12:09:41 -0300] "GET / HTTP/1.0" 200 11894 "-" "NewRelicPinger/1.0 (954132)"
189.19.245.130 - - [04/Jul/2016:12:09:44 -0300] "GET /user/household/577a7bea82a7c8f722110707 HTTP/1.1" 200 56 "-" "Dalvik/2.1.0 (Linux; U; Android 6.0.1; SM-G900M Build/MMB29M)"
177.38.200.177 - - [04/Jul/2016:12:09:49 -0300] "GET /game/questions/?lang=pt_BR HTTP/1.1" 200 831 "https://guardioesdasaude.org/game/home" "Mozilla/5.0 (Macintosh; Intel Mac OS X 10_11_5) AppleWebKit/601.6.17 (KHTML, like Gecko) Version/9.1.1 Safari/601.6.17"
189.19.245.130 - - [04/Jul/2016:12:09:52 -0300] "POST /survey/create HTTP/1.1" 200 444 "-" "Dalvik/2.1.0 (Linux; U; Android 6.0.1; SM-G900M Build/MMB29M)"
177.38.200.177 - - [04/Jul/2016:12:09:56 -0300] "POST /game/ HTTP/1.1" 200 163 "https://guardioesdasaude.org/game/home" "Mozilla/5.0 (Macintosh; Intel Mac OS X 10_11_5) AppleWebKit/601.6.17 (KHTML, like Gecko) Version/9.1.1 Safari/601.6.17"
177.38.200.177 - - [04/Jul/2016:12:09:59 -0300] "POST /user/update HTTP/1.1" 200 86 "https://guardioesdasaude.org/game/home" "Mozilla/5.0 (Macintosh; Intel Mac OS X 10_11_5) AppleWebKit/601.6.17 (KHTML, like Gecko) Version/9.1.1 Safari/601.6.17"
189.19.245.130 - - [04/Jul/2016:12:10:02 -0300] "GET /user/household/577a7bea82a7c8f722110707 HTTP/1.1" 200 56 "-" "Dalvik/2.1.0 (Linux; U; Android 6.0.1; SM-G900M Build/MMB29M)"
177.38.200.177 - - [04/Jul/2016:12:10:05 -0300] "POST /game/ HTTP/1.1" 200 164 "https://guardioesdasaude.org/game/home" "Mozilla/5.0 (Macintosh; Intel Mac OS X 10_11_5) AppleWebKit/601.6.17 (KHTML, like Gecko) Version/9.1.1 Safari/601.6.17"
177.38.200.177 - - [04/Jul/2016:12:10:06 -0300] "POST /game/ HTTP/1.1" 200 163 "https://guardioesdasaude.org/game/home" "Mozilla/5.0 (Macintosh; Intel Mac OS X 10_11_5) AppleWebKit/601.6.17 (KHTML, like Gecko) Version/9.1.1 Safari/601.6.17"
177.38.200.177 - - [04/Jul/2016:12:10:07 -0300] "POST /user/update HTTP/1.1" 200 86 "https://guardioesdasaude.org/game/home" "Mozilla/5.0 (Macintosh; Intel Mac OS X 10_11_5) AppleWebKit/601.6.17 (KHTML, like Gecko) Version/9.1.1 Safari/601.6.17"
189.19.245.130 - - [04/Jul/2016:12:10:09 -0300] "GET /surveys/summary/?lon=-46.6336078&lat=-23.5470899 HTTP/1.1" 200 215 "-" "Dalvik/2.1.0 (Linux; U; Android 6.0.1; SM-G900M Build/MMB29M)"
189.19.245.130 - - [04/Jul/2016:12:10:10 -0300] "GET /surveys/l?lon=-46.6336078&lat=-23.5470899 HTTP/1.1" 200 56 "-" "Dalvik/2.1.0 (Linux; U; Android 6.0.1; SM-G900M Build/MMB29M)"
189.19.245.130 - - [04/Jul/2016:12:10:19 -0300] "GET /user/household/577a7bea82a7c8f722110707 HTTP/1.1" 200 56 "-" "Dalvik/2.1.0 (Linux; U; Android 6.0.1; SM-G900M Build/MMB29M)"
189.19.245.130 - - [04/Jul/2016:12:10:19 -0300] "GET /user/calendar/month?&month=7&year=2016 HTTP/1.1" 200 115 "-" "Dalvik/2.1.0 (Linux; U; Android 6.0.1; SM-G900M Build/MMB29M)"
189.19.245.130 - - [04/Jul/2016:12:10:19 -0300] "GET /user/survey/summary HTTP/1.1" 200 69 "-" "Dalvik/2.1.0 (Linux; U; Android 6.0.1; SM-G900M Build/MMB29M)"
189.19.245.130 - - [04/Jul/2016:12:10:20 -0300] "GET /user/calendar/year?year=2016 HTTP/1.1" 200 109 "-" "Dalvik/2.1.0 (Linux; U; Android 6.0.1; SM-G900M Build/MMB29M)"
184.73.237.85 - - [04/Jul/2016:12:10:32 -0300] "GET / HTTP/1.0" 200 11894 "-" "NewRelicPinger/1.0 (954132)"
54.247.188.179 - - [04/Jul/2016:12:10:36 -0300] "GET / HTTP/1.0" 200 11894 "-" "NewRelicPinger/1.0 (954132)"
189.19.245.130 - - [04/Jul/2016:12:11:01 -0300] "GET /user/calendar/month?&month=8&year=2016 HTTP/1.1" 200 58 "-" "Dalvik/2.1.0 (Linux; U; Android 6.0.1; SM-G900M Build/MMB29M)"
189.19.245.130 - - [04/Jul/2016:12:11:02 -0300] "GET /user/calendar/month?&month=7&year=2016 HTTP/1.1" 200 115 "-" "Dalvik/2.1.0 (Linux; U; Android 6.0.1; SM-G900M Build/MMB29M)"
50.112.95.211 - - [04/Jul/2016:12:11:16 -0300] "GET / HTTP/1.0" 200 11894 "-" "NewRelicPinger/1.0 (954132)"
54.251.34.67 - - [04/Jul/2016:12:11:43 -0300] "GET / HTTP/1.0" 200 11894 "-" "NewRelicPinger/1.0 (954132)"
54.248.250.232 - - [04/Jul/2016:12:12:11 -0300] "GET / HTTP/1.0" 200 11894 "-" "NewRelicPinger/1.0 (954132)"
189.19.245.130 - - [04/Jul/2016:12:12:54 -0300] "GET /news/get HTTP/1.1" 200 4166 "-" "Dalvik/2.1.0 (Linux; U; Android 6.0.1; SM-G900M Build/MMB29M)"
184.73.237.85 - - [04/Jul/2016:12:13:02 -0300] "GET / HTTP/1.0" 200 11894 "-" "NewRelicPinger/1.0 (954132)"
54.247.188.179 - - [04/Jul/2016:12:13:06 -0300] "GET / HTTP/1.0" 200 11894 "-" "NewRelicPinger/1.0 (954132)"
50.112.95.211 - - [04/Jul/2016:12:13:46 -0300] "GET / HTTP/1.0" 200 11894 "-" "NewRelicPinger/1.0 (954132)"
54.251.34.67 - - [04/Jul/2016:12:14:13 -0300] "GET / HTTP/1.0" 200 11894 "-" "NewRelicPinger/1.0 (954132)"
54.248.250.232 - - [04/Jul/2016:12:14:41 -0300] "GET / HTTP/1.0" 200 11894 "-" "NewRelicPinger/1.0 (954132)"
189.19.245.130 - - [04/Jul/2016:12:14:48 -0300] "GET /news/get HTTP/1.1" 200 4166 "-" "Dalvik/2.1.0 (Linux; U; Android 6.0.1; SM-G900M Build/MMB29M)"
189.19.245.130 - - [04/Jul/2016:12:15:33 -0300] "POST /user/login HTTP/1.1" 200 925 "-" "Dalvik/2.1.0 (Linux; U; Android 6.0.1; SM-G900M Build/MMB29M)"
184.73.237.85 - - [04/Jul/2016:12:15:34 -0300] "GET / HTTP/1.0" 200 11894 "-" "NewRelicPinger/1.0 (954132)"
54.247.188.179 - - [04/Jul/2016:12:15:36 -0300] "GET / HTTP/1.0" 200 11894 "-" "NewRelicPinger/1.0 (954132)"
189.19.245.130 - - [04/Jul/2016:12:15:38 -0300] "GET /user/household/577a7bea82a7c8f722110707 HTTP/1.1" 200 56 "-" "Dalvik/2.1.0 (Linux; U; Android 6.0.1; SM-G900M Build/MMB29M)"
189.19.245.130 - - [04/Jul/2016:12:15:39 -0300] "GET /user/calendar/month?&month=7&year=2016 HTTP/1.1" 200 115 "-" "Dalvik/2.1.0 (Linux; U; Android 6.0.1; SM-G900M Build/MMB29M)"
189.19.245.130 - - [04/Jul/2016:12:15:39 -0300] "GET /user/survey/summary HTTP/1.1" 200 69 "-" "Dalvik/2.1.0 (Linux; U; Android 6.0.1; SM-G900M Build/MMB29M)"
189.19.245.130 - - [04/Jul/2016:12:15:39 -0300] "GET /user/calendar/year?year=2016 HTTP/1.1" 200 109 "-" "Dalvik/2.1.0 (Linux; U; Android 6.0.1; SM-G900M Build/MMB29M)"
50.112.95.211 - - [04/Jul/2016:12:16:16 -0300] "GET / HTTP/1.0" 200 11894 "-" "NewRelicPinger/1.0 (954132)"
201.38.192.130 - - [04/Jul/2016:12:16:19 -0300] "POST /user/create HTTP/1.1" 200 663 "-" "Guardioes da Saude/1.1.9 (iPhone; iOS 9.3.2; Scale/2.00)"
201.38.192.130 - - [04/Jul/2016:12:16:19 -0300] "GET /user/calendar/day?&day=4&month=7&year=2016 HTTP/1.1" 200 58 "-" "Guardioes da Saude/1.1.9 (iPhone; iOS 9.3.2; Scale/2.00)"
201.38.192.130 - - [04/Jul/2016:12:16:27 -0300] "POST /survey/create HTTP/1.1" 200 553 "-" "Guardioes da Saude/1.1.9 (iPhone; iOS 9.3.2; Scale/2.00)"
54.251.34.67 - - [04/Jul/2016:12:16:43 -0300] "GET / HTTP/1.0" 200 11894 "-" "NewRelicPinger/1.0 (954132)"
54.248.250.232 - - [04/Jul/2016:12:17:11 -0300] "GET / HTTP/1.0" 200 11894 "-" "NewRelicPinger/1.0 (954132)"
184.73.237.85 - - [04/Jul/2016:12:18:02 -0300] "GET / HTTP/1.0" 200 11894 "-" "NewRelicPinger/1.0 (954132)"
54.247.188.179 - - [04/Jul/2016:12:18:06 -0300] "GET / HTTP/1.0" 200 11894 "-" "NewRelicPinger/1.0 (954132)"
50.112.95.211 - - [04/Jul/2016:12:18:46 -0300] "GET / HTTP/1.0" 200 11894 "-" "NewRelicPinger/1.0 (954132)"
54.251.34.67 - - [04/Jul/2016:12:19:13 -0300] "GET / HTTP/1.0" 200 11894 "-" "NewRelicPinger/1.0 (954132)"
54.248.250.232 - - [04/Jul/2016:12:19:41 -0300] "GET / HTTP/1.0" 200 11894 "-" "NewRelicPinger/1.0 (954132)"
184.73.237.85 - - [04/Jul/2016:12:20:33 -0300] "GET / HTTP/1.0" 200 11894 "-" "NewRelicPinger/1.0 (954132)"
54.247.188.179 - - [04/Jul/2016:12:20:36 -0300] "GET / HTTP/1.0" 200 11894 "-" "NewRelicPinger/1.0 (954132)"
50.112.95.211 - - [04/Jul/2016:12:21:16 -0300] "GET / HTTP/1.0" 200 11894 "-" "NewRelicPinger/1.0 (954132)"
54.251.34.67 - - [04/Jul/2016:12:21:44 -0300] "GET / HTTP/1.0" 200 11894 "-" "NewRelicPinger/1.0 (954132)"
54.248.250.232 - - [04/Jul/2016:12:22:11 -0300] "GET / HTTP/1.0" 200 11894 "-" "NewRelicPinger/1.0 (954132)"
184.73.237.85 - - [04/Jul/2016:12:23:03 -0300] "GET / HTTP/1.0" 200 11894 "-" "NewRelicPinger/1.0 (954132)"
54.247.188.179 - - [04/Jul/2016:12:23:07 -0300] "GET / HTTP/1.0" 200 11894 "-" "NewRelicPinger/1.0 (954132)"
50.112.95.211 - - [04/Jul/2016:12:23:46 -0300] "GET / HTTP/1.0" 200 11894 "-" "NewRelicPinger/1.0 (954132)"
54.251.34.67 - - [04/Jul/2016:12:24:14 -0300] "GET / HTTP/1.0" 200 11894 "-" "NewRelicPinger/1.0 (954132)"
54.248.250.232 - - [04/Jul/2016:12:24:41 -0300] "GET / HTTP/1.0" 200 11894 "-" "NewRelicPinger/1.0 (954132)"
184.73.237.85 - - [04/Jul/2016:12:25:33 -0300] "GET / HTTP/1.0" 200 11894 "-" "NewRelicPinger/1.0 (954132)"
54.247.188.179 - - [04/Jul/2016:12:25:36 -0300] "GET / HTTP/1.0" 200 11894 "-" "NewRelicPinger/1.0 (954132)"
50.112.95.211 - - [04/Jul/2016:12:26:16 -0300] "GET / HTTP/1.0" 200 11894 "-" "NewRelicPinger/1.0 (954132)"
54.251.34.67 - - [04/Jul/2016:12:26:44 -0300] "GET / HTTP/1.0" 200 11894 "-" "NewRelicPinger/1.0 (954132)"
54.248.250.232 - - [04/Jul/2016:12:27:11 -0300] "GET / HTTP/1.0" 200 11894 "-" "NewRelicPinger/1.0 (954132)"
184.73.237.85 - - [04/Jul/2016:12:28:03 -0300] "GET / HTTP/1.0" 200 11894 "-" "NewRelicPinger/1.0 (954132)"
54.247.188.179 - - [04/Jul/2016:12:28:06 -0300] "GET / HTTP/1.0" 200 11894 "-" "NewRelicPinger/1.0 (954132)"
