80.112.138.229 - - [31/May/2016:11:12:41 -0300] "OPTIONS /surveys/summary?lat=52.21228105623844&lon=4.653829157642804 HTTP/1.1" 204 0 "https://guardioesdasaude.org/health-map" "Mozilla/5.0 (Macintosh; Intel Mac OS X 10_11_5) AppleWebKit/601.6.17 (KHTML, like Gecko) Version/9.1.1 Safari/601.6.17"
80.112.138.229 - - [31/May/2016:11:12:41 -0300] "OPTIONS /charts/pins?lat=52.21228105623844&lon=4.653829157642804 HTTP/1.1" 204 0 "https://guardioesdasaude.org/health-map" "Mozilla/5.0 (Macintosh; Intel Mac OS X 10_11_5) AppleWebKit/601.6.17 (KHTML, like Gecko) Version/9.1.1 Safari/601.6.17"
80.112.138.229 - - [31/May/2016:11:12:41 -0300] "GET /charts/pins?lat=52.21228105623844&lon=4.653829157642804 HTTP/1.1" 200 56 "https://guardioesdasaude.org/health-map" "Mozilla/5.0 (Macintosh; Intel Mac OS X 10_11_5) AppleWebKit/601.6.17 (KHTML, like Gecko) Version/9.1.1 Safari/601.6.17"
80.112.138.229 - - [31/May/2016:11:12:41 -0300] "GET /surveys/summary?lat=52.21228105623844&lon=4.653829157642804 HTTP/1.1" 200 213 "https://guardioesdasaude.org/health-map" "Mozilla/5.0 (Macintosh; Intel Mac OS X 10_11_5) AppleWebKit/601.6.17 (KHTML, like Gecko) Version/9.1.1 Safari/601.6.17"
80.112.138.229 - - [31/May/2016:11:12:44 -0300] "OPTIONS /surveys/summary?lat=52.13817056815384&lon=4.247335017017804 HTTP/1.1" 204 0 "https://guardioesdasaude.org/health-map" "Mozilla/5.0 (Macintosh; Intel Mac OS X 10_11_5) AppleWebKit/601.6.17 (KHTML, like Gecko) Version/9.1.1 Safari/601.6.17"
80.112.138.229 - - [31/May/2016:11:12:44 -0300] "OPTIONS /charts/pins?lat=52.13817056815384&lon=4.247335017017804 HTTP/1.1" 204 0 "https://guardioesdasaude.org/health-map" "Mozilla/5.0 (Macintosh; Intel Mac OS X 10_11_5) AppleWebKit/601.6.17 (KHTML, like Gecko) Version/9.1.1 Safari/601.6.17"
80.112.138.229 - - [31/May/2016:11:12:44 -0300] "GET /charts/pins?lat=52.13817056815384&lon=4.247335017017804 HTTP/1.1" 200 56 "https://guardioesdasaude.org/health-map" "Mozilla/5.0 (Macintosh; Intel Mac OS X 10_11_5) AppleWebKit/601.6.17 (KHTML, like Gecko) Version/9.1.1 Safari/601.6.17"
80.112.138.229 - - [31/May/2016:11:12:44 -0300] "GET /surveys/summary?lat=52.13817056815384&lon=4.247335017017804 HTTP/1.1" 200 209 "https://guardioesdasaude.org/health-map" "Mozilla/5.0 (Macintosh; Intel Mac OS X 10_11_5) AppleWebKit/601.6.17 (KHTML, like Gecko) Version/9.1.1 Safari/601.6.17"
80.112.138.229 - - [31/May/2016:11:12:48 -0300] "OPTIONS /charts/pins?lat=51.99422994953558&lon=0.6094871166271787 HTTP/1.1" 204 0 "https://guardioesdasaude.org/health-map" "Mozilla/5.0 (Macintosh; Intel Mac OS X 10_11_5) AppleWebKit/601.6.17 (KHTML, like Gecko) Version/9.1.1 Safari/601.6.17"
80.112.138.229 - - [31/May/2016:11:12:48 -0300] "OPTIONS /surveys/summary?lat=51.99422994953558&lon=0.6094871166271787 HTTP/1.1" 204 0 "https://guardioesdasaude.org/health-map" "Mozilla/5.0 (Macintosh; Intel Mac OS X 10_11_5) AppleWebKit/601.6.17 (KHTML, like Gecko) Version/9.1.1 Safari/601.6.17"
80.112.138.229 - - [31/May/2016:11:12:49 -0300] "GET /charts/pins?lat=51.99422994953558&lon=0.6094871166271787 HTTP/1.1" 200 5607 "https://guardioesdasaude.org/health-map" "Mozilla/5.0 (Macintosh; Intel Mac OS X 10_11_5) AppleWebKit/601.6.17 (KHTML, like Gecko) Version/9.1.1 Safari/601.6.17"
80.112.138.229 - - [31/May/2016:11:12:49 -0300] "GET /surveys/summary?lat=51.99422994953558&lon=0.6094871166271787 HTTP/1.1" 200 181 "https://guardioesdasaude.org/health-map" "Mozilla/5.0 (Macintosh; Intel Mac OS X 10_11_5) AppleWebKit/601.6.17 (KHTML, like Gecko) Version/9.1.1 Safari/601.6.17"
80.112.138.229 - - [31/May/2016:11:13:01 -0300] "OPTIONS /charts/pins?lat=50.40025927698484&lon=-2.787348210521259 HTTP/1.1" 204 0 "https://guardioesdasaude.org/health-map" "Mozilla/5.0 (Macintosh; Intel Mac OS X 10_11_5) AppleWebKit/601.6.17 (KHTML, like Gecko) Version/9.1.1 Safari/601.6.17"
80.112.138.229 - - [31/May/2016:11:13:01 -0300] "OPTIONS /surveys/summary?lat=50.40025927698484&lon=-2.787348210521259 HTTP/1.1" 204 0 "https://guardioesdasaude.org/health-map" "Mozilla/5.0 (Macintosh; Intel Mac OS X 10_11_5) AppleWebKit/601.6.17 (KHTML, like Gecko) Version/9.1.1 Safari/601.6.17"
80.112.138.229 - - [31/May/2016:11:13:02 -0300] "GET /charts/pins?lat=50.40025927698484&lon=-2.787348210521259 HTTP/1.1" 200 5607 "https://guardioesdasaude.org/health-map" "Mozilla/5.0 (Macintosh; Intel Mac OS X 10_11_5) AppleWebKit/601.6.17 (KHTML, like Gecko) Version/9.1.1 Safari/601.6.17"
80.112.138.229 - - [31/May/2016:11:13:02 -0300] "GET /surveys/summary?lat=50.40025927698484&lon=-2.787348210521259 HTTP/1.1" 200 162 "https://guardioesdasaude.org/health-map" "Mozilla/5.0 (Macintosh; Intel Mac OS X 10_11_5) AppleWebKit/601.6.17 (KHTML, like Gecko) Version/9.1.1 Safari/601.6.17"
80.112.138.229 - - [31/May/2016:11:13:02 -0300] "OPTIONS /charts/pins?lat=50.40157229787937&lon=-2.785974919505634 HTTP/1.1" 204 0 "https://guardioesdasaude.org/health-map" "Mozilla/5.0 (Macintosh; Intel Mac OS X 10_11_5) AppleWebKit/601.6.17 (KHTML, like Gecko) Version/9.1.1 Safari/601.6.17"
80.112.138.229 - - [31/May/2016:11:13:02 -0300] "OPTIONS /surveys/summary?lat=50.40157229787937&lon=-2.785974919505634 HTTP/1.1" 204 0 "https://guardioesdasaude.org/health-map" "Mozilla/5.0 (Macintosh; Intel Mac OS X 10_11_5) AppleWebKit/601.6.17 (KHTML, like Gecko) Version/9.1.1 Safari/601.6.17"
80.112.138.229 - - [31/May/2016:11:13:03 -0300] "GET /charts/pins?lat=50.40157229787937&lon=-2.785974919505634 HTTP/1.1" 200 5607 "https://guardioesdasaude.org/health-map" "Mozilla/5.0 (Macintosh; Intel Mac OS X 10_11_5) AppleWebKit/601.6.17 (KHTML, like Gecko) Version/9.1.1 Safari/601.6.17"
80.112.138.229 - - [31/May/2016:11:13:03 -0300] "GET /surveys/summary?lat=50.40157229787937&lon=-2.785974919505634 HTTP/1.1" 200 162 "https://guardioesdasaude.org/health-map" "Mozilla/5.0 (Macintosh; Intel Mac OS X 10_11_5) AppleWebKit/601.6.17 (KHTML, like Gecko) Version/9.1.1 Safari/601.6.17"
80.112.138.229 - - [31/May/2016:11:13:05 -0300] "OPTIONS /charts/pins?lat=50.43788478646756&lon=-3.9361061450915713 HTTP/1.1" 204 0 "https://guardioesdasaude.org/health-map" "Mozilla/5.0 (Macintosh; Intel Mac OS X 10_11_5) AppleWebKit/601.6.17 (KHTML, like Gecko) Version/9.1.1 Safari/601.6.17"
80.112.138.229 - - [31/May/2016:11:13:05 -0300] "OPTIONS /surveys/summary?lat=50.43788478646756&lon=-3.9361061450915713 HTTP/1.1" 204 0 "https://guardioesdasaude.org/health-map" "Mozilla/5.0 (Macintosh; Intel Mac OS X 10_11_5) AppleWebKit/601.6.17 (KHTML, like Gecko) Version/9.1.1 Safari/601.6.17"
80.112.138.229 - - [31/May/2016:11:13:06 -0300] "GET /charts/pins?lat=50.43788478646756&lon=-3.9361061450915713 HTTP/1.1" 200 5607 "https://guardioesdasaude.org/health-map" "Mozilla/5.0 (Macintosh; Intel Mac OS X 10_11_5) AppleWebKit/601.6.17 (KHTML, like Gecko) Version/9.1.1 Safari/601.6.17"
80.112.138.229 - - [31/May/2016:11:13:06 -0300] "GET /surveys/summary?lat=50.43788478646756&lon=-3.9361061450915713 HTTP/1.1" 200 185 "https://guardioesdasaude.org/health-map" "Mozilla/5.0 (Macintosh; Intel Mac OS X 10_11_5) AppleWebKit/601.6.17 (KHTML, like Gecko) Version/9.1.1 Safari/601.6.17"
80.112.138.229 - - [31/May/2016:11:13:06 -0300] "OPTIONS /surveys/summary?lat=50.329302125857296&lon=-3.9676918384509463 HTTP/1.1" 204 0 "https://guardioesdasaude.org/health-map" "Mozilla/5.0 (Macintosh; Intel Mac OS X 10_11_5) AppleWebKit/601.6.17 (KHTML, like Gecko) Version/9.1.1 Safari/601.6.17"
80.112.138.229 - - [31/May/2016:11:13:06 -0300] "OPTIONS /charts/pins?lat=50.329302125857296&lon=-3.9676918384509463 HTTP/1.1" 204 0 "https://guardioesdasaude.org/health-map" "Mozilla/5.0 (Macintosh; Intel Mac OS X 10_11_5) AppleWebKit/601.6.17 (KHTML, like Gecko) Version/9.1.1 Safari/601.6.17"
80.112.138.229 - - [31/May/2016:11:13:06 -0300] "GET /surveys/summary?lat=50.329302125857296&lon=-3.9676918384509463 HTTP/1.1" 200 194 "https://guardioesdasaude.org/health-map" "Mozilla/5.0 (Macintosh; Intel Mac OS X 10_11_5) AppleWebKit/601.6.17 (KHTML, like Gecko) Version/9.1.1 Safari/601.6.17"
80.112.138.229 - - [31/May/2016:11:13:06 -0300] "GET /charts/pins?lat=50.329302125857296&lon=-3.9676918384509463 HTTP/1.1" 200 5607 "https://guardioesdasaude.org/health-map" "Mozilla/5.0 (Macintosh; Intel Mac OS X 10_11_5) AppleWebKit/601.6.17 (KHTML, like Gecko) Version/9.1.1 Safari/601.6.17"
80.112.138.229 - - [31/May/2016:11:13:20 -0300] "OPTIONS /surveys/summary?lat=49.442745453155496&lon=-13.249079167552509 HTTP/1.1" 204 0 "https://guardioesdasaude.org/health-map" "Mozilla/5.0 (Macintosh; Intel Mac OS X 10_11_5) AppleWebKit/601.6.17 (KHTML, like Gecko) Version/9.1.1 Safari/601.6.17"
80.112.138.229 - - [31/May/2016:11:13:20 -0300] "OPTIONS /charts/pins?lat=49.442745453155496&lon=-13.249079167552509 HTTP/1.1" 204 0 "https://guardioesdasaude.org/health-map" "Mozilla/5.0 (Macintosh; Intel Mac OS X 10_11_5) AppleWebKit/601.6.17 (KHTML, like Gecko) Version/9.1.1 Safari/601.6.17"
80.112.138.229 - - [31/May/2016:11:13:20 -0300] "GET /charts/pins?lat=49.442745453155496&lon=-13.249079167552509 HTTP/1.1" 200 5607 "https://guardioesdasaude.org/health-map" "Mozilla/5.0 (Macintosh; Intel Mac OS X 10_11_5) AppleWebKit/601.6.17 (KHTML, like Gecko) Version/9.1.1 Safari/601.6.17"
80.112.138.229 - - [31/May/2016:11:13:20 -0300] "GET /surveys/summary?lat=49.442745453155496&lon=-13.249079167552509 HTTP/1.1" 200 138 "https://guardioesdasaude.org/health-map" "Mozilla/5.0 (Macintosh; Intel Mac OS X 10_11_5) AppleWebKit/601.6.17 (KHTML, like Gecko) Version/9.1.1 Safari/601.6.17"
80.112.138.229 - - [31/May/2016:11:13:26 -0300] "OPTIONS /surveys/summary?lat=49.45747641149559&lon=-16.908899724193134 HTTP/1.1" 204 0 "https://guardioesdasaude.org/health-map" "Mozilla/5.0 (Macintosh; Intel Mac OS X 10_11_5) AppleWebKit/601.6.17 (KHTML, like Gecko) Version/9.1.1 Safari/601.6.17"
80.112.138.229 - - [31/May/2016:11:13:26 -0300] "OPTIONS /charts/pins?lat=49.45747641149559&lon=-16.908899724193134 HTTP/1.1" 204 0 "https://guardioesdasaude.org/health-map" "Mozilla/5.0 (Macintosh; Intel Mac OS X 10_11_5) AppleWebKit/601.6.17 (KHTML, like Gecko) Version/9.1.1 Safari/601.6.17"
80.112.138.229 - - [31/May/2016:11:13:26 -0300] "GET /charts/pins?lat=49.45747641149559&lon=-16.908899724193134 HTTP/1.1" 200 5607 "https://guardioesdasaude.org/health-map" "Mozilla/5.0 (Macintosh; Intel Mac OS X 10_11_5) AppleWebKit/601.6.17 (KHTML, like Gecko) Version/9.1.1 Safari/601.6.17"
80.112.138.229 - - [31/May/2016:11:13:26 -0300] "GET /surveys/summary?lat=49.45747641149559&lon=-16.908899724193134 HTTP/1.1" 200 138 "https://guardioesdasaude.org/health-map" "Mozilla/5.0 (Macintosh; Intel Mac OS X 10_11_5) AppleWebKit/601.6.17 (KHTML, like Gecko) Version/9.1.1 Safari/601.6.17"
80.112.138.229 - - [31/May/2016:11:13:34 -0300] "OPTIONS /surveys/summary?lat=-21.1704008&lon=-47.81032379999999 HTTP/1.1" 204 0 "https://guardioesdasaude.org/health-map" "Mozilla/5.0 (Macintosh; Intel Mac OS X 10_11_5) AppleWebKit/601.6.17 (KHTML, like Gecko) Version/9.1.1 Safari/601.6.17"
80.112.138.229 - - [31/May/2016:11:13:34 -0300] "OPTIONS /charts/pins?lat=-21.1704008&lon=-47.81032379999999 HTTP/1.1" 204 0 "https://guardioesdasaude.org/health-map" "Mozilla/5.0 (Macintosh; Intel Mac OS X 10_11_5) AppleWebKit/601.6.17 (KHTML, like Gecko) Version/9.1.1 Safari/601.6.17"
80.112.138.229 - - [31/May/2016:11:13:34 -0300] "GET /charts/pins?lat=-21.1704008&lon=-47.81032379999999 HTTP/1.1" 200 252 "https://guardioesdasaude.org/health-map" "Mozilla/5.0 (Macintosh; Intel Mac OS X 10_11_5) AppleWebKit/601.6.17 (KHTML, like Gecko) Version/9.1.1 Safari/601.6.17"
80.112.138.229 - - [31/May/2016:11:13:34 -0300] "GET /surveys/summary?lat=-21.1704008&lon=-47.81032379999999 HTTP/1.1" 200 238 "https://guardioesdasaude.org/health-map" "Mozilla/5.0 (Macintosh; Intel Mac OS X 10_11_5) AppleWebKit/601.6.17 (KHTML, like Gecko) Version/9.1.1 Safari/601.6.17"
80.112.138.229 - - [31/May/2016:11:13:35 -0300] "OPTIONS /charts/pins?lat=-21.170158700408706&lon=-47.81032379999999 HTTP/1.1" 204 0 "https://guardioesdasaude.org/health-map" "Mozilla/5.0 (Macintosh; Intel Mac OS X 10_11_5) AppleWebKit/601.6.17 (KHTML, like Gecko) Version/9.1.1 Safari/601.6.17"
80.112.138.229 - - [31/May/2016:11:13:35 -0300] "OPTIONS /surveys/summary?lat=-21.170158700408706&lon=-47.81032379999999 HTTP/1.1" 204 0 "https://guardioesdasaude.org/health-map" "Mozilla/5.0 (Macintosh; Intel Mac OS X 10_11_5) AppleWebKit/601.6.17 (KHTML, like Gecko) Version/9.1.1 Safari/601.6.17"
80.112.138.229 - - [31/May/2016:11:13:35 -0300] "GET /charts/pins?lat=-21.170158700408706&lon=-47.81032379999999 HTTP/1.1" 200 252 "https://guardioesdasaude.org/health-map" "Mozilla/5.0 (Macintosh; Intel Mac OS X 10_11_5) AppleWebKit/601.6.17 (KHTML, like Gecko) Version/9.1.1 Safari/601.6.17"
80.112.138.229 - - [31/May/2016:11:13:35 -0300] "GET /surveys/summary?lat=-21.170158700408706&lon=-47.81032379999999 HTTP/1.1" 200 249 "https://guardioesdasaude.org/health-map" "Mozilla/5.0 (Macintosh; Intel Mac OS X 10_11_5) AppleWebKit/601.6.17 (KHTML, like Gecko) Version/9.1.1 Safari/601.6.17"
80.112.138.229 - - [31/May/2016:11:13:39 -0300] "OPTIONS /surveys/summary?lat=-21.14390414575844&lon=-47.82268341914062 HTTP/1.1" 204 0 "https://guardioesdasaude.org/health-map" "Mozilla/5.0 (Macintosh; Intel Mac OS X 10_11_5) AppleWebKit/601.6.17 (KHTML, like Gecko) Version/9.1.1 Safari/601.6.17"
80.112.138.229 - - [31/May/2016:11:13:39 -0300] "OPTIONS /charts/pins?lat=-21.14390414575844&lon=-47.82268341914062 HTTP/1.1" 204 0 "https://guardioesdasaude.org/health-map" "Mozilla/5.0 (Macintosh; Intel Mac OS X 10_11_5) AppleWebKit/601.6.17 (KHTML, like Gecko) Version/9.1.1 Safari/601.6.17"
80.112.138.229 - - [31/May/2016:11:13:39 -0300] "GET /charts/pins?lat=-21.14390414575844&lon=-47.82268341914062 HTTP/1.1" 200 252 "https://guardioesdasaude.org/health-map" "Mozilla/5.0 (Macintosh; Intel Mac OS X 10_11_5) AppleWebKit/601.6.17 (KHTML, like Gecko) Version/9.1.1 Safari/601.6.17"
80.112.138.229 - - [31/May/2016:11:13:39 -0300] "GET /surveys/summary?lat=-21.14390414575844&lon=-47.82268341914062 HTTP/1.1" 200 235 "https://guardioesdasaude.org/health-map" "Mozilla/5.0 (Macintosh; Intel Mac OS X 10_11_5) AppleWebKit/601.6.17 (KHTML, like Gecko) Version/9.1.1 Safari/601.6.17"
80.112.138.229 - - [31/May/2016:11:13:59 -0300] "OPTIONS /surveys/summary?lat=-20.876210373214718&lon=-48.25698670283202 HTTP/1.1" 204 0 "https://guardioesdasaude.org/login" "Mozilla/5.0 (Macintosh; Intel Mac OS X 10_11_5) AppleWebKit/601.6.17 (KHTML, like Gecko) Version/9.1.1 Safari/601.6.17"
80.112.138.229 - - [31/May/2016:11:13:59 -0300] "OPTIONS /charts/pins?lat=-20.876210373214718&lon=-48.25698670283202 HTTP/1.1" 204 0 "https://guardioesdasaude.org/login" "Mozilla/5.0 (Macintosh; Intel Mac OS X 10_11_5) AppleWebKit/601.6.17 (KHTML, like Gecko) Version/9.1.1 Safari/601.6.17"
80.112.138.229 - - [31/May/2016:11:13:59 -0300] "GET /charts/pins?lat=-20.876210373214718&lon=-48.25698670283202 HTTP/1.1" 200 5607 "https://guardioesdasaude.org/login" "Mozilla/5.0 (Macintosh; Intel Mac OS X 10_11_5) AppleWebKit/601.6.17 (KHTML, like Gecko) Version/9.1.1 Safari/601.6.17"
80.112.138.229 - - [31/May/2016:11:13:59 -0300] "GET /surveys/summary?lat=-20.876210373214718&lon=-48.25698670283202 HTTP/1.1" 200 221 "https://guardioesdasaude.org/login" "Mozilla/5.0 (Macintosh; Intel Mac OS X 10_11_5) AppleWebKit/601.6.17 (KHTML, like Gecko) Version/9.1.1 Safari/601.6.17"
80.112.138.229 - - [31/May/2016:11:14:13 -0300] "GET /search/cities?limit=5 HTTP/1.1" 200 165 "https://guardioesdasaude.org/" "Mozilla/5.0 (Macintosh; Intel Mac OS X 10_11_5) AppleWebKit/601.6.17 (KHTML, like Gecko) Version/9.1.1 Safari/601.6.17"
80.112.138.229 - - [31/May/2016:11:14:17 -0300] "OPTIONS /news/get HTTP/1.1" 204 0 "https://guardioesdasaude.org/noticias" "Mozilla/5.0 (Macintosh; Intel Mac OS X 10_11_5) AppleWebKit/601.6.17 (KHTML, like Gecko) Version/9.1.1 Safari/601.6.17"
80.112.138.229 - - [31/May/2016:11:14:18 -0300] "GET /news/get HTTP/1.1" 200 3826 "https://guardioesdasaude.org/noticias" "Mozilla/5.0 (Macintosh; Intel Mac OS X 10_11_5) AppleWebKit/601.6.17 (KHTML, like Gecko) Version/9.1.1 Safari/601.6.17"
177.38.200.223 - - [31/May/2016:11:21:24 -0300] "GET /user/lookup/ HTTP/1.1" 200 3526 "-" "Dalvik/2.1.0 (Linux; U; Android 6.0; Android SDK built for x86 Build/MASTER)"
177.38.200.223 - - [31/May/2016:11:21:51 -0300] "GET /user/lookup/ HTTP/1.1" 200 3527 "-" "Dalvik/2.1.0 (Linux; U; Android 6.0; Android SDK built for x86 Build/MASTER)"
177.38.200.223 - - [31/May/2016:11:22:41 -0300] "GET /game/questions/?lang=pt_BR HTTP/1.1" 200 727 "-" "Dalvik/2.1.0 (Linux; U; Android 6.0; Android SDK built for x86 Build/MASTER)"
189.8.29.19 - - [31/May/2016:11:31:07 -0300] "OPTIONS /search/cities?limit=5 HTTP/1.1" 204 0 "https://guardioesdasaude.org/" "Mozilla/5.0 (Windows NT 6.3; WOW64) AppleWebKit/537.36 (KHTML, like Gecko) Chrome/50.0.2661.102 Safari/537.36"
189.8.29.19 - - [31/May/2016:11:31:07 -0300] "GET /search/cities?limit=5 HTTP/1.1" 200 165 "https://guardioesdasaude.org/" "Mozilla/5.0 (Windows NT 6.3; WOW64) AppleWebKit/537.36 (KHTML, like Gecko) Chrome/50.0.2661.102 Safari/537.36"
189.8.29.19 - - [31/May/2016:11:31:23 -0300] "OPTIONS /user/login HTTP/1.1" 204 0 "https://guardioesdasaude.org/login/email" "Mozilla/5.0 (Windows NT 6.3; WOW64) AppleWebKit/537.36 (KHTML, like Gecko) Chrome/50.0.2661.102 Safari/537.36"
189.8.29.19 - - [31/May/2016:11:31:23 -0300] "POST /user/login HTTP/1.1" 200 3082 "https://guardioesdasaude.org/login/email" "Mozilla/5.0 (Windows NT 6.3; WOW64) AppleWebKit/537.36 (KHTML, like Gecko) Chrome/50.0.2661.102 Safari/537.36"
189.8.29.19 - - [31/May/2016:11:31:23 -0300] "GET /search/cities?limit=5 HTTP/1.1" 200 165 "https://guardioesdasaude.org/survey" "Mozilla/5.0 (Windows NT 6.3; WOW64) AppleWebKit/537.36 (KHTML, like Gecko) Chrome/50.0.2661.102 Safari/537.36"
189.8.29.19 - - [31/May/2016:11:31:23 -0300] "GET /search/cities?limit=5 HTTP/1.1" 200 165 "https://guardioesdasaude.org/survey" "Mozilla/5.0 (Windows NT 6.3; WOW64) AppleWebKit/537.36 (KHTML, like Gecko) Chrome/50.0.2661.102 Safari/537.36"
189.8.29.19 - - [31/May/2016:11:31:42 -0300] "OPTIONS /survey/create HTTP/1.1" 204 0 "https://guardioesdasaude.org/survey/56f4c2259bc35dac74cf5b6d/step-1" "Mozilla/5.0 (Windows NT 6.3; WOW64) AppleWebKit/537.36 (KHTML, like Gecko) Chrome/50.0.2661.102 Safari/537.36"
189.8.29.19 - - [31/May/2016:11:31:42 -0300] "POST /survey/create HTTP/1.1" 200 437 "https://guardioesdasaude.org/survey/56f4c2259bc35dac74cf5b6d/step-1" "Mozilla/5.0 (Windows NT 6.3; WOW64) AppleWebKit/537.36 (KHTML, like Gecko) Chrome/50.0.2661.102 Safari/537.36"
189.8.29.19 - - [31/May/2016:11:31:42 -0300] "OPTIONS /user/get/56f4c2259bc35dac74cf5b6d HTTP/1.1" 204 0 "https://guardioesdasaude.org/survey/56f4c2259bc35dac74cf5b6d/step-1" "Mozilla/5.0 (Windows NT 6.3; WOW64) AppleWebKit/537.36 (KHTML, like Gecko) Chrome/50.0.2661.102 Safari/537.36"
189.8.29.19 - - [31/May/2016:11:31:43 -0300] "GET /user/get/56f4c2259bc35dac74cf5b6d HTTP/1.1" 200 3159 "https://guardioesdasaude.org/survey/56f4c2259bc35dac74cf5b6d/step-1" "Mozilla/5.0 (Windows NT 6.3; WOW64) AppleWebKit/537.36 (KHTML, like Gecko) Chrome/50.0.2661.102 Safari/537.36"
189.8.29.19 - - [31/May/2016:11:31:43 -0300] "OPTIONS /user/update HTTP/1.1" 204 0 "https://guardioesdasaude.org/survey/56f4c2259bc35dac74cf5b6d/step-1" "Mozilla/5.0 (Windows NT 6.3; WOW64) AppleWebKit/537.36 (KHTML, like Gecko) Chrome/50.0.2661.102 Safari/537.36"
189.8.29.19 - - [31/May/2016:11:31:43 -0300] "POST /user/update HTTP/1.1" 200 86 "https://guardioesdasaude.org/survey/56f4c2259bc35dac74cf5b6d/step-1" "Mozilla/5.0 (Windows NT 6.3; WOW64) AppleWebKit/537.36 (KHTML, like Gecko) Chrome/50.0.2661.102 Safari/537.36"
189.8.29.19 - - [31/May/2016:11:31:43 -0300] "GET /user/get/56f4c2259bc35dac74cf5b6d HTTP/1.1" 200 3162 "https://guardioesdasaude.org/survey/56f4c2259bc35dac74cf5b6d/step-1" "Mozilla/5.0 (Windows NT 6.3; WOW64) AppleWebKit/537.36 (KHTML, like Gecko) Chrome/50.0.2661.102 Safari/537.36"
189.8.29.19 - - [31/May/2016:11:31:44 -0300] "OPTIONS /user/survey/summary HTTP/1.1" 204 0 "https://guardioesdasaude.org/health-daily" "Mozilla/5.0 (Windows NT 6.3; WOW64) AppleWebKit/537.36 (KHTML, like Gecko) Chrome/50.0.2661.102 Safari/537.36"
189.8.29.19 - - [31/May/2016:11:31:44 -0300] "OPTIONS /user/calendar/month?month=5&year=2016 HTTP/1.1" 204 0 "https://guardioesdasaude.org/health-daily" "Mozilla/5.0 (Windows NT 6.3; WOW64) AppleWebKit/537.36 (KHTML, like Gecko) Chrome/50.0.2661.102 Safari/537.36"
189.8.29.19 - - [31/May/2016:11:31:44 -0300] "OPTIONS /user/calendar/year?year=2016 HTTP/1.1" 204 0 "https://guardioesdasaude.org/health-daily" "Mozilla/5.0 (Windows NT 6.3; WOW64) AppleWebKit/537.36 (KHTML, like Gecko) Chrome/50.0.2661.102 Safari/537.36"
189.8.29.19 - - [31/May/2016:11:31:44 -0300] "OPTIONS /user/calendar/month?month=5&year=2016 HTTP/1.1" 204 0 "https://guardioesdasaude.org/health-daily" "Mozilla/5.0 (Windows NT 6.3; WOW64) AppleWebKit/537.36 (KHTML, like Gecko) Chrome/50.0.2661.102 Safari/537.36"
189.8.29.19 - - [31/May/2016:11:31:44 -0300] "GET /search/cities?limit=5 HTTP/1.1" 200 165 "https://guardioesdasaude.org/health-daily" "Mozilla/5.0 (Windows NT 6.3; WOW64) AppleWebKit/537.36 (KHTML, like Gecko) Chrome/50.0.2661.102 Safari/537.36"
189.8.29.19 - - [31/May/2016:11:31:44 -0300] "GET /user/survey/summary HTTP/1.1" 200 71 "https://guardioesdasaude.org/health-daily" "Mozilla/5.0 (Windows NT 6.3; WOW64) AppleWebKit/537.36 (KHTML, like Gecko) Chrome/50.0.2661.102 Safari/537.36"
189.8.29.19 - - [31/May/2016:11:31:44 -0300] "GET /user/calendar/month?month=5&year=2016 HTTP/1.1" 200 148 "https://guardioesdasaude.org/health-daily" "Mozilla/5.0 (Windows NT 6.3; WOW64) AppleWebKit/537.36 (KHTML, like Gecko) Chrome/50.0.2661.102 Safari/537.36"
189.8.29.19 - - [31/May/2016:11:31:45 -0300] "GET /user/calendar/year?year=2016 HTTP/1.1" 200 137 "https://guardioesdasaude.org/health-daily" "Mozilla/5.0 (Windows NT 6.3; WOW64) AppleWebKit/537.36 (KHTML, like Gecko) Chrome/50.0.2661.102 Safari/537.36"
189.8.29.19 - - [31/May/2016:11:31:45 -0300] "OPTIONS /user/chart/month?month=5&year=2016 HTTP/1.1" 204 0 "https://guardioesdasaude.org/health-daily" "Mozilla/5.0 (Windows NT 6.3; WOW64) AppleWebKit/537.36 (KHTML, like Gecko) Chrome/50.0.2661.102 Safari/537.36"
189.8.29.19 - - [31/May/2016:11:31:45 -0300] "GET /user/calendar/month?month=5&year=2016 HTTP/1.1" 200 148 "https://guardioesdasaude.org/health-daily" "Mozilla/5.0 (Windows NT 6.3; WOW64) AppleWebKit/537.36 (KHTML, like Gecko) Chrome/50.0.2661.102 Safari/537.36"
189.8.29.19 - - [31/May/2016:11:31:45 -0300] "GET /user/chart/month?month=5&year=2016 HTTP/1.1" 200 127 "https://guardioesdasaude.org/health-daily" "Mozilla/5.0 (Windows NT 6.3; WOW64) AppleWebKit/537.36 (KHTML, like Gecko) Chrome/50.0.2661.102 Safari/537.36"
189.8.29.19 - - [31/May/2016:11:31:56 -0300] "GET /search/cities?limit=5 HTTP/1.1" 200 165 "https://guardioesdasaude.org/" "Mozilla/5.0 (Windows NT 6.3; WOW64) AppleWebKit/537.36 (KHTML, like Gecko) Chrome/50.0.2661.102 Safari/537.36"
189.8.29.19 - - [31/May/2016:11:32:06 -0300] "GET /search/cities?limit=5 HTTP/1.1" 200 165 "https://guardioesdasaude.org/" "Mozilla/5.0 (Windows NT 6.3; WOW64) AppleWebKit/537.36 (KHTML, like Gecko) Chrome/50.0.2661.102 Safari/537.36"
189.8.29.19 - - [31/May/2016:11:32:16 -0300] "GET /search/cities?limit=5 HTTP/1.1" 200 165 "https://guardioesdasaude.org/" "Mozilla/5.0 (Windows NT 6.3; WOW64) AppleWebKit/537.36 (KHTML, like Gecko) Chrome/50.0.2661.102 Safari/537.36"
189.8.29.19 - - [31/May/2016:11:32:22 -0300] "GET /user/calendar/month?month=5&year=2016 HTTP/1.1" 200 148 "https://guardioesdasaude.org/health-daily" "Mozilla/5.0 (Windows NT 6.3; WOW64) AppleWebKit/537.36 (KHTML, like Gecko) Chrome/50.0.2661.102 Safari/537.36"
189.8.29.19 - - [31/May/2016:11:32:22 -0300] "GET /user/calendar/year?year=2016 HTTP/1.1" 200 137 "https://guardioesdasaude.org/health-daily" "Mozilla/5.0 (Windows NT 6.3; WOW64) AppleWebKit/537.36 (KHTML, like Gecko) Chrome/50.0.2661.102 Safari/537.36"
189.8.29.19 - - [31/May/2016:11:32:22 -0300] "GET /user/survey/summary HTTP/1.1" 200 71 "https://guardioesdasaude.org/health-daily" "Mozilla/5.0 (Windows NT 6.3; WOW64) AppleWebKit/537.36 (KHTML, like Gecko) Chrome/50.0.2661.102 Safari/537.36"
189.8.29.19 - - [31/May/2016:11:32:22 -0300] "GET /search/cities?limit=5 HTTP/1.1" 200 165 "https://guardioesdasaude.org/health-daily" "Mozilla/5.0 (Windows NT 6.3; WOW64) AppleWebKit/537.36 (KHTML, like Gecko) Chrome/50.0.2661.102 Safari/537.36"
189.8.29.19 - - [31/May/2016:11:32:22 -0300] "GET /user/calendar/month?month=5&year=2016 HTTP/1.1" 200 148 "https://guardioesdasaude.org/health-daily" "Mozilla/5.0 (Windows NT 6.3; WOW64) AppleWebKit/537.36 (KHTML, like Gecko) Chrome/50.0.2661.102 Safari/537.36"
189.8.29.19 - - [31/May/2016:11:32:22 -0300] "GET /user/chart/month?month=5&year=2016 HTTP/1.1" 200 127 "https://guardioesdasaude.org/health-daily" "Mozilla/5.0 (Windows NT 6.3; WOW64) AppleWebKit/537.36 (KHTML, like Gecko) Chrome/50.0.2661.102 Safari/537.36"
189.8.29.19 - - [31/May/2016:11:32:22 -0300] "GET /user/chart/month?month=5&year=2016 HTTP/1.1" 200 127 "https://guardioesdasaude.org/health-daily" "Mozilla/5.0 (Windows NT 6.3; WOW64) AppleWebKit/537.36 (KHTML, like Gecko) Chrome/50.0.2661.102 Safari/537.36"
189.8.29.19 - - [31/May/2016:11:32:32 -0300] "GET /search/cities?limit=5 HTTP/1.1" 200 165 "https://guardioesdasaude.org/health-tips" "Mozilla/5.0 (Windows NT 6.3; WOW64) AppleWebKit/537.36 (KHTML, like Gecko) Chrome/50.0.2661.102 Safari/537.36"
189.8.29.19 - - [31/May/2016:11:32:35 -0300] "OPTIONS /news/get HTTP/1.1" 204 0 "https://guardioesdasaude.org/news" "Mozilla/5.0 (Windows NT 6.3; WOW64) AppleWebKit/537.36 (KHTML, like Gecko) Chrome/50.0.2661.102 Safari/537.36"
189.8.29.19 - - [31/May/2016:11:32:35 -0300] "GET /search/cities?limit=5 HTTP/1.1" 200 165 "https://guardioesdasaude.org/news" "Mozilla/5.0 (Windows NT 6.3; WOW64) AppleWebKit/537.36 (KHTML, like Gecko) Chrome/50.0.2661.102 Safari/537.36"
189.8.29.19 - - [31/May/2016:11:32:35 -0300] "GET /news/get HTTP/1.1" 200 3832 "https://guardioesdasaude.org/news" "Mozilla/5.0 (Windows NT 6.3; WOW64) AppleWebKit/537.36 (KHTML, like Gecko) Chrome/50.0.2661.102 Safari/537.36"
189.8.29.19 - - [31/May/2016:11:32:44 -0300] "GET /search/cities?limit=5 HTTP/1.1" 200 165 "https://guardioesdasaude.org/" "Mozilla/5.0 (Windows NT 6.3; WOW64) AppleWebKit/537.36 (KHTML, like Gecko) Chrome/50.0.2661.102 Safari/537.36"
177.38.200.223 - - [31/May/2016:11:37:39 -0300] "GET /user/lookup/ HTTP/1.1" 200 3527 "-" "Dalvik/2.1.0 (Linux; U; Android 6.0; Android SDK built for x86 Build/MASTER)"
177.38.200.223 - - [31/May/2016:11:38:09 -0300] "GET /game/questions/?lang=pt_BR HTTP/1.1" 200 727 "-" "Dalvik/2.1.0 (Linux; U; Android 6.0; Android SDK built for x86 Build/MASTER)"
177.38.200.223 - - [31/May/2016:11:40:38 -0300] "GET /game/questions/?lang=pt_BR HTTP/1.1" 200 727 "-" "Dalvik/2.1.0 (Linux; U; Android 6.0; Android SDK built for x86 Build/MASTER)"
177.79.33.166 - - [31/May/2016:13:20:25 -0300] "GET /user/lookup/ HTTP/1.1" 200 1001 "-" "Guardioes da Saude/1.1.8 (iPhone; iOS 9.3.2; Scale/2.00)"
177.79.33.166 - - [31/May/2016:13:20:26 -0300] "GET /user/calendar/day?&day=31&month=5&year=2016 HTTP/1.1" 200 58 "-" "Guardioes da Saude/1.1.8 (iPhone; iOS 9.3.2; Scale/2.00)"
177.79.33.166 - - [31/May/2016:13:20:31 -0300] "POST /survey/create HTTP/1.1" 200 526 "-" "Guardioes da Saude/1.1.8 (iPhone; iOS 9.3.2; Scale/2.00)"
177.79.33.166 - - [31/May/2016:13:20:35 -0300] "GET /user/calendar/day?&day=31&month=5&year=2016 HTTP/1.1" 200 116 "-" "Guardioes da Saude/1.1.8 (iPhone; iOS 9.3.2; Scale/2.00)"
177.79.33.166 - - [31/May/2016:13:20:40 -0300] "GET /surveys/l?lat=-3.082849&lon=-59.940739 HTTP/1.1" 200 225 "-" "Guardioes da Saude/1.1.8 (iPhone; iOS 9.3.2; Scale/2.00)"
177.79.33.166 - - [31/May/2016:13:20:40 -0300] "GET /surveys/summary?lat=-3.08284868952174&lon=-59.9407391343824 HTTP/1.1" 200 208 "-" "Guardioes da Saude/1.1.8 (iPhone; iOS 9.3.2; Scale/2.00)"
177.79.33.166 - - [31/May/2016:13:21:30 -0300] "GET /user/household/5708588d1a19da082e9d949e HTTP/1.1" 200 56 "-" "Guardioes da Saude/1.1.8 (iPhone; iOS 9.3.2; Scale/2.00)"
177.79.33.166 - - [31/May/2016:13:21:32 -0300] "GET /user/calendar/day?&day=31&month=5&year=2016 HTTP/1.1" 200 116 "-" "Guardioes da Saude/1.1.8 (iPhone; iOS 9.3.2; Scale/2.00)"
177.79.33.166 - - [31/May/2016:13:21:44 -0300] "GET /user/household/5708588d1a19da082e9d949e HTTP/1.1" 200 56 "-" "Guardioes da Saude/1.1.8 (iPhone; iOS 9.3.2; Scale/2.00)"
177.79.33.166 - - [31/May/2016:13:21:45 -0300] "GET /user/survey/summary HTTP/1.1" 200 69 "-" "Guardioes da Saude/1.1.8 (iPhone; iOS 9.3.2; Scale/2.00)"
177.79.33.166 - - [31/May/2016:13:21:45 -0300] "GET /user/calendar/month?&month=5&year=2016 HTTP/1.1" 200 116 "-" "Guardioes da Saude/1.1.8 (iPhone; iOS 9.3.2; Scale/2.00)"
177.79.33.166 - - [31/May/2016:13:21:45 -0300] "GET /user/calendar/year?&year=2016 HTTP/1.1" 200 119 "-" "Guardioes da Saude/1.1.8 (iPhone; iOS 9.3.2; Scale/2.00)"
177.79.33.166 - - [31/May/2016:13:21:57 -0300] "GET /user/household/5708588d1a19da082e9d949e HTTP/1.1" 200 56 "-" "Guardioes da Saude/1.1.8 (iPhone; iOS 9.3.2; Scale/2.00)"
177.79.33.166 - - [31/May/2016:13:22:06 -0300] "GET /symptoms HTTP/1.1" 200 706 "-" "Guardioes da Saude/1.1.8 (iPhone; iOS 9.3.2; Scale/2.00)"
177.79.33.166 - - [31/May/2016:13:22:07 -0300] "POST /survey/create HTTP/1.1" 200 524 "-" "Guardioes da Saude/1.1.8 (iPhone; iOS 9.3.2; Scale/2.00)"
177.79.33.166 - - [31/May/2016:13:22:11 -0300] "GET /user/calendar/day?&day=31&month=5&year=2016 HTTP/1.1" 200 115 "-" "Guardioes da Saude/1.1.8 (iPhone; iOS 9.3.2; Scale/2.00)"
177.79.33.166 - - [31/May/2016:13:22:12 -0300] "GET /news/get HTTP/1.1" 200 3742 "-" "Guardioes da Saude/1.1.8 (iPhone; iOS 9.3.2; Scale/2.00)"
177.79.33.166 - - [31/May/2016:13:22:20 -0300] "GET /content/upas.json HTTP/1.1" 200 22982 "-" "Guardioes da Saude/1.1.8 (iPhone; iOS 9.3.2; Scale/2.00)"
177.79.33.166 - - [31/May/2016:13:22:21 -0300] "GET /content/upas.json HTTP/1.1" 304 0 "-" "Guardioes da Saude/1.1.8 (iPhone; iOS 9.3.2; Scale/2.00)"
179.176.21.50 - - [31/May/2016:13:36:23 -0300] "GET /user/lookup/ HTTP/1.1" 200 827 "-" "Guardioes da Saude/1.1.8 (iPhone; iOS 9.3.2; Scale/2.00)"
179.176.21.50 - - [31/May/2016:13:36:23 -0300] "GET /user/calendar/day?&day=31&month=5&year=2016 HTTP/1.1" 200 58 "-" "Guardioes da Saude/1.1.8 (iPhone; iOS 9.3.2; Scale/2.00)"
179.176.21.50 - - [31/May/2016:13:36:26 -0300] "POST /survey/create HTTP/1.1" 200 544 "-" "Guardioes da Saude/1.1.8 (iPhone; iOS 9.3.2; Scale/2.00)"
179.176.21.50 - - [31/May/2016:13:36:29 -0300] "GET /user/calendar/day?&day=31&month=5&year=2016 HTTP/1.1" 200 116 "-" "Guardioes da Saude/1.1.8 (iPhone; iOS 9.3.2; Scale/2.00)"
179.176.21.50 - - [31/May/2016:13:36:48 -0300] "GET /surveys/l?lat=-3.726461&lon=-38.506112 HTTP/1.1" 200 236 "-" "Guardioes da Saude/1.1.8 (iPhone; iOS 9.3.2; Scale/2.00)"
179.176.21.50 - - [31/May/2016:13:36:49 -0300] "GET /surveys/summary?lat=-3.726121249754076&lon=-38.5058738558679 HTTP/1.1" 200 232 "-" "Guardioes da Saude/1.1.8 (iPhone; iOS 9.3.2; Scale/2.00)"
179.176.21.50 - - [31/May/2016:13:36:56 -0300] "GET /user/household/56ffc9dc53072afe553aaf2f HTTP/1.1" 200 56 "-" "Guardioes da Saude/1.1.8 (iPhone; iOS 9.3.2; Scale/2.00)"
179.176.21.50 - - [31/May/2016:13:36:57 -0300] "GET /user/calendar/month?&month=5&year=2016 HTTP/1.1" 200 116 "-" "Guardioes da Saude/1.1.8 (iPhone; iOS 9.3.2; Scale/2.00)"
179.176.21.50 - - [31/May/2016:13:36:57 -0300] "GET /user/survey/summary HTTP/1.1" 200 69 "-" "Guardioes da Saude/1.1.8 (iPhone; iOS 9.3.2; Scale/2.00)"
179.176.21.50 - - [31/May/2016:13:36:57 -0300] "GET /user/calendar/year?&year=2016 HTTP/1.1" 200 109 "-" "Guardioes da Saude/1.1.8 (iPhone; iOS 9.3.2; Scale/2.00)"
66.249.69.239 - - [31/May/2016:13:43:37 -0300] "GET /robots.txt HTTP/1.1" 200 220 "-" "Mozilla/5.0 (compatible; Googlebot/2.1; +http://www.google.com/bot.html)"
66.249.69.229 - - [31/May/2016:13:43:38 -0300] "OPTIONS /search/cities?limit=5 HTTP/1.1" 204 0 "https://guardioesdasaude.org/" "Mozilla/5.0 (compatible; Googlebot/2.1; +http://www.google.com/bot.html)"
177.37.211.172 - - [31/May/2016:14:04:20 -0300] "GET /user/lookup/ HTTP/1.1" 200 1063 "-" "Dalvik/2.1.0 (Linux; U; Android 5.1; Lenovo A7010a48 Build/LMY47D)"
177.37.211.172 - - [31/May/2016:14:04:29 -0300] "GET /surveys/summary/?lon=-39.0187994&lat=-4.9724954 HTTP/1.1" 200 217 "-" "Dalvik/2.1.0 (Linux; U; Android 5.1; Lenovo A7010a48 Build/LMY47D)"
177.37.211.172 - - [31/May/2016:14:04:31 -0300] "GET /surveys/l?lon=-39.0187994&lat=-4.9724954 HTTP/1.1" 200 56 "-" "Dalvik/2.1.0 (Linux; U; Android 5.1; Lenovo A7010a48 Build/LMY47D)"
189.40.100.82 - - [31/May/2016:14:04:41 -0300] "POST /user/login HTTP/1.1" 200 804 "-" "Dalvik/2.1.0 (Linux; U; Android 5.1; XT1033 Build/LPB23.13-56)"
177.37.211.172 - - [31/May/2016:14:04:45 -0300] "GET /user/household/5743e06b0f40feac12d4d911 HTTP/1.1" 200 56 "-" "Dalvik/2.1.0 (Linux; U; Android 5.1; Lenovo A7010a48 Build/LMY47D)"
189.40.100.82 - - [31/May/2016:14:04:57 -0300] "GET /surveys/l?lon=-39.019114&lat=-4.9729273 HTTP/1.1" 200 56 "-" "Dalvik/2.1.0 (Linux; U; Android 5.1; XT1033 Build/LPB23.13-56)"
189.40.100.82 - - [31/May/2016:14:04:59 -0300] "GET /surveys/summary/?lon=-39.019114&lat=-4.9729273 HTTP/1.1" 200 234 "-" "Dalvik/2.1.0 (Linux; U; Android 5.1; XT1033 Build/LPB23.13-56)"
177.37.211.172 - - [31/May/2016:14:05:00 -0300] "POST /user/update HTTP/1.1" 200 86 "-" "Dalvik/2.1.0 (Linux; U; Android 5.1; Lenovo A7010a48 Build/LMY47D)"
177.37.211.172 - - [31/May/2016:14:05:01 -0300] "GET /user/lookup/ HTTP/1.1" 200 1066 "-" "Dalvik/2.1.0 (Linux; U; Android 5.1; Lenovo A7010a48 Build/LMY47D)"
177.37.211.172 - - [31/May/2016:14:05:02 -0300] "POST /user/update HTTP/1.1" 200 86 "-" "Dalvik/2.1.0 (Linux; U; Android 5.1; Lenovo A7010a48 Build/LMY47D)"
177.37.211.172 - - [31/May/2016:14:05:03 -0300] "GET /user/lookup/ HTTP/1.1" 200 1066 "-" "Dalvik/2.1.0 (Linux; U; Android 5.1; Lenovo A7010a48 Build/LMY47D)"
177.37.211.172 - - [31/May/2016:14:05:05 -0300] "GET /user/household/5743e06b0f40feac12d4d911 HTTP/1.1" 200 56 "-" "Dalvik/2.1.0 (Linux; U; Android 5.1; Lenovo A7010a48 Build/LMY47D)"
189.40.100.82 - - [31/May/2016:14:05:17 -0300] "GET /surveys/summary/?lon=-39.0190847&lat=-4.9729469 HTTP/1.1" 200 234 "-" "Dalvik/2.1.0 (Linux; U; Android 5.1; XT1033 Build/LPB23.13-56)"
189.40.100.82 - - [31/May/2016:14:05:18 -0300] "GET /surveys/l?lon=-39.0190847&lat=-4.9729469 HTTP/1.1" 200 56 "-" "Dalvik/2.1.0 (Linux; U; Android 5.1; XT1033 Build/LPB23.13-56)"
189.40.100.82 - - [31/May/2016:14:05:26 -0300] "GET /surveys/summary/?lon=-39.0190685&lat=-4.9729561 HTTP/1.1" 200 234 "-" "Dalvik/2.1.0 (Linux; U; Android 5.1; XT1033 Build/LPB23.13-56)"
189.40.100.82 - - [31/May/2016:14:05:27 -0300] "GET /surveys/l?lon=-39.0190685&lat=-4.9729561 HTTP/1.1" 200 56 "-" "Dalvik/2.1.0 (Linux; U; Android 5.1; XT1033 Build/LPB23.13-56)"
177.37.211.172 - - [31/May/2016:14:05:37 -0300] "POST /user/update HTTP/1.1" 200 86 "-" "Dalvik/2.1.0 (Linux; U; Android 5.1; Lenovo A7010a48 Build/LMY47D)"
177.37.211.172 - - [31/May/2016:14:05:38 -0300] "GET /user/lookup/ HTTP/1.1" 200 1066 "-" "Dalvik/2.1.0 (Linux; U; Android 5.1; Lenovo A7010a48 Build/LMY47D)"
177.37.211.172 - - [31/May/2016:14:05:40 -0300] "GET /user/household/5743e06b0f40feac12d4d911 HTTP/1.1" 200 56 "-" "Dalvik/2.1.0 (Linux; U; Android 5.1; Lenovo A7010a48 Build/LMY47D)"
177.37.211.172 - - [31/May/2016:14:05:52 -0300] "GET /surveys/summary/?lon=-39.0188733&lat=-4.9729483 HTTP/1.1" 200 233 "-" "Dalvik/2.1.0 (Linux; U; Android 5.1; Lenovo A7010a48 Build/LMY47D)"
177.37.211.172 - - [31/May/2016:14:05:55 -0300] "GET /surveys/l?lon=-39.0188733&lat=-4.9729483 HTTP/1.1" 200 56 "-" "Dalvik/2.1.0 (Linux; U; Android 5.1; Lenovo A7010a48 Build/LMY47D)"
177.207.204.203 - - [31/May/2016:14:05:58 -0300] "OPTIONS /search/cities?limit=5 HTTP/1.1" 204 0 "https://guardioesdasaude.org/" "Mozilla/5.0 (Windows NT 10.0; WOW64) AppleWebKit/537.36 (KHTML, like Gecko) Chrome/50.0.2661.102 Safari/537.36"
177.207.204.203 - - [31/May/2016:14:05:58 -0300] "GET /search/cities?limit=5 HTTP/1.1" 200 165 "https://guardioesdasaude.org/" "Mozilla/5.0 (Windows NT 10.0; WOW64) AppleWebKit/537.36 (KHTML, like Gecko) Chrome/50.0.2661.102 Safari/537.36"
177.37.211.172 - - [31/May/2016:14:06:14 -0300] "GET /user/household/5743e06b0f40feac12d4d911 HTTP/1.1" 200 56 "-" "Dalvik/2.1.0 (Linux; U; Android 5.1; Lenovo A7010a48 Build/LMY47D)"
177.37.211.172 - - [31/May/2016:14:06:36 -0300] "POST /user/update HTTP/1.1" 200 86 "-" "Dalvik/2.1.0 (Linux; U; Android 5.1; Lenovo A7010a48 Build/LMY47D)"
177.37.211.172 - - [31/May/2016:14:06:37 -0300] "GET /user/lookup/ HTTP/1.1" 200 1067 "-" "Dalvik/2.1.0 (Linux; U; Android 5.1; Lenovo A7010a48 Build/LMY47D)"
189.40.100.82 - - [31/May/2016:14:06:38 -0300] "GET /surveys/summary/?lon=-39.0190731&lat=-4.9729548 HTTP/1.1" 200 234 "-" "Dalvik/2.1.0 (Linux; U; Android 5.1; XT1033 Build/LPB23.13-56)"
177.37.211.172 - - [31/May/2016:14:06:39 -0300] "GET /user/household/5743e06b0f40feac12d4d911 HTTP/1.1" 200 56 "-" "Dalvik/2.1.0 (Linux; U; Android 5.1; Lenovo A7010a48 Build/LMY47D)"
189.40.100.82 - - [31/May/2016:14:06:40 -0300] "GET /surveys/l?lon=-39.0190731&lat=-4.9729548 HTTP/1.1" 200 56 "-" "Dalvik/2.1.0 (Linux; U; Android 5.1; XT1033 Build/LPB23.13-56)"
177.207.204.203 - - [31/May/2016:14:06:45 -0300] "OPTIONS /charts/pins?lat=-22.9068467&lon=-43.17289649999998 HTTP/1.1" 204 0 "https://guardioesdasaude.org/health-map" "Mozilla/5.0 (Windows NT 10.0; WOW64) AppleWebKit/537.36 (KHTML, like Gecko) Chrome/50.0.2661.102 Safari/537.36"
177.207.204.203 - - [31/May/2016:14:06:45 -0300] "OPTIONS /surveys/summary?lat=-22.9068467&lon=-43.17289649999998 HTTP/1.1" 204 0 "https://guardioesdasaude.org/health-map" "Mozilla/5.0 (Windows NT 10.0; WOW64) AppleWebKit/537.36 (KHTML, like Gecko) Chrome/50.0.2661.102 Safari/537.36"
177.207.204.203 - - [31/May/2016:14:06:46 -0300] "OPTIONS /surveys/summary?lat=-22.906562402263027&lon=-43.17289649999998 HTTP/1.1" 204 0 "https://guardioesdasaude.org/health-map" "Mozilla/5.0 (Windows NT 10.0; WOW64) AppleWebKit/537.36 (KHTML, like Gecko) Chrome/50.0.2661.102 Safari/537.36"
177.207.204.203 - - [31/May/2016:14:06:46 -0300] "OPTIONS /charts/pins?lat=-22.906562402263027&lon=-43.17289649999998 HTTP/1.1" 204 0 "https://guardioesdasaude.org/health-map" "Mozilla/5.0 (Windows NT 10.0; WOW64) AppleWebKit/537.36 (KHTML, like Gecko) Chrome/50.0.2661.102 Safari/537.36"
177.37.211.172 - - [31/May/2016:14:06:46 -0300] "GET /surveys/summary/?lon=-39.01895&lat=-4.972975 HTTP/1.1" 200 234 "-" "Dalvik/2.1.0 (Linux; U; Android 5.1; Lenovo A7010a48 Build/LMY47D)"
177.207.204.203 - - [31/May/2016:14:06:46 -0300] "GET /charts/pins?lat=-22.9068467&lon=-43.17289649999998 HTTP/1.1" 200 1153 "https://guardioesdasaude.org/health-map" "Mozilla/5.0 (Windows NT 10.0; WOW64) AppleWebKit/537.36 (KHTML, like Gecko) Chrome/50.0.2661.102 Safari/537.36"
177.207.204.203 - - [31/May/2016:14:06:46 -0300] "OPTIONS /charts/pins?lat=-22.906562402263027&lon=-43.17289649999998 HTTP/1.1" 204 0 "https://guardioesdasaude.org/health-map" "Mozilla/5.0 (Windows NT 10.0; WOW64) AppleWebKit/537.36 (KHTML, like Gecko) Chrome/50.0.2661.102 Safari/537.36"
177.207.204.203 - - [31/May/2016:14:06:46 -0300] "GET /charts/pins?lat=-22.906562402263027&lon=-43.17289649999998 HTTP/1.1" 200 1153 "https://guardioesdasaude.org/health-map" "Mozilla/5.0 (Windows NT 10.0; WOW64) AppleWebKit/537.36 (KHTML, like Gecko) Chrome/50.0.2661.102 Safari/537.36"
177.207.204.203 - - [31/May/2016:14:06:46 -0300] "GET /surveys/summary?lat=-22.9068467&lon=-43.17289649999998 HTTP/1.1" 200 236 "https://guardioesdasaude.org/health-map" "Mozilla/5.0 (Windows NT 10.0; WOW64) AppleWebKit/537.36 (KHTML, like Gecko) Chrome/50.0.2661.102 Safari/537.36"
177.207.204.203 - - [31/May/2016:14:06:46 -0300] "GET /surveys/summary?lat=-22.906562402263027&lon=-43.17289649999998 HTTP/1.1" 200 224 "https://guardioesdasaude.org/health-map" "Mozilla/5.0 (Windows NT 10.0; WOW64) AppleWebKit/537.36 (KHTML, like Gecko) Chrome/50.0.2661.102 Safari/537.36"
177.207.204.203 - - [31/May/2016:14:06:46 -0300] "GET /charts/pins?lat=-22.906562402263027&lon=-43.17289649999998 HTTP/1.1" 304 0 "https://guardioesdasaude.org/health-map" "Mozilla/5.0 (Windows NT 10.0; WOW64) AppleWebKit/537.36 (KHTML, like Gecko) Chrome/50.0.2661.102 Safari/537.36"
177.37.211.172 - - [31/May/2016:14:06:47 -0300] "GET /surveys/l?lon=-39.01895&lat=-4.972975 HTTP/1.1" 200 56 "-" "Dalvik/2.1.0 (Linux; U; Android 5.1; Lenovo A7010a48 Build/LMY47D)"
177.207.204.203 - - [31/May/2016:14:06:59 -0300] "GET /search/cities?limit=5 HTTP/1.1" 200 165 "https://guardioesdasaude.org/" "Mozilla/5.0 (Windows NT 10.0; WOW64) AppleWebKit/537.36 (KHTML, like Gecko) Chrome/50.0.2661.102 Safari/537.36"
177.37.211.172 - - [31/May/2016:14:07:21 -0300] "GET /user/household/5743e06b0f40feac12d4d911 HTTP/1.1" 200 56 "-" "Dalvik/2.1.0 (Linux; U; Android 5.1; Lenovo A7010a48 Build/LMY47D)"
189.40.100.82 - - [31/May/2016:14:07:25 -0300] "GET /user/household/574392fa0f40feac12d4d85e HTTP/1.1" 200 56 "-" "Dalvik/2.1.0 (Linux; U; Android 5.1; XT1033 Build/LPB23.13-56)"
177.37.211.172 - - [31/May/2016:14:07:35 -0300] "GET /user/household/5743e06b0f40feac12d4d911 HTTP/1.1" 200 56 "-" "Dalvik/2.1.0 (Linux; U; Android 5.1; Lenovo A7010a48 Build/LMY47D)"
189.40.100.82 - - [31/May/2016:14:07:44 -0300] "POST /survey/create HTTP/1.1" 200 434 "-" "Dalvik/2.1.0 (Linux; U; Android 5.1; XT1033 Build/LPB23.13-56)"
177.37.211.172 - - [31/May/2016:14:07:52 -0300] "POST /survey/create HTTP/1.1" 200 434 "-" "Dalvik/2.1.0 (Linux; U; Android 5.1; Lenovo A7010a48 Build/LMY47D)"
189.40.100.82 - - [31/May/2016:14:08:00 -0300] "GET /surveys/summary/?lon=-39.0190714&lat=-4.9729553 HTTP/1.1" 200 234 "-" "Dalvik/2.1.0 (Linux; U; Android 5.1; XT1033 Build/LPB23.13-56)"
189.40.100.82 - - [31/May/2016:14:08:02 -0300] "GET /surveys/l?lon=-39.0190714&lat=-4.9729553 HTTP/1.1" 200 56 "-" "Dalvik/2.1.0 (Linux; U; Android 5.1; XT1033 Build/LPB23.13-56)"
177.37.211.172 - - [31/May/2016:14:08:08 -0300] "GET /surveys/summary/?lon=-39.0190633&lat=-4.972975 HTTP/1.1" 200 234 "-" "Dalvik/2.1.0 (Linux; U; Android 5.1; Lenovo A7010a48 Build/LMY47D)"
177.37.211.172 - - [31/May/2016:14:08:09 -0300] "GET /surveys/l?lon=-39.0190633&lat=-4.972975 HTTP/1.1" 200 56 "-" "Dalvik/2.1.0 (Linux; U; Android 5.1; Lenovo A7010a48 Build/LMY47D)"
189.40.100.82 - - [31/May/2016:14:08:15 -0300] "GET /user/household/574392fa0f40feac12d4d85e HTTP/1.1" 200 56 "-" "Dalvik/2.1.0 (Linux; U; Android 5.1; XT1033 Build/LPB23.13-56)"
189.40.100.82 - - [31/May/2016:14:08:16 -0300] "GET /user/survey/summary HTTP/1.1" 200 69 "-" "Dalvik/2.1.0 (Linux; U; Android 5.1; XT1033 Build/LPB23.13-56)"
189.40.100.82 - - [31/May/2016:14:08:16 -0300] "GET /user/calendar/month?&month=5&year=2016 HTTP/1.1" 200 116 "-" "Dalvik/2.1.0 (Linux; U; Android 5.1; XT1033 Build/LPB23.13-56)"
189.40.100.82 - - [31/May/2016:14:08:19 -0300] "GET /user/calendar/year?year=2016 HTTP/1.1" 200 109 "-" "Dalvik/2.1.0 (Linux; U; Android 5.1; XT1033 Build/LPB23.13-56)"
177.37.211.172 - - [31/May/2016:14:08:25 -0300] "GET /surveys/summary/?lon=-39.0190283&lat=-4.9729816 HTTP/1.1" 200 234 "-" "Dalvik/2.1.0 (Linux; U; Android 5.1; Lenovo A7010a48 Build/LMY47D)"
177.37.211.172 - - [31/May/2016:14:08:26 -0300] "GET /surveys/l?lon=-39.0190283&lat=-4.9729816 HTTP/1.1" 200 56 "-" "Dalvik/2.1.0 (Linux; U; Android 5.1; Lenovo A7010a48 Build/LMY47D)"
189.40.100.82 - - [31/May/2016:14:08:29 -0300] "GET /surveys/summary/?lon=-39.019067&lat=-4.9729548 HTTP/1.1" 200 234 "-" "Dalvik/2.1.0 (Linux; U; Android 5.1; XT1033 Build/LPB23.13-56)"
189.40.100.82 - - [31/May/2016:14:08:33 -0300] "GET /surveys/l?lon=-39.019067&lat=-4.9729548 HTTP/1.1" 200 56 "-" "Dalvik/2.1.0 (Linux; U; Android 5.1; XT1033 Build/LPB23.13-56)"
177.38.200.223 - - [31/May/2016:14:08:38 -0300] "GET /user/lookup/ HTTP/1.1" 200 3527 "-" "Dalvik/2.1.0 (Linux; U; Android 6.0; Android SDK built for x86 Build/MASTER)"
189.40.100.82 - - [31/May/2016:14:08:45 -0300] "GET /news/get HTTP/1.1" 200 3741 "-" "Dalvik/2.1.0 (Linux; U; Android 5.1; XT1033 Build/LPB23.13-56)"
189.40.100.82 - - [31/May/2016:14:08:51 -0300] "GET /user/survey/summary HTTP/1.1" 200 69 "-" "Dalvik/2.1.0 (Linux; U; Android 5.1; XT1033 Build/LPB23.13-56)"
189.40.100.82 - - [31/May/2016:14:08:51 -0300] "GET /user/household/574392fa0f40feac12d4d85e HTTP/1.1" 200 56 "-" "Dalvik/2.1.0 (Linux; U; Android 5.1; XT1033 Build/LPB23.13-56)"
189.40.100.82 - - [31/May/2016:14:08:51 -0300] "GET /user/calendar/month?&month=5&year=2016 HTTP/1.1" 200 116 "-" "Dalvik/2.1.0 (Linux; U; Android 5.1; XT1033 Build/LPB23.13-56)"
189.40.100.82 - - [31/May/2016:14:08:52 -0300] "GET /user/calendar/year?year=2016 HTTP/1.1" 200 109 "-" "Dalvik/2.1.0 (Linux; U; Android 5.1; XT1033 Build/LPB23.13-56)"
189.40.100.82 - - [31/May/2016:14:09:18 -0300] "GET /surveys/l?lon=-39.0190688&lat=-4.9729564 HTTP/1.1" 200 56 "-" "Dalvik/2.1.0 (Linux; U; Android 5.1; XT1033 Build/LPB23.13-56)"
189.40.100.82 - - [31/May/2016:14:09:19 -0300] "GET /surveys/summary/?lon=-39.0190688&lat=-4.9729564 HTTP/1.1" 200 234 "-" "Dalvik/2.1.0 (Linux; U; Android 5.1; XT1033 Build/LPB23.13-56)"
177.207.204.203 - - [31/May/2016:14:10:14 -0300] "GET /user/get?gl=113326657156177937597 HTTP/1.1" 200 56 "-" "Dalvik/2.1.0 (Linux; U; Android 6.0; MotoG3 Build/MPI24.65-33.1)"
177.207.204.203 - - [31/May/2016:14:10:33 -0300] "POST /user/create HTTP/1.1" 200 474 "-" "Dalvik/2.1.0 (Linux; U; Android 6.0; MotoG3 Build/MPI24.65-33.1)"
177.207.204.203 - - [31/May/2016:14:10:34 -0300] "POST /user/login HTTP/1.1" 200 663 "-" "Dalvik/2.1.0 (Linux; U; Android 6.0; MotoG3 Build/MPI24.65-33.1)"
177.207.204.203 - - [31/May/2016:14:11:12 -0300] "GET /user/household/574dc5890f40feac12d4db2d HTTP/1.1" 403 114 "-" "Dalvik/2.1.0 (Linux; U; Android 6.0; MotoG3 Build/MPI24.65-33.1)"
137.116.71.170 - - [31/May/2016:14:18:10 -0300] "GET /robots.txt HTTP/1.1" 499 0 "-" "CSS Certificate Spider (http://www.css-security.com/certificatespider/)"
187.123.168.37 - - [31/May/2016:14:18:41 -0300] "OPTIONS /search/cities?limit=5 HTTP/1.1" 204 0 "https://guardioesdasaude.org/" "Mozilla/5.0 (Windows NT 6.1; WOW64) AppleWebKit/537.36 (KHTML, like Gecko) Chrome/50.0.2661.102 Safari/537.36"
187.123.168.37 - - [31/May/2016:14:18:41 -0300] "GET /search/cities?limit=5 HTTP/1.1" 200 165 "https://guardioesdasaude.org/" "Mozilla/5.0 (Windows NT 6.1; WOW64) AppleWebKit/537.36 (KHTML, like Gecko) Chrome/50.0.2661.102 Safari/537.36"
177.38.200.223 - - [31/May/2016:14:22:59 -0300] "GET /game/questions/?lang=pt_BR HTTP/1.1" 200 727 "-" "Dalvik/2.1.0 (Linux; U; Android 6.0; Android SDK built for x86 Build/MASTER)"
177.38.200.223 - - [31/May/2016:14:24:13 -0300] "GET /user/lookup/ HTTP/1.1" 200 3526 "-" "Dalvik/2.1.0 (Linux; U; Android 6.0; Android SDK built for x86 Build/MASTER)"
177.38.200.223 - - [31/May/2016:14:25:08 -0300] "GET /game/questions/?lang=pt_BR HTTP/1.1" 200 727 "-" "Dalvik/2.1.0 (Linux; U; Android 6.0; Android SDK built for x86 Build/MASTER)"
189.28.128.244 - - [31/May/2016:14:36:06 -0300] "OPTIONS /search/cities?limit=5 HTTP/1.1" 204 0 "https://guardioesdasaude.org/" "Mozilla/5.0 (Windows NT 6.1; WOW64) AppleWebKit/537.36 (KHTML, like Gecko) Chrome/50.0.2661.102 Safari/537.36"
189.28.128.244 - - [31/May/2016:14:36:06 -0300] "GET /search/cities?limit=5 HTTP/1.1" 200 165 "https://guardioesdasaude.org/" "Mozilla/5.0 (Windows NT 6.1; WOW64) AppleWebKit/537.36 (KHTML, like Gecko) Chrome/50.0.2661.102 Safari/537.36"
177.38.200.223 - - [31/May/2016:14:43:35 -0300] "OPTIONS /search/cities?limit=5 HTTP/1.1" 204 0 "-" "Mozilla/5.0 (Macintosh; Intel Mac OS X 10.11; rv:46.0) Gecko/20100101 Firefox/46.0"
177.38.200.223 - - [31/May/2016:14:43:35 -0300] "GET /search/cities?limit=5 HTTP/1.1" 200 165 "http://olympics.guardioesdasaude.org/" "Mozilla/5.0 (Macintosh; Intel Mac OS X 10.11; rv:46.0) Gecko/20100101 Firefox/46.0"
177.38.200.223 - - [31/May/2016:14:44:07 -0300] "OPTIONS /user/login HTTP/1.1" 204 0 "-" "Mozilla/5.0 (Macintosh; Intel Mac OS X 10.11; rv:46.0) Gecko/20100101 Firefox/46.0"
177.38.200.223 - - [31/May/2016:14:44:08 -0300] "POST /user/login HTTP/1.1" 200 1588 "http://olympics.guardioesdasaude.org/login/email" "Mozilla/5.0 (Macintosh; Intel Mac OS X 10.11; rv:46.0) Gecko/20100101 Firefox/46.0"
177.38.200.223 - - [31/May/2016:14:44:08 -0300] "GET /search/cities?limit=5 HTTP/1.1" 200 165 "http://olympics.guardioesdasaude.org/survey" "Mozilla/5.0 (Macintosh; Intel Mac OS X 10.11; rv:46.0) Gecko/20100101 Firefox/46.0"
177.38.200.223 - - [31/May/2016:14:44:09 -0300] "GET /search/cities?limit=5 HTTP/1.1" 200 165 "http://olympics.guardioesdasaude.org/survey" "Mozilla/5.0 (Macintosh; Intel Mac OS X 10.11; rv:46.0) Gecko/20100101 Firefox/46.0"
177.38.200.223 - - [31/May/2016:14:44:20 -0300] "OPTIONS /symptoms HTTP/1.1" 204 0 "-" "Mozilla/5.0 (Macintosh; Intel Mac OS X 10.11; rv:46.0) Gecko/20100101 Firefox/46.0"
177.38.200.223 - - [31/May/2016:14:44:20 -0300] "GET /symptoms HTTP/1.1" 200 706 "http://olympics.guardioesdasaude.org/survey/574362a40f40feac12d4d4b1/step-2" "Mozilla/5.0 (Macintosh; Intel Mac OS X 10.11; rv:46.0) Gecko/20100101 Firefox/46.0"
177.38.200.223 - - [31/May/2016:14:44:25 -0300] "OPTIONS /survey/create HTTP/1.1" 204 0 "-" "Mozilla/5.0 (Macintosh; Intel Mac OS X 10.11; rv:46.0) Gecko/20100101 Firefox/46.0"
177.38.200.223 - - [31/May/2016:14:44:25 -0300] "POST /survey/create HTTP/1.1" 200 422 "http://olympics.guardioesdasaude.org/survey/574362a40f40feac12d4d4b1/step-2" "Mozilla/5.0 (Macintosh; Intel Mac OS X 10.11; rv:46.0) Gecko/20100101 Firefox/46.0"
177.38.200.223 - - [31/May/2016:14:44:25 -0300] "OPTIONS /user/get/574362a40f40feac12d4d4b1 HTTP/1.1" 204 0 "-" "Mozilla/5.0 (Macintosh; Intel Mac OS X 10.11; rv:46.0) Gecko/20100101 Firefox/46.0"
