177.116.247.202 - - [15/Mar/2016:11:34:56 -0300] "GET /user/get?gl=107895356775760213827 HTTP/1.1" 200 1104 "-" "Dalvik/2.1.0 (Linux; U; Android 5.1.1; SM-N910C Build/LMY47X)"
177.116.247.202 - - [15/Mar/2016:11:34:58 -0300] "POST /user/login HTTP/1.1" 200 69 "-" "Dalvik/2.1.0 (Linux; U; Android 5.1.1; SM-N910C Build/LMY47X)"
177.116.247.202 - - [15/Mar/2016:11:35:20 -0300] "GET /user/get?gl=107895356775760213827 HTTP/1.1" 200 1104 "-" "Dalvik/2.1.0 (Linux; U; Android 5.1.1; SM-N910C Build/LMY47X)"
177.116.247.202 - - [15/Mar/2016:11:35:22 -0300] "POST /user/login HTTP/1.1" 200 69 "-" "Dalvik/2.1.0 (Linux; U; Android 5.1.1; SM-N910C Build/LMY47X)"
189.28.128.241 - - [15/Mar/2016:11:39:36 -0300] "OPTIONS /search/cities?limit=5 HTTP/1.1" 204 0 "http://guardioesdasaude.org/" "Mozilla/5.0 (Windows NT 6.1; WOW64) AppleWebKit/537.36 (KHTML, like Gecko) Chrome/49.0.2623.87 Safari/537.36"
189.28.128.241 - - [15/Mar/2016:11:39:36 -0300] "OPTIONS /search/cities?limit=5 HTTP/1.1" 204 0 "http://guardioesdasaude.org/" "Mozilla/5.0 (Windows NT 6.1; WOW64) AppleWebKit/537.36 (KHTML, like Gecko) Chrome/49.0.2623.87 Safari/537.36"
189.28.128.241 - - [15/Mar/2016:11:39:36 -0300] "OPTIONS /search/cities?limit=5 HTTP/1.1" 204 0 "http://guardioesdasaude.org/" "Mozilla/5.0 (Windows NT 6.1; WOW64) AppleWebKit/537.36 (KHTML, like Gecko) Chrome/49.0.2623.87 Safari/537.36"
189.28.128.241 - - [15/Mar/2016:11:39:36 -0300] "GET /search/cities?limit=5 HTTP/1.1" 200 152 "http://guardioesdasaude.org/" "Mozilla/5.0 (Windows NT 6.1; WOW64) AppleWebKit/537.36 (KHTML, like Gecko) Chrome/49.0.2623.87 Safari/537.36"
189.28.128.241 - - [15/Mar/2016:11:39:36 -0300] "GET /search/cities?limit=5 HTTP/1.1" 200 152 "http://guardioesdasaude.org/" "Mozilla/5.0 (Windows NT 6.1; WOW64) AppleWebKit/537.36 (KHTML, like Gecko) Chrome/49.0.2623.87 Safari/537.36"
189.28.128.241 - - [15/Mar/2016:11:39:36 -0300] "GET /search/cities?limit=5 HTTP/1.1" 200 152 "http://guardioesdasaude.org/" "Mozilla/5.0 (Windows NT 6.1; WOW64) AppleWebKit/537.36 (KHTML, like Gecko) Chrome/49.0.2623.87 Safari/537.36"
189.28.128.241 - - [15/Mar/2016:11:40:12 -0300] "OPTIONS /search/cities?limit=5 HTTP/1.1" 204 0 "http://guardioesdasaude.org/" "Mozilla/5.0 (Windows NT 6.1; WOW64) AppleWebKit/537.36 (KHTML, like Gecko) Chrome/49.0.2623.87 Safari/537.36"
189.28.128.241 - - [15/Mar/2016:11:40:12 -0300] "GET /search/cities?limit=5 HTTP/1.1" 200 152 "http://guardioesdasaude.org/" "Mozilla/5.0 (Windows NT 6.1; WOW64) AppleWebKit/537.36 (KHTML, like Gecko) Chrome/49.0.2623.87 Safari/537.36"
177.65.128.151 - - [15/Mar/2016:11:41:23 -0300] "GET /user/lookup/ HTTP/1.1" 200 808 "-" "Dalvik/2.1.0 (Linux; U; Android 5.1; Custom Phone - 5.1.0 - API 22 Build/LMY47D)"
177.65.128.151 - - [15/Mar/2016:11:47:10 -0300] "GET /news/get HTTP/1.1" 200 4010 "-" "Dalvik/2.1.0 (Linux; U; Android 5.1; Custom Phone - 5.1.0 - API 22 Build/LMY47D)"
177.65.128.151 - - [15/Mar/2016:11:47:26 -0300] "GET /user/household/56e78bb960d72f00148cbf02 HTTP/1.1" 200 56 "-" "Dalvik/2.1.0 (Linux; U; Android 5.1; Custom Phone - 5.1.0 - API 22 Build/LMY47D)"
177.65.128.151 - - [15/Mar/2016:11:47:28 -0300] "GET /user/household/56e78bb960d72f00148cbf02 HTTP/1.1" 200 56 "-" "Dalvik/2.1.0 (Linux; U; Android 5.1; Custom Phone - 5.1.0 - API 22 Build/LMY47D)"
177.65.128.151 - - [15/Mar/2016:11:48:21 -0300] "GET /user/lookup/ HTTP/1.1" 200 807 "-" "Dalvik/2.1.0 (Linux; U; Android 5.1; Custom Phone - 5.1.0 - API 22 Build/LMY47D)"
177.65.128.151 - - [15/Mar/2016:11:50:54 -0300] "GET /user/household/56e78bb960d72f00148cbf02 HTTP/1.1" 200 56 "-" "Dalvik/2.1.0 (Linux; U; Android 5.1; Custom Phone - 5.1.0 - API 22 Build/LMY47D)"
177.65.128.151 - - [15/Mar/2016:11:50:57 -0300] "GET /user/household/56e78bb960d72f00148cbf02 HTTP/1.1" 200 56 "-" "Dalvik/2.1.0 (Linux; U; Android 5.1; Custom Phone - 5.1.0 - API 22 Build/LMY47D)"
177.65.128.151 - - [15/Mar/2016:11:54:26 -0300] "GET /user/lookup/ HTTP/1.1" 200 807 "-" "Dalvik/2.1.0 (Linux; U; Android 5.1; Custom Phone - 5.1.0 - API 22 Build/LMY47D)"
177.65.128.151 - - [15/Mar/2016:11:54:44 -0300] "GET /user/household/56e78bb960d72f00148cbf02 HTTP/1.1" 200 56 "-" "Dalvik/2.1.0 (Linux; U; Android 5.1; Custom Phone - 5.1.0 - API 22 Build/LMY47D)"
177.65.128.151 - - [15/Mar/2016:11:54:47 -0300] "GET /user/household/56e78bb960d72f00148cbf02 HTTP/1.1" 200 56 "-" "Dalvik/2.1.0 (Linux; U; Android 5.1; Custom Phone - 5.1.0 - API 22 Build/LMY47D)"
177.65.128.151 - - [15/Mar/2016:11:56:49 -0300] "GET /user/lookup/ HTTP/1.1" 200 809 "-" "Dalvik/2.1.0 (Linux; U; Android 5.1; Custom Phone - 5.1.0 - API 22 Build/LMY47D)"
177.65.128.151 - - [15/Mar/2016:11:56:51 -0300] "GET /user/household/56e78bb960d72f00148cbf02 HTTP/1.1" 200 56 "-" "Dalvik/2.1.0 (Linux; U; Android 5.1; Custom Phone - 5.1.0 - API 22 Build/LMY47D)"
177.65.128.151 - - [15/Mar/2016:11:56:54 -0300] "GET /user/household/56e78bb960d72f00148cbf02 HTTP/1.1" 200 56 "-" "Dalvik/2.1.0 (Linux; U; Android 5.1; Custom Phone - 5.1.0 - API 22 Build/LMY47D)"
177.65.128.151 - - [15/Mar/2016:11:59:59 -0300] "GET /user/lookup/ HTTP/1.1" 200 809 "-" "Dalvik/2.1.0 (Linux; U; Android 5.1; Custom Phone - 5.1.0 - API 22 Build/LMY47D)"
177.65.128.151 - - [15/Mar/2016:12:01:43 -0300] "GET /user/household/56e78bb960d72f00148cbf02 HTTP/1.1" 200 56 "-" "Dalvik/2.1.0 (Linux; U; Android 5.1; Custom Phone - 5.1.0 - API 22 Build/LMY47D)"
177.65.128.151 - - [15/Mar/2016:12:01:45 -0300] "GET /user/household/56e78bb960d72f00148cbf02 HTTP/1.1" 200 56 "-" "Dalvik/2.1.0 (Linux; U; Android 5.1; Custom Phone - 5.1.0 - API 22 Build/LMY47D)"
177.65.128.151 - - [15/Mar/2016:12:05:50 -0300] "GET /user/lookup/ HTTP/1.1" 200 808 "-" "Dalvik/2.1.0 (Linux; U; Android 5.1; Custom Phone - 5.1.0 - API 22 Build/LMY47D)"
177.65.128.151 - - [15/Mar/2016:12:07:29 -0300] "GET /user/lookup/ HTTP/1.1" 200 806 "-" "Dalvik/2.1.0 (Linux; U; Android 5.1; Custom Phone - 5.1.0 - API 22 Build/LMY47D)"
177.65.128.151 - - [15/Mar/2016:12:07:31 -0300] "GET /user/household/56e78bb960d72f00148cbf02 HTTP/1.1" 200 56 "-" "Dalvik/2.1.0 (Linux; U; Android 5.1; Custom Phone - 5.1.0 - API 22 Build/LMY47D)"
177.65.128.151 - - [15/Mar/2016:12:07:33 -0300] "GET /user/household/56e78bb960d72f00148cbf02 HTTP/1.1" 200 56 "-" "Dalvik/2.1.0 (Linux; U; Android 5.1; Custom Phone - 5.1.0 - API 22 Build/LMY47D)"
177.65.128.151 - - [15/Mar/2016:12:08:05 -0300] "GET /user/lookup/ HTTP/1.1" 200 807 "-" "Dalvik/2.1.0 (Linux; U; Android 5.1; Custom Phone - 5.1.0 - API 22 Build/LMY47D)"
177.65.128.151 - - [15/Mar/2016:12:08:09 -0300] "GET /user/household/56e78bb960d72f00148cbf02 HTTP/1.1" 200 56 "-" "Dalvik/2.1.0 (Linux; U; Android 5.1; Custom Phone - 5.1.0 - API 22 Build/LMY47D)"
177.65.128.151 - - [15/Mar/2016:12:08:11 -0300] "GET /user/household/56e78bb960d72f00148cbf02 HTTP/1.1" 200 56 "-" "Dalvik/2.1.0 (Linux; U; Android 5.1; Custom Phone - 5.1.0 - API 22 Build/LMY47D)"
52.90.38.136 - - [15/Mar/2016:12:09:21 -0300] "GET / HTTP/1.1" 200 3086 "-" "Slackbot-LinkExpanding 1.0 (+https://api.slack.com/robots)"
177.38.200.87 - - [15/Mar/2016:12:16:29 -0300] "POST /user/login HTTP/1.1" 200 821 "-" "Guardioes da Saude/1.1.5 (iPhone; iOS 9.2; Scale/2.00)"
177.65.128.151 - - [15/Mar/2016:12:17:33 -0300] "GET /user/lookup/ HTTP/1.1" 200 805 "-" "Dalvik/2.1.0 (Linux; U; Android 5.1; Custom Phone - 5.1.0 - API 22 Build/LMY47D)"
177.65.128.151 - - [15/Mar/2016:12:17:59 -0300] "GET /user/household/56e78bb960d72f00148cbf02 HTTP/1.1" 200 56 "-" "Dalvik/2.1.0 (Linux; U; Android 5.1; Custom Phone - 5.1.0 - API 22 Build/LMY47D)"
177.65.128.151 - - [15/Mar/2016:12:18:02 -0300] "GET /user/household/56e78bb960d72f00148cbf02 HTTP/1.1" 200 56 "-" "Dalvik/2.1.0 (Linux; U; Android 5.1; Custom Phone - 5.1.0 - API 22 Build/LMY47D)"
177.38.200.87 - - [15/Mar/2016:12:19:10 -0300] "POST /user/login HTTP/1.1" 200 77 "-" "Guardioes da Saude/1.1.5 (iPhone; iOS 9.2; Scale/2.00)"
177.38.200.87 - - [15/Mar/2016:12:19:17 -0300] "POST /user/login HTTP/1.1" 200 77 "-" "Guardioes da Saude/1.1.5 (iPhone; iOS 9.2; Scale/2.00)"
177.38.200.87 - - [15/Mar/2016:12:19:24 -0300] "POST /user/login HTTP/1.1" 200 77 "-" "Guardioes da Saude/1.1.5 (iPhone; iOS 9.2; Scale/2.00)"
177.38.200.87 - - [15/Mar/2016:12:19:30 -0300] "POST /user/login HTTP/1.1" 200 77 "-" "Guardioes da Saude/1.1.5 (iPhone; iOS 9.2; Scale/2.00)"
177.38.200.87 - - [15/Mar/2016:12:19:55 -0300] "POST /user/login HTTP/1.1" 200 77 "-" "Guardioes da Saude/1.1.5 (iPhone; iOS 9.2; Scale/2.00)"
177.38.200.87 - - [15/Mar/2016:12:20:12 -0300] "POST /user/login HTTP/1.1" 200 77 "-" "Guardioes da Saude/1.1.5 (iPhone; iOS 9.2; Scale/2.00)"
177.38.200.87 - - [15/Mar/2016:12:20:39 -0300] "POST /user/login HTTP/1.1" 200 819 "-" "Guardioes da Saude/1.1.5 (iPhone; iOS 9.2; Scale/2.00)"
177.65.128.151 - - [15/Mar/2016:12:21:05 -0300] "POST /user/login HTTP/1.1" 200 69 "-" "Dalvik/2.1.0 (Linux; U; Android 5.1; Custom Phone - 5.1.0 - API 22 Build/LMY47D)"
177.65.128.151 - - [15/Mar/2016:12:21:11 -0300] "POST /user/login HTTP/1.1" 200 993 "-" "Dalvik/2.1.0 (Linux; U; Android 5.1; Custom Phone - 5.1.0 - API 22 Build/LMY47D)"
177.141.109.67 - - [15/Mar/2016:12:22:27 -0300] "GET /user/get?fb=979855052100364 HTTP/1.1" 200 56 "-" "Guardioes da Saude/1.1.3 (iPhone; iOS 9.2.1; Scale/2.00)"
177.141.109.67 - - [15/Mar/2016:12:23:09 -0300] "POST /user/create HTTP/1.1" 200 553 "-" "Guardioes da Saude/1.1.3 (iPhone; iOS 9.2.1; Scale/2.00)"
177.141.109.67 - - [15/Mar/2016:12:23:15 -0300] "GET /surveys/l?lat=-23.483033&lon=-46.599085 HTTP/1.1" 200 56 "-" "Guardioes da Saude/1.1.3 (iPhone; iOS 9.2.1; Scale/2.00)"
177.141.109.67 - - [15/Mar/2016:12:23:16 -0300] "GET /surveys/summary?lat=-23.483033&lon=-46.599085 HTTP/1.1" 200 242 "-" "Guardioes da Saude/1.1.3 (iPhone; iOS 9.2.1; Scale/2.00)"
177.141.109.67 - - [15/Mar/2016:12:23:38 -0300] "GET /user/household/56e828ddb4b758d3133079ce HTTP/1.1" 200 56 "-" "Guardioes da Saude/1.1.3 (iPhone; iOS 9.2.1; Scale/2.00)"
177.141.109.67 - - [15/Mar/2016:12:23:40 -0300] "GET /user/survey/summary HTTP/1.1" 200 66 "-" "Guardioes da Saude/1.1.3 (iPhone; iOS 9.2.1; Scale/2.00)"
177.141.109.67 - - [15/Mar/2016:12:23:40 -0300] "GET /user/calendar/month?&month=3&year=2016 HTTP/1.1" 200 58 "-" "Guardioes da Saude/1.1.3 (iPhone; iOS 9.2.1; Scale/2.00)"
177.141.109.67 - - [15/Mar/2016:12:23:40 -0300] "GET /user/calendar/year?&year=2016 HTTP/1.1" 200 58 "-" "Guardioes da Saude/1.1.3 (iPhone; iOS 9.2.1; Scale/2.00)"
177.141.109.67 - - [15/Mar/2016:12:23:47 -0300] "GET /user/household/56e828ddb4b758d3133079ce HTTP/1.1" 200 56 "-" "Guardioes da Saude/1.1.3 (iPhone; iOS 9.2.1; Scale/2.00)"
177.141.109.67 - - [15/Mar/2016:12:23:55 -0300] "GET /user/household/56e828ddb4b758d3133079ce HTTP/1.1" 200 56 "-" "Guardioes da Saude/1.1.3 (iPhone; iOS 9.2.1; Scale/2.00)"
177.141.109.67 - - [15/Mar/2016:12:24:20 -0300] "GET /user/household/56e828ddb4b758d3133079ce HTTP/1.1" 200 56 "-" "Guardioes da Saude/1.1.3 (iPhone; iOS 9.2.1; Scale/2.00)"
177.65.128.151 - - [15/Mar/2016:12:37:35 -0300] "GET /user/lookup/ HTTP/1.1" 200 972 "-" "Dalvik/2.1.0 (Linux; U; Android 5.1; Custom Phone - 5.1.0 - API 22 Build/LMY47D)"
177.65.128.151 - - [15/Mar/2016:12:37:48 -0300] "GET /user/household/56d99b78852235370d360f42 HTTP/1.1" 200 56 "-" "Dalvik/2.1.0 (Linux; U; Android 5.1; Custom Phone - 5.1.0 - API 22 Build/LMY47D)"
177.65.128.151 - - [15/Mar/2016:12:37:50 -0300] "GET /user/household/56d99b78852235370d360f42 HTTP/1.1" 200 56 "-" "Dalvik/2.1.0 (Linux; U; Android 5.1; Custom Phone - 5.1.0 - API 22 Build/LMY47D)"
177.65.128.151 - - [15/Mar/2016:12:45:56 -0300] "GET /user/lookup/ HTTP/1.1" 200 974 "-" "Dalvik/2.1.0 (Linux; U; Android 5.1; Custom Phone - 5.1.0 - API 22 Build/LMY47D)"
177.65.128.151 - - [15/Mar/2016:12:45:58 -0300] "GET /user/household/56d99b78852235370d360f42 HTTP/1.1" 200 56 "-" "Dalvik/2.1.0 (Linux; U; Android 5.1; Custom Phone - 5.1.0 - API 22 Build/LMY47D)"
177.65.128.151 - - [15/Mar/2016:12:46:01 -0300] "GET /user/household/56d99b78852235370d360f42 HTTP/1.1" 200 56 "-" "Dalvik/2.1.0 (Linux; U; Android 5.1; Custom Phone - 5.1.0 - API 22 Build/LMY47D)"
177.65.128.151 - - [15/Mar/2016:12:51:02 -0300] "GET /user/lookup/ HTTP/1.1" 200 972 "-" "Dalvik/2.1.0 (Linux; U; Android 5.1; Custom Phone - 5.1.0 - API 22 Build/LMY47D)"
177.65.128.151 - - [15/Mar/2016:12:51:13 -0300] "GET /user/household/56d99b78852235370d360f42 HTTP/1.1" 200 56 "-" "Dalvik/2.1.0 (Linux; U; Android 5.1; Custom Phone - 5.1.0 - API 22 Build/LMY47D)"
177.65.128.151 - - [15/Mar/2016:12:51:16 -0300] "GET /user/household/56d99b78852235370d360f42 HTTP/1.1" 200 56 "-" "Dalvik/2.1.0 (Linux; U; Android 5.1; Custom Phone - 5.1.0 - API 22 Build/LMY47D)"
177.65.128.151 - - [15/Mar/2016:12:56:24 -0300] "GET /user/lookup/ HTTP/1.1" 200 973 "-" "Dalvik/2.1.0 (Linux; U; Android 5.1; Custom Phone - 5.1.0 - API 22 Build/LMY47D)"
177.65.128.151 - - [15/Mar/2016:12:59:51 -0300] "GET /user/household/56d99b78852235370d360f42 HTTP/1.1" 200 56 "-" "Dalvik/2.1.0 (Linux; U; Android 5.1; Custom Phone - 5.1.0 - API 22 Build/LMY47D)"
177.65.128.151 - - [15/Mar/2016:12:59:53 -0300] "GET /user/household/56d99b78852235370d360f42 HTTP/1.1" 200 56 "-" "Dalvik/2.1.0 (Linux; U; Android 5.1; Custom Phone - 5.1.0 - API 22 Build/LMY47D)"
177.65.128.151 - - [15/Mar/2016:13:08:51 -0300] "GET /user/household/56d99b78852235370d360f42 HTTP/1.1" 200 56 "-" "Dalvik/2.1.0 (Linux; U; Android 5.1; Custom Phone - 5.1.0 - API 22 Build/LMY47D)"
177.65.128.151 - - [15/Mar/2016:13:10:08 -0300] "GET /user/household/56d99b78852235370d360f42 HTTP/1.1" 200 56 "-" "Dalvik/2.1.0 (Linux; U; Android 5.1; Custom Phone - 5.1.0 - API 22 Build/LMY47D)"
200.221.145.22 - - [15/Mar/2016:13:13:51 -0300] "OPTIONS /search/cities?limit=5 HTTP/1.1" 204 0 "http://guardioesdasaude.org/" "Mozilla/5.0 (Windows NT 6.1; WOW64) AppleWebKit/537.36 (KHTML, like Gecko) Chrome/48.0.2564.116 Safari/537.36"
200.221.145.22 - - [15/Mar/2016:13:13:51 -0300] "GET /search/cities?limit=5 HTTP/1.1" 200 152 "http://guardioesdasaude.org/" "Mozilla/5.0 (Windows NT 6.1; WOW64) AppleWebKit/537.36 (KHTML, like Gecko) Chrome/48.0.2564.116 Safari/537.36"
177.65.128.151 - - [15/Mar/2016:13:15:52 -0300] "GET /user/lookup/ HTTP/1.1" 200 971 "-" "Dalvik/2.1.0 (Linux; U; Android 5.1; Custom Phone - 5.1.0 - API 22 Build/LMY47D)"
177.65.128.151 - - [15/Mar/2016:13:18:24 -0300] "GET /user/household/56d99b78852235370d360f42 HTTP/1.1" 200 56 "-" "Dalvik/2.1.0 (Linux; U; Android 5.1; Custom Phone - 5.1.0 - API 22 Build/LMY47D)"
177.65.128.151 - - [15/Mar/2016:13:18:26 -0300] "GET /user/household/56d99b78852235370d360f42 HTTP/1.1" 200 56 "-" "Dalvik/2.1.0 (Linux; U; Android 5.1; Custom Phone - 5.1.0 - API 22 Build/LMY47D)"
177.65.128.151 - - [15/Mar/2016:13:18:32 -0300] "GET /user/household/56d99b78852235370d360f42 HTTP/1.1" 200 56 "-" "Dalvik/2.1.0 (Linux; U; Android 5.1; Custom Phone - 5.1.0 - API 22 Build/LMY47D)"
177.65.128.151 - - [15/Mar/2016:13:22:03 -0300] "GET /user/lookup/ HTTP/1.1" 200 973 "-" "Dalvik/2.1.0 (Linux; U; Android 5.1; Custom Phone - 5.1.0 - API 22 Build/LMY47D)"
191.247.227.61 - - [15/Mar/2016:13:27:31 -0300] "GET /user/lookup/ HTTP/1.1" 200 828 "-" "Dalvik/2.1.0 (Linux; U; Android 5.1.1; SM-J500M Build/LMY48B)"
191.247.227.61 - - [15/Mar/2016:13:27:37 -0300] "GET /news/get HTTP/1.1" 200 3920 "-" "Dalvik/2.1.0 (Linux; U; Android 5.1.1; SM-J500M Build/LMY48B)"
191.247.227.61 - - [15/Mar/2016:13:27:47 -0300] "GET /user/household/56d9de4c6ba8bc6c76211772 HTTP/1.1" 200 56 "-" "Dalvik/2.1.0 (Linux; U; Android 5.1.1; SM-J500M Build/LMY48B)"
191.247.227.61 - - [15/Mar/2016:13:27:53 -0300] "POST /survey/create HTTP/1.1" 200 497 "-" "Dalvik/2.1.0 (Linux; U; Android 5.1.1; SM-J500M Build/LMY48B)"
191.247.227.61 - - [15/Mar/2016:13:28:02 -0300] "GET /news/get HTTP/1.1" 200 3919 "-" "Dalvik/2.1.0 (Linux; U; Android 5.1.1; SM-J500M Build/LMY48B)"
191.247.227.61 - - [15/Mar/2016:13:28:05 -0300] "GET /surveys/summary/?lon=-47.8860876&lat=-15.808699 HTTP/1.1" 200 201 "-" "Dalvik/2.1.0 (Linux; U; Android 5.1.1; SM-J500M Build/LMY48B)"
191.247.227.61 - - [15/Mar/2016:13:28:06 -0300] "GET /surveys/l?lon=-47.8860876&lat=-15.808699 HTTP/1.1" 200 1339 "-" "Dalvik/2.1.0 (Linux; U; Android 5.1.1; SM-J500M Build/LMY48B)"
191.247.227.61 - - [15/Mar/2016:13:28:27 -0300] "GET /user/household/56d9de4c6ba8bc6c76211772 HTTP/1.1" 200 56 "-" "Dalvik/2.1.0 (Linux; U; Android 5.1.1; SM-J500M Build/LMY48B)"
191.247.227.61 - - [15/Mar/2016:13:28:28 -0300] "GET /user/survey/summary HTTP/1.1" 200 69 "-" "Dalvik/2.1.0 (Linux; U; Android 5.1.1; SM-J500M Build/LMY48B)"
191.247.227.61 - - [15/Mar/2016:13:28:29 -0300] "GET /user/calendar/year?year=2016 HTTP/1.1" 200 110 "-" "Dalvik/2.1.0 (Linux; U; Android 5.1.1; SM-J500M Build/LMY48B)"
191.247.227.61 - - [15/Mar/2016:13:28:30 -0300] "GET /user/calendar/day?day=1&month=3&year=2016 HTTP/1.1" 200 58 "-" "Dalvik/2.1.0 (Linux; U; Android 5.1.1; SM-J500M Build/LMY48B)"
191.247.227.61 - - [15/Mar/2016:13:28:32 -0300] "GET /user/calendar/day?day=2&month=3&year=2016 HTTP/1.1" 200 58 "-" "Dalvik/2.1.0 (Linux; U; Android 5.1.1; SM-J500M Build/LMY48B)"
191.247.227.61 - - [15/Mar/2016:13:28:33 -0300] "GET /user/calendar/day?day=3&month=3&year=2016 HTTP/1.1" 200 58 "-" "Dalvik/2.1.0 (Linux; U; Android 5.1.1; SM-J500M Build/LMY48B)"
191.247.227.61 - - [15/Mar/2016:13:28:34 -0300] "GET /user/calendar/day?day=4&month=3&year=2016 HTTP/1.1" 200 115 "-" "Dalvik/2.1.0 (Linux; U; Android 5.1.1; SM-J500M Build/LMY48B)"
191.247.227.61 - - [15/Mar/2016:13:28:35 -0300] "GET /user/calendar/day?day=5&month=3&year=2016 HTTP/1.1" 200 58 "-" "Dalvik/2.1.0 (Linux; U; Android 5.1.1; SM-J500M Build/LMY48B)"
191.247.227.61 - - [15/Mar/2016:13:28:36 -0300] "GET /user/calendar/day?day=6&month=3&year=2016 HTTP/1.1" 200 58 "-" "Dalvik/2.1.0 (Linux; U; Android 5.1.1; SM-J500M Build/LMY48B)"
191.247.227.61 - - [15/Mar/2016:13:28:37 -0300] "GET /user/calendar/day?day=7&month=3&year=2016 HTTP/1.1" 200 58 "-" "Dalvik/2.1.0 (Linux; U; Android 5.1.1; SM-J500M Build/LMY48B)"
191.247.227.61 - - [15/Mar/2016:13:28:38 -0300] "GET /user/calendar/day?day=8&month=3&year=2016 HTTP/1.1" 200 58 "-" "Dalvik/2.1.0 (Linux; U; Android 5.1.1; SM-J500M Build/LMY48B)"
191.247.227.61 - - [15/Mar/2016:13:28:39 -0300] "GET /user/calendar/day?day=9&month=3&year=2016 HTTP/1.1" 200 58 "-" "Dalvik/2.1.0 (Linux; U; Android 5.1.1; SM-J500M Build/LMY48B)"
191.247.227.61 - - [15/Mar/2016:13:28:40 -0300] "GET /user/calendar/day?day=10&month=3&year=2016 HTTP/1.1" 200 58 "-" "Dalvik/2.1.0 (Linux; U; Android 5.1.1; SM-J500M Build/LMY48B)"
191.247.227.61 - - [15/Mar/2016:13:28:41 -0300] "GET /user/calendar/day?day=11&month=3&year=2016 HTTP/1.1" 200 58 "-" "Dalvik/2.1.0 (Linux; U; Android 5.1.1; SM-J500M Build/LMY48B)"
191.247.227.61 - - [15/Mar/2016:13:28:43 -0300] "GET /user/calendar/day?day=12&month=3&year=2016 HTTP/1.1" 200 58 "-" "Dalvik/2.1.0 (Linux; U; Android 5.1.1; SM-J500M Build/LMY48B)"
191.247.227.61 - - [15/Mar/2016:13:28:44 -0300] "GET /user/calendar/day?day=13&month=3&year=2016 HTTP/1.1" 200 58 "-" "Dalvik/2.1.0 (Linux; U; Android 5.1.1; SM-J500M Build/LMY48B)"
191.247.227.61 - - [15/Mar/2016:13:28:45 -0300] "GET /user/calendar/day?day=14&month=3&year=2016 HTTP/1.1" 200 58 "-" "Dalvik/2.1.0 (Linux; U; Android 5.1.1; SM-J500M Build/LMY48B)"
191.247.227.61 - - [15/Mar/2016:13:28:46 -0300] "GET /user/calendar/day?day=15&month=3&year=2016 HTTP/1.1" 200 116 "-" "Dalvik/2.1.0 (Linux; U; Android 5.1.1; SM-J500M Build/LMY48B)"
191.247.227.61 - - [15/Mar/2016:13:28:47 -0300] "GET /user/calendar/day?day=16&month=3&year=2016 HTTP/1.1" 200 58 "-" "Dalvik/2.1.0 (Linux; U; Android 5.1.1; SM-J500M Build/LMY48B)"
191.247.227.61 - - [15/Mar/2016:13:28:48 -0300] "GET /user/calendar/day?day=17&month=3&year=2016 HTTP/1.1" 200 58 "-" "Dalvik/2.1.0 (Linux; U; Android 5.1.1; SM-J500M Build/LMY48B)"
191.247.227.61 - - [15/Mar/2016:13:28:49 -0300] "GET /user/calendar/day?day=18&month=3&year=2016 HTTP/1.1" 200 58 "-" "Dalvik/2.1.0 (Linux; U; Android 5.1.1; SM-J500M Build/LMY48B)"
191.247.227.61 - - [15/Mar/2016:13:28:50 -0300] "GET /user/calendar/day?day=19&month=3&year=2016 HTTP/1.1" 200 58 "-" "Dalvik/2.1.0 (Linux; U; Android 5.1.1; SM-J500M Build/LMY48B)"
191.247.227.61 - - [15/Mar/2016:13:28:51 -0300] "GET /user/calendar/day?day=20&month=3&year=2016 HTTP/1.1" 200 58 "-" "Dalvik/2.1.0 (Linux; U; Android 5.1.1; SM-J500M Build/LMY48B)"
191.247.227.61 - - [15/Mar/2016:13:28:53 -0300] "GET /user/calendar/day?day=21&month=3&year=2016 HTTP/1.1" 200 58 "-" "Dalvik/2.1.0 (Linux; U; Android 5.1.1; SM-J500M Build/LMY48B)"
191.247.227.61 - - [15/Mar/2016:13:28:54 -0300] "GET /user/calendar/day?day=22&month=3&year=2016 HTTP/1.1" 200 58 "-" "Dalvik/2.1.0 (Linux; U; Android 5.1.1; SM-J500M Build/LMY48B)"
191.247.227.61 - - [15/Mar/2016:13:28:55 -0300] "GET /user/calendar/day?day=23&month=3&year=2016 HTTP/1.1" 200 58 "-" "Dalvik/2.1.0 (Linux; U; Android 5.1.1; SM-J500M Build/LMY48B)"
191.247.227.61 - - [15/Mar/2016:13:28:56 -0300] "GET /user/calendar/day?day=24&month=3&year=2016 HTTP/1.1" 200 58 "-" "Dalvik/2.1.0 (Linux; U; Android 5.1.1; SM-J500M Build/LMY48B)"
191.247.227.61 - - [15/Mar/2016:13:28:57 -0300] "GET /user/calendar/day?day=25&month=3&year=2016 HTTP/1.1" 200 58 "-" "Dalvik/2.1.0 (Linux; U; Android 5.1.1; SM-J500M Build/LMY48B)"
191.247.227.61 - - [15/Mar/2016:13:28:58 -0300] "GET /user/calendar/day?day=26&month=3&year=2016 HTTP/1.1" 200 58 "-" "Dalvik/2.1.0 (Linux; U; Android 5.1.1; SM-J500M Build/LMY48B)"
191.247.227.61 - - [15/Mar/2016:13:28:59 -0300] "GET /user/calendar/day?day=27&month=3&year=2016 HTTP/1.1" 200 58 "-" "Dalvik/2.1.0 (Linux; U; Android 5.1.1; SM-J500M Build/LMY48B)"
191.247.227.61 - - [15/Mar/2016:13:29:00 -0300] "GET /user/calendar/day?day=28&month=3&year=2016 HTTP/1.1" 200 58 "-" "Dalvik/2.1.0 (Linux; U; Android 5.1.1; SM-J500M Build/LMY48B)"
191.247.227.61 - - [15/Mar/2016:13:29:01 -0300] "GET /user/calendar/day?day=29&month=3&year=2016 HTTP/1.1" 200 58 "-" "Dalvik/2.1.0 (Linux; U; Android 5.1.1; SM-J500M Build/LMY48B)"
191.247.227.61 - - [15/Mar/2016:13:29:02 -0300] "GET /user/calendar/day?day=30&month=3&year=2016 HTTP/1.1" 200 58 "-" "Dalvik/2.1.0 (Linux; U; Android 5.1.1; SM-J500M Build/LMY48B)"
191.247.227.61 - - [15/Mar/2016:13:29:04 -0300] "GET /user/calendar/day?day=31&month=3&year=2016 HTTP/1.1" 200 58 "-" "Dalvik/2.1.0 (Linux; U; Android 5.1.1; SM-J500M Build/LMY48B)"
191.247.227.61 - - [15/Mar/2016:13:29:05 -0300] "GET /user/calendar/day?day=15&month=3&year=2016 HTTP/1.1" 200 116 "-" "Dalvik/2.1.0 (Linux; U; Android 5.1.1; SM-J500M Build/LMY48B)"
177.116.247.202 - - [15/Mar/2016:13:29:15 -0300] "GET /user/get?gl=107895356775760213827 HTTP/1.1" 200 1104 "-" "Dalvik/2.1.0 (Linux; U; Android 5.1.1; SM-N910C Build/LMY47X)"
177.116.247.202 - - [15/Mar/2016:13:29:17 -0300] "POST /user/login HTTP/1.1" 200 69 "-" "Dalvik/2.1.0 (Linux; U; Android 5.1.1; SM-N910C Build/LMY47X)"
177.65.128.151 - - [15/Mar/2016:14:16:28 -0300] "POST /user/create HTTP/1.1" 403 114 "-" "Mozilla/5.0 (Windows NT 10.0; WOW64) AppleWebKit/537.36 (KHTML, like Gecko) Chrome/49.0.2623.87 Safari/537.36"
179.11.74.156 - - [15/Mar/2016:14:18:47 -0300] "GET /user/lookup/ HTTP/1.1" 200 2187 "-" "Dalvik/2.1.0 (Linux; U; Android 5.1.1; SM-J500M Build/LMY48B)"
177.65.128.151 - - [15/Mar/2016:14:24:35 -0300] "POST /user/create HTTP/1.1" 200 440 "-" "Dalvik/1.6.0 (Linux; U; Android 4.4.4; Samsung Galaxy S4 - 4.4.4 - API 19 - 1080x1920 Build/KTU84P)"
177.65.128.151 - - [15/Mar/2016:14:25:54 -0300] "GET /user/household/56e84553b4b758d3133079cf HTTP/1.1" 200 56 "-" "Dalvik/1.6.0 (Linux; U; Android 4.4.4; Samsung Galaxy S4 - 4.4.4 - API 19 - 1080x1920 Build/KTU84P)"
177.65.128.151 - - [15/Mar/2016:14:25:57 -0300] "GET /user/household/56e84553b4b758d3133079cf HTTP/1.1" 200 56 "-" "Dalvik/1.6.0 (Linux; U; Android 4.4.4; Samsung Galaxy S4 - 4.4.4 - API 19 - 1080x1920 Build/KTU84P)"
177.65.128.151 - - [15/Mar/2016:14:26:04 -0300] "GET /user/household/56e84553b4b758d3133079cf HTTP/1.1" 200 56 "-" "Dalvik/1.6.0 (Linux; U; Android 4.4.4; Samsung Galaxy S4 - 4.4.4 - API 19 - 1080x1920 Build/KTU84P)"
177.65.128.151 - - [15/Mar/2016:14:26:28 -0300] "GET /user/lookup/ HTTP/1.1" 200 569 "-" "Dalvik/1.6.0 (Linux; U; Android 4.4.4; Samsung Galaxy S4 - 4.4.4 - API 19 - 1080x1920 Build/KTU84P)"
177.65.128.151 - - [15/Mar/2016:14:26:31 -0300] "GET /user/household/56e84553b4b758d3133079cf HTTP/1.1" 200 56 "-" "Dalvik/1.6.0 (Linux; U; Android 4.4.4; Samsung Galaxy S4 - 4.4.4 - API 19 - 1080x1920 Build/KTU84P)"
177.65.128.151 - - [15/Mar/2016:14:26:33 -0300] "GET /user/household/56e84553b4b758d3133079cf HTTP/1.1" 200 56 "-" "Dalvik/1.6.0 (Linux; U; Android 4.4.4; Samsung Galaxy S4 - 4.4.4 - API 19 - 1080x1920 Build/KTU84P)"
177.65.128.151 - - [15/Mar/2016:14:30:54 -0300] "GET /user/lookup/ HTTP/1.1" 200 570 "-" "Dalvik/1.6.0 (Linux; U; Android 4.4.4; Samsung Galaxy S4 - 4.4.4 - API 19 - 1080x1920 Build/KTU84P)"
177.38.200.87 - - [15/Mar/2016:14:32:27 -0300] "POST /user/login HTTP/1.1" 200 69 "-" "Guardioes da Saude/1.1.4 (iPhone; iOS 9.2.1; Scale/2.00)"
177.38.200.87 - - [15/Mar/2016:14:47:29 -0300] "GET /user/get?fb=794780353959463 HTTP/1.1" 200 1792 "-" "Guardioes da Saude/1.1.4 (iPhone; iOS 9.2.1; Scale/2.00)"
177.38.200.87 - - [15/Mar/2016:14:47:30 -0300] "POST /user/login HTTP/1.1" 200 1861 "-" "Guardioes da Saude/1.1.4 (iPhone; iOS 9.2.1; Scale/2.00)"
177.38.200.87 - - [15/Mar/2016:14:47:30 -0300] "GET /news/get HTTP/1.1" 200 3899 "-" "Guardioes da Saude/1.1.4 (iPhone; iOS 9.2.1; Scale/2.00)"
177.38.200.87 - - [15/Mar/2016:14:47:33 -0300] "GET /user/household/56d8a8a6852235370d360ed1 HTTP/1.1" 200 56 "-" "Guardioes da Saude/1.1.4 (iPhone; iOS 9.2.1; Scale/2.00)"
177.38.200.87 - - [15/Mar/2016:14:47:36 -0300] "GET /user/household/56d8a8a6852235370d360ed1 HTTP/1.1" 200 56 "-" "Guardioes da Saude/1.1.4 (iPhone; iOS 9.2.1; Scale/2.00)"
177.38.200.87 - - [15/Mar/2016:14:49:45 -0300] "OPTIONS /search/cities?limit=5 HTTP/1.1" 204 0 "http://guardioesdasaude.org/" "Mozilla/5.0 (Macintosh; Intel Mac OS X 10_10_5) AppleWebKit/537.36 (KHTML, like Gecko) Chrome/48.0.2564.116 Safari/537.36"
177.38.200.87 - - [15/Mar/2016:14:49:45 -0300] "OPTIONS /search/cities?limit=5 HTTP/1.1" 204 0 "http://guardioesdasaude.org/" "Mozilla/5.0 (Macintosh; Intel Mac OS X 10_10_5) AppleWebKit/537.36 (KHTML, like Gecko) Chrome/48.0.2564.116 Safari/537.36"
177.38.200.87 - - [15/Mar/2016:14:49:45 -0300] "OPTIONS /search/cities?limit=5 HTTP/1.1" 204 0 "http://guardioesdasaude.org/" "Mozilla/5.0 (Macintosh; Intel Mac OS X 10_10_5) AppleWebKit/537.36 (KHTML, like Gecko) Chrome/48.0.2564.116 Safari/537.36"
177.38.200.87 - - [15/Mar/2016:14:49:45 -0300] "GET /search/cities?limit=5 HTTP/1.1" 200 152 "http://guardioesdasaude.org/" "Mozilla/5.0 (Macintosh; Intel Mac OS X 10_10_5) AppleWebKit/537.36 (KHTML, like Gecko) Chrome/48.0.2564.116 Safari/537.36"
177.38.200.87 - - [15/Mar/2016:14:49:45 -0300] "GET /search/cities?limit=5 HTTP/1.1" 200 152 "http://guardioesdasaude.org/" "Mozilla/5.0 (Macintosh; Intel Mac OS X 10_10_5) AppleWebKit/537.36 (KHTML, like Gecko) Chrome/48.0.2564.116 Safari/537.36"
177.38.200.87 - - [15/Mar/2016:14:49:45 -0300] "GET /search/cities?limit=5 HTTP/1.1" 200 152 "http://guardioesdasaude.org/" "Mozilla/5.0 (Macintosh; Intel Mac OS X 10_10_5) AppleWebKit/537.36 (KHTML, like Gecko) Chrome/48.0.2564.116 Safari/537.36"
177.38.200.87 - - [15/Mar/2016:14:54:31 -0300] "OPTIONS /search/cities?limit=5 HTTP/1.1" 204 0 "http://guardioesdasaude.org/" "Mozilla/5.0 (Macintosh; Intel Mac OS X 10_10_5) AppleWebKit/537.36 (KHTML, like Gecko) Chrome/48.0.2564.116 Safari/537.36"
177.38.200.87 - - [15/Mar/2016:14:54:31 -0300] "OPTIONS /search/cities?limit=5 HTTP/1.1" 204 0 "http://guardioesdasaude.org/" "Mozilla/5.0 (Macintosh; Intel Mac OS X 10_10_5) AppleWebKit/537.36 (KHTML, like Gecko) Chrome/48.0.2564.116 Safari/537.36"
177.38.200.87 - - [15/Mar/2016:14:54:31 -0300] "OPTIONS /search/cities?limit=5 HTTP/1.1" 204 0 "http://guardioesdasaude.org/" "Mozilla/5.0 (Macintosh; Intel Mac OS X 10_10_5) AppleWebKit/537.36 (KHTML, like Gecko) Chrome/48.0.2564.116 Safari/537.36"
177.38.200.87 - - [15/Mar/2016:14:54:31 -0300] "GET /search/cities?limit=5 HTTP/1.1" 200 152 "http://guardioesdasaude.org/" "Mozilla/5.0 (Macintosh; Intel Mac OS X 10_10_5) AppleWebKit/537.36 (KHTML, like Gecko) Chrome/48.0.2564.116 Safari/537.36"
177.38.200.87 - - [15/Mar/2016:14:54:31 -0300] "GET /search/cities?limit=5 HTTP/1.1" 200 152 "http://guardioesdasaude.org/" "Mozilla/5.0 (Macintosh; Intel Mac OS X 10_10_5) AppleWebKit/537.36 (KHTML, like Gecko) Chrome/48.0.2564.116 Safari/537.36"
177.38.200.87 - - [15/Mar/2016:14:54:31 -0300] "GET /search/cities?limit=5 HTTP/1.1" 200 152 "http://guardioesdasaude.org/" "Mozilla/5.0 (Macintosh; Intel Mac OS X 10_10_5) AppleWebKit/537.36 (KHTML, like Gecko) Chrome/48.0.2564.116 Safari/537.36"
191.247.227.61 - - [15/Mar/2016:14:57:46 -0300] "GET /user/get?fb=954599884595228 HTTP/1.1" 200 917 "-" "Dalvik/2.1.0 (Linux; U; Android 5.1.1; SM-J500M Build/LMY48B)"
191.247.227.61 - - [15/Mar/2016:14:57:47 -0300] "POST /user/login HTTP/1.1" 200 982 "-" "Dalvik/2.1.0 (Linux; U; Android 5.1.1; SM-J500M Build/LMY48B)"
191.247.227.61 - - [15/Mar/2016:14:57:55 -0300] "GET /user/household/56d9de4c6ba8bc6c76211772 HTTP/1.1" 200 56 "-" "Dalvik/2.1.0 (Linux; U; Android 5.1.1; SM-J500M Build/LMY48B)"
191.247.227.61 - - [15/Mar/2016:14:58:04 -0300] "POST /survey/create HTTP/1.1" 200 496 "-" "Dalvik/2.1.0 (Linux; U; Android 5.1.1; SM-J500M Build/LMY48B)"
177.38.200.87 - - [15/Mar/2016:14:58:11 -0300] "OPTIONS /user/survey/summary HTTP/1.1" 204 0 "http://guardioesdasaude.org/health-daily" "Mozilla/5.0 (Macintosh; Intel Mac OS X 10_10_5) AppleWebKit/537.36 (KHTML, like Gecko) Chrome/48.0.2564.116 Safari/537.36"
177.38.200.87 - - [15/Mar/2016:14:58:11 -0300] "OPTIONS /user/calendar/month?month=3&year=2016 HTTP/1.1" 204 0 "http://guardioesdasaude.org/health-daily" "Mozilla/5.0 (Macintosh; Intel Mac OS X 10_10_5) AppleWebKit/537.36 (KHTML, like Gecko) Chrome/48.0.2564.116 Safari/537.36"
177.38.200.87 - - [15/Mar/2016:14:58:11 -0300] "OPTIONS /user/calendar/year?year=2016 HTTP/1.1" 204 0 "http://guardioesdasaude.org/health-daily" "Mozilla/5.0 (Macintosh; Intel Mac OS X 10_10_5) AppleWebKit/537.36 (KHTML, like Gecko) Chrome/48.0.2564.116 Safari/537.36"
177.38.200.87 - - [15/Mar/2016:14:58:11 -0300] "OPTIONS /user/calendar/month?month=3&year=2016 HTTP/1.1" 204 0 "http://guardioesdasaude.org/health-daily" "Mozilla/5.0 (Macintosh; Intel Mac OS X 10_10_5) AppleWebKit/537.36 (KHTML, like Gecko) Chrome/48.0.2564.116 Safari/537.36"
177.38.200.87 - - [15/Mar/2016:14:58:11 -0300] "GET /search/cities?limit=5 HTTP/1.1" 200 152 "http://guardioesdasaude.org/health-daily" "Mozilla/5.0 (Macintosh; Intel Mac OS X 10_10_5) AppleWebKit/537.36 (KHTML, like Gecko) Chrome/48.0.2564.116 Safari/537.36"
177.38.200.87 - - [15/Mar/2016:14:58:11 -0300] "GET /user/calendar/month?month=3&year=2016 HTTP/1.1" 200 168 "http://guardioesdasaude.org/health-daily" "Mozilla/5.0 (Macintosh; Intel Mac OS X 10_10_5) AppleWebKit/537.36 (KHTML, like Gecko) Chrome/48.0.2564.116 Safari/537.36"
177.38.200.87 - - [15/Mar/2016:14:58:11 -0300] "GET /user/calendar/year?year=2016 HTTP/1.1" 200 111 "http://guardioesdasaude.org/health-daily" "Mozilla/5.0 (Macintosh; Intel Mac OS X 10_10_5) AppleWebKit/537.36 (KHTML, like Gecko) Chrome/48.0.2564.116 Safari/537.36"
177.38.200.87 - - [15/Mar/2016:14:58:11 -0300] "GET /user/survey/summary HTTP/1.1" 200 72 "http://guardioesdasaude.org/health-daily" "Mozilla/5.0 (Macintosh; Intel Mac OS X 10_10_5) AppleWebKit/537.36 (KHTML, like Gecko) Chrome/48.0.2564.116 Safari/537.36"
177.38.200.87 - - [15/Mar/2016:14:58:11 -0300] "GET /user/calendar/month?month=3&year=2016 HTTP/1.1" 200 168 "http://guardioesdasaude.org/health-daily" "Mozilla/5.0 (Macintosh; Intel Mac OS X 10_10_5) AppleWebKit/537.36 (KHTML, like Gecko) Chrome/48.0.2564.116 Safari/537.36"
177.38.200.87 - - [15/Mar/2016:14:58:11 -0300] "OPTIONS /user/chart/month?month=3&year=2016 HTTP/1.1" 204 0 "http://guardioesdasaude.org/health-daily" "Mozilla/5.0 (Macintosh; Intel Mac OS X 10_10_5) AppleWebKit/537.36 (KHTML, like Gecko) Chrome/48.0.2564.116 Safari/537.36"
177.38.200.87 - - [15/Mar/2016:14:58:11 -0300] "GET /user/chart/month?month=3&year=2016 HTTP/1.1" 200 132 "http://guardioesdasaude.org/health-daily" "Mozilla/5.0 (Macintosh; Intel Mac OS X 10_10_5) AppleWebKit/537.36 (KHTML, like Gecko) Chrome/48.0.2564.116 Safari/537.36"
191.247.227.61 - - [15/Mar/2016:14:58:13 -0300] "GET /news/get HTTP/1.1" 200 3920 "-" "Dalvik/2.1.0 (Linux; U; Android 5.1.1; SM-J500M Build/LMY48B)"
191.247.227.61 - - [15/Mar/2016:14:58:14 -0300] "GET /surveys/l?lon=-47.8683018&lat=-15.8007102 HTTP/1.1" 200 1339 "-" "Dalvik/2.1.0 (Linux; U; Android 5.1.1; SM-J500M Build/LMY48B)"
177.38.200.87 - - [15/Mar/2016:14:58:15 -0300] "GET /search/cities?limit=5 HTTP/1.1" 200 152 "http://guardioesdasaude.org/" "Mozilla/5.0 (Macintosh; Intel Mac OS X 10_10_5) AppleWebKit/537.36 (KHTML, like Gecko) Chrome/48.0.2564.116 Safari/537.36"
191.247.227.61 - - [15/Mar/2016:14:58:16 -0300] "GET /surveys/summary/?lon=-47.8683018&lat=-15.8007102 HTTP/1.1" 200 199 "-" "Dalvik/2.1.0 (Linux; U; Android 5.1.1; SM-J500M Build/LMY48B)"
177.38.200.87 - - [15/Mar/2016:14:59:06 -0300] "GET /user/get?fb=794780353959463 HTTP/1.1" 200 1792 "-" "Guardioes da Saude/1.1.4 (iPhone; iOS 9.2.1; Scale/2.00)"
177.38.200.87 - - [15/Mar/2016:14:59:12 -0300] "POST /user/login HTTP/1.1" 200 1861 "-" "Guardioes da Saude/1.1.4 (iPhone; iOS 9.2.1; Scale/2.00)"
177.38.200.87 - - [15/Mar/2016:14:59:15 -0300] "GET /news/get HTTP/1.1" 200 3919 "-" "Guardioes da Saude/1.1.4 (iPhone; iOS 9.2.1; Scale/2.00)"
191.247.227.61 - - [15/Mar/2016:14:59:37 -0300] "GET /news/get HTTP/1.1" 200 3920 "-" "Dalvik/2.1.0 (Linux; U; Android 5.1.1; SM-J500M Build/LMY48B)"
191.247.227.61 - - [15/Mar/2016:14:59:38 -0300] "GET /surveys/summary/?lon=-47.8683535&lat=-15.8006916 HTTP/1.1" 200 199 "-" "Dalvik/2.1.0 (Linux; U; Android 5.1.1; SM-J500M Build/LMY48B)"
191.247.227.61 - - [15/Mar/2016:14:59:39 -0300] "GET /surveys/l?lon=-47.8683535&lat=-15.8006916 HTTP/1.1" 200 1339 "-" "Dalvik/2.1.0 (Linux; U; Android 5.1.1; SM-J500M Build/LMY48B)"
177.38.200.87 - - [15/Mar/2016:15:00:49 -0300] "OPTIONS /news/get HTTP/1.1" 204 0 "http://guardioesdasaude.org/noticias" "Mozilla/5.0 (Macintosh; Intel Mac OS X 10_10_5) AppleWebKit/537.36 (KHTML, like Gecko) Chrome/48.0.2564.116 Safari/537.36"
177.38.200.87 - - [15/Mar/2016:15:00:49 -0300] "GET /news/get HTTP/1.1" 200 3927 "http://guardioesdasaude.org/noticias" "Mozilla/5.0 (Macintosh; Intel Mac OS X 10_10_5) AppleWebKit/537.36 (KHTML, like Gecko) Chrome/48.0.2564.116 Safari/537.36"
177.38.200.87 - - [15/Mar/2016:15:01:17 -0300] "GET /user/survey/summary HTTP/1.1" 200 72 "http://guardioesdasaude.org/health-daily" "Mozilla/5.0 (Macintosh; Intel Mac OS X 10_10_5) AppleWebKit/537.36 (KHTML, like Gecko) Chrome/48.0.2564.116 Safari/537.36"
177.38.200.87 - - [15/Mar/2016:15:01:17 -0300] "GET /user/calendar/month?month=3&year=2016 HTTP/1.1" 200 168 "http://guardioesdasaude.org/health-daily" "Mozilla/5.0 (Macintosh; Intel Mac OS X 10_10_5) AppleWebKit/537.36 (KHTML, like Gecko) Chrome/48.0.2564.116 Safari/537.36"
177.38.200.87 - - [15/Mar/2016:15:01:17 -0300] "GET /user/chart/month?month=3&year=2016 HTTP/1.1" 200 132 "http://guardioesdasaude.org/health-daily" "Mozilla/5.0 (Macintosh; Intel Mac OS X 10_10_5) AppleWebKit/537.36 (KHTML, like Gecko) Chrome/48.0.2564.116 Safari/537.36"
177.38.200.87 - - [15/Mar/2016:15:01:17 -0300] "GET /search/cities?limit=5 HTTP/1.1" 200 152 "http://guardioesdasaude.org/health-daily" "Mozilla/5.0 (Macintosh; Intel Mac OS X 10_10_5) AppleWebKit/537.36 (KHTML, like Gecko) Chrome/48.0.2564.116 Safari/537.36"
177.38.200.87 - - [15/Mar/2016:15:01:17 -0300] "GET /user/calendar/year?year=2016 HTTP/1.1" 200 111 "http://guardioesdasaude.org/health-daily" "Mozilla/5.0 (Macintosh; Intel Mac OS X 10_10_5) AppleWebKit/537.36 (KHTML, like Gecko) Chrome/48.0.2564.116 Safari/537.36"
177.38.200.87 - - [15/Mar/2016:15:01:17 -0300] "GET /user/calendar/month?month=3&year=2016 HTTP/1.1" 200 168 "http://guardioesdasaude.org/health-daily" "Mozilla/5.0 (Macintosh; Intel Mac OS X 10_10_5) AppleWebKit/537.36 (KHTML, like Gecko) Chrome/48.0.2564.116 Safari/537.36"
177.38.200.87 - - [15/Mar/2016:15:01:17 -0300] "GET /user/chart/month?month=3&year=2016 HTTP/1.1" 200 132 "http://guardioesdasaude.org/health-daily" "Mozilla/5.0 (Macintosh; Intel Mac OS X 10_10_5) AppleWebKit/537.36 (KHTML, like Gecko) Chrome/48.0.2564.116 Safari/537.36"
177.38.200.87 - - [15/Mar/2016:15:01:34 -0300] "GET /search/cities?limit=5 HTTP/1.1" 200 152 "http://guardioesdasaude.org/" "Mozilla/5.0 (Macintosh; Intel Mac OS X 10_10_5) AppleWebKit/537.36 (KHTML, like Gecko) Chrome/48.0.2564.116 Safari/537.36"
179.11.74.156 - - [15/Mar/2016:15:05:32 -0300] "GET /user/lookup/ HTTP/1.1" 200 2187 "-" "Dalvik/2.1.0 (Linux; U; Android 5.1.1; SM-J500M Build/LMY48B)"
177.38.200.87 - - [15/Mar/2016:15:08:18 -0300] "GET /user/get?fb=155316038184362 HTTP/1.1" 200 1597 "-" "Guardioes da Saude/1.1.4 (iPhone; iOS 9.2.1; Scale/2.00)"
177.38.200.87 - - [15/Mar/2016:15:08:18 -0300] "POST /user/login HTTP/1.1" 200 1663 "-" "Guardioes da Saude/1.1.4 (iPhone; iOS 9.2.1; Scale/2.00)"
177.38.200.87 - - [15/Mar/2016:15:08:18 -0300] "GET /news/get HTTP/1.1" 200 3455 "-" "Guardioes da Saude/1.1.4 (iPhone; iOS 9.2.1; Scale/2.00)"
177.38.200.87 - - [15/Mar/2016:15:08:21 -0300] "GET /user/household/56ddb09f852235370d361027 HTTP/1.1" 200 56 "-" "Guardioes da Saude/1.1.4 (iPhone; iOS 9.2.1; Scale/2.00)"
177.38.200.87 - - [15/Mar/2016:15:08:40 -0300] "POST /user/update HTTP/1.1" 200 86 "-" "Guardioes da Saude/1.1.4 (iPhone; iOS 9.2.1; Scale/2.00)"
177.38.200.87 - - [15/Mar/2016:15:08:42 -0300] "GET /user/household/56ddb09f852235370d361027 HTTP/1.1" 200 56 "-" "Guardioes da Saude/1.1.4 (iPhone; iOS 9.2.1; Scale/2.00)"
177.38.200.87 - - [15/Mar/2016:15:08:56 -0300] "POST /user/update HTTP/1.1" 200 86 "-" "Guardioes da Saude/1.1.4 (iPhone; iOS 9.2.1; Scale/2.00)"
177.38.200.87 - - [15/Mar/2016:15:08:58 -0300] "GET /user/household/56ddb09f852235370d361027 HTTP/1.1" 200 56 "-" "Guardioes da Saude/1.1.4 (iPhone; iOS 9.2.1; Scale/2.00)"
177.38.200.87 - - [15/Mar/2016:15:09:18 -0300] "POST /user/update HTTP/1.1" 200 86 "-" "Guardioes da Saude/1.1.4 (iPhone; iOS 9.2.1; Scale/2.00)"
177.38.200.87 - - [15/Mar/2016:15:09:24 -0300] "GET /user/household/56ddb09f852235370d361027 HTTP/1.1" 200 56 "-" "Guardioes da Saude/1.1.4 (iPhone; iOS 9.2.1; Scale/2.00)"
177.38.200.87 - - [15/Mar/2016:15:09:31 -0300] "GET /user/household/56ddb09f852235370d361027 HTTP/1.1" 200 56 "-" "Guardioes da Saude/1.1.4 (iPhone; iOS 9.2.1; Scale/2.00)"
177.38.200.87 - - [15/Mar/2016:15:09:40 -0300] "POST /user/update HTTP/1.1" 200 86 "-" "Guardioes da Saude/1.1.4 (iPhone; iOS 9.2.1; Scale/2.00)"
177.38.200.87 - - [15/Mar/2016:15:09:42 -0300] "GET /user/household/56ddb09f852235370d361027 HTTP/1.1" 200 56 "-" "Guardioes da Saude/1.1.4 (iPhone; iOS 9.2.1; Scale/2.00)"
177.38.200.87 - - [15/Mar/2016:15:10:22 -0300] "GET /user/household/56ddb09f852235370d361027 HTTP/1.1" 200 56 "-" "Guardioes da Saude/1.1.4 (iPhone; iOS 9.2.1; Scale/2.00)"
177.38.200.87 - - [15/Mar/2016:15:10:38 -0300] "GET /user/get?fb=155316038184362 HTTP/1.1" 200 1603 "-" "Guardioes da Saude/1.1.4 (iPhone; iOS 9.2.1; Scale/2.00)"
177.38.200.87 - - [15/Mar/2016:15:10:38 -0300] "POST /user/login HTTP/1.1" 200 1668 "-" "Guardioes da Saude/1.1.4 (iPhone; iOS 9.2.1; Scale/2.00)"
177.38.200.87 - - [15/Mar/2016:15:10:38 -0300] "GET /news/get HTTP/1.1" 200 3408 "-" "Guardioes da Saude/1.1.4 (iPhone; iOS 9.2.1; Scale/2.00)"
177.38.200.87 - - [15/Mar/2016:15:10:41 -0300] "GET /user/household/56ddb09f852235370d361027 HTTP/1.1" 200 56 "-" "Guardioes da Saude/1.1.4 (iPhone; iOS 9.2.1; Scale/2.00)"
189.28.128.241 - - [15/Mar/2016:15:11:59 -0300] "OPTIONS /search/cities?limit=5 HTTP/1.1" 204 0 "http://guardioesdasaude.org/" "Mozilla/5.0 (Windows NT 6.1; WOW64) AppleWebKit/537.36 (KHTML, like Gecko) Chrome/48.0.2564.116 Safari/537.36"
189.28.128.241 - - [15/Mar/2016:15:12:00 -0300] "GET /search/cities?limit=5 HTTP/1.1" 200 152 "http://guardioesdasaude.org/" "Mozilla/5.0 (Windows NT 6.1; WOW64) AppleWebKit/537.36 (KHTML, like Gecko) Chrome/48.0.2564.116 Safari/537.36"
177.38.200.87 - - [15/Mar/2016:15:12:14 -0300] "GET /user/household/56ddb09f852235370d361027 HTTP/1.1" 200 56 "-" "Guardioes da Saude/1.1.4 (iPhone; iOS 9.2.1; Scale/2.00)"
177.38.200.87 - - [15/Mar/2016:15:12:18 -0300] "GET /user/household/56ddb09f852235370d361027 HTTP/1.1" 200 56 "-" "Guardioes da Saude/1.1.4 (iPhone; iOS 9.2.1; Scale/2.00)"
177.38.200.87 - - [15/Mar/2016:15:12:20 -0300] "GET /symptoms HTTP/1.1" 200 706 "-" "Guardioes da Saude/1.1.4 (iPhone; iOS 9.2.1; Scale/2.00)"
191.166.69.204 - - [15/Mar/2016:15:18:38 -0300] "GET /user/get?fb=null HTTP/1.1" 200 56 "-" "Dalvik/2.1.0 (Linux; U; Android 6.0; XT1069 Build/MPB24.65-34)"
191.166.69.204 - - [15/Mar/2016:15:18:40 -0300] "GET /user/get?fb=962882797135056 HTTP/1.1" 200 56 "-" "Dalvik/2.1.0 (Linux; U; Android 6.0; XT1069 Build/MPB24.65-34)"
192.76.7.130 - - [15/Mar/2016:15:18:55 -0300] "OPTIONS /search/cities?limit=5 HTTP/1.1" 204 0 "http://guardioesdasaude.org/" "Mozilla/5.0 (Macintosh; Intel Mac OS X 10_10_3) AppleWebKit/537.36 (KHTML, like Gecko) Chrome/48.0.2564.116 Safari/537.36"
192.76.7.130 - - [15/Mar/2016:15:18:55 -0300] "OPTIONS /search/cities?limit=5 HTTP/1.1" 204 0 "http://guardioesdasaude.org/" "Mozilla/5.0 (Macintosh; Intel Mac OS X 10_10_3) AppleWebKit/537.36 (KHTML, like Gecko) Chrome/48.0.2564.116 Safari/537.36"
192.76.7.130 - - [15/Mar/2016:15:18:55 -0300] "OPTIONS /search/cities?limit=5 HTTP/1.1" 204 0 "http://guardioesdasaude.org/" "Mozilla/5.0 (Macintosh; Intel Mac OS X 10_10_3) AppleWebKit/537.36 (KHTML, like Gecko) Chrome/48.0.2564.116 Safari/537.36"
192.76.7.130 - - [15/Mar/2016:15:18:55 -0300] "GET /search/cities?limit=5 HTTP/1.1" 200 152 "http://guardioesdasaude.org/" "Mozilla/5.0 (Macintosh; Intel Mac OS X 10_10_3) AppleWebKit/537.36 (KHTML, like Gecko) Chrome/48.0.2564.116 Safari/537.36"
192.76.7.130 - - [15/Mar/2016:15:18:55 -0300] "GET /search/cities?limit=5 HTTP/1.1" 200 152 "http://guardioesdasaude.org/" "Mozilla/5.0 (Macintosh; Intel Mac OS X 10_10_3) AppleWebKit/537.36 (KHTML, like Gecko) Chrome/48.0.2564.116 Safari/537.36"
189.28.128.241 - - [15/Mar/2016:15:18:55 -0300] "OPTIONS /search/cities?limit=5 HTTP/1.1" 204 0 "http://guardioesdasaude.org/" "Mozilla/5.0 (Windows NT 6.1; WOW64) AppleWebKit/537.36 (KHTML, like Gecko) Chrome/48.0.2564.116 Safari/537.36"
192.76.7.130 - - [15/Mar/2016:15:18:55 -0300] "GET /search/cities?limit=5 HTTP/1.1" 200 152 "http://guardioesdasaude.org/" "Mozilla/5.0 (Macintosh; Intel Mac OS X 10_10_3) AppleWebKit/537.36 (KHTML, like Gecko) Chrome/48.0.2564.116 Safari/537.36"
189.28.128.241 - - [15/Mar/2016:15:18:55 -0300] "GET /search/cities?limit=5 HTTP/1.1" 200 152 "http://guardioesdasaude.org/" "Mozilla/5.0 (Windows NT 6.1; WOW64) AppleWebKit/537.36 (KHTML, like Gecko) Chrome/48.0.2564.116 Safari/537.36"
191.166.69.204 - - [15/Mar/2016:15:19:17 -0300] "POST /user/create HTTP/1.1" 200 597 "-" "Dalvik/2.1.0 (Linux; U; Android 6.0; XT1069 Build/MPB24.65-34)"
191.166.69.204 - - [15/Mar/2016:15:19:19 -0300] "POST /user/login HTTP/1.1" 200 759 "-" "Dalvik/2.1.0 (Linux; U; Android 6.0; XT1069 Build/MPB24.65-34)"
191.166.69.204 - - [15/Mar/2016:15:19:28 -0300] "GET /user/household/56e85225b7bc6cce132619b3 HTTP/1.1" 200 56 "-" "Dalvik/2.1.0 (Linux; U; Android 6.0; XT1069 Build/MPB24.65-34)"
192.76.7.130 - - [15/Mar/2016:15:19:44 -0300] "GET /search/cities?limit=5 HTTP/1.1" 200 152 "http://guardioesdasaude.org/" "Mozilla/5.0 (Macintosh; Intel Mac OS X 10_10_3) AppleWebKit/537.36 (KHTML, like Gecko) Chrome/48.0.2564.116 Safari/537.36"
192.76.7.130 - - [15/Mar/2016:15:19:44 -0300] "GET /search/cities?limit=5 HTTP/1.1" 200 152 "http://guardioesdasaude.org/" "Mozilla/5.0 (Macintosh; Intel Mac OS X 10_10_3) AppleWebKit/537.36 (KHTML, like Gecko) Chrome/48.0.2564.116 Safari/537.36"
192.76.7.130 - - [15/Mar/2016:15:19:45 -0300] "GET /search/cities?limit=5 HTTP/1.1" 200 152 "http://guardioesdasaude.org/" "Mozilla/5.0 (Macintosh; Intel Mac OS X 10_10_3) AppleWebKit/537.36 (KHTML, like Gecko) Chrome/48.0.2564.116 Safari/537.36"
191.166.69.204 - - [15/Mar/2016:15:19:55 -0300] "GET /news/get HTTP/1.1" 200 3303 "-" "Dalvik/2.1.0 (Linux; U; Android 6.0; XT1069 Build/MPB24.65-34)"
192.76.7.130 - - [15/Mar/2016:15:20:07 -0300] "GET /search/cities?limit=5 HTTP/1.1" 200 152 "http://guardioesdasaude.org/" "Mozilla/5.0 (Macintosh; Intel Mac OS X 10_10_3) AppleWebKit/537.36 (KHTML, like Gecko) Chrome/48.0.2564.116 Safari/537.36"
192.76.7.130 - - [15/Mar/2016:15:20:08 -0300] "GET /search/cities?limit=5 HTTP/1.1" 200 152 "http://guardioesdasaude.org/" "Mozilla/5.0 (Macintosh; Intel Mac OS X 10_10_3) AppleWebKit/537.36 (KHTML, like Gecko) Chrome/48.0.2564.116 Safari/537.36"
192.76.7.130 - - [15/Mar/2016:15:20:08 -0300] "GET /search/cities?limit=5 HTTP/1.1" 200 152 "http://guardioesdasaude.org/" "Mozilla/5.0 (Macintosh; Intel Mac OS X 10_10_3) AppleWebKit/537.36 (KHTML, like Gecko) Chrome/48.0.2564.116 Safari/537.36"
191.166.69.204 - - [15/Mar/2016:15:20:12 -0300] "GET /surveys/l?lon=-37.2836656&lat=-7.0348363 HTTP/1.1" 200 56 "-" "Dalvik/2.1.0 (Linux; U; Android 6.0; XT1069 Build/MPB24.65-34)"
191.166.69.204 - - [15/Mar/2016:15:20:13 -0300] "GET /surveys/summary/?lon=-37.2836656&lat=-7.0348363 HTTP/1.1" 200 233 "-" "Dalvik/2.1.0 (Linux; U; Android 6.0; XT1069 Build/MPB24.65-34)"
192.76.7.130 - - [15/Mar/2016:15:20:16 -0300] "OPTIONS /search/cities?limit=5 HTTP/1.1" 204 0 "http://guardioesdasaude.org/" "Mozilla/5.0 (Macintosh; Intel Mac OS X 10_10_3) AppleWebKit/537.36 (KHTML, like Gecko) Chrome/48.0.2564.116 Safari/537.36"
192.76.7.130 - - [15/Mar/2016:15:20:16 -0300] "GET /search/cities?limit=5 HTTP/1.1" 200 152 "http://guardioesdasaude.org/" "Mozilla/5.0 (Macintosh; Intel Mac OS X 10_10_3) AppleWebKit/537.36 (KHTML, like Gecko) Chrome/48.0.2564.116 Safari/537.36"
177.65.128.151 - - [15/Mar/2016:15:20:20 -0300] "POST /user/login HTTP/1.1" 200 995 "-" "Dalvik/2.1.0 (Linux; U; Android 5.1; Samsung Galaxy S6 - 5.1.0 - API 22 - 1440x2560 Build/LMY47D)"
191.166.69.204 - - [15/Mar/2016:15:20:29 -0300] "GET /user/household/56e85225b7bc6cce132619b3 HTTP/1.1" 200 56 "-" "Dalvik/2.1.0 (Linux; U; Android 6.0; XT1069 Build/MPB24.65-34)"
191.166.69.204 - - [15/Mar/2016:15:20:31 -0300] "GET /user/survey/summary HTTP/1.1" 200 66 "-" "Dalvik/2.1.0 (Linux; U; Android 6.0; XT1069 Build/MPB24.65-34)"
191.166.69.204 - - [15/Mar/2016:15:20:32 -0300] "GET /user/calendar/year?year=2016 HTTP/1.1" 200 58 "-" "Dalvik/2.1.0 (Linux; U; Android 6.0; XT1069 Build/MPB24.65-34)"
191.166.69.204 - - [15/Mar/2016:15:20:34 -0300] "GET /user/calendar/day?day=1&month=3&year=2016 HTTP/1.1" 200 58 "-" "Dalvik/2.1.0 (Linux; U; Android 6.0; XT1069 Build/MPB24.65-34)"
191.166.69.204 - - [15/Mar/2016:15:20:35 -0300] "GET /user/calendar/day?day=2&month=3&year=2016 HTTP/1.1" 200 58 "-" "Dalvik/2.1.0 (Linux; U; Android 6.0; XT1069 Build/MPB24.65-34)"
191.166.69.204 - - [15/Mar/2016:15:20:37 -0300] "GET /user/calendar/day?day=3&month=3&year=2016 HTTP/1.1" 200 58 "-" "Dalvik/2.1.0 (Linux; U; Android 6.0; XT1069 Build/MPB24.65-34)"
191.166.69.204 - - [15/Mar/2016:15:20:39 -0300] "GET /user/calendar/day?day=4&month=3&year=2016 HTTP/1.1" 200 58 "-" "Dalvik/2.1.0 (Linux; U; Android 6.0; XT1069 Build/MPB24.65-34)"
191.166.69.204 - - [15/Mar/2016:15:20:40 -0300] "GET /user/calendar/day?day=5&month=3&year=2016 HTTP/1.1" 200 58 "-" "Dalvik/2.1.0 (Linux; U; Android 6.0; XT1069 Build/MPB24.65-34)"
191.166.69.204 - - [15/Mar/2016:15:20:41 -0300] "GET /user/calendar/day?day=6&month=3&year=2016 HTTP/1.1" 200 58 "-" "Dalvik/2.1.0 (Linux; U; Android 6.0; XT1069 Build/MPB24.65-34)"
192.76.7.130 - - [15/Mar/2016:15:20:42 -0300] "OPTIONS /surveys/l?q=Recife HTTP/1.1" 204 0 "http://guardioesdasaude.org/health-map" "Mozilla/5.0 (Macintosh; Intel Mac OS X 10_10_3) AppleWebKit/537.36 (KHTML, like Gecko) Chrome/48.0.2564.116 Safari/537.36"
192.76.7.130 - - [15/Mar/2016:15:20:42 -0300] "OPTIONS /surveys/summary?q=Recife HTTP/1.1" 204 0 "http://guardioesdasaude.org/health-map" "Mozilla/5.0 (Macintosh; Intel Mac OS X 10_10_3) AppleWebKit/537.36 (KHTML, like Gecko) Chrome/48.0.2564.116 Safari/537.36"
192.76.7.130 - - [15/Mar/2016:15:20:42 -0300] "GET /surveys/l?q=Recife HTTP/1.1" 200 7058 "http://guardioesdasaude.org/health-map" "Mozilla/5.0 (Macintosh; Intel Mac OS X 10_10_3) AppleWebKit/537.36 (KHTML, like Gecko) Chrome/48.0.2564.116 Safari/537.36"
192.76.7.130 - - [15/Mar/2016:15:20:42 -0300] "GET /surveys/summary?q=Recife HTTP/1.1" 200 198 "http://guardioesdasaude.org/health-map" "Mozilla/5.0 (Macintosh; Intel Mac OS X 10_10_3) AppleWebKit/537.36 (KHTML, like Gecko) Chrome/48.0.2564.116 Safari/537.36"
192.76.7.130 - - [15/Mar/2016:15:20:43 -0300] "OPTIONS /surveys/l?lat=51.71120237217867&lon=-1.0356250268554277 HTTP/1.1" 204 0 "http://guardioesdasaude.org/health-map" "Mozilla/5.0 (Macintosh; Intel Mac OS X 10_10_3) AppleWebKit/537.36 (KHTML, like Gecko) Chrome/48.0.2564.116 Safari/537.36"
192.76.7.130 - - [15/Mar/2016:15:20:43 -0300] "OPTIONS /surveys/l?q=Great%20Haseley,%20Oxford,%20Oxfordshire%20OX44%207BG,%20UK HTTP/1.1" 204 0 "http://guardioesdasaude.org/health-map" "Mozilla/5.0 (Macintosh; Intel Mac OS X 10_10_3) AppleWebKit/537.36 (KHTML, like Gecko) Chrome/48.0.2564.116 Safari/537.36"
192.76.7.130 - - [15/Mar/2016:15:20:43 -0300] "OPTIONS /surveys/summary?q=Great%20Haseley,%20Oxford,%20Oxfordshire%20OX44%207BG,%20UK HTTP/1.1" 204 0 "http://guardioesdasaude.org/health-map" "Mozilla/5.0 (Macintosh; Intel Mac OS X 10_10_3) AppleWebKit/537.36 (KHTML, like Gecko) Chrome/48.0.2564.116 Safari/537.36"
