177.135.59.86 - - [11/May/2016:13:38:04 -0300] "GET /news/get HTTP/1.1" 200 3956 "-" "Dalvik/1.6.0 (Linux; U; Android 4.4.2; LG-D385 Build/KOT49I.A1405661439)"
179.106.3.112 - - [11/May/2016:13:38:04 -0300] "GET /user/get?fb=869986873129528 HTTP/1.1" 200 56 "-" "Dalvik/2.1.0 (Linux; U; Android 5.1; XT1033 Build/LPBS23.13-56-2)"
189.70.184.183 - - [11/May/2016:13:38:05 -0300] "GET /user/lookup/ HTTP/1.1" 200 915 "-" "Dalvik/1.6.0 (Linux; U; Android 4.4.4; SM-G316M Build/KTU84P)"
186.212.115.82 - - [11/May/2016:13:38:06 -0300] "GET /user/get?fb=818459391617620 HTTP/1.1" 200 56 "-" "Dalvik/2.1.0 (Linux; U; Android 5.0.2; LG-D337 Build/LRX22G)"
191.33.1.116 - - [11/May/2016:13:38:07 -0300] "GET /user/get?fb=818459391617620 HTTP/1.1" 200 56 "-" "Dalvik/2.1.0 (Linux; U; Android 5.0.2; LG-D337 Build/LRX22G)"
191.187.188.91 - - [11/May/2016:13:38:08 -0300] "POST /user/create HTTP/1.1" 200 611 "-" "Dalvik/2.1.0 (Linux; U; Android 5.0.2; SM-G530H Build/LRX22G)"
191.187.188.91 - - [11/May/2016:13:38:09 -0300] "POST /user/login HTTP/1.1" 200 803 "-" "Dalvik/2.1.0 (Linux; U; Android 5.0.2; SM-G530H Build/LRX22G)"
189.70.184.183 - - [11/May/2016:13:38:12 -0300] "GET /user/calendar/month?&month=5&year=2016 HTTP/1.1" 200 116 "-" "Dalvik/1.6.0 (Linux; U; Android 4.4.4; SM-G316M Build/KTU84P)"
189.70.184.183 - - [11/May/2016:13:38:12 -0300] "GET /user/household/57335f46fb2af3c50833ad1c HTTP/1.1" 200 56 "-" "Dalvik/1.6.0 (Linux; U; Android 4.4.4; SM-G316M Build/KTU84P)"
189.70.184.183 - - [11/May/2016:13:38:13 -0300] "GET /user/calendar/year?year=2016 HTTP/1.1" 200 109 "-" "Dalvik/1.6.0 (Linux; U; Android 4.4.4; SM-G316M Build/KTU84P)"
189.70.184.183 - - [11/May/2016:13:38:13 -0300] "GET /user/survey/summary HTTP/1.1" 200 69 "-" "Dalvik/1.6.0 (Linux; U; Android 4.4.4; SM-G316M Build/KTU84P)"
189.70.184.183 - - [11/May/2016:13:38:13 -0300] "GET /user/calendar/day?day=11&month=5&year=2016 HTTP/1.1" 200 116 "-" "Dalvik/1.6.0 (Linux; U; Android 4.4.4; SM-G316M Build/KTU84P)"
186.212.231.8 - - [11/May/2016:13:38:21 -0300] "GET /user/get?fb=null HTTP/1.1" 200 56 "-" "Dalvik/2.1.0 (Linux; U; Android 6.0; XT1069 Build/MPB24.65-34)"
186.212.110.23 - - [11/May/2016:13:38:23 -0300] "GET /user/get?fb=561946870678819 HTTP/1.1" 200 56 "-" "Dalvik/2.1.0 (Linux; U; Android 6.0; XT1069 Build/MPB24.65-34)"
177.207.123.8 - - [11/May/2016:13:38:23 -0300] "GET /user/get?fb=null HTTP/1.1" 200 56 "-" "Dalvik/2.1.0 (Linux; U; Android 6.0; XT1069 Build/MPB24.65-34)"
177.207.123.8 - - [11/May/2016:13:38:24 -0300] "GET /user/get?fb=603063689862587 HTTP/1.1" 200 56 "-" "Dalvik/2.1.0 (Linux; U; Android 6.0; XT1069 Build/MPB24.65-34)"
187.103.67.77 - - [11/May/2016:13:38:26 -0300] "GET /surveys/summary/?lon=-34.8751749&lat=-8.0211202 HTTP/1.1" 200 208 "-" "Dalvik/2.1.0 (Linux; U; Android 5.1.1; SM-J120H Build/LMY47V)"
187.103.67.77 - - [11/May/2016:13:38:28 -0300] "GET /surveys/l?lon=-34.8751749&lat=-8.0211202 HTTP/1.1" 200 512 "-" "Dalvik/2.1.0 (Linux; U; Android 5.1.1; SM-J120H Build/LMY47V)"
189.115.173.191 - - [11/May/2016:13:38:30 -0300] "POST /household/create HTTP/1.1" 200 259 "-" "Dalvik/2.1.0 (Linux; U; Android 6.0; XT1069 Build/MPB24.65-34)"
187.113.117.165 - - [11/May/2016:13:38:31 -0300] "GET /user/lookup/ HTTP/1.1" 200 845 "-" "Dalvik/2.1.0 (Linux; U; Android 6.0; XT1069 Build/MPB24.65-34)"
187.113.117.165 - - [11/May/2016:13:38:32 -0300] "POST /household/create HTTP/1.1" 200 233 "-" "Dalvik/2.1.0 (Linux; U; Android 6.0; XT1069 Build/MPB24.65-34)"
189.70.129.141 - - [11/May/2016:13:38:32 -0300] "POST /household/create HTTP/1.1" 200 205 "-" "Dalvik/2.1.0 (Linux; U; Android 5.1.1; D6643 Build/23.4.A.1.232)"
187.58.108.226 - - [11/May/2016:13:38:35 -0300] "GET /user/household/57335f8ffb2af3c50833ad3d HTTP/1.1" 200 56 "-" "Dalvik/1.6.0 (Linux; U; Android 4.4.4; SM-G530H Build/KTU84P)"
189.70.129.141 - - [11/May/2016:13:38:42 -0300] "POST /household/create HTTP/1.1" 200 205 "-" "Dalvik/2.1.0 (Linux; U; Android 5.1.1; D6643 Build/23.4.A.1.232)"
177.134.152.231 - - [11/May/2016:13:38:42 -0300] "POST /survey/create HTTP/1.1" 200 464 "-" "Dalvik/2.1.0 (Linux; U; Android 6.0; MotoG3 Build/MPI24.65-33.1)"
191.187.188.91 - - [11/May/2016:13:38:42 -0300] "GET /user/household/57335ff0fb2af3c50833ad50 HTTP/1.1" 200 56 "-" "Dalvik/2.1.0 (Linux; U; Android 5.0.2; SM-G530H Build/LRX22G)"
179.106.3.112 - - [11/May/2016:13:38:43 -0300] "POST /user/create HTTP/1.1" 200 599 "-" "Dalvik/2.1.0 (Linux; U; Android 5.1; XT1033 Build/LPBS23.13-56-2)"
179.106.3.112 - - [11/May/2016:13:38:44 -0300] "POST /user/login HTTP/1.1" 200 789 "-" "Dalvik/2.1.0 (Linux; U; Android 5.1; XT1033 Build/LPBS23.13-56-2)"
187.58.108.226 - - [11/May/2016:13:38:45 -0300] "POST /survey/create HTTP/1.1" 200 433 "-" "Dalvik/1.6.0 (Linux; U; Android 4.4.4; SM-G530H Build/KTU84P)"
191.187.188.91 - - [11/May/2016:13:38:47 -0300] "POST /survey/create HTTP/1.1" 200 433 "-" "Dalvik/2.1.0 (Linux; U; Android 5.0.2; SM-G530H Build/LRX22G)"
152.239.142.95 - - [11/May/2016:13:38:51 -0300] "POST /survey/create HTTP/1.1" 200 463 "-" "Dalvik/2.1.0 (Linux; U; Android 6.0; MotoG3 Build/MPI24.65-25)"
177.85.248.254 - - [11/May/2016:13:38:53 -0300] "GET /user/household/57335e66fb2af3c50833acf7 HTTP/1.1" 200 959 "-" "Dalvik/2.1.0 (Linux; U; Android 5.1.1; SM-G531BT Build/LMY48B)"
191.33.29.98 - - [11/May/2016:13:38:54 -0300] "POST /user/create HTTP/1.1" 200 600 "-" "Dalvik/2.1.0 (Linux; U; Android 5.0.2; LG-D337 Build/LRX22G)"
189.70.184.183 - - [11/May/2016:13:38:54 -0300] "GET /user/household/57335f46fb2af3c50833ad1c HTTP/1.1" 200 56 "-" "Dalvik/1.6.0 (Linux; U; Android 4.4.4; SM-G316M Build/KTU84P)"
179.106.3.112 - - [11/May/2016:13:38:54 -0300] "GET /user/household/57336013fb2af3c50833ad54 HTTP/1.1" 200 56 "-" "Dalvik/2.1.0 (Linux; U; Android 5.1; XT1033 Build/LPBS23.13-56-2)"
186.212.158.195 - - [11/May/2016:13:38:55 -0300] "POST /user/login HTTP/1.1" 200 793 "-" "Dalvik/2.1.0 (Linux; U; Android 5.0.2; LG-D337 Build/LRX22G)"
189.115.173.191 - - [11/May/2016:13:38:56 -0300] "GET /user/household/57335f9bfb2af3c50833ad43 HTTP/1.1" 200 698 "-" "Dalvik/2.1.0 (Linux; U; Android 6.0; XT1069 Build/MPB24.65-34)"
177.40.181.114 - - [11/May/2016:13:38:56 -0300] "GET /user/calendar/month?&month=5&year=2016 HTTP/1.1" 200 58 "-" "Dalvik/2.1.0 (Linux; U; Android 6.0; XT1069 Build/MPB24.65-34)"
177.40.181.114 - - [11/May/2016:13:38:57 -0300] "GET /user/survey/summary HTTP/1.1" 200 66 "-" "Dalvik/2.1.0 (Linux; U; Android 6.0; XT1069 Build/MPB24.65-34)"
189.115.173.191 - - [11/May/2016:13:38:57 -0300] "GET /user/calendar/year?year=2016 HTTP/1.1" 200 58 "-" "Dalvik/2.1.0 (Linux; U; Android 6.0; XT1069 Build/MPB24.65-34)"
177.85.248.254 - - [11/May/2016:13:38:58 -0300] "GET /user/household/57335e66fb2af3c50833acf7 HTTP/1.1" 200 959 "-" "Dalvik/2.1.0 (Linux; U; Android 5.1.1; SM-G531BT Build/LMY48B)"
189.115.173.191 - - [11/May/2016:13:38:58 -0300] "GET /user/calendar/day?day=11&month=5&year=2016 HTTP/1.1" 200 58 "-" "Dalvik/2.1.0 (Linux; U; Android 6.0; XT1069 Build/MPB24.65-34)"
177.85.248.254 - - [11/May/2016:13:38:59 -0300] "GET /user/survey/summary HTTP/1.1" 200 69 "-" "Dalvik/2.1.0 (Linux; U; Android 5.1.1; SM-G531BT Build/LMY48B)"
177.85.248.254 - - [11/May/2016:13:38:59 -0300] "GET /user/calendar/month?&month=5&year=2016 HTTP/1.1" 200 117 "-" "Dalvik/2.1.0 (Linux; U; Android 5.1.1; SM-G531BT Build/LMY48B)"
187.58.108.226 - - [11/May/2016:13:38:59 -0300] "POST /survey/create HTTP/1.1" 200 435 "-" "Dalvik/1.6.0 (Linux; U; Android 4.4.4; SM-G530H Build/KTU84P)"
177.85.248.254 - - [11/May/2016:13:39:00 -0300] "GET /user/calendar/year?year=2016 HTTP/1.1" 200 109 "-" "Dalvik/2.1.0 (Linux; U; Android 5.1.1; SM-G531BT Build/LMY48B)"
191.33.54.72 - - [11/May/2016:13:39:02 -0300] "GET /user/household/5733601efb2af3c50833ad58 HTTP/1.1" 200 56 "-" "Dalvik/2.1.0 (Linux; U; Android 5.0.2; LG-D337 Build/LRX22G)"
177.85.248.254 - - [11/May/2016:13:39:03 -0300] "GET /user/calendar/day?day=11&month=5&year=2016 HTTP/1.1" 200 116 "-" "Dalvik/2.1.0 (Linux; U; Android 5.1.1; SM-G531BT Build/LMY48B)"
187.78.221.96 - - [11/May/2016:13:39:04 -0300] "POST /user/create HTTP/1.1" 200 604 "-" "Dalvik/2.1.0 (Linux; U; Android 5.0; SM-G900MD Build/LRX21T)"
177.85.248.254 - - [11/May/2016:13:39:05 -0300] "GET /news/get HTTP/1.1" 200 3955 "-" "Dalvik/2.1.0 (Linux; U; Android 5.1.1; SM-G531BT Build/LMY48B)"
187.78.221.96 - - [11/May/2016:13:39:05 -0300] "POST /user/login HTTP/1.1" 200 798 "-" "Dalvik/2.1.0 (Linux; U; Android 5.0; SM-G900MD Build/LRX21T)"
191.187.151.134 - - [11/May/2016:13:39:06 -0300] "POST /user/create HTTP/1.1" 200 571 "-" "Dalvik/1.6.0 (Linux; U; Android 4.4.2; SM-G355M Build/KOT49H)"
191.187.188.91 - - [11/May/2016:13:39:06 -0300] "GET /news/get HTTP/1.1" 200 3955 "-" "Dalvik/2.1.0 (Linux; U; Android 5.0.2; SM-G530H Build/LRX22G)"
187.113.108.112 - - [11/May/2016:13:39:06 -0300] "GET /user/lookup/ HTTP/1.1" 200 820 "-" "Dalvik/2.1.0 (Linux; U; Android 6.0; MotoG3 Build/MPI24.65-33.1)"
177.36.10.210 - - [11/May/2016:13:39:12 -0300] "POST /user/create HTTP/1.1" 200 599 "-" "Dalvik/2.1.0 (Linux; U; Android 6.0; XT1068 Build/MPB24.65-34)"
177.36.10.210 - - [11/May/2016:13:39:13 -0300] "POST /user/login HTTP/1.1" 200 796 "-" "Dalvik/2.1.0 (Linux; U; Android 6.0; XT1068 Build/MPB24.65-34)"
177.85.248.254 - - [11/May/2016:13:39:13 -0300] "GET /user/household/57335e66fb2af3c50833acf7 HTTP/1.1" 200 959 "-" "Dalvik/2.1.0 (Linux; U; Android 5.1.1; SM-G531BT Build/LMY48B)"
187.113.121.39 - - [11/May/2016:13:39:13 -0300] "GET /user/household/57335f03fb2af3c50833ad0f HTTP/1.1" 200 669 "-" "Dalvik/2.1.0 (Linux; U; Android 6.0; MotoG3 Build/MPI24.65-33.1)"
187.78.221.96 - - [11/May/2016:13:39:14 -0300] "GET /user/household/57336028fb2af3c50833ad5a HTTP/1.1" 200 56 "-" "Dalvik/2.1.0 (Linux; U; Android 5.0; SM-G900MD Build/LRX21T)"
177.85.248.254 - - [11/May/2016:13:39:16 -0300] "GET /household/delete/57335eb6fb2af3c50833ad00?client=api HTTP/1.1" 200 83 "-" "Dalvik/2.1.0 (Linux; U; Android 5.1.1; SM-G531BT Build/LMY48B)"
191.187.151.134 - - [11/May/2016:13:39:17 -0300] "GET /user/household/5733602afb2af3c50833ad5b HTTP/1.1" 200 56 "-" "Dalvik/1.6.0 (Linux; U; Android 4.4.2; SM-G355M Build/KOT49H)"
189.115.173.191 - - [11/May/2016:13:39:17 -0300] "GET /user/calendar/month?&month=6&year=2016 HTTP/1.1" 200 58 "-" "Dalvik/2.1.0 (Linux; U; Android 6.0; XT1069 Build/MPB24.65-34)"
189.115.173.191 - - [11/May/2016:13:39:19 -0300] "GET /user/calendar/day?day=1&month=6&year=2016 HTTP/1.1" 200 58 "-" "Dalvik/2.1.0 (Linux; U; Android 6.0; XT1069 Build/MPB24.65-34)"
177.85.248.254 - - [11/May/2016:13:39:20 -0300] "GET /user/household/57335e66fb2af3c50833acf7 HTTP/1.1" 200 56 "-" "Dalvik/2.1.0 (Linux; U; Android 5.1.1; SM-G531BT Build/LMY48B)"
189.115.173.191 - - [11/May/2016:13:39:21 -0300] "GET /user/calendar/month?&month=5&year=2016 HTTP/1.1" 200 58 "-" "Dalvik/2.1.0 (Linux; U; Android 6.0; XT1069 Build/MPB24.65-34)"
189.81.213.231 - - [11/May/2016:13:39:22 -0300] "GET /user/get?fb=null HTTP/1.1" 200 56 "-" "Dalvik/2.1.0 (Linux; U; Android 6.0; MotoE2(4G-LTE) Build/MPI24.65-39)"
191.187.151.134 - - [11/May/2016:13:39:22 -0300] "POST /user/update HTTP/1.1" 200 86 "-" "Dalvik/1.6.0 (Linux; U; Android 4.4.2; SM-G355M Build/KOT49H)"
191.187.188.91 - - [11/May/2016:13:39:22 -0300] "GET /user/household/57335ff0fb2af3c50833ad50 HTTP/1.1" 200 56 "-" "Dalvik/2.1.0 (Linux; U; Android 5.0.2; SM-G530H Build/LRX22G)"
177.40.181.114 - - [11/May/2016:13:39:22 -0300] "GET /user/calendar/day?day=1&month=5&year=2016 HTTP/1.1" 200 58 "-" "Dalvik/2.1.0 (Linux; U; Android 6.0; XT1069 Build/MPB24.65-34)"
191.187.188.91 - - [11/May/2016:13:39:23 -0300] "GET /user/survey/summary HTTP/1.1" 200 69 "-" "Dalvik/2.1.0 (Linux; U; Android 5.0.2; SM-G530H Build/LRX22G)"
191.187.188.91 - - [11/May/2016:13:39:23 -0300] "GET /user/calendar/month?&month=5&year=2016 HTTP/1.1" 200 116 "-" "Dalvik/2.1.0 (Linux; U; Android 5.0.2; SM-G530H Build/LRX22G)"
191.187.151.134 - - [11/May/2016:13:39:23 -0300] "GET /user/lookup/ HTTP/1.1" 200 725 "-" "Dalvik/1.6.0 (Linux; U; Android 4.4.2; SM-G355M Build/KOT49H)"
187.113.121.39 - - [11/May/2016:13:39:23 -0300] "POST /survey/create HTTP/1.1" 200 443 "-" "Dalvik/2.1.0 (Linux; U; Android 6.0; MotoG3 Build/MPI24.65-33.1)"
189.81.213.231 - - [11/May/2016:13:39:23 -0300] "GET /user/get?fb=1004863742933322 HTTP/1.1" 200 56 "-" "Dalvik/2.1.0 (Linux; U; Android 6.0; MotoE2(4G-LTE) Build/MPI24.65-39)"
177.85.248.254 - - [11/May/2016:13:39:23 -0300] "GET /user/household/57335e66fb2af3c50833acf7 HTTP/1.1" 200 56 "-" "Dalvik/2.1.0 (Linux; U; Android 5.1.1; SM-G531BT Build/LMY48B)"
191.187.188.91 - - [11/May/2016:13:39:23 -0300] "GET /user/calendar/year?year=2016 HTTP/1.1" 200 109 "-" "Dalvik/2.1.0 (Linux; U; Android 5.0.2; SM-G530H Build/LRX22G)"
187.58.108.226 - - [11/May/2016:13:39:24 -0300] "GET /user/household/57335f8ffb2af3c50833ad3d HTTP/1.1" 200 56 "-" "Dalvik/1.6.0 (Linux; U; Android 4.4.4; SM-G530H Build/KTU84P)"
187.113.160.87 - - [11/May/2016:13:39:24 -0300] "POST /survey/create HTTP/1.1" 200 444 "-" "Dalvik/2.1.0 (Linux; U; Android 6.0; MotoG3 Build/MPI24.65-33.1)"
191.187.188.91 - - [11/May/2016:13:39:24 -0300] "GET /user/calendar/day?day=11&month=5&year=2016 HTTP/1.1" 200 116 "-" "Dalvik/2.1.0 (Linux; U; Android 5.0.2; SM-G530H Build/LRX22G)"
187.58.108.226 - - [11/May/2016:13:39:25 -0300] "GET /user/calendar/month?&month=5&year=2016 HTTP/1.1" 200 115 "-" "Dalvik/1.6.0 (Linux; U; Android 4.4.4; SM-G530H Build/KTU84P)"
191.187.151.134 - - [11/May/2016:13:39:25 -0300] "GET /user/household/5733602afb2af3c50833ad5b HTTP/1.1" 200 56 "-" "Dalvik/1.6.0 (Linux; U; Android 4.4.2; SM-G355M Build/KOT49H)"
187.58.108.226 - - [11/May/2016:13:39:25 -0300] "GET /user/survey/summary HTTP/1.1" 200 69 "-" "Dalvik/1.6.0 (Linux; U; Android 4.4.4; SM-G530H Build/KTU84P)"
177.159.210.98 - - [11/May/2016:13:39:25 -0300] "POST /user/create HTTP/1.1" 200 603 "-" "Dalvik/2.1.0 (Linux; U; Android 6.0; XT1069 Build/MPB24.65-34)"
187.58.108.226 - - [11/May/2016:13:39:26 -0300] "GET /user/calendar/year?year=2016 HTTP/1.1" 200 109 "-" "Dalvik/1.6.0 (Linux; U; Android 4.4.4; SM-G530H Build/KTU84P)"
187.58.108.226 - - [11/May/2016:13:39:27 -0300] "GET /user/calendar/day?day=11&month=5&year=2016 HTTP/1.1" 200 115 "-" "Dalvik/1.6.0 (Linux; U; Android 4.4.4; SM-G530H Build/KTU84P)"
187.113.68.152 - - [11/May/2016:13:39:27 -0300] "POST /user/login HTTP/1.1" 200 793 "-" "Dalvik/2.1.0 (Linux; U; Android 6.0; XT1069 Build/MPB24.65-34)"
186.214.135.67 - - [11/May/2016:13:39:29 -0300] "POST /user/create HTTP/1.1" 200 223 "-" "Dalvik/2.1.0 (Linux; U; Android 6.0; XT1069 Build/MPB24.65-34)"
177.85.248.254 - - [11/May/2016:13:39:32 -0300] "GET /user/household/57335e66fb2af3c50833acf7 HTTP/1.1" 200 56 "-" "Dalvik/2.1.0 (Linux; U; Android 5.1.1; SM-G531BT Build/LMY48B)"
177.36.10.210 - - [11/May/2016:13:39:34 -0300] "GET /user/household/57336030fb2af3c50833ad5c HTTP/1.1" 200 56 "-" "Dalvik/2.1.0 (Linux; U; Android 6.0; XT1068 Build/MPB24.65-34)"
191.187.151.134 - - [11/May/2016:13:39:34 -0300] "GET /user/household/5733602afb2af3c50833ad5b HTTP/1.1" 200 56 "-" "Dalvik/1.6.0 (Linux; U; Android 4.4.2; SM-G355M Build/KOT49H)"
191.187.151.134 - - [11/May/2016:13:39:35 -0300] "GET /user/survey/summary HTTP/1.1" 200 66 "-" "Dalvik/1.6.0 (Linux; U; Android 4.4.2; SM-G355M Build/KOT49H)"
191.187.151.134 - - [11/May/2016:13:39:35 -0300] "GET /user/calendar/month?&month=5&year=2016 HTTP/1.1" 200 58 "-" "Dalvik/1.6.0 (Linux; U; Android 4.4.2; SM-G355M Build/KOT49H)"
191.187.151.134 - - [11/May/2016:13:39:36 -0300] "GET /user/calendar/year?year=2016 HTTP/1.1" 200 58 "-" "Dalvik/1.6.0 (Linux; U; Android 4.4.2; SM-G355M Build/KOT49H)"
191.33.42.179 - - [11/May/2016:13:39:37 -0300] "POST /user/update HTTP/1.1" 200 86 "-" "Dalvik/2.1.0 (Linux; U; Android 5.0.2; LG-D337 Build/LRX22G)"
191.187.151.134 - - [11/May/2016:13:39:37 -0300] "GET /user/calendar/day?day=11&month=5&year=2016 HTTP/1.1" 200 58 "-" "Dalvik/1.6.0 (Linux; U; Android 4.4.2; SM-G355M Build/KOT49H)"
191.33.29.98 - - [11/May/2016:13:39:38 -0300] "GET /user/lookup/ HTTP/1.1" 200 818 "-" "Dalvik/2.1.0 (Linux; U; Android 5.0.2; LG-D337 Build/LRX22G)"
179.106.3.112 - - [11/May/2016:13:39:39 -0300] "POST /household/create HTTP/1.1" 200 225 "-" "Dalvik/2.1.0 (Linux; U; Android 5.1; XT1033 Build/LPBS23.13-56-2)"
179.106.3.112 - - [11/May/2016:13:39:40 -0300] "GET /user/lookup/ HTTP/1.1" 200 820 "-" "Dalvik/2.1.0 (Linux; U; Android 5.1; XT1033 Build/LPBS23.13-56-2)"
179.106.3.112 - - [11/May/2016:13:39:42 -0300] "POST /household/create HTTP/1.1" 200 225 "-" "Dalvik/2.1.0 (Linux; U; Android 5.1; XT1033 Build/LPBS23.13-56-2)"
179.106.3.112 - - [11/May/2016:13:39:43 -0300] "GET /user/lookup/ HTTP/1.1" 200 842 "-" "Dalvik/2.1.0 (Linux; U; Android 5.1; XT1033 Build/LPBS23.13-56-2)"
191.33.1.116 - - [11/May/2016:13:39:44 -0300] "POST /user/update HTTP/1.1" 200 86 "-" "Dalvik/2.1.0 (Linux; U; Android 5.0.2; LG-D337 Build/LRX22G)"
177.207.122.72 - - [11/May/2016:13:39:45 -0300] "GET /user/lookup/ HTTP/1.1" 200 1050 "-" "Dalvik/1.6.0 (Linux; U; Android 4.4.4; SM-G530BT Build/KTU84P)"
186.212.159.101 - - [11/May/2016:13:39:45 -0300] "GET /user/lookup/ HTTP/1.1" 200 818 "-" "Dalvik/2.1.0 (Linux; U; Android 5.0.2; LG-D337 Build/LRX22G)"
191.33.54.72 - - [11/May/2016:13:39:47 -0300] "GET /user/household/5733601efb2af3c50833ad58 HTTP/1.1" 200 56 "-" "Dalvik/2.1.0 (Linux; U; Android 5.0.2; LG-D337 Build/LRX22G)"
187.113.108.112 - - [11/May/2016:13:39:47 -0300] "POST /survey/create HTTP/1.1" 200 444 "-" "Dalvik/2.1.0 (Linux; U; Android 6.0; MotoG3 Build/MPI24.65-33.1)"
177.40.181.114 - - [11/May/2016:13:39:48 -0300] "GET /user/calendar/day?day=30&month=5&year=2016 HTTP/1.1" 200 58 "-" "Dalvik/2.1.0 (Linux; U; Android 6.0; XT1069 Build/MPB24.65-34)"
191.187.151.134 - - [11/May/2016:13:39:48 -0300] "GET /user/calendar/day?day=11&month=5&year=2016 HTTP/1.1" 200 58 "-" "Dalvik/1.6.0 (Linux; U; Android 4.4.2; SM-G355M Build/KOT49H)"
177.134.152.231 - - [11/May/2016:13:39:49 -0300] "GET /news/get HTTP/1.1" 200 3955 "-" "Dalvik/2.1.0 (Linux; U; Android 6.0; MotoG3 Build/MPI24.65-33.1)"
187.58.108.226 - - [11/May/2016:13:39:50 -0300] "GET /user/calendar/month?&month=6&year=2016 HTTP/1.1" 200 58 "-" "Dalvik/1.6.0 (Linux; U; Android 4.4.4; SM-G530H Build/KTU84P)"
191.33.45.170 - - [11/May/2016:13:39:51 -0300] "GET /user/household/57335eaffb2af3c50833acfd HTTP/1.1" 200 56 "-" "Dalvik/1.6.0 (Linux; U; Android 4.4.4; SM-G530BT Build/KTU84P)"
191.33.54.72 - - [11/May/2016:13:39:51 -0300] "GET /user/household/5733601efb2af3c50833ad58 HTTP/1.1" 200 56 "-" "Dalvik/2.1.0 (Linux; U; Android 5.0.2; LG-D337 Build/LRX22G)"
187.58.108.226 - - [11/May/2016:13:39:51 -0300] "GET /user/calendar/day?day=1&month=6&year=2016 HTTP/1.1" 200 58 "-" "Dalvik/1.6.0 (Linux; U; Android 4.4.4; SM-G530H Build/KTU84P)"
187.58.108.226 - - [11/May/2016:13:39:54 -0300] "GET /user/calendar/month?&month=5&year=2016 HTTP/1.1" 200 115 "-" "Dalvik/1.6.0 (Linux; U; Android 4.4.4; SM-G530H Build/KTU84P)"
179.106.3.112 - - [11/May/2016:13:39:55 -0300] "GET /news/get HTTP/1.1" 200 3955 "-" "Dalvik/2.1.0 (Linux; U; Android 5.1; XT1033 Build/LPBS23.13-56-2)"
187.58.108.226 - - [11/May/2016:13:39:55 -0300] "GET /user/calendar/day?day=1&month=5&year=2016 HTTP/1.1" 200 58 "-" "Dalvik/1.6.0 (Linux; U; Android 4.4.4; SM-G530H Build/KTU84P)"
187.78.221.96 - - [11/May/2016:13:39:55 -0300] "GET /news/get HTTP/1.1" 200 3955 "-" "Dalvik/2.1.0 (Linux; U; Android 5.0; SM-G900MD Build/LRX21T)"
187.113.121.39 - - [11/May/2016:13:39:57 -0300] "GET /user/household/57335f03fb2af3c50833ad0f HTTP/1.1" 200 891 "-" "Dalvik/2.1.0 (Linux; U; Android 6.0; MotoG3 Build/MPI24.65-33.1)"
191.187.151.134 - - [11/May/2016:13:39:57 -0300] "GET /user/household/5733602afb2af3c50833ad5b HTTP/1.1" 200 56 "-" "Dalvik/1.6.0 (Linux; U; Android 4.4.2; SM-G355M Build/KOT49H)"
191.248.19.236 - - [11/May/2016:13:39:58 -0300] "GET /user/get?fb=null HTTP/1.1" 200 56 "-" "Dalvik/2.1.0 (Linux; U; Android 5.0.1; LG-H422 Build/LRX21Y)"
177.134.218.17 - - [11/May/2016:13:39:58 -0300] "GET /news/get HTTP/1.1" 200 3955 "-" "Dalvik/2.1.0 (Linux; U; Android 6.0; XT1069 Build/MPB24.65-34)"
191.248.19.236 - - [11/May/2016:13:39:59 -0300] "GET /user/get?fb=10209599333930781 HTTP/1.1" 200 899 "-" "Dalvik/2.1.0 (Linux; U; Android 5.0.1; LG-H422 Build/LRX21Y)"
191.33.54.72 - - [11/May/2016:13:39:59 -0300] "POST /user/update HTTP/1.1" 200 86 "-" "Dalvik/2.1.0 (Linux; U; Android 5.0.2; LG-D337 Build/LRX22G)"
191.33.42.179 - - [11/May/2016:13:40:00 -0300] "GET /user/lookup/ HTTP/1.1" 200 819 "-" "Dalvik/2.1.0 (Linux; U; Android 5.0.2; LG-D337 Build/LRX22G)"
191.248.19.236 - - [11/May/2016:13:40:00 -0300] "POST /user/login HTTP/1.1" 200 939 "-" "Dalvik/2.1.0 (Linux; U; Android 5.0.1; LG-H422 Build/LRX21Y)"
191.33.54.72 - - [11/May/2016:13:40:01 -0300] "GET /user/household/5733601efb2af3c50833ad58 HTTP/1.1" 200 56 "-" "Dalvik/2.1.0 (Linux; U; Android 5.0.2; LG-D337 Build/LRX22G)"
187.78.221.96 - - [11/May/2016:13:40:04 -0300] "GET /user/household/57336028fb2af3c50833ad5a HTTP/1.1" 200 56 "-" "Dalvik/2.1.0 (Linux; U; Android 5.0; SM-G900MD Build/LRX21T)"
187.58.108.226 - - [11/May/2016:13:40:04 -0300] "GET /user/household/57335f8ffb2af3c50833ad3d HTTP/1.1" 200 56 "-" "Dalvik/1.6.0 (Linux; U; Android 4.4.4; SM-G530H Build/KTU84P)"
187.78.221.96 - - [11/May/2016:13:40:04 -0300] "GET /user/survey/summary HTTP/1.1" 200 66 "-" "Dalvik/2.1.0 (Linux; U; Android 5.0; SM-G900MD Build/LRX21T)"
187.78.221.96 - - [11/May/2016:13:40:05 -0300] "GET /user/calendar/month?&month=5&year=2016 HTTP/1.1" 200 58 "-" "Dalvik/2.1.0 (Linux; U; Android 5.0; SM-G900MD Build/LRX21T)"
177.134.152.231 - - [11/May/2016:13:40:05 -0300] "GET /user/household/57335fc5fb2af3c50833ad48 HTTP/1.1" 200 56 "-" "Dalvik/2.1.0 (Linux; U; Android 6.0; MotoG3 Build/MPI24.65-33.1)"
191.248.19.236 - - [11/May/2016:13:40:05 -0300] "GET /user/calendar/month?&month=5&year=2016 HTTP/1.1" 200 58 "-" "Dalvik/2.1.0 (Linux; U; Android 5.0.1; LG-H422 Build/LRX21Y)"
177.134.152.231 - - [11/May/2016:13:40:06 -0300] "GET /user/calendar/month?&month=5&year=2016 HTTP/1.1" 200 117 "-" "Dalvik/2.1.0 (Linux; U; Android 6.0; MotoG3 Build/MPI24.65-33.1)"
187.78.221.96 - - [11/May/2016:13:40:06 -0300] "GET /user/calendar/year?year=2016 HTTP/1.1" 200 58 "-" "Dalvik/2.1.0 (Linux; U; Android 5.0; SM-G900MD Build/LRX21T)"
187.58.96.118 - - [11/May/2016:13:40:06 -0300] "GET /user/survey/summary HTTP/1.1" 200 69 "-" "Dalvik/2.1.0 (Linux; U; Android 6.0; MotoG3 Build/MPI24.65-33.1)"
191.248.19.236 - - [11/May/2016:13:40:06 -0300] "GET /user/calendar/year?year=2016 HTTP/1.1" 200 58 "-" "Dalvik/2.1.0 (Linux; U; Android 5.0.1; LG-H422 Build/LRX21Y)"
177.134.152.231 - - [11/May/2016:13:40:06 -0300] "GET /user/calendar/year?year=2016 HTTP/1.1" 200 109 "-" "Dalvik/2.1.0 (Linux; U; Android 6.0; MotoG3 Build/MPI24.65-33.1)"
187.78.221.96 - - [11/May/2016:13:40:07 -0300] "GET /user/calendar/day?day=11&month=5&year=2016 HTTP/1.1" 200 58 "-" "Dalvik/2.1.0 (Linux; U; Android 5.0; SM-G900MD Build/LRX21T)"
191.248.19.236 - - [11/May/2016:13:40:07 -0300] "GET /user/calendar/day?day=11&month=5&year=2016 HTTP/1.1" 200 58 "-" "Dalvik/2.1.0 (Linux; U; Android 5.0.1; LG-H422 Build/LRX21Y)"
191.248.19.236 - - [11/May/2016:13:40:07 -0300] "GET /user/household/57335f24fb2af3c50833ad18 HTTP/1.1" 200 56 "-" "Dalvik/2.1.0 (Linux; U; Android 5.0.1; LG-H422 Build/LRX21Y)"
187.58.96.118 - - [11/May/2016:13:40:08 -0300] "GET /user/calendar/day?day=11&month=5&year=2016 HTTP/1.1" 200 117 "-" "Dalvik/2.1.0 (Linux; U; Android 6.0; MotoG3 Build/MPI24.65-33.1)"
191.187.188.91 - - [11/May/2016:13:40:08 -0300] "GET /user/get?fb=null HTTP/1.1" 200 56 "-" "Dalvik/2.1.0 (Linux; U; Android 5.0.2; SM-G530H Build/LRX22G)"
191.187.188.91 - - [11/May/2016:13:40:09 -0300] "GET /user/get?fb=896716450474886 HTTP/1.1" 200 887 "-" "Dalvik/2.1.0 (Linux; U; Android 5.0.2; SM-G530H Build/LRX22G)"
191.248.19.236 - - [11/May/2016:13:40:09 -0300] "GET /user/survey/summary HTTP/1.1" 200 66 "-" "Dalvik/2.1.0 (Linux; U; Android 5.0.1; LG-H422 Build/LRX21Y)"
191.187.188.91 - - [11/May/2016:13:40:09 -0300] "POST /user/login HTTP/1.1" 200 966 "-" "Dalvik/2.1.0 (Linux; U; Android 5.0.2; SM-G530H Build/LRX22G)"
187.113.121.39 - - [11/May/2016:13:40:10 -0300] "GET /symptoms HTTP/1.1" 200 706 "-" "Dalvik/2.1.0 (Linux; U; Android 6.0; MotoG3 Build/MPI24.65-33.1)"
179.106.3.112 - - [11/May/2016:13:40:10 -0300] "GET /user/household/57336013fb2af3c50833ad54 HTTP/1.1" 200 703 "-" "Dalvik/2.1.0 (Linux; U; Android 5.1; XT1033 Build/LPBS23.13-56-2)"
179.106.3.112 - - [11/May/2016:13:40:10 -0300] "GET /user/survey/summary HTTP/1.1" 200 66 "-" "Dalvik/2.1.0 (Linux; U; Android 5.1; XT1033 Build/LPBS23.13-56-2)"
179.106.3.112 - - [11/May/2016:13:40:11 -0300] "GET /user/calendar/month?&month=5&year=2016 HTTP/1.1" 200 58 "-" "Dalvik/2.1.0 (Linux; U; Android 5.1; XT1033 Build/LPBS23.13-56-2)"
152.239.142.95 - - [11/May/2016:13:40:11 -0300] "GET /user/calendar/month?&month=5&year=2016 HTTP/1.1" 200 125 "-" "Dalvik/2.1.0 (Linux; U; Android 6.0; MotoG3 Build/MPI24.65-25)"
152.239.142.95 - - [11/May/2016:13:40:11 -0300] "GET /user/household/57335ef6fb2af3c50833ad0c HTTP/1.1" 200 56 "-" "Dalvik/2.1.0 (Linux; U; Android 6.0; MotoG3 Build/MPI24.65-25)"
179.106.3.112 - - [11/May/2016:13:40:11 -0300] "GET /user/calendar/year?year=2016 HTTP/1.1" 200 58 "-" "Dalvik/2.1.0 (Linux; U; Android 5.1; XT1033 Build/LPBS23.13-56-2)"
152.239.142.95 - - [11/May/2016:13:40:12 -0300] "GET /user/survey/summary HTTP/1.1" 200 70 "-" "Dalvik/2.1.0 (Linux; U; Android 6.0; MotoG3 Build/MPI24.65-25)"
152.239.142.95 - - [11/May/2016:13:40:12 -0300] "GET /user/calendar/year?year=2016 HTTP/1.1" 200 109 "-" "Dalvik/2.1.0 (Linux; U; Android 6.0; MotoG3 Build/MPI24.65-25)"
179.106.3.112 - - [11/May/2016:13:40:12 -0300] "GET /user/calendar/day?day=11&month=5&year=2016 HTTP/1.1" 200 58 "-" "Dalvik/2.1.0 (Linux; U; Android 5.1; XT1033 Build/LPBS23.13-56-2)"
152.239.142.95 - - [11/May/2016:13:40:13 -0300] "GET /user/calendar/day?day=11&month=5&year=2016 HTTP/1.1" 200 125 "-" "Dalvik/2.1.0 (Linux; U; Android 6.0; MotoG3 Build/MPI24.65-25)"
191.33.54.72 - - [11/May/2016:13:40:13 -0300] "GET /user/household/5733601efb2af3c50833ad58 HTTP/1.1" 200 56 "-" "Dalvik/2.1.0 (Linux; U; Android 5.0.2; LG-D337 Build/LRX22G)"
191.33.42.179 - - [11/May/2016:13:40:24 -0300] "GET /symptoms HTTP/1.1" 200 706 "-" "Dalvik/2.1.0 (Linux; U; Android 5.0.2; LG-D337 Build/LRX22G)"
189.70.129.141 - - [11/May/2016:13:40:25 -0300] "POST /household/create HTTP/1.1" 200 205 "-" "Dalvik/2.1.0 (Linux; U; Android 5.1.1; D6643 Build/23.4.A.1.232)"
187.78.221.96 - - [11/May/2016:13:40:26 -0300] "GET /news/get HTTP/1.1" 200 3955 "-" "Dalvik/2.1.0 (Linux; U; Android 5.0; SM-G900MD Build/LRX21T)"
191.248.19.236 - - [11/May/2016:13:40:29 -0300] "GET /user/calendar/day?day=11&month=5&year=2016 HTTP/1.1" 200 58 "-" "Dalvik/2.1.0 (Linux; U; Android 5.0.1; LG-H422 Build/LRX21Y)"
191.187.188.91 - - [11/May/2016:13:40:29 -0300] "GET /user/household/57335ff0fb2af3c50833ad50 HTTP/1.1" 200 56 "-" "Dalvik/2.1.0 (Linux; U; Android 5.0.2; SM-G530H Build/LRX22G)"
177.36.10.210 - - [11/May/2016:13:40:29 -0300] "GET /symptoms HTTP/1.1" 200 706 "-" "Dalvik/2.1.0 (Linux; U; Android 6.0; XT1068 Build/MPB24.65-34)"
186.212.140.31 - - [11/May/2016:13:40:30 -0300] "GET /user/lookup/ HTTP/1.1" 200 770 "-" "Dalvik/2.1.0 (Linux; U; Android 6.0; XT1069 Build/MPB24.65-34)"
191.248.19.236 - - [11/May/2016:13:40:36 -0300] "GET /user/calendar/day?day=11&month=5&year=2016 HTTP/1.1" 200 58 "-" "Dalvik/2.1.0 (Linux; U; Android 5.0.1; LG-H422 Build/LRX21Y)"
191.248.19.236 - - [11/May/2016:13:40:38 -0300] "GET /user/calendar/day?day=11&month=5&year=2016 HTTP/1.1" 200 58 "-" "Dalvik/2.1.0 (Linux; U; Android 5.0.1; LG-H422 Build/LRX21Y)"
177.134.223.248 - - [11/May/2016:13:40:39 -0300] "GET /user/lookup/ HTTP/1.1" 200 768 "-" "Dalvik/2.1.0 (Linux; U; Android 6.0; XT1069 Build/MPB24.65-34)"
191.33.29.98 - - [11/May/2016:13:40:42 -0300] "POST /survey/create HTTP/1.1" 200 457 "-" "Dalvik/2.1.0 (Linux; U; Android 5.0.2; LG-D337 Build/LRX22G)"
177.38.200.178 - - [11/May/2016:13:40:44 -0300] "OPTIONS /search/cities?limit=5 HTTP/1.1" 204 0 "http://guardioesdasaude.org/" "Mozilla/5.0 (Macintosh; Intel Mac OS X 10_11_3) AppleWebKit/601.4.4 (KHTML, like Gecko) Version/9.0.3 Safari/601.4.4"
177.38.200.178 - - [11/May/2016:13:40:44 -0300] "GET /search/cities?limit=5 HTTP/1.1" 200 165 "http://guardioesdasaude.org/" "Mozilla/5.0 (Macintosh; Intel Mac OS X 10_11_3) AppleWebKit/601.4.4 (KHTML, like Gecko) Version/9.0.3 Safari/601.4.4"
191.187.188.91 - - [11/May/2016:13:40:46 -0300] "POST /survey/create HTTP/1.1" 200 430 "-" "Dalvik/2.1.0 (Linux; U; Android 5.0.2; SM-G530H Build/LRX22G)"
191.187.188.91 - - [11/May/2016:13:40:47 -0300] "GET /symptoms HTTP/1.1" 200 706 "-" "Dalvik/2.1.0 (Linux; U; Android 5.0.2; SM-G530H Build/LRX22G)"
191.187.188.91 - - [11/May/2016:13:40:52 -0300] "POST /survey/create HTTP/1.1" 200 430 "-" "Dalvik/2.1.0 (Linux; U; Android 5.0.2; SM-G530H Build/LRX22G)"
177.134.223.248 - - [11/May/2016:13:40:56 -0300] "GET /user/household/5733603dfb2af3c50833ad5f HTTP/1.1" 200 56 "-" "Dalvik/2.1.0 (Linux; U; Android 6.0; XT1069 Build/MPB24.65-34)"
189.70.129.141 - - [11/May/2016:13:41:01 -0300] "POST /household/create HTTP/1.1" 200 205 "-" "Dalvik/2.1.0 (Linux; U; Android 5.1.1; D6643 Build/23.4.A.1.232)"
189.81.213.231 - - [11/May/2016:13:41:02 -0300] "POST /user/create HTTP/1.1" 200 597 "-" "Dalvik/2.1.0 (Linux; U; Android 6.0; MotoE2(4G-LTE) Build/MPI24.65-39)"
187.113.121.39 - - [11/May/2016:13:41:03 -0300] "POST /survey/create HTTP/1.1" 200 509 "-" "Dalvik/2.1.0 (Linux; U; Android 6.0; MotoG3 Build/MPI24.65-33.1)"
191.248.22.72 - - [11/May/2016:13:41:03 -0300] "GET /user/get?fb=1676223332643337 HTTP/1.1" 200 772 "-" "Dalvik/2.1.0 (Linux; U; Android 5.0; LG-X170fTV Build/LRX21M)"
189.81.213.231 - - [11/May/2016:13:41:04 -0300] "POST /user/login HTTP/1.1" 200 790 "-" "Dalvik/2.1.0 (Linux; U; Android 6.0; MotoE2(4G-LTE) Build/MPI24.65-39)"
191.248.22.72 - - [11/May/2016:13:41:04 -0300] "POST /user/login HTTP/1.1" 200 817 "-" "Dalvik/2.1.0 (Linux; U; Android 5.0; LG-X170fTV Build/LRX21M)"
191.248.19.236 - - [11/May/2016:13:41:09 -0300] "GET /user/household/57335f24fb2af3c50833ad18 HTTP/1.1" 200 56 "-" "Dalvik/2.1.0 (Linux; U; Android 5.0.1; LG-H422 Build/LRX21Y)"
177.134.223.248 - - [11/May/2016:13:41:12 -0300] "GET /user/household/5733603dfb2af3c50833ad5f HTTP/1.1" 200 56 "-" "Dalvik/2.1.0 (Linux; U; Android 6.0; XT1069 Build/MPB24.65-34)"
191.248.22.72 - - [11/May/2016:13:41:12 -0300] "GET /user/household/57335f1efb2af3c50833ad14 HTTP/1.1" 200 56 "-" "Dalvik/2.1.0 (Linux; U; Android 5.0; LG-X170fTV Build/LRX21M)"
177.158.106.29 - - [11/May/2016:13:41:12 -0300] "GET /user/survey/summary HTTP/1.1" 200 66 "-" "Dalvik/2.1.0 (Linux; U; Android 6.0; XT1069 Build/MPB24.65-34)"
177.159.210.98 - - [11/May/2016:13:41:12 -0300] "GET /user/calendar/month?&month=5&year=2016 HTTP/1.1" 200 58 "-" "Dalvik/2.1.0 (Linux; U; Android 6.0; XT1069 Build/MPB24.65-34)"
177.134.223.248 - - [11/May/2016:13:41:14 -0300] "GET /user/calendar/year?year=2016 HTTP/1.1" 200 58 "-" "Dalvik/2.1.0 (Linux; U; Android 6.0; XT1069 Build/MPB24.65-34)"
186.215.1.57 - - [11/May/2016:13:41:15 -0300] "GET /user/calendar/day?day=10&month=5&year=2016 HTTP/1.1" 200 58 "-" "Dalvik/2.1.0 (Linux; U; Android 6.0; XT1069 Build/MPB24.65-34)"
191.187.188.91 - - [11/May/2016:13:41:18 -0300] "POST /survey/create HTTP/1.1" 200 430 "-" "Dalvik/2.1.0 (Linux; U; Android 5.0.2; SM-G530H Build/LRX22G)"
191.248.19.236 - - [11/May/2016:13:41:28 -0300] "GET /user/household/57335f24fb2af3c50833ad18 HTTP/1.1" 200 56 "-" "Dalvik/2.1.0 (Linux; U; Android 5.0.1; LG-H422 Build/LRX21Y)"
191.248.19.236 - - [11/May/2016:13:41:32 -0300] "GET /user/household/57335f24fb2af3c50833ad18 HTTP/1.1" 200 56 "-" "Dalvik/2.1.0 (Linux; U; Android 5.0.1; LG-H422 Build/LRX21Y)"
191.248.22.72 - - [11/May/2016:13:41:34 -0300] "GET /symptoms HTTP/1.1" 200 706 "-" "Dalvik/2.1.0 (Linux; U; Android 5.0; LG-X170fTV Build/LRX21M)"
177.134.199.3 - - [11/May/2016:13:41:35 -0300] "GET /user/lookup/ HTTP/1.1" 200 770 "-" "Dalvik/2.1.0 (Linux; U; Android 6.0; XT1069 Build/MPB24.65-34)"
191.248.19.236 - - [11/May/2016:13:41:35 -0300] "GET /news/get HTTP/1.1" 200 3956 "-" "Dalvik/2.1.0 (Linux; U; Android 5.0.1; LG-H422 Build/LRX21Y)"
189.81.213.231 - - [11/May/2016:13:41:39 -0300] "GET /user/household/5733609efb2af3c50833ad67 HTTP/1.1" 200 56 "-" "Dalvik/2.1.0 (Linux; U; Android 6.0; MotoE2(4G-LTE) Build/MPI24.65-39)"
191.187.188.91 - - [11/May/2016:13:41:42 -0300] "GET /user/household/57335ff0fb2af3c50833ad50 HTTP/1.1" 200 56 "-" "Dalvik/2.1.0 (Linux; U; Android 5.0.2; SM-G530H Build/LRX22G)"
191.187.151.134 - - [11/May/2016:13:41:43 -0300] "POST /household/create HTTP/1.1" 200 291 "-" "Dalvik/1.6.0 (Linux; U; Android 4.4.2; SM-G355M Build/KOT49H)"
187.113.108.112 - - [11/May/2016:13:41:44 -0300] "GET /user/calendar/month?&month=5&year=2016 HTTP/1.1" 200 58 "-" "Dalvik/2.1.0 (Linux; U; Android 6.0; MotoG3 Build/MPI24.65-33.1)"
187.113.108.112 - - [11/May/2016:13:41:44 -0300] "GET /user/household/57335f03fb2af3c50833ad0f HTTP/1.1" 200 988 "-" "Dalvik/2.1.0 (Linux; U; Android 6.0; MotoG3 Build/MPI24.65-33.1)"
191.248.19.236 - - [11/May/2016:13:41:44 -0300] "GET /surveys/l?lon=-35.0012513&lat=-8.0776018 HTTP/1.1" 200 56 "-" "Dalvik/2.1.0 (Linux; U; Android 5.0.1; LG-H422 Build/LRX21Y)"
191.187.151.134 - - [11/May/2016:13:41:44 -0300] "GET /user/lookup/ HTTP/1.1" 200 846 "-" "Dalvik/1.6.0 (Linux; U; Android 4.4.2; SM-G355M Build/KOT49H)"
191.248.19.236 - - [11/May/2016:13:41:45 -0300] "GET /surveys/summary/?lon=-35.0012513&lat=-8.0776018 HTTP/1.1" 200 249 "-" "Dalvik/2.1.0 (Linux; U; Android 5.0.1; LG-H422 Build/LRX21Y)"
187.113.108.112 - - [11/May/2016:13:41:45 -0300] "GET /user/survey/summary HTTP/1.1" 200 66 "-" "Dalvik/2.1.0 (Linux; U; Android 6.0; MotoG3 Build/MPI24.65-33.1)"
187.113.108.112 - - [11/May/2016:13:41:45 -0300] "GET /user/calendar/year?year=2016 HTTP/1.1" 200 109 "-" "Dalvik/2.1.0 (Linux; U; Android 6.0; MotoG3 Build/MPI24.65-33.1)"
191.33.45.170 - - [11/May/2016:13:41:45 -0300] "GET /symptoms HTTP/1.1" 200 706 "-" "Dalvik/1.6.0 (Linux; U; Android 4.4.4; SM-G530BT Build/KTU84P)"
187.113.121.39 - - [11/May/2016:13:41:46 -0300] "GET /user/calendar/day?day=11&month=5&year=2016 HTTP/1.1" 200 126 "-" "Dalvik/2.1.0 (Linux; U; Android 6.0; MotoG3 Build/MPI24.65-33.1)"
191.187.188.91 - - [11/May/2016:13:41:49 -0300] "GET /symptoms HTTP/1.1" 200 706 "-" "Dalvik/2.1.0 (Linux; U; Android 5.0.2; SM-G530H Build/LRX22G)"
191.187.151.134 - - [11/May/2016:13:41:55 -0300] "GET /symptoms HTTP/1.1" 200 706 "-" "Dalvik/1.6.0 (Linux; U; Android 4.4.2; SM-G355M Build/KOT49H)"
191.33.54.72 - - [11/May/2016:13:41:55 -0300] "GET /user/household/5733601efb2af3c50833ad58 HTTP/1.1" 200 56 "-" "Dalvik/2.1.0 (Linux; U; Android 5.0.2; LG-D337 Build/LRX22G)"
186.212.158.195 - - [11/May/2016:13:41:55 -0300] "GET /user/calendar/month?&month=5&year=2016 HTTP/1.1" 200 117 "-" "Dalvik/2.1.0 (Linux; U; Android 5.0.2; LG-D337 Build/LRX22G)"
177.207.122.199 - - [11/May/2016:13:41:55 -0300] "GET /user/survey/summary HTTP/1.1" 200 69 "-" "Dalvik/2.1.0 (Linux; U; Android 5.0.2; LG-D337 Build/LRX22G)"
191.33.29.98 - - [11/May/2016:13:41:56 -0300] "GET /user/calendar/year?year=2016 HTTP/1.1" 200 109 "-" "Dalvik/2.1.0 (Linux; U; Android 5.0.2; LG-D337 Build/LRX22G)"
186.212.115.82 - - [11/May/2016:13:41:57 -0300] "GET /user/calendar/day?day=11&month=5&year=2016 HTTP/1.1" 200 117 "-" "Dalvik/2.1.0 (Linux; U; Android 5.0.2; LG-D337 Build/LRX22G)"
187.113.108.112 - - [11/May/2016:13:42:03 -0300] "GET /user/survey/summary HTTP/1.1" 200 66 "-" "Dalvik/2.1.0 (Linux; U; Android 6.0; MotoG3 Build/MPI24.65-33.1)"
187.113.108.112 - - [11/May/2016:13:42:03 -0300] "GET /user/household/57335f03fb2af3c50833ad0f HTTP/1.1" 200 988 "-" "Dalvik/2.1.0 (Linux; U; Android 6.0; MotoG3 Build/MPI24.65-33.1)"
187.113.160.87 - - [11/May/2016:13:42:04 -0300] "GET /user/calendar/month?&month=5&year=2016 HTTP/1.1" 200 58 "-" "Dalvik/2.1.0 (Linux; U; Android 6.0; MotoG3 Build/MPI24.65-33.1)"
187.113.121.39 - - [11/May/2016:13:42:05 -0300] "GET /user/calendar/year?year=2016 HTTP/1.1" 200 109 "-" "Dalvik/2.1.0 (Linux; U; Android 6.0; MotoG3 Build/MPI24.65-33.1)"
187.113.160.87 - - [11/May/2016:13:42:06 -0300] "GET /user/calendar/day?day=11&month=5&year=2016 HTTP/1.1" 200 126 "-" "Dalvik/2.1.0 (Linux; U; Android 6.0; MotoG3 Build/MPI24.65-33.1)"
177.207.122.199 - - [11/May/2016:13:42:07 -0300] "GET /user/household/5733601efb2af3c50833ad58 HTTP/1.1" 200 56 "-" "Dalvik/2.1.0 (Linux; U; Android 5.0.2; LG-D337 Build/LRX22G)"
187.113.108.112 - - [11/May/2016:13:42:10 -0300] "GET /user/survey/summary HTTP/1.1" 200 66 "-" "Dalvik/2.1.0 (Linux; U; Android 6.0; MotoG3 Build/MPI24.65-33.1)"
187.113.108.112 - - [11/May/2016:13:42:10 -0300] "GET /user/household/57335f03fb2af3c50833ad0f HTTP/1.1" 200 988 "-" "Dalvik/2.1.0 (Linux; U; Android 6.0; MotoG3 Build/MPI24.65-33.1)"
187.113.108.112 - - [11/May/2016:13:42:11 -0300] "GET /user/calendar/month?&month=5&year=2016 HTTP/1.1" 200 58 "-" "Dalvik/2.1.0 (Linux; U; Android 6.0; MotoG3 Build/MPI24.65-33.1)"
187.113.160.87 - - [11/May/2016:13:42:12 -0300] "GET /user/calendar/year?year=2016 HTTP/1.1" 200 109 "-" "Dalvik/2.1.0 (Linux; U; Android 6.0; MotoG3 Build/MPI24.65-33.1)"
187.113.121.39 - - [11/May/2016:13:42:13 -0300] "GET /user/calendar/day?day=11&month=5&year=2016 HTTP/1.1" 200 126 "-" "Dalvik/2.1.0 (Linux; U; Android 6.0; MotoG3 Build/MPI24.65-33.1)"
187.103.67.77 - - [11/May/2016:13:42:17 -0300] "GET /user/household/57335f85fb2af3c50833ad35 HTTP/1.1" 200 56 "-" "Dalvik/2.1.0 (Linux; U; Android 5.1.1; SM-J120H Build/LMY47V)"
177.36.10.210 - - [11/May/2016:13:42:20 -0300] "POST /survey/create HTTP/1.1" 200 469 "-" "Dalvik/2.1.0 (Linux; U; Android 6.0; XT1068 Build/MPB24.65-34)"
187.58.108.226 - - [11/May/2016:13:42:23 -0300] "GET /user/get?gl=118024689839389502671 HTTP/1.1" 200 56 "-" "Dalvik/1.6.0 (Linux; U; Android 4.4.4; SM-G530H Build/KTU84P)"
187.113.108.112 - - [11/May/2016:13:42:23 -0300] "GET /user/calendar/day?day=11&month=5&year=2016 HTTP/1.1" 200 126 "-" "Dalvik/2.1.0 (Linux; U; Android 6.0; MotoG3 Build/MPI24.65-33.1)"
189.70.129.141 - - [11/May/2016:13:42:24 -0300] "POST /household/create HTTP/1.1" 200 276 "-" "Dalvik/2.1.0 (Linux; U; Android 5.1.1; D6643 Build/23.4.A.1.232)"
191.248.22.72 - - [11/May/2016:13:42:30 -0300] "POST /survey/create HTTP/1.1" 200 449 "-" "Dalvik/2.1.0 (Linux; U; Android 5.0; LG-X170fTV Build/LRX21M)"
191.187.151.134 - - [11/May/2016:13:42:34 -0300] "POST /survey/create HTTP/1.1" 200 495 "-" "Dalvik/1.6.0 (Linux; U; Android 4.4.2; SM-G355M Build/KOT49H)"
187.113.108.112 - - [11/May/2016:13:42:36 -0300] "GET /user/calendar/day?day=11&month=5&year=2016 HTTP/1.1" 200 126 "-" "Dalvik/2.1.0 (Linux; U; Android 6.0; MotoG3 Build/MPI24.65-33.1)"
191.187.188.91 - - [11/May/2016:13:42:36 -0300] "POST /survey/create HTTP/1.1" 200 430 "-" "Dalvik/2.1.0 (Linux; U; Android 5.0.2; SM-G530H Build/LRX22G)"
177.207.122.72 - - [11/May/2016:13:42:36 -0300] "POST /survey/create HTTP/1.1" 200 572 "-" "Dalvik/1.6.0 (Linux; U; Android 4.4.4; SM-G530BT Build/KTU84P)"
187.113.121.39 - - [11/May/2016:13:42:37 -0300] "GET /user/calendar/day?day=18&month=5&year=2016 HTTP/1.1" 200 58 "-" "Dalvik/2.1.0 (Linux; U; Android 6.0; MotoG3 Build/MPI24.65-33.1)"
187.113.160.87 - - [11/May/2016:13:42:38 -0300] "GET /user/calendar/day?day=11&month=5&year=2016 HTTP/1.1" 200 126 "-" "Dalvik/2.1.0 (Linux; U; Android 6.0; MotoG3 Build/MPI24.65-33.1)"
191.187.188.91 - - [11/May/2016:13:42:42 -0300] "GET /user/household/57335ff0fb2af3c50833ad50 HTTP/1.1" 200 56 "-" "Dalvik/2.1.0 (Linux; U; Android 5.0.2; SM-G530H Build/LRX22G)"
187.103.67.77 - - [11/May/2016:13:42:42 -0300] "POST /survey/create HTTP/1.1" 200 533 "-" "Dalvik/2.1.0 (Linux; U; Android 5.1.1; SM-J120H Build/LMY47V)"
191.248.19.236 - - [11/May/2016:13:42:42 -0300] "GET /user/household/57335f24fb2af3c50833ad18 HTTP/1.1" 200 56 "-" "Dalvik/2.1.0 (Linux; U; Android 5.0.1; LG-H422 Build/LRX21Y)"
177.207.122.72 - - [11/May/2016:13:42:42 -0300] "GET /user/calendar/month?&month=5&year=2016 HTTP/1.1" 200 116 "-" "Dalvik/1.6.0 (Linux; U; Android 4.4.4; SM-G530BT Build/KTU84P)"
191.33.45.170 - - [11/May/2016:13:42:42 -0300] "GET /user/household/57335eaffb2af3c50833acfd HTTP/1.1" 200 56 "-" "Dalvik/1.6.0 (Linux; U; Android 4.4.4; SM-G530BT Build/KTU84P)"
187.113.108.112 - - [11/May/2016:13:42:42 -0300] "GET /user/calendar/day?day=11&month=5&year=2016 HTTP/1.1" 200 126 "-" "Dalvik/2.1.0 (Linux; U; Android 6.0; MotoG3 Build/MPI24.65-33.1)"
177.207.122.72 - - [11/May/2016:13:42:43 -0300] "GET /user/calendar/year?year=2016 HTTP/1.1" 200 109 "-" "Dalvik/1.6.0 (Linux; U; Android 4.4.4; SM-G530BT Build/KTU84P)"
191.33.45.170 - - [11/May/2016:13:42:43 -0300] "GET /user/survey/summary HTTP/1.1" 200 69 "-" "Dalvik/1.6.0 (Linux; U; Android 4.4.4; SM-G530BT Build/KTU84P)"
177.207.122.72 - - [11/May/2016:13:42:44 -0300] "GET /user/calendar/day?day=11&month=5&year=2016 HTTP/1.1" 200 116 "-" "Dalvik/1.6.0 (Linux; U; Android 4.4.4; SM-G530BT Build/KTU84P)"
191.187.151.134 - - [11/May/2016:13:42:45 -0300] "GET /user/calendar/month?&month=5&year=2016 HTTP/1.1" 200 117 "-" "Dalvik/1.6.0 (Linux; U; Android 4.4.2; SM-G355M Build/KOT49H)"
191.187.151.134 - - [11/May/2016:13:42:45 -0300] "GET /user/household/5733602afb2af3c50833ad5b HTTP/1.1" 200 574 "-" "Dalvik/1.6.0 (Linux; U; Android 4.4.2; SM-G355M Build/KOT49H)"
189.70.129.141 - - [11/May/2016:13:42:46 -0300] "POST /household/create HTTP/1.1" 200 238 "-" "Dalvik/2.1.0 (Linux; U; Android 5.1.1; D6643 Build/23.4.A.1.232)"
191.187.151.134 - - [11/May/2016:13:42:46 -0300] "GET /user/survey/summary HTTP/1.1" 200 69 "-" "Dalvik/1.6.0 (Linux; U; Android 4.4.2; SM-G355M Build/KOT49H)"
191.187.151.134 - - [11/May/2016:13:42:46 -0300] "GET /user/calendar/year?year=2016 HTTP/1.1" 200 109 "-" "Dalvik/1.6.0 (Linux; U; Android 4.4.2; SM-G355M Build/KOT49H)"
191.187.151.134 - - [11/May/2016:13:42:47 -0300] "GET /user/calendar/day?day=11&month=5&year=2016 HTTP/1.1" 200 117 "-" "Dalvik/1.6.0 (Linux; U; Android 4.4.2; SM-G355M Build/KOT49H)"
177.36.10.210 - - [11/May/2016:13:42:51 -0300] "GET /user/household/57336030fb2af3c50833ad5c HTTP/1.1" 200 56 "-" "Dalvik/2.1.0 (Linux; U; Android 6.0; XT1068 Build/MPB24.65-34)"
177.36.10.210 - - [11/May/2016:13:42:51 -0300] "GET /user/calendar/month?&month=5&year=2016 HTTP/1.1" 200 117 "-" "Dalvik/2.1.0 (Linux; U; Android 6.0; XT1068 Build/MPB24.65-34)"
177.36.10.210 - - [11/May/2016:13:42:52 -0300] "GET /user/survey/summary HTTP/1.1" 200 69 "-" "Dalvik/2.1.0 (Linux; U; Android 6.0; XT1068 Build/MPB24.65-34)"
177.36.10.210 - - [11/May/2016:13:42:52 -0300] "GET /user/calendar/year?year=2016 HTTP/1.1" 200 109 "-" "Dalvik/2.1.0 (Linux; U; Android 6.0; XT1068 Build/MPB24.65-34)"
191.248.19.236 - - [11/May/2016:13:42:52 -0300] "GET /symptoms HTTP/1.1" 200 706 "-" "Dalvik/2.1.0 (Linux; U; Android 5.0.1; LG-H422 Build/LRX21Y)"
177.36.10.210 - - [11/May/2016:13:42:53 -0300] "GET /user/calendar/day?day=11&month=5&year=2016 HTTP/1.1" 200 117 "-" "Dalvik/2.1.0 (Linux; U; Android 6.0; XT1068 Build/MPB24.65-34)"
191.33.45.170 - - [11/May/2016:13:42:54 -0300] "GET /user/household/57335eaffb2af3c50833acfd HTTP/1.1" 200 56 "-" "Dalvik/1.6.0 (Linux; U; Android 4.4.4; SM-G530BT Build/KTU84P)"
191.33.45.170 - - [11/May/2016:13:42:54 -0300] "GET /user/survey/summary HTTP/1.1" 200 69 "-" "Dalvik/1.6.0 (Linux; U; Android 4.4.4; SM-G530BT Build/KTU84P)"
177.207.122.72 - - [11/May/2016:13:42:55 -0300] "GET /user/calendar/month?&month=5&year=2016 HTTP/1.1" 200 116 "-" "Dalvik/1.6.0 (Linux; U; Android 4.4.4; SM-G530BT Build/KTU84P)"
191.187.151.134 - - [11/May/2016:13:42:55 -0300] "GET /household/calendar/day?day=11&month=5&year=2016&household_id=573360c7fb2af3c50833ad6a HTTP/1.1" 200 58 "-" "Dalvik/1.6.0 (Linux; U; Android 4.4.2; SM-G355M Build/KOT49H)"
191.187.151.134 - - [11/May/2016:13:42:55 -0300] "GET /household/survey/summary?household_id=573360c7fb2af3c50833ad6a HTTP/1.1" 200 66 "-" "Dalvik/1.6.0 (Linux; U; Android 4.4.2; SM-G355M Build/KOT49H)"
177.207.122.72 - - [11/May/2016:13:42:56 -0300] "GET /user/calendar/year?year=2016 HTTP/1.1" 200 109 "-" "Dalvik/1.6.0 (Linux; U; Android 4.4.4; SM-G530BT Build/KTU84P)"
191.187.151.134 - - [11/May/2016:13:42:56 -0300] "GET /household/calendar/year?year=2016&household_id=573360c7fb2af3c50833ad6a HTTP/1.1" 200 58 "-" "Dalvik/1.6.0 (Linux; U; Android 4.4.2; SM-G355M Build/KOT49H)"
191.33.45.170 - - [11/May/2016:13:42:57 -0300] "GET /user/calendar/day?day=11&month=5&year=2016 HTTP/1.1" 200 116 "-" "Dalvik/1.6.0 (Linux; U; Android 4.4.4; SM-G530BT Build/KTU84P)"
187.103.67.77 - - [11/May/2016:13:42:57 -0300] "POST /survey/create HTTP/1.1" 200 517 "-" "Dalvik/2.1.0 (Linux; U; Android 5.1.1; SM-J120H Build/LMY47V)"
191.187.151.134 - - [11/May/2016:13:42:57 -0300] "GET /user/calendar/day?day=11&month=5&year=2016 HTTP/1.1" 200 117 "-" "Dalvik/1.6.0 (Linux; U; Android 4.4.2; SM-G355M Build/KOT49H)"
191.187.151.134 - - [11/May/2016:13:42:57 -0300] "GET /user/survey/summary HTTP/1.1" 200 69 "-" "Dalvik/1.6.0 (Linux; U; Android 4.4.2; SM-G355M Build/KOT49H)"
191.187.151.134 - - [11/May/2016:13:42:58 -0300] "GET /user/calendar/year?year=2016 HTTP/1.1" 200 109 "-" "Dalvik/1.6.0 (Linux; U; Android 4.4.2; SM-G355M Build/KOT49H)"
189.70.129.141 - - [11/May/2016:13:42:58 -0300] "POST /household/create HTTP/1.1" 200 238 "-" "Dalvik/2.1.0 (Linux; U; Android 5.1.1; D6643 Build/23.4.A.1.232)"
187.58.108.226 - - [11/May/2016:13:43:01 -0300] "POST /user/create HTTP/1.1" 200 225 "-" "Dalvik/1.6.0 (Linux; U; Android 4.4.4; SM-G530H Build/KTU84P)"
189.70.129.141 - - [11/May/2016:13:43:14 -0300] "GET /surveys/l?lon=-34.9467617&lat=-8.1257612 HTTP/1.1" 200 565 "-" "Dalvik/2.1.0 (Linux; U; Android 5.1.1; D6643 Build/23.4.A.1.232)"
189.70.129.141 - - [11/May/2016:13:43:17 -0300] "GET /surveys/summary/?lon=-34.9467617&lat=-8.1257612 HTTP/1.1" 200 219 "-" "Dalvik/2.1.0 (Linux; U; Android 5.1.1; D6643 Build/23.4.A.1.232)"
187.103.67.77 - - [11/May/2016:13:43:21 -0300] "GET /user/household/57335f85fb2af3c50833ad35 HTTP/1.1" 200 56 "-" "Dalvik/2.1.0 (Linux; U; Android 5.1.1; SM-J120H Build/LMY47V)"
177.38.200.178 - - [11/May/2016:13:43:21 -0300] "OPTIONS /search/cities?limit=5 HTTP/1.1" 204 0 "-" "Mozilla/5.0 (Macintosh; Intel Mac OS X 10.11; rv:46.0) Gecko/20100101 Firefox/46.0"
177.38.200.178 - - [11/May/2016:13:43:21 -0300] "GET /search/cities?limit=5 HTTP/1.1" 200 165 "http://guardioesdasaude.org/" "Mozilla/5.0 (Macintosh; Intel Mac OS X 10.11; rv:46.0) Gecko/20100101 Firefox/46.0"
177.36.10.210 - - [11/May/2016:13:43:23 -0300] "GET /news/get HTTP/1.1" 200 3957 "-" "Dalvik/2.1.0 (Linux; U; Android 6.0; XT1068 Build/MPB24.65-34)"
191.248.19.236 - - [11/May/2016:13:43:27 -0300] "POST /survey/create HTTP/1.1" 200 574 "-" "Dalvik/2.1.0 (Linux; U; Android 5.0.1; LG-H422 Build/LRX21Y)"
191.187.188.91 - - [11/May/2016:13:43:28 -0300] "GET /symptoms HTTP/1.1" 200 706 "-" "Dalvik/2.1.0 (Linux; U; Android 5.0.2; SM-G530H Build/LRX22G)"
187.58.108.226 - - [11/May/2016:13:43:34 -0300] "POST /user/create HTTP/1.1" 200 225 "-" "Dalvik/1.6.0 (Linux; U; Android 4.4.4; SM-G530H Build/KTU84P)"
189.70.129.141 - - [11/May/2016:13:43:35 -0300] "GET /user/household/57335f8bfb2af3c50833ad3b HTTP/1.1" 200 56 "-" "Dalvik/2.1.0 (Linux; U; Android 5.1.1; D6643 Build/23.4.A.1.232)"
189.70.129.141 - - [11/May/2016:13:43:35 -0300] "GET /user/calendar/month?&month=5&year=2016 HTTP/1.1" 200 58 "-" "Dalvik/2.1.0 (Linux; U; Android 5.1.1; D6643 Build/23.4.A.1.232)"
189.70.129.141 - - [11/May/2016:13:43:37 -0300] "GET /user/calendar/year?year=2016 HTTP/1.1" 200 58 "-" "Dalvik/2.1.0 (Linux; U; Android 5.1.1; D6643 Build/23.4.A.1.232)"
189.70.129.141 - - [11/May/2016:13:43:37 -0300] "GET /user/survey/summary HTTP/1.1" 200 66 "-" "Dalvik/2.1.0 (Linux; U; Android 5.1.1; D6643 Build/23.4.A.1.232)"
191.248.19.236 - - [11/May/2016:13:43:37 -0300] "GET /user/household/57335f24fb2af3c50833ad18 HTTP/1.1" 200 56 "-" "Dalvik/2.1.0 (Linux; U; Android 5.0.1; LG-H422 Build/LRX21Y)"
191.248.19.236 - - [11/May/2016:13:43:38 -0300] "GET /user/survey/summary HTTP/1.1" 200 69 "-" "Dalvik/2.1.0 (Linux; U; Android 5.0.1; LG-H422 Build/LRX21Y)"
189.70.129.141 - - [11/May/2016:13:43:38 -0300] "GET /user/calendar/day?day=11&month=5&year=2016 HTTP/1.1" 200 58 "-" "Dalvik/2.1.0 (Linux; U; Android 5.1.1; D6643 Build/23.4.A.1.232)"
191.248.19.236 - - [11/May/2016:13:43:38 -0300] "GET /user/calendar/month?&month=5&year=2016 HTTP/1.1" 200 117 "-" "Dalvik/2.1.0 (Linux; U; Android 5.0.1; LG-H422 Build/LRX21Y)"
191.248.19.236 - - [11/May/2016:13:43:39 -0300] "GET /user/calendar/year?year=2016 HTTP/1.1" 200 109 "-" "Dalvik/2.1.0 (Linux; U; Android 5.0.1; LG-H422 Build/LRX21Y)"
191.248.19.236 - - [11/May/2016:13:43:39 -0300] "GET /user/calendar/day?day=11&month=5&year=2016 HTTP/1.1" 200 117 "-" "Dalvik/2.1.0 (Linux; U; Android 5.0.1; LG-H422 Build/LRX21Y)"
187.113.160.87 - - [11/May/2016:13:43:42 -0300] "GET /news/get HTTP/1.1" 200 3957 "-" "Dalvik/2.1.0 (Linux; U; Android 6.0; MotoG3 Build/MPI24.65-33.1)"
186.212.105.12 - - [11/May/2016:13:43:46 -0300] "GET /user/get?fb=null HTTP/1.1" 200 56 "-" "Dalvik/1.6.0 (Linux; U; Android 4.4.4; SM-G530H Build/KTU84P)"
189.70.129.141 - - [11/May/2016:13:43:47 -0300] "GET /user/calendar/day?day=18&month=5&year=2016 HTTP/1.1" 200 58 "-" "Dalvik/2.1.0 (Linux; U; Android 5.1.1; D6643 Build/23.4.A.1.232)"
186.212.105.12 - - [11/May/2016:13:43:49 -0300] "GET /user/get?fb=776443502457218 HTTP/1.1" 200 56 "-" "Dalvik/1.6.0 (Linux; U; Android 4.4.4; SM-G530H Build/KTU84P)"
187.58.108.226 - - [11/May/2016:13:43:56 -0300] "POST /user/create HTTP/1.1" 200 225 "-" "Dalvik/1.6.0 (Linux; U; Android 4.4.4; SM-G530H Build/KTU84P)"
187.103.67.77 - - [11/May/2016:13:44:01 -0300] "POST /survey/create HTTP/1.1" 200 535 "-" "Dalvik/2.1.0 (Linux; U; Android 5.1.1; SM-J120H Build/LMY47V)"
