66.249.79.2 - - [11/May/2016:11:12:01 -0300] "GET /search/cities?limit=5 HTTP/1.1" 200 165 "http://guardioesdasaude.org/" "Mozilla/5.0 AppleWebKit/537.36 (KHTML, like Gecko; Google Web Preview Analytics) Chrome/27.0.1453 Safari/537.36 (compatible; Googlebot/2.1; +http://www.google.com/bot.html)"
189.9.35.189 - - [11/May/2016:11:49:36 -0300] "GET /user/lookup/ HTTP/1.1" 403 89 "-" "Guardioes da Saude/1.1.7 (iPhone; iOS 9.3.1; Scale/2.00)"
189.9.35.189 - - [11/May/2016:11:50:08 -0300] "GET /user/get?fb=10208021062220888 HTTP/1.1" 200 56 "-" "Guardioes da Saude/1.1.7 (iPhone; iOS 9.3.1; Scale/2.00)"
189.9.35.189 - - [11/May/2016:11:50:16 -0300] "GET /user/get?fb=10208021062220888 HTTP/1.1" 200 56 "-" "Guardioes da Saude/1.1.7 (iPhone; iOS 9.3.1; Scale/2.00)"
200.164.238.134 - - [11/May/2016:12:25:48 -0300] "OPTIONS /search/cities?limit=5 HTTP/1.1" 204 0 "-" "Mozilla/5.0 (Windows NT 6.1; WOW64; rv:46.0) Gecko/20100101 Firefox/46.0"
200.164.238.134 - - [11/May/2016:12:25:49 -0300] "GET /search/cities?limit=5 HTTP/1.1" 200 165 "http://guardioesdasaude.org/" "Mozilla/5.0 (Windows NT 6.1; WOW64; rv:46.0) Gecko/20100101 Firefox/46.0"
187.32.49.17 - - [11/May/2016:12:28:15 -0300] "OPTIONS /search/cities?limit=5 HTTP/1.1" 204 0 "http://guardioesdasaude.org/" "Mozilla/5.0 (Windows NT 6.1; WOW64) AppleWebKit/537.36 (KHTML, like Gecko) Chrome/50.0.2661.94 Safari/537.36"
187.32.49.17 - - [11/May/2016:12:28:15 -0300] "GET /search/cities?limit=5 HTTP/1.1" 200 165 "http://guardioesdasaude.org/" "Mozilla/5.0 (Windows NT 6.1; WOW64) AppleWebKit/537.36 (KHTML, like Gecko) Chrome/50.0.2661.94 Safari/537.36"
187.32.49.17 - - [11/May/2016:12:29:54 -0300] "GET /search/cities?limit=5 HTTP/1.1" 200 165 "http://guardioesdasaude.org/" "Mozilla/5.0 (Windows NT 6.1; WOW64) AppleWebKit/537.36 (KHTML, like Gecko) Chrome/50.0.2661.94 Safari/537.36"
187.32.49.17 - - [11/May/2016:12:30:24 -0300] "OPTIONS /user/get?fb=268140056870967 HTTP/1.1" 204 0 "http://guardioesdasaude.org/cadastro" "Mozilla/5.0 (Windows NT 6.1; WOW64) AppleWebKit/537.36 (KHTML, like Gecko) Chrome/50.0.2661.94 Safari/537.36"
187.32.49.17 - - [11/May/2016:12:30:24 -0300] "GET /user/get?fb=268140056870967 HTTP/1.1" 200 56 "http://guardioesdasaude.org/cadastro" "Mozilla/5.0 (Windows NT 6.1; WOW64) AppleWebKit/537.36 (KHTML, like Gecko) Chrome/50.0.2661.94 Safari/537.36"
187.32.49.17 - - [11/May/2016:12:30:45 -0300] "GET /user/get?fb=268140056870967 HTTP/1.1" 200 56 "http://guardioesdasaude.org/cadastro" "Mozilla/5.0 (Windows NT 6.1; WOW64) AppleWebKit/537.36 (KHTML, like Gecko) Chrome/50.0.2661.94 Safari/537.36"
187.32.49.17 - - [11/May/2016:12:31:00 -0300] "GET /user/get?fb=268140056870967 HTTP/1.1" 200 56 "http://guardioesdasaude.org/login" "Mozilla/5.0 (Windows NT 6.1; WOW64) AppleWebKit/537.36 (KHTML, like Gecko) Chrome/50.0.2661.94 Safari/537.36"
189.8.29.19 - - [11/May/2016:12:36:23 -0300] "OPTIONS /surveys/summary?lat=-23.59384464413226&lon=-46.69123841284181 HTTP/1.1" 204 0 "http://guardioesdasaude.org/health-map" "Mozilla/5.0 (Windows NT 6.3; WOW64) AppleWebKit/537.36 (KHTML, like Gecko) Chrome/50.0.2661.94 Safari/537.36"
189.8.29.19 - - [11/May/2016:12:36:23 -0300] "OPTIONS /surveys/l?lat=-23.59384464413226&lon=-46.69123841284181 HTTP/1.1" 204 0 "http://guardioesdasaude.org/health-map" "Mozilla/5.0 (Windows NT 6.3; WOW64) AppleWebKit/537.36 (KHTML, like Gecko) Chrome/50.0.2661.94 Safari/537.36"
189.8.29.19 - - [11/May/2016:12:36:24 -0300] "GET /surveys/l?lat=-23.59384464413226&lon=-46.69123841284181 HTTP/1.1" 200 517 "http://guardioesdasaude.org/health-map" "Mozilla/5.0 (Windows NT 6.3; WOW64) AppleWebKit/537.36 (KHTML, like Gecko) Chrome/50.0.2661.94 Safari/537.36"
189.8.29.19 - - [11/May/2016:12:36:24 -0300] "GET /surveys/summary?lat=-23.59384464413226&lon=-46.69123841284181 HTTP/1.1" 200 231 "http://guardioesdasaude.org/health-map" "Mozilla/5.0 (Windows NT 6.3; WOW64) AppleWebKit/537.36 (KHTML, like Gecko) Chrome/50.0.2661.94 Safari/537.36"
189.8.29.19 - - [11/May/2016:12:36:24 -0300] "OPTIONS /surveys/l?q=Vila%20Olimpia,%20S%C3%A3o%20Paulo%20-%20SP,%20Brasil HTTP/1.1" 204 0 "http://guardioesdasaude.org/health-map" "Mozilla/5.0 (Windows NT 6.3; WOW64) AppleWebKit/537.36 (KHTML, like Gecko) Chrome/50.0.2661.94 Safari/537.36"
189.8.29.19 - - [11/May/2016:12:36:24 -0300] "GET /surveys/l?q=Vila%20Olimpia,%20S%C3%A3o%20Paulo%20-%20SP,%20Brasil HTTP/1.1" 404 5 "http://guardioesdasaude.org/health-map" "Mozilla/5.0 (Windows NT 6.3; WOW64) AppleWebKit/537.36 (KHTML, like Gecko) Chrome/50.0.2661.94 Safari/537.36"
189.8.29.19 - - [11/May/2016:12:38:50 -0300] "OPTIONS /surveys/l?q=Rio%20de%20Janeiro,%20Rio%20de%20Janeiro%20-%20RJ,%20Brasil HTTP/1.1" 204 0 "http://guardioesdasaude.org/health-map" "Mozilla/5.0 (Windows NT 6.3; WOW64) AppleWebKit/537.36 (KHTML, like Gecko) Chrome/50.0.2661.94 Safari/537.36"
189.8.29.19 - - [11/May/2016:12:38:50 -0300] "OPTIONS /surveys/summary?lat=-23.5938786&lon=-46.672184000000016 HTTP/1.1" 204 0 "http://guardioesdasaude.org/health-map" "Mozilla/5.0 (Windows NT 6.3; WOW64) AppleWebKit/537.36 (KHTML, like Gecko) Chrome/50.0.2661.94 Safari/537.36"
189.8.29.19 - - [11/May/2016:12:38:50 -0300] "GET /surveys/l?q=Rio%20de%20Janeiro,%20Rio%20de%20Janeiro%20-%20RJ,%20Brasil HTTP/1.1" 404 5 "http://guardioesdasaude.org/health-map" "Mozilla/5.0 (Windows NT 6.3; WOW64) AppleWebKit/537.36 (KHTML, like Gecko) Chrome/50.0.2661.94 Safari/537.36"
189.8.29.19 - - [11/May/2016:12:38:50 -0300] "GET /surveys/summary?lat=-23.5938786&lon=-46.672184000000016 HTTP/1.1" 200 246 "http://guardioesdasaude.org/health-map" "Mozilla/5.0 (Windows NT 6.3; WOW64) AppleWebKit/537.36 (KHTML, like Gecko) Chrome/50.0.2661.94 Safari/537.36"
189.8.29.19 - - [11/May/2016:12:38:50 -0300] "OPTIONS /surveys/summary?lat=-22.90681350822331&lon=-43.17289649999998 HTTP/1.1" 204 0 "http://guardioesdasaude.org/health-map" "Mozilla/5.0 (Windows NT 6.3; WOW64) AppleWebKit/537.36 (KHTML, like Gecko) Chrome/50.0.2661.94 Safari/537.36"
189.8.29.19 - - [11/May/2016:12:38:50 -0300] "OPTIONS /surveys/l?lat=-22.90681350822331&lon=-43.17289649999998 HTTP/1.1" 204 0 "http://guardioesdasaude.org/health-map" "Mozilla/5.0 (Windows NT 6.3; WOW64) AppleWebKit/537.36 (KHTML, like Gecko) Chrome/50.0.2661.94 Safari/537.36"
189.8.29.19 - - [11/May/2016:12:38:51 -0300] "GET /surveys/summary?lat=-22.90681350822331&lon=-43.17289649999998 HTTP/1.1" 200 239 "http://guardioesdasaude.org/health-map" "Mozilla/5.0 (Windows NT 6.3; WOW64) AppleWebKit/537.36 (KHTML, like Gecko) Chrome/50.0.2661.94 Safari/537.36"
189.8.29.19 - - [11/May/2016:12:38:51 -0300] "GET /surveys/l?lat=-22.90681350822331&lon=-43.17289649999998 HTTP/1.1" 200 242 "http://guardioesdasaude.org/health-map" "Mozilla/5.0 (Windows NT 6.3; WOW64) AppleWebKit/537.36 (KHTML, like Gecko) Chrome/50.0.2661.94 Safari/537.36"
189.8.29.19 - - [11/May/2016:12:38:51 -0300] "OPTIONS /surveys/l?q=BRS%201,2,3,4,5%20-%20Almirante%20Barroso%20-%20Centro,%20Rio%20de%20Janeiro%20-%20RJ,%20Brasil HTTP/1.1" 204 0 "http://guardioesdasaude.org/health-map" "Mozilla/5.0 (Windows NT 6.3; WOW64) AppleWebKit/537.36 (KHTML, like Gecko) Chrome/50.0.2661.94 Safari/537.36"
189.8.29.19 - - [11/May/2016:12:38:51 -0300] "GET /surveys/l?q=BRS%201,2,3,4,5%20-%20Almirante%20Barroso%20-%20Centro,%20Rio%20de%20Janeiro%20-%20RJ,%20Brasil HTTP/1.1" 404 5 "http://guardioesdasaude.org/health-map" "Mozilla/5.0 (Windows NT 6.3; WOW64) AppleWebKit/537.36 (KHTML, like Gecko) Chrome/50.0.2661.94 Safari/537.36"
189.8.29.19 - - [11/May/2016:12:38:57 -0300] "OPTIONS /surveys/l?lat=-22.919779039279486&lon=-43.218215103515604 HTTP/1.1" 204 0 "http://guardioesdasaude.org/health-map" "Mozilla/5.0 (Windows NT 6.3; WOW64) AppleWebKit/537.36 (KHTML, like Gecko) Chrome/50.0.2661.94 Safari/537.36"
189.8.29.19 - - [11/May/2016:12:38:57 -0300] "OPTIONS /surveys/summary?lat=-22.919779039279486&lon=-43.218215103515604 HTTP/1.1" 204 0 "http://guardioesdasaude.org/health-map" "Mozilla/5.0 (Windows NT 6.3; WOW64) AppleWebKit/537.36 (KHTML, like Gecko) Chrome/50.0.2661.94 Safari/537.36"
189.8.29.19 - - [11/May/2016:12:38:57 -0300] "GET /surveys/l?lat=-22.919779039279486&lon=-43.218215103515604 HTTP/1.1" 200 242 "http://guardioesdasaude.org/health-map" "Mozilla/5.0 (Windows NT 6.3; WOW64) AppleWebKit/537.36 (KHTML, like Gecko) Chrome/50.0.2661.94 Safari/537.36"
189.8.29.19 - - [11/May/2016:12:38:57 -0300] "GET /surveys/summary?lat=-22.919779039279486&lon=-43.218215103515604 HTTP/1.1" 200 260 "http://guardioesdasaude.org/health-map" "Mozilla/5.0 (Windows NT 6.3; WOW64) AppleWebKit/537.36 (KHTML, like Gecko) Chrome/50.0.2661.94 Safari/537.36"
189.8.29.19 - - [11/May/2016:12:38:58 -0300] "OPTIONS /surveys/l?q=Tv.%20Cruz,%2019%20-%20Tijuca,%20Rio%20de%20Janeiro%20-%20RJ,%2020271-050,%20Brasil HTTP/1.1" 204 0 "http://guardioesdasaude.org/health-map" "Mozilla/5.0 (Windows NT 6.3; WOW64) AppleWebKit/537.36 (KHTML, like Gecko) Chrome/50.0.2661.94 Safari/537.36"
189.8.29.19 - - [11/May/2016:12:38:58 -0300] "GET /surveys/l?q=Tv.%20Cruz,%2019%20-%20Tijuca,%20Rio%20de%20Janeiro%20-%20RJ,%2020271-050,%20Brasil HTTP/1.1" 404 5 "http://guardioesdasaude.org/health-map" "Mozilla/5.0 (Windows NT 6.3; WOW64) AppleWebKit/537.36 (KHTML, like Gecko) Chrome/50.0.2661.94 Safari/537.36"
189.8.29.19 - - [11/May/2016:12:38:58 -0300] "OPTIONS /surveys/l?lat=-22.925267371107246&lon=-43.20259391821287 HTTP/1.1" 204 0 "http://guardioesdasaude.org/health-map" "Mozilla/5.0 (Windows NT 6.3; WOW64) AppleWebKit/537.36 (KHTML, like Gecko) Chrome/50.0.2661.94 Safari/537.36"
189.8.29.19 - - [11/May/2016:12:38:58 -0300] "OPTIONS /surveys/summary?lat=-22.925267371107246&lon=-43.20259391821287 HTTP/1.1" 204 0 "http://guardioesdasaude.org/health-map" "Mozilla/5.0 (Windows NT 6.3; WOW64) AppleWebKit/537.36 (KHTML, like Gecko) Chrome/50.0.2661.94 Safari/537.36"
189.8.29.19 - - [11/May/2016:12:38:58 -0300] "GET /surveys/l?lat=-22.925267371107246&lon=-43.20259391821287 HTTP/1.1" 200 242 "http://guardioesdasaude.org/health-map" "Mozilla/5.0 (Windows NT 6.3; WOW64) AppleWebKit/537.36 (KHTML, like Gecko) Chrome/50.0.2661.94 Safari/537.36"
189.8.29.19 - - [11/May/2016:12:38:58 -0300] "GET /surveys/summary?lat=-22.925267371107246&lon=-43.20259391821287 HTTP/1.1" 200 210 "http://guardioesdasaude.org/health-map" "Mozilla/5.0 (Windows NT 6.3; WOW64) AppleWebKit/537.36 (KHTML, like Gecko) Chrome/50.0.2661.94 Safari/537.36"
189.8.29.19 - - [11/May/2016:12:38:58 -0300] "OPTIONS /surveys/l?q=Rua%20Itapiru%20pr%C3%B3ximo%20ao%201356%20-%20Rio%20Comprido,%20Rio%20de%20Janeiro%20-%20RJ,%20Brasil HTTP/1.1" 204 0 "http://guardioesdasaude.org/health-map" "Mozilla/5.0 (Windows NT 6.3; WOW64) AppleWebKit/537.36 (KHTML, like Gecko) Chrome/50.0.2661.94 Safari/537.36"
189.8.29.19 - - [11/May/2016:12:38:58 -0300] "GET /surveys/l?q=Rua%20Itapiru%20pr%C3%B3ximo%20ao%201356%20-%20Rio%20Comprido,%20Rio%20de%20Janeiro%20-%20RJ,%20Brasil HTTP/1.1" 404 5 "http://guardioesdasaude.org/health-map" "Mozilla/5.0 (Windows NT 6.3; WOW64) AppleWebKit/537.36 (KHTML, like Gecko) Chrome/50.0.2661.94 Safari/537.36"
189.8.29.19 - - [11/May/2016:12:38:59 -0300] "OPTIONS /surveys/summary?lat=-22.940128184015947&lon=-43.20259391821287 HTTP/1.1" 204 0 "http://guardioesdasaude.org/health-map" "Mozilla/5.0 (Windows NT 6.3; WOW64) AppleWebKit/537.36 (KHTML, like Gecko) Chrome/50.0.2661.94 Safari/537.36"
189.8.29.19 - - [11/May/2016:12:38:59 -0300] "OPTIONS /surveys/l?lat=-22.940128184015947&lon=-43.20259391821287 HTTP/1.1" 204 0 "http://guardioesdasaude.org/health-map" "Mozilla/5.0 (Windows NT 6.3; WOW64) AppleWebKit/537.36 (KHTML, like Gecko) Chrome/50.0.2661.94 Safari/537.36"
189.8.29.19 - - [11/May/2016:12:38:59 -0300] "GET /surveys/l?lat=-22.940128184015947&lon=-43.20259391821287 HTTP/1.1" 200 242 "http://guardioesdasaude.org/health-map" "Mozilla/5.0 (Windows NT 6.3; WOW64) AppleWebKit/537.36 (KHTML, like Gecko) Chrome/50.0.2661.94 Safari/537.36"
189.8.29.19 - - [11/May/2016:12:38:59 -0300] "GET /surveys/summary?lat=-22.940128184015947&lon=-43.20259391821287 HTTP/1.1" 200 231 "http://guardioesdasaude.org/health-map" "Mozilla/5.0 (Windows NT 6.3; WOW64) AppleWebKit/537.36 (KHTML, like Gecko) Chrome/50.0.2661.94 Safari/537.36"
189.8.29.19 - - [11/May/2016:12:38:59 -0300] "OPTIONS /surveys/l?q=Cosme%20Velho,%20Rio%20de%20Janeiro%20-%20RJ,%20Brasil HTTP/1.1" 204 0 "http://guardioesdasaude.org/health-map" "Mozilla/5.0 (Windows NT 6.3; WOW64) AppleWebKit/537.36 (KHTML, like Gecko) Chrome/50.0.2661.94 Safari/537.36"
189.8.29.19 - - [11/May/2016:12:39:00 -0300] "OPTIONS /surveys/summary?lat=-22.945474072821625&lon=-43.19392501867674 HTTP/1.1" 204 0 "http://guardioesdasaude.org/health-map" "Mozilla/5.0 (Windows NT 6.3; WOW64) AppleWebKit/537.36 (KHTML, like Gecko) Chrome/50.0.2661.94 Safari/537.36"
189.8.29.19 - - [11/May/2016:12:39:00 -0300] "OPTIONS /surveys/l?lat=-22.945474072821625&lon=-43.19392501867674 HTTP/1.1" 204 0 "http://guardioesdasaude.org/health-map" "Mozilla/5.0 (Windows NT 6.3; WOW64) AppleWebKit/537.36 (KHTML, like Gecko) Chrome/50.0.2661.94 Safari/537.36"
189.8.29.19 - - [11/May/2016:12:39:00 -0300] "GET /surveys/l?q=Cosme%20Velho,%20Rio%20de%20Janeiro%20-%20RJ,%20Brasil HTTP/1.1" 404 5 "http://guardioesdasaude.org/health-map" "Mozilla/5.0 (Windows NT 6.3; WOW64) AppleWebKit/537.36 (KHTML, like Gecko) Chrome/50.0.2661.94 Safari/537.36"
189.8.29.19 - - [11/May/2016:12:39:00 -0300] "OPTIONS /surveys/l?q=Laranjeiras,%20Rio%20de%20Janeiro%20-%20RJ,%20Brasil HTTP/1.1" 204 0 "http://guardioesdasaude.org/health-map" "Mozilla/5.0 (Windows NT 6.3; WOW64) AppleWebKit/537.36 (KHTML, like Gecko) Chrome/50.0.2661.94 Safari/537.36"
189.8.29.19 - - [11/May/2016:12:39:00 -0300] "GET /surveys/l?q=Laranjeiras,%20Rio%20de%20Janeiro%20-%20RJ,%20Brasil HTTP/1.1" 404 5 "http://guardioesdasaude.org/health-map" "Mozilla/5.0 (Windows NT 6.3; WOW64) AppleWebKit/537.36 (KHTML, like Gecko) Chrome/50.0.2661.94 Safari/537.36"
189.8.29.19 - - [11/May/2016:12:39:00 -0300] "GET /surveys/summary?lat=-22.945474072821625&lon=-43.19392501867674 HTTP/1.1" 200 233 "http://guardioesdasaude.org/health-map" "Mozilla/5.0 (Windows NT 6.3; WOW64) AppleWebKit/537.36 (KHTML, like Gecko) Chrome/50.0.2661.94 Safari/537.36"
189.8.29.19 - - [11/May/2016:12:39:00 -0300] "GET /surveys/l?lat=-22.945474072821625&lon=-43.19392501867674 HTTP/1.1" 200 242 "http://guardioesdasaude.org/health-map" "Mozilla/5.0 (Windows NT 6.3; WOW64) AppleWebKit/537.36 (KHTML, like Gecko) Chrome/50.0.2661.94 Safari/537.36"
189.8.29.19 - - [11/May/2016:12:39:00 -0300] "OPTIONS /surveys/summary?lat=-22.94790826717162&lon=-43.18735897100828 HTTP/1.1" 204 0 "http://guardioesdasaude.org/health-map" "Mozilla/5.0 (Windows NT 6.3; WOW64) AppleWebKit/537.36 (KHTML, like Gecko) Chrome/50.0.2661.94 Safari/537.36"
189.8.29.19 - - [11/May/2016:12:39:00 -0300] "OPTIONS /surveys/l?lat=-22.94790826717162&lon=-43.18735897100828 HTTP/1.1" 204 0 "http://guardioesdasaude.org/health-map" "Mozilla/5.0 (Windows NT 6.3; WOW64) AppleWebKit/537.36 (KHTML, like Gecko) Chrome/50.0.2661.94 Safari/537.36"
189.8.29.19 - - [11/May/2016:12:39:01 -0300] "GET /surveys/summary?lat=-22.94790826717162&lon=-43.18735897100828 HTTP/1.1" 200 236 "http://guardioesdasaude.org/health-map" "Mozilla/5.0 (Windows NT 6.3; WOW64) AppleWebKit/537.36 (KHTML, like Gecko) Chrome/50.0.2661.94 Safari/537.36"
189.8.29.19 - - [11/May/2016:12:39:01 -0300] "GET /surveys/l?lat=-22.94790826717162&lon=-43.18735897100828 HTTP/1.1" 200 242 "http://guardioesdasaude.org/health-map" "Mozilla/5.0 (Windows NT 6.3; WOW64) AppleWebKit/537.36 (KHTML, like Gecko) Chrome/50.0.2661.94 Safari/537.36"
189.8.29.19 - - [11/May/2016:12:39:01 -0300] "OPTIONS /surveys/l?q=Botafogo,%20Rio%20de%20Janeiro%20-%20RJ,%20Brasil HTTP/1.1" 204 0 "http://guardioesdasaude.org/health-map" "Mozilla/5.0 (Windows NT 6.3; WOW64) AppleWebKit/537.36 (KHTML, like Gecko) Chrome/50.0.2661.94 Safari/537.36"
189.8.29.19 - - [11/May/2016:12:39:01 -0300] "GET /surveys/l?q=Botafogo,%20Rio%20de%20Janeiro%20-%20RJ,%20Brasil HTTP/1.1" 404 5 "http://guardioesdasaude.org/health-map" "Mozilla/5.0 (Windows NT 6.3; WOW64) AppleWebKit/537.36 (KHTML, like Gecko) Chrome/50.0.2661.94 Safari/537.36"
189.40.66.55 - - [11/May/2016:12:52:30 -0300] "GET /user/get?fb=null HTTP/1.1" 200 56 "-" "Dalvik/2.1.0 (Linux; U; Android 5.0; E2363 Build/26.1.B.3.109)"
189.40.66.55 - - [11/May/2016:12:52:33 -0300] "GET /user/get?fb=995974723818052 HTTP/1.1" 200 56 "-" "Dalvik/2.1.0 (Linux; U; Android 5.0; E2363 Build/26.1.B.3.109)"
189.40.66.55 - - [11/May/2016:12:53:00 -0300] "POST /user/create HTTP/1.1" 200 672 "-" "Dalvik/2.1.0 (Linux; U; Android 5.0; E2363 Build/26.1.B.3.109)"
189.40.66.55 - - [11/May/2016:12:53:01 -0300] "POST /user/login HTTP/1.1" 200 862 "-" "Dalvik/2.1.0 (Linux; U; Android 5.0; E2363 Build/26.1.B.3.109)"
189.40.66.55 - - [11/May/2016:12:53:05 -0300] "POST /user/create HTTP/1.1" 200 220 "-" "Dalvik/2.1.0 (Linux; U; Android 5.0; E2363 Build/26.1.B.3.109)"
189.40.66.55 - - [11/May/2016:12:53:08 -0300] "POST /user/create HTTP/1.1" 200 220 "-" "Dalvik/2.1.0 (Linux; U; Android 5.0; E2363 Build/26.1.B.3.109)"
189.40.66.55 - - [11/May/2016:12:53:46 -0300] "POST /user/create HTTP/1.1" 200 220 "-" "Dalvik/2.1.0 (Linux; U; Android 5.0; E2363 Build/26.1.B.3.109)"
189.8.29.19 - - [11/May/2016:13:04:17 -0300] "OPTIONS /surveys/summary?lat=-22.94790826717162&lon=-43.194332714447 HTTP/1.1" 204 0 "http://guardioesdasaude.org/health-map" "Mozilla/5.0 (Windows NT 6.3; WOW64) AppleWebKit/537.36 (KHTML, like Gecko) Chrome/50.0.2661.94 Safari/537.36"
189.8.29.19 - - [11/May/2016:13:04:17 -0300] "OPTIONS /surveys/l?lat=-22.94790826717162&lon=-43.194332714447 HTTP/1.1" 204 0 "http://guardioesdasaude.org/health-map" "Mozilla/5.0 (Windows NT 6.3; WOW64) AppleWebKit/537.36 (KHTML, like Gecko) Chrome/50.0.2661.94 Safari/537.36"
189.8.29.19 - - [11/May/2016:13:04:17 -0300] "OPTIONS /surveys/l?q=Botafogo,%20Rio%20de%20Janeiro%20-%20RJ,%20Brasil HTTP/1.1" 204 0 "http://guardioesdasaude.org/health-map" "Mozilla/5.0 (Windows NT 6.3; WOW64) AppleWebKit/537.36 (KHTML, like Gecko) Chrome/50.0.2661.94 Safari/537.36"
189.8.29.19 - - [11/May/2016:13:04:17 -0300] "GET /surveys/l?q=Botafogo,%20Rio%20de%20Janeiro%20-%20RJ,%20Brasil HTTP/1.1" 404 5 "http://guardioesdasaude.org/health-map" "Mozilla/5.0 (Windows NT 6.3; WOW64) AppleWebKit/537.36 (KHTML, like Gecko) Chrome/50.0.2661.94 Safari/537.36"
189.8.29.19 - - [11/May/2016:13:04:17 -0300] "GET /surveys/l?lat=-22.94790826717162&lon=-43.194332714447 HTTP/1.1" 200 242 "http://guardioesdasaude.org/health-map" "Mozilla/5.0 (Windows NT 6.3; WOW64) AppleWebKit/537.36 (KHTML, like Gecko) Chrome/50.0.2661.94 Safari/537.36"
189.8.29.19 - - [11/May/2016:13:04:17 -0300] "GET /surveys/summary?lat=-22.94790826717162&lon=-43.194332714447 HTTP/1.1" 200 228 "http://guardioesdasaude.org/health-map" "Mozilla/5.0 (Windows NT 6.3; WOW64) AppleWebKit/537.36 (KHTML, like Gecko) Chrome/50.0.2661.94 Safari/537.36"
191.198.40.65 - - [11/May/2016:13:17:15 -0300] "GET /user/lookup/ HTTP/1.1" 200 763 "-" "Dalvik/2.1.0 (Linux; U; Android 6.0; XT1078 Build/MPB24.65-34)"
201.6.230.175 - - [11/May/2016:13:25:49 -0300] "OPTIONS /search/cities?limit=5 HTTP/1.1" 204 0 "http://guardioesdasaude.org/" "Mozilla/5.0 (Windows NT 10.0; WOW64) AppleWebKit/537.36 (KHTML, like Gecko) Chrome/50.0.2661.94 Safari/537.36"
201.6.230.175 - - [11/May/2016:13:25:50 -0300] "GET /search/cities?limit=5 HTTP/1.1" 200 165 "http://guardioesdasaude.org/" "Mozilla/5.0 (Windows NT 10.0; WOW64) AppleWebKit/537.36 (KHTML, like Gecko) Chrome/50.0.2661.94 Safari/537.36"
143.107.184.2 - - [11/May/2016:13:29:59 -0300] "OPTIONS /search/cities?limit=5 HTTP/1.1" 204 0 "-" "Mozilla/5.0 (X11; Ubuntu; Linux x86_64; rv:46.0) Gecko/20100101 Firefox/46.0"
143.107.184.2 - - [11/May/2016:13:29:59 -0300] "GET /search/cities?limit=5 HTTP/1.1" 200 165 "http://guardioesdasaude.org/" "Mozilla/5.0 (X11; Ubuntu; Linux x86_64; rv:46.0) Gecko/20100101 Firefox/46.0"
187.127.202.87 - - [11/May/2016:13:30:07 -0300] "OPTIONS /search/cities?limit=5 HTTP/1.1" 204 0 "http://guardioesdasaude.org/" "Mozilla/5.0 (Linux; Android 4.4.4; E2124 Build/24.0.B.5.14) AppleWebKit/537.36 (KHTML, like Gecko) Version/4.0 Chrome/33.0.0.0 Mobile Safari/537.36"
187.127.202.87 - - [11/May/2016:13:30:08 -0300] "GET /search/cities?limit=5 HTTP/1.1" 200 165 "http://guardioesdasaude.org/" "Mozilla/5.0 (Linux; Android 4.4.4; E2124 Build/24.0.B.5.14) AppleWebKit/537.36 (KHTML, like Gecko) Version/4.0 Chrome/33.0.0.0 Mobile Safari/537.36"
186.212.141.40 - - [11/May/2016:13:30:16 -0300] "GET /user/get?fb=null HTTP/1.1" 200 56 "-" "Dalvik/2.1.0 (Linux; U; Android 6.0; MotoG3 Build/MPI24.65-33.1)"
191.35.42.100 - - [11/May/2016:13:30:17 -0300] "GET /user/get?fb=880638995379765 HTTP/1.1" 200 56 "-" "Dalvik/2.1.0 (Linux; U; Android 6.0; MotoG3 Build/MPI24.65-33.1)"
187.103.67.93 - - [11/May/2016:13:30:49 -0300] "GET /user/get?fb=null HTTP/1.1" 200 56 "-" "Dalvik/2.1.0 (Linux; U; Android 5.1.1; SM-J200BT Build/LMY47X)"
187.103.67.93 - - [11/May/2016:13:30:50 -0300] "GET /user/get?fb=245499445840656 HTTP/1.1" 200 56 "-" "Dalvik/2.1.0 (Linux; U; Android 5.1.1; SM-J200BT Build/LMY47X)"
177.98.214.69 - - [11/May/2016:13:31:06 -0300] "GET /user/get?fb=null HTTP/1.1" 200 56 "-" "Dalvik/1.6.0 (Linux; U; Android 4.4.4; SM-G530H Build/KTU84P)"
177.98.214.69 - - [11/May/2016:13:31:07 -0300] "GET /user/get?fb=894318787360850 HTTP/1.1" 200 56 "-" "Dalvik/1.6.0 (Linux; U; Android 4.4.4; SM-G530H Build/KTU84P)"
186.212.98.56 - - [11/May/2016:13:31:09 -0300] "POST /user/create HTTP/1.1" 200 595 "-" "Dalvik/2.1.0 (Linux; U; Android 6.0; MotoG3 Build/MPI24.65-33.1)"
186.212.141.40 - - [11/May/2016:13:31:11 -0300] "POST /user/login HTTP/1.1" 200 788 "-" "Dalvik/2.1.0 (Linux; U; Android 6.0; MotoG3 Build/MPI24.65-33.1)"
187.58.104.109 - - [11/May/2016:13:31:11 -0300] "POST /user/login HTTP/1.1" 200 77 "-" "Dalvik/1.6.0 (Linux; U; Android 4.4.2; ASUS_T00J Build/KVT49L)"
187.103.67.93 - - [11/May/2016:13:31:31 -0300] "POST /user/create HTTP/1.1" 200 598 "-" "Dalvik/2.1.0 (Linux; U; Android 5.1.1; SM-J200BT Build/LMY47X)"
187.103.67.93 - - [11/May/2016:13:31:32 -0300] "POST /user/login HTTP/1.1" 200 788 "-" "Dalvik/2.1.0 (Linux; U; Android 5.1.1; SM-J200BT Build/LMY47X)"
177.134.154.30 - - [11/May/2016:13:31:33 -0300] "GET /user/get?fb=null HTTP/1.1" 200 56 "-" "Dalvik/2.1.0 (Linux; U; Android 6.0; XT1069 Build/MPB24.65-34)"
177.134.154.30 - - [11/May/2016:13:31:34 -0300] "GET /user/get?fb=162954124106867 HTTP/1.1" 200 56 "-" "Dalvik/2.1.0 (Linux; U; Android 6.0; XT1069 Build/MPB24.65-34)"
177.85.248.254 - - [11/May/2016:13:31:34 -0300] "POST /user/create HTTP/1.1" 200 660 "-" "Dalvik/2.1.0 (Linux; U; Android 5.1.1; SM-G531BT Build/LMY48B)"
186.212.132.39 - - [11/May/2016:13:31:34 -0300] "GET /user/get?gl=101006377034747152277 HTTP/1.1" 200 56 "-" "Dalvik/2.1.0 (Linux; U; Android 5.0.2; XT1069 Build/LXB22.99-16)"
177.158.154.82 - - [11/May/2016:13:31:41 -0300] "POST /user/create HTTP/1.1" 200 604 "-" "Dalvik/1.6.0 (Linux; U; Android 4.4.4; SM-G530H Build/KTU84P)"
177.98.214.69 - - [11/May/2016:13:31:42 -0300] "POST /user/login HTTP/1.1" 200 794 "-" "Dalvik/1.6.0 (Linux; U; Android 4.4.4; SM-G530H Build/KTU84P)"
177.85.248.254 - - [11/May/2016:13:31:43 -0300] "GET /user/household/57335e66fb2af3c50833acf7 HTTP/1.1" 200 56 "-" "Dalvik/2.1.0 (Linux; U; Android 5.1.1; SM-G531BT Build/LMY48B)"
187.103.67.93 - - [11/May/2016:13:31:43 -0300] "GET /user/household/57335e63fb2af3c50833acf6 HTTP/1.1" 200 56 "-" "Dalvik/2.1.0 (Linux; U; Android 5.1.1; SM-J200BT Build/LMY47X)"
177.207.122.72 - - [11/May/2016:13:31:48 -0300] "GET /user/get?fb=null HTTP/1.1" 200 56 "-" "Dalvik/1.6.0 (Linux; U; Android 4.4.4; SM-G530BT Build/KTU84P)"
191.33.45.170 - - [11/May/2016:13:31:49 -0300] "GET /user/get?fb=1094434867279333 HTTP/1.1" 200 56 "-" "Dalvik/1.6.0 (Linux; U; Android 4.4.4; SM-G530BT Build/KTU84P)"
177.158.156.238 - - [11/May/2016:13:31:50 -0300] "GET /user/household/57335e6dfb2af3c50833acf8 HTTP/1.1" 200 56 "-" "Dalvik/1.6.0 (Linux; U; Android 4.4.4; SM-G530H Build/KTU84P)"
177.206.244.138 - - [11/May/2016:13:31:55 -0300] "GET /user/get?fb=null HTTP/1.1" 200 56 "-" "Dalvik/2.1.0 (Linux; U; Android 5.1.1; SM-J120H Build/LMY47V)"
191.187.151.109 - - [11/May/2016:13:31:56 -0300] "OPTIONS /search/cities?limit=5 HTTP/1.1" 204 0 "http://guardioesdasaude.org/" "Mozilla/5.0 (Linux; Android 6.0; XT1069 Build/MPB24.65-34) AppleWebKit/537.36 (KHTML, like Gecko) Chrome/50.0.2661.89 Mobile Safari/537.36"
177.206.244.138 - - [11/May/2016:13:31:56 -0300] "GET /user/get?fb=967029250081620 HTTP/1.1" 200 56 "-" "Dalvik/2.1.0 (Linux; U; Android 5.1.1; SM-J120H Build/LMY47V)"
191.187.151.109 - - [11/May/2016:13:31:56 -0300] "GET /search/cities?limit=5 HTTP/1.1" 200 165 "http://guardioesdasaude.org/" "Mozilla/5.0 (Linux; Android 6.0; XT1069 Build/MPB24.65-34) AppleWebKit/537.36 (KHTML, like Gecko) Chrome/50.0.2661.89 Mobile Safari/537.36"
177.206.254.80 - - [11/May/2016:13:32:02 -0300] "GET /user/get?fb=null HTTP/1.1" 200 56 "-" "Dalvik/2.1.0 (Linux; U; Android 5.0; SM-G900M Build/LRX21T)"
177.206.254.80 - - [11/May/2016:13:32:04 -0300] "GET /user/get?fb=890771537715021 HTTP/1.1" 200 56 "-" "Dalvik/2.1.0 (Linux; U; Android 5.0; SM-G900M Build/LRX21T)"
187.103.67.93 - - [11/May/2016:13:32:05 -0300] "GET /symptoms HTTP/1.1" 200 706 "-" "Dalvik/2.1.0 (Linux; U; Android 5.1.1; SM-J200BT Build/LMY47X)"
191.248.241.164 - - [11/May/2016:13:32:10 -0300] "GET /user/get?fb=null HTTP/1.1" 200 56 "-" "Dalvik/2.1.0 (Linux; U; Android 6.0; XT1068 Build/MPB24.65-34)"
186.208.233.104 - - [11/May/2016:13:32:11 -0300] "GET /user/get?fb=null HTTP/1.1" 200 56 "-" "Dalvik/2.1.0 (Linux; U; Android 5.1; XT1033 Build/LPBS23.13-56-2)"
177.134.203.94 - - [11/May/2016:13:32:11 -0300] "GET /user/get?fb=872227052887717 HTTP/1.1" 200 56 "-" "Dalvik/2.1.0 (Linux; U; Android 6.0; XT1068 Build/MPB24.65-34)"
186.208.233.104 - - [11/May/2016:13:32:11 -0300] "GET /user/get?fb=178729465859356 HTTP/1.1" 200 56 "-" "Dalvik/2.1.0 (Linux; U; Android 5.1; XT1033 Build/LPBS23.13-56-2)"
189.70.201.147 - - [11/May/2016:13:32:12 -0300] "GET /user/get?fb=null HTTP/1.1" 200 56 "-" "Dalvik/1.6.0 (Linux; U; Android 4.4.2; 4013K Build/KOT49H)"
189.70.201.147 - - [11/May/2016:13:32:13 -0300] "GET /user/get?fb=266819510334632 HTTP/1.1" 200 56 "-" "Dalvik/1.6.0 (Linux; U; Android 4.4.2; 4013K Build/KOT49H)"
177.19.109.60 - - [11/May/2016:13:32:16 -0300] "GET /user/get?fb=null HTTP/1.1" 200 56 "-" "Dalvik/2.1.0 (Linux; U; Android 6.0; XT1069 Build/MPB24.65-34)"
177.19.109.60 - - [11/May/2016:13:32:17 -0300] "GET /user/get?fb=1145008915521210 HTTP/1.1" 200 56 "-" "Dalvik/2.1.0 (Linux; U; Android 6.0; XT1069 Build/MPB24.65-34)"
186.212.132.39 - - [11/May/2016:13:32:18 -0300] "POST /user/create HTTP/1.1" 200 722 "-" "Dalvik/2.1.0 (Linux; U; Android 5.0.2; XT1069 Build/LXB22.99-16)"
186.212.132.39 - - [11/May/2016:13:32:19 -0300] "POST /user/login HTTP/1.1" 200 906 "-" "Dalvik/2.1.0 (Linux; U; Android 5.0.2; XT1069 Build/LXB22.99-16)"
191.248.246.100 - - [11/May/2016:13:32:25 -0300] "GET /user/get?fb=null HTTP/1.1" 200 56 "-" "Dalvik/2.1.0 (Linux; U; Android 5.1.1; SM-J500M Build/LMY48B)"
191.248.246.100 - - [11/May/2016:13:32:26 -0300] "GET /user/get?fb=625193557627960 HTTP/1.1" 200 56 "-" "Dalvik/2.1.0 (Linux; U; Android 5.1.1; SM-J500M Build/LMY48B)"
187.103.67.93 - - [11/May/2016:13:32:29 -0300] "POST /survey/create HTTP/1.1" 200 476 "-" "Dalvik/2.1.0 (Linux; U; Android 5.1.1; SM-J200BT Build/LMY47X)"
177.98.92.80 - - [11/May/2016:13:32:29 -0300] "GET /user/get?fb=null HTTP/1.1" 200 56 "-" "Dalvik/2.1.0 (Linux; U; Android 6.0; XT1069 Build/MPB24.65-34)"
177.98.92.80 - - [11/May/2016:13:32:30 -0300] "GET /user/get?fb=875033352609016 HTTP/1.1" 200 56 "-" "Dalvik/2.1.0 (Linux; U; Android 6.0; XT1069 Build/MPB24.65-34)"
177.206.244.138 - - [11/May/2016:13:32:31 -0300] "POST /user/create HTTP/1.1" 200 604 "-" "Dalvik/2.1.0 (Linux; U; Android 5.1.1; SM-J120H Build/LMY47V)"
177.206.244.138 - - [11/May/2016:13:32:32 -0300] "POST /user/login HTTP/1.1" 200 793 "-" "Dalvik/2.1.0 (Linux; U; Android 5.1.1; SM-J120H Build/LMY47V)"
186.212.132.39 - - [11/May/2016:13:32:32 -0300] "GET /news/get HTTP/1.1" 200 3957 "-" "Dalvik/2.1.0 (Linux; U; Android 5.0.2; XT1069 Build/LXB22.99-16)"
186.214.132.166 - - [11/May/2016:13:32:33 -0300] "GET /user/get?fb=null HTTP/1.1" 200 56 "-" "Dalvik/2.1.0 (Linux; U; Android 5.0.2; LG-D337 Build/LRX22G)"
186.214.132.166 - - [11/May/2016:13:32:34 -0300] "GET /user/get?fb=1796211640601675 HTTP/1.1" 200 56 "-" "Dalvik/2.1.0 (Linux; U; Android 5.0.2; LG-D337 Build/LRX22G)"
187.113.110.249 - - [11/May/2016:13:32:35 -0300] "POST /user/login HTTP/1.1" 200 77 "-" "Dalvik/2.1.0 (Linux; U; Android 5.0; LG-X170fTV Build/LRX21M)"
177.133.108.177 - - [11/May/2016:13:32:43 -0300] "GET /user/get?gl=101648356108297081511 HTTP/1.1" 200 56 "-" "Dalvik/2.1.0 (Linux; U; Android 5.0.2; LG-H540 Build/LRX22G)"
177.206.244.138 - - [11/May/2016:13:32:44 -0300] "GET /news/get HTTP/1.1" 200 3957 "-" "Dalvik/2.1.0 (Linux; U; Android 5.1.1; SM-J120H Build/LMY47V)"
189.70.186.4 - - [11/May/2016:13:32:44 -0300] "GET /user/get?fb=null HTTP/1.1" 200 56 "-" "Dalvik/1.6.0 (Linux; U; Android 5.1; A8 Build/KOT49H)"
189.70.186.4 - - [11/May/2016:13:32:46 -0300] "GET /user/get?fb=953151168138514 HTTP/1.1" 200 56 "-" "Dalvik/1.6.0 (Linux; U; Android 5.1; A8 Build/KOT49H)"
177.98.208.210 - - [11/May/2016:13:32:46 -0300] "POST /user/create HTTP/1.1" 200 571 "-" "Dalvik/1.6.0 (Linux; U; Android 4.4.4; SM-G130BU Build/KTU84P)"
191.33.45.170 - - [11/May/2016:13:32:47 -0300] "POST /user/create HTTP/1.1" 200 599 "-" "Dalvik/1.6.0 (Linux; U; Android 4.4.4; SM-G530BT Build/KTU84P)"
191.33.45.170 - - [11/May/2016:13:32:48 -0300] "POST /user/login HTTP/1.1" 200 792 "-" "Dalvik/1.6.0 (Linux; U; Android 4.4.4; SM-G530BT Build/KTU84P)"
177.206.254.80 - - [11/May/2016:13:32:49 -0300] "POST /user/create HTTP/1.1" 200 675 "-" "Dalvik/2.1.0 (Linux; U; Android 5.0; SM-G900M Build/LRX21T)"
177.206.254.80 - - [11/May/2016:13:32:50 -0300] "POST /user/login HTTP/1.1" 200 862 "-" "Dalvik/2.1.0 (Linux; U; Android 5.0; SM-G900M Build/LRX21T)"
177.206.244.138 - - [11/May/2016:13:32:50 -0300] "GET /user/household/57335e9ffb2af3c50833acfb HTTP/1.1" 200 56 "-" "Dalvik/2.1.0 (Linux; U; Android 5.1.1; SM-J120H Build/LMY47V)"
191.33.45.170 - - [11/May/2016:13:32:51 -0300] "POST /user/create HTTP/1.1" 200 222 "-" "Dalvik/1.6.0 (Linux; U; Android 4.4.4; SM-G530BT Build/KTU84P)"
189.49.104.205 - - [11/May/2016:13:32:53 -0300] "GET /user/get?gl=112943472882442081990 HTTP/1.1" 200 56 "-" "Dalvik/2.1.0 (Linux; U; Android 5.1; XT1032 Build/LPBS23.13-56-2)"
177.85.248.254 - - [11/May/2016:13:32:54 -0300] "POST /household/create HTTP/1.1" 200 272 "-" "Dalvik/2.1.0 (Linux; U; Android 5.1.1; SM-G531BT Build/LMY48B)"
177.85.248.254 - - [11/May/2016:13:32:55 -0300] "GET /user/lookup/ HTTP/1.1" 200 909 "-" "Dalvik/2.1.0 (Linux; U; Android 5.1.1; SM-G531BT Build/LMY48B)"
177.98.208.210 - - [11/May/2016:13:32:56 -0300] "GET /user/household/57335eaefb2af3c50833acfc HTTP/1.1" 200 56 "-" "Dalvik/1.6.0 (Linux; U; Android 4.4.4; SM-G130BU Build/KTU84P)"
177.206.254.80 - - [11/May/2016:13:33:04 -0300] "GET /user/calendar/month?&month=5&year=2016 HTTP/1.1" 200 58 "-" "Dalvik/2.1.0 (Linux; U; Android 5.0; SM-G900M Build/LRX21T)"
177.206.254.80 - - [11/May/2016:13:33:04 -0300] "GET /user/household/57335eb1fb2af3c50833acfe HTTP/1.1" 200 56 "-" "Dalvik/2.1.0 (Linux; U; Android 5.0; SM-G900M Build/LRX21T)"
177.206.244.138 - - [11/May/2016:13:33:04 -0300] "GET /user/household/57335e9ffb2af3c50833acfb HTTP/1.1" 200 56 "-" "Dalvik/2.1.0 (Linux; U; Android 5.1.1; SM-J120H Build/LMY47V)"
177.206.254.80 - - [11/May/2016:13:33:05 -0300] "GET /user/calendar/year?year=2016 HTTP/1.1" 200 58 "-" "Dalvik/2.1.0 (Linux; U; Android 5.0; SM-G900M Build/LRX21T)"
177.206.244.138 - - [11/May/2016:13:33:05 -0300] "GET /user/survey/summary HTTP/1.1" 200 66 "-" "Dalvik/2.1.0 (Linux; U; Android 5.1.1; SM-J120H Build/LMY47V)"
177.206.244.138 - - [11/May/2016:13:33:05 -0300] "GET /user/calendar/month?&month=5&year=2016 HTTP/1.1" 200 58 "-" "Dalvik/2.1.0 (Linux; U; Android 5.1.1; SM-J120H Build/LMY47V)"
177.206.254.80 - - [11/May/2016:13:33:05 -0300] "GET /user/survey/summary HTTP/1.1" 200 66 "-" "Dalvik/2.1.0 (Linux; U; Android 5.0; SM-G900M Build/LRX21T)"
177.206.254.80 - - [11/May/2016:13:33:06 -0300] "GET /user/calendar/day?day=11&month=5&year=2016 HTTP/1.1" 200 58 "-" "Dalvik/2.1.0 (Linux; U; Android 5.0; SM-G900M Build/LRX21T)"
177.206.244.138 - - [11/May/2016:13:33:06 -0300] "GET /user/calendar/year?year=2016 HTTP/1.1" 200 58 "-" "Dalvik/2.1.0 (Linux; U; Android 5.1.1; SM-J120H Build/LMY47V)"
177.206.244.138 - - [11/May/2016:13:33:07 -0300] "GET /user/calendar/day?day=11&month=5&year=2016 HTTP/1.1" 200 58 "-" "Dalvik/2.1.0 (Linux; U; Android 5.1.1; SM-J120H Build/LMY47V)"
186.214.132.166 - - [11/May/2016:13:33:09 -0300] "POST /user/create HTTP/1.1" 200 600 "-" "Dalvik/2.1.0 (Linux; U; Android 5.0.2; LG-D337 Build/LRX22G)"
177.98.208.210 - - [11/May/2016:13:33:09 -0300] "POST /survey/create HTTP/1.1" 200 430 "-" "Dalvik/1.6.0 (Linux; U; Android 4.4.4; SM-G130BU Build/KTU84P)"
186.214.132.166 - - [11/May/2016:13:33:10 -0300] "POST /user/login HTTP/1.1" 200 794 "-" "Dalvik/2.1.0 (Linux; U; Android 5.0.2; LG-D337 Build/LRX22G)"
177.85.248.254 - - [11/May/2016:13:33:13 -0300] "GET /symptoms HTTP/1.1" 200 706 "-" "Dalvik/2.1.0 (Linux; U; Android 5.1.1; SM-G531BT Build/LMY48B)"
152.239.142.95 - - [11/May/2016:13:33:13 -0300] "GET /user/get?gl=107260014930345902480 HTTP/1.1" 200 56 "-" "Dalvik/2.1.0 (Linux; U; Android 6.0; MotoG3 Build/MPI24.65-25)"
189.115.175.186 - - [11/May/2016:13:33:17 -0300] "GET /user/get?fb=null HTTP/1.1" 200 56 "-" "Dalvik/1.6.0 (Linux; U; Android 4.4.2; XT918 Build/3_19A_2009)"
177.19.109.60 - - [11/May/2016:13:33:18 -0300] "POST /user/create HTTP/1.1" 200 600 "-" "Dalvik/2.1.0 (Linux; U; Android 6.0; XT1069 Build/MPB24.65-34)"
187.113.110.249 - - [11/May/2016:13:33:18 -0300] "GET /user/get?fb=null HTTP/1.1" 200 56 "-" "Dalvik/2.1.0 (Linux; U; Android 5.0; LG-X170fTV Build/LRX21M)"
189.115.175.186 - - [11/May/2016:13:33:18 -0300] "GET /user/get?fb=10209485666481092 HTTP/1.1" 200 56 "-" "Dalvik/1.6.0 (Linux; U; Android 4.4.2; XT918 Build/3_19A_2009)"
177.19.109.60 - - [11/May/2016:13:33:19 -0300] "POST /user/login HTTP/1.1" 200 791 "-" "Dalvik/2.1.0 (Linux; U; Android 6.0; XT1069 Build/MPB24.65-34)"
187.113.110.249 - - [11/May/2016:13:33:19 -0300] "GET /user/get?fb=1676223332643337 HTTP/1.1" 200 56 "-" "Dalvik/2.1.0 (Linux; U; Android 5.0; LG-X170fTV Build/LRX21M)"
177.98.92.80 - - [11/May/2016:13:33:21 -0300] "POST /user/create HTTP/1.1" 200 605 "-" "Dalvik/2.1.0 (Linux; U; Android 6.0; XT1069 Build/MPB24.65-34)"
177.207.122.72 - - [11/May/2016:13:33:22 -0300] "POST /user/create HTTP/1.1" 200 222 "-" "Dalvik/1.6.0 (Linux; U; Android 4.4.4; SM-G530BT Build/KTU84P)"
177.98.92.80 - - [11/May/2016:13:33:22 -0300] "POST /user/login HTTP/1.1" 200 795 "-" "Dalvik/2.1.0 (Linux; U; Android 6.0; XT1069 Build/MPB24.65-34)"
177.133.108.177 - - [11/May/2016:13:33:27 -0300] "POST /user/create HTTP/1.1" 200 596 "-" "Dalvik/2.1.0 (Linux; U; Android 5.0.2; LG-H540 Build/LRX22G)"
177.133.108.177 - - [11/May/2016:13:33:28 -0300] "POST /user/login HTTP/1.1" 200 789 "-" "Dalvik/2.1.0 (Linux; U; Android 5.0.2; LG-H540 Build/LRX22G)"
177.133.108.177 - - [11/May/2016:13:33:29 -0300] "POST /user/create HTTP/1.1" 200 221 "-" "Dalvik/2.1.0 (Linux; U; Android 5.0.2; LG-H540 Build/LRX22G)"
189.70.201.147 - - [11/May/2016:13:33:31 -0300] "POST /user/create HTTP/1.1" 200 678 "-" "Dalvik/1.6.0 (Linux; U; Android 4.4.2; 4013K Build/KOT49H)"
177.206.254.80 - - [11/May/2016:13:33:31 -0300] "GET /surveys/summary/?lon=-34.9506992&lat=-8.1128519 HTTP/1.1" 200 220 "-" "Dalvik/2.1.0 (Linux; U; Android 5.0; SM-G900M Build/LRX21T)"
189.70.201.147 - - [11/May/2016:13:33:32 -0300] "POST /user/login HTTP/1.1" 200 863 "-" "Dalvik/1.6.0 (Linux; U; Android 4.4.2; 4013K Build/KOT49H)"
187.103.67.93 - - [11/May/2016:13:33:32 -0300] "POST /survey/create HTTP/1.1" 200 478 "-" "Dalvik/2.1.0 (Linux; U; Android 5.1.1; SM-J200BT Build/LMY47X)"
177.206.254.80 - - [11/May/2016:13:33:32 -0300] "GET /surveys/l?lon=-34.9506992&lat=-8.1128519 HTTP/1.1" 200 307 "-" "Dalvik/2.1.0 (Linux; U; Android 5.0; SM-G900M Build/LRX21T)"
186.212.132.39 - - [11/May/2016:13:33:35 -0300] "GET /surveys/summary/?lon=-34.985059&lat=-8.018225 HTTP/1.1" 200 251 "-" "Dalvik/2.1.0 (Linux; U; Android 5.0.2; XT1069 Build/LXB22.99-16)"
177.98.92.80 - - [11/May/2016:13:33:35 -0300] "GET /user/household/57335ed1fb2af3c50833ad04 HTTP/1.1" 200 56 "-" "Dalvik/2.1.0 (Linux; U; Android 6.0; XT1069 Build/MPB24.65-34)"
186.212.132.39 - - [11/May/2016:13:33:37 -0300] "GET /surveys/l?lon=-34.985059&lat=-8.018225 HTTP/1.1" 200 56 "-" "Dalvik/2.1.0 (Linux; U; Android 5.0.2; XT1069 Build/LXB22.99-16)"
191.248.246.100 - - [11/May/2016:13:33:39 -0300] "POST /user/create HTTP/1.1" 200 278 "-" "Dalvik/2.1.0 (Linux; U; Android 5.1.1; SM-J500M Build/LMY48B)"
177.19.109.60 - - [11/May/2016:13:33:43 -0300] "GET /user/household/57335ecefb2af3c50833ad03 HTTP/1.1" 200 56 "-" "Dalvik/2.1.0 (Linux; U; Android 6.0; XT1069 Build/MPB24.65-34)"
189.70.201.147 - - [11/May/2016:13:33:45 -0300] "GET /user/household/57335edbfb2af3c50833ad08 HTTP/1.1" 200 56 "-" "Dalvik/1.6.0 (Linux; U; Android 4.4.2; 4013K Build/KOT49H)"
187.113.121.39 - - [11/May/2016:13:33:47 -0300] "GET /user/get?gl=113250550784694848269 HTTP/1.1" 200 56 "-" "Dalvik/2.1.0 (Linux; U; Android 6.0; MotoG3 Build/MPI24.65-33.1)"
189.70.186.4 - - [11/May/2016:13:33:48 -0300] "POST /user/create HTTP/1.1" 200 278 "-" "Dalvik/1.6.0 (Linux; U; Android 5.1; A8 Build/KOT49H)"
177.85.248.254 - - [11/May/2016:13:33:50 -0300] "POST /survey/create HTTP/1.1" 200 564 "-" "Dalvik/2.1.0 (Linux; U; Android 5.1.1; SM-G531BT Build/LMY48B)"
189.40.80.9 - - [11/May/2016:13:33:51 -0300] "GET /user/get?fb=null HTTP/1.1" 200 56 "-" "Dalvik/1.6.0 (Linux; U; Android 4.4.4; SM-G530H Build/KTU84P)"
187.113.125.106 - - [11/May/2016:13:33:51 -0300] "GET /user/get?fb=null HTTP/1.1" 200 56 "-" "Dalvik/2.1.0 (Linux; U; Android 6.0; XT1069 Build/MPB24.65-34)"
189.40.80.9 - - [11/May/2016:13:33:52 -0300] "GET /user/get?fb=644612872353047 HTTP/1.1" 200 56 "-" "Dalvik/1.6.0 (Linux; U; Android 4.4.4; SM-G530H Build/KTU84P)"
187.113.125.106 - - [11/May/2016:13:33:54 -0300] "GET /user/get?fb=1128630897188753 HTTP/1.1" 200 56 "-" "Dalvik/2.1.0 (Linux; U; Android 6.0; XT1069 Build/MPB24.65-34)"
177.98.92.80 - - [11/May/2016:13:33:56 -0300] "POST /survey/create HTTP/1.1" 200 428 "-" "Dalvik/2.1.0 (Linux; U; Android 6.0; XT1069 Build/MPB24.65-34)"
186.212.141.40 - - [11/May/2016:13:33:56 -0300] "GET /user/lookup/ HTTP/1.1" 200 763 "-" "Dalvik/2.1.0 (Linux; U; Android 6.0; MotoG3 Build/MPI24.65-33.1)"
177.85.248.254 - - [11/May/2016:13:33:58 -0300] "GET /user/household/57335e66fb2af3c50833acf7 HTTP/1.1" 200 642 "-" "Dalvik/2.1.0 (Linux; U; Android 5.1.1; SM-G531BT Build/LMY48B)"
177.85.248.254 - - [11/May/2016:13:33:58 -0300] "GET /user/calendar/month?&month=5&year=2016 HTTP/1.1" 200 117 "-" "Dalvik/2.1.0 (Linux; U; Android 5.1.1; SM-G531BT Build/LMY48B)"
152.239.142.95 - - [11/May/2016:13:33:58 -0300] "POST /user/create HTTP/1.1" 200 599 "-" "Dalvik/2.1.0 (Linux; U; Android 6.0; MotoG3 Build/MPI24.65-25)"
177.85.248.254 - - [11/May/2016:13:33:58 -0300] "GET /user/survey/summary HTTP/1.1" 200 69 "-" "Dalvik/2.1.0 (Linux; U; Android 5.1.1; SM-G531BT Build/LMY48B)"
177.85.248.254 - - [11/May/2016:13:33:59 -0300] "GET /user/calendar/year?year=2016 HTTP/1.1" 200 109 "-" "Dalvik/2.1.0 (Linux; U; Android 5.1.1; SM-G531BT Build/LMY48B)"
152.239.142.95 - - [11/May/2016:13:33:59 -0300] "POST /user/login HTTP/1.1" 200 789 "-" "Dalvik/2.1.0 (Linux; U; Android 6.0; MotoG3 Build/MPI24.65-25)"
177.85.248.254 - - [11/May/2016:13:34:00 -0300] "GET /user/calendar/day?day=11&month=5&year=2016 HTTP/1.1" 200 117 "-" "Dalvik/2.1.0 (Linux; U; Android 5.1.1; SM-G531BT Build/LMY48B)"
189.70.184.183 - - [11/May/2016:13:34:00 -0300] "GET /user/get?fb=null HTTP/1.1" 200 56 "-" "Dalvik/1.6.0 (Linux; U; Android 4.4.4; SM-G316M Build/KTU84P)"
189.70.184.183 - - [11/May/2016:13:34:01 -0300] "GET /user/get?fb=829083613902528 HTTP/1.1" 200 56 "-" "Dalvik/1.6.0 (Linux; U; Android 4.4.4; SM-G316M Build/KTU84P)"
187.103.67.93 - - [11/May/2016:13:34:01 -0300] "GET /news/get HTTP/1.1" 200 3956 "-" "Dalvik/2.1.0 (Linux; U; Android 5.1.1; SM-J200BT Build/LMY47X)"
191.33.45.170 - - [11/May/2016:13:34:02 -0300] "POST /user/create HTTP/1.1" 200 222 "-" "Dalvik/1.6.0 (Linux; U; Android 4.4.4; SM-G530BT Build/KTU84P)"
186.215.2.173 - - [11/May/2016:13:34:02 -0300] "GET /news/get HTTP/1.1" 200 3955 "-" "Dalvik/2.1.0 (Linux; U; Android 6.0; MotoG3 Build/MPI24.65-33.1)"
191.248.246.100 - - [11/May/2016:13:34:02 -0300] "POST /user/create HTTP/1.1" 200 605 "-" "Dalvik/2.1.0 (Linux; U; Android 5.1.1; SM-J500M Build/LMY48B)"
191.248.246.100 - - [11/May/2016:13:34:03 -0300] "POST /user/login HTTP/1.1" 200 797 "-" "Dalvik/2.1.0 (Linux; U; Android 5.1.1; SM-J500M Build/LMY48B)"
191.248.19.236 - - [11/May/2016:13:34:05 -0300] "GET /user/get?fb=null HTTP/1.1" 200 56 "-" "Dalvik/2.1.0 (Linux; U; Android 5.0.1; LG-H422 Build/LRX21Y)"
191.248.19.236 - - [11/May/2016:13:34:06 -0300] "GET /user/get?fb=10209599333930781 HTTP/1.1" 200 56 "-" "Dalvik/2.1.0 (Linux; U; Android 5.0.1; LG-H422 Build/LRX21Y)"
177.85.248.254 - - [11/May/2016:13:34:07 -0300] "GET /user/household/57335e66fb2af3c50833acf7 HTTP/1.1" 200 642 "-" "Dalvik/2.1.0 (Linux; U; Android 5.1.1; SM-G531BT Build/LMY48B)"
177.206.254.80 - - [11/May/2016:13:34:07 -0300] "GET /news/get HTTP/1.1" 200 3955 "-" "Dalvik/2.1.0 (Linux; U; Android 5.0; SM-G900M Build/LRX21T)"
152.239.142.95 - - [11/May/2016:13:34:09 -0300] "GET /user/household/57335ef6fb2af3c50833ad0c HTTP/1.1" 200 56 "-" "Dalvik/2.1.0 (Linux; U; Android 6.0; MotoG3 Build/MPI24.65-25)"
187.113.108.112 - - [11/May/2016:13:34:11 -0300] "POST /user/create HTTP/1.1" 200 598 "-" "Dalvik/2.1.0 (Linux; U; Android 6.0; MotoG3 Build/MPI24.65-33.1)"
186.214.132.166 - - [11/May/2016:13:34:11 -0300] "GET /user/calendar/month?&month=5&year=2016 HTTP/1.1" 200 58 "-" "Dalvik/2.1.0 (Linux; U; Android 5.0.2; LG-D337 Build/LRX22G)"
191.187.188.91 - - [11/May/2016:13:34:11 -0300] "GET /user/get?fb=null HTTP/1.1" 200 56 "-" "Dalvik/2.1.0 (Linux; U; Android 5.0.2; SM-G530H Build/LRX22G)"
186.214.132.166 - - [11/May/2016:13:34:12 -0300] "GET /user/household/57335ec5fb2af3c50833ad01 HTTP/1.1" 200 56 "-" "Dalvik/2.1.0 (Linux; U; Android 5.0.2; LG-D337 Build/LRX22G)"
186.214.132.166 - - [11/May/2016:13:34:12 -0300] "GET /user/survey/summary HTTP/1.1" 200 66 "-" "Dalvik/2.1.0 (Linux; U; Android 5.0.2; LG-D337 Build/LRX22G)"
186.214.132.166 - - [11/May/2016:13:34:12 -0300] "GET /user/calendar/year?year=2016 HTTP/1.1" 200 58 "-" "Dalvik/2.1.0 (Linux; U; Android 5.0.2; LG-D337 Build/LRX22G)"
191.187.188.91 - - [11/May/2016:13:34:12 -0300] "GET /user/get?fb=896716450474886 HTTP/1.1" 200 56 "-" "Dalvik/2.1.0 (Linux; U; Android 5.0.2; SM-G530H Build/LRX22G)"
187.113.160.87 - - [11/May/2016:13:34:13 -0300] "POST /user/login HTTP/1.1" 200 788 "-" "Dalvik/2.1.0 (Linux; U; Android 6.0; MotoG3 Build/MPI24.65-33.1)"
191.248.246.100 - - [11/May/2016:13:34:13 -0300] "GET /news/get HTTP/1.1" 200 3955 "-" "Dalvik/2.1.0 (Linux; U; Android 5.1.1; SM-J500M Build/LMY48B)"
186.214.132.166 - - [11/May/2016:13:34:13 -0300] "GET /user/calendar/day?day=11&month=5&year=2016 HTTP/1.1" 200 58 "-" "Dalvik/2.1.0 (Linux; U; Android 5.0.2; LG-D337 Build/LRX22G)"
187.58.108.226 - - [11/May/2016:13:34:14 -0300] "GET /user/get?fb=null HTTP/1.1" 200 56 "-" "Dalvik/1.6.0 (Linux; U; Android 4.4.4; SM-G530H Build/KTU84P)"
177.19.109.60 - - [11/May/2016:13:34:15 -0300] "POST /survey/create HTTP/1.1" 200 431 "-" "Dalvik/2.1.0 (Linux; U; Android 6.0; XT1069 Build/MPB24.65-34)"
189.70.129.141 - - [11/May/2016:13:34:15 -0300] "POST /user/login HTTP/1.1" 200 77 "-" "Dalvik/2.1.0 (Linux; U; Android 5.1.1; D6643 Build/23.4.A.1.232)"
187.58.108.226 - - [11/May/2016:13:34:16 -0300] "GET /user/get?fb=1168095529909852 HTTP/1.1" 200 56 "-" "Dalvik/1.6.0 (Linux; U; Android 4.4.4; SM-G530H Build/KTU84P)"
186.215.2.173 - - [11/May/2016:13:34:16 -0300] "GET /user/household/57335e4dfb2af3c50833acf5 HTTP/1.1" 200 56 "-" "Dalvik/2.1.0 (Linux; U; Android 6.0; MotoG3 Build/MPI24.65-33.1)"
186.212.141.40 - - [11/May/2016:13:34:17 -0300] "GET /user/survey/summary HTTP/1.1" 200 66 "-" "Dalvik/2.1.0 (Linux; U; Android 6.0; MotoG3 Build/MPI24.65-33.1)"
186.212.99.97 - - [11/May/2016:13:34:17 -0300] "GET /user/calendar/month?&month=5&year=2016 HTTP/1.1" 200 58 "-" "Dalvik/2.1.0 (Linux; U; Android 6.0; MotoG3 Build/MPI24.65-33.1)"
177.98.208.210 - - [11/May/2016:13:34:18 -0300] "GET /user/household/57335eaefb2af3c50833acfc HTTP/1.1" 200 56 "-" "Dalvik/1.6.0 (Linux; U; Android 4.4.4; SM-G130BU Build/KTU84P)"
187.59.241.58 - - [11/May/2016:13:34:19 -0300] "GET /user/calendar/year?year=2016 HTTP/1.1" 200 58 "-" "Dalvik/2.1.0 (Linux; U; Android 6.0; MotoG3 Build/MPI24.65-33.1)"
186.212.141.40 - - [11/May/2016:13:34:20 -0300] "GET /user/calendar/day?day=11&month=5&year=2016 HTTP/1.1" 200 58 "-" "Dalvik/2.1.0 (Linux; U; Android 6.0; MotoG3 Build/MPI24.65-33.1)"
177.207.124.46 - - [11/May/2016:13:34:24 -0300] "POST /user/create HTTP/1.1" 200 576 "-" "Dalvik/1.6.0 (Linux; U; Android 4.4.4; SM-G530H Build/KTU84P)"
189.49.104.205 - - [11/May/2016:13:34:28 -0300] "POST /user/create HTTP/1.1" 200 602 "-" "Dalvik/2.1.0 (Linux; U; Android 5.1; XT1032 Build/LPBS23.13-56-2)"
189.49.104.205 - - [11/May/2016:13:34:29 -0300] "POST /user/login HTTP/1.1" 200 792 "-" "Dalvik/2.1.0 (Linux; U; Android 5.1; XT1032 Build/LPBS23.13-56-2)"
177.85.248.254 - - [11/May/2016:13:34:29 -0300] "GET /symptoms HTTP/1.1" 200 706 "-" "Dalvik/2.1.0 (Linux; U; Android 5.1.1; SM-G531BT Build/LMY48B)"
152.239.142.95 - - [11/May/2016:13:34:30 -0300] "POST /survey/create HTTP/1.1" 200 430 "-" "Dalvik/2.1.0 (Linux; U; Android 6.0; MotoG3 Build/MPI24.65-25)"
177.36.10.210 - - [11/May/2016:13:34:32 -0300] "GET /user/get?gl=113999815598859896562 HTTP/1.1" 200 56 "-" "Dalvik/2.1.0 (Linux; U; Android 6.0; XT1068 Build/MPB24.65-34)"
187.113.108.112 - - [11/May/2016:13:34:35 -0300] "GET /user/lookup/ HTTP/1.1" 200 765 "-" "Dalvik/2.1.0 (Linux; U; Android 6.0; MotoG3 Build/MPI24.65-33.1)"
177.207.124.46 - - [11/May/2016:13:34:36 -0300] "GET /user/household/57335f10fb2af3c50833ad11 HTTP/1.1" 200 56 "-" "Dalvik/1.6.0 (Linux; U; Android 4.4.4; SM-G530H Build/KTU84P)"
189.49.104.205 - - [11/May/2016:13:34:36 -0300] "GET /user/household/57335f14fb2af3c50833ad12 HTTP/1.1" 200 56 "-" "Dalvik/2.1.0 (Linux; U; Android 5.1; XT1032 Build/LPBS23.13-56-2)"
186.212.98.252 - - [11/May/2016:13:34:37 -0300] "GET /user/calendar/day?day=11&month=5&year=2016 HTTP/1.1" 200 58 "-" "Dalvik/2.1.0 (Linux; U; Android 6.0; MotoG3 Build/MPI24.65-33.1)"
187.113.110.249 - - [11/May/2016:13:34:38 -0300] "POST /user/create HTTP/1.1" 200 605 "-" "Dalvik/2.1.0 (Linux; U; Android 5.0; LG-X170fTV Build/LRX21M)"
187.113.110.249 - - [11/May/2016:13:34:40 -0300] "POST /user/login HTTP/1.1" 200 798 "-" "Dalvik/2.1.0 (Linux; U; Android 5.0; LG-X170fTV Build/LRX21M)"
189.115.175.186 - - [11/May/2016:13:34:41 -0300] "POST /user/create HTTP/1.1" 200 692 "-" "Dalvik/1.6.0 (Linux; U; Android 4.4.2; XT918 Build/3_19A_2009)"
189.49.104.205 - - [11/May/2016:13:34:41 -0300] "POST /survey/create HTTP/1.1" 200 431 "-" "Dalvik/2.1.0 (Linux; U; Android 5.1; XT1032 Build/LPBS23.13-56-2)"
191.248.241.164 - - [11/May/2016:13:34:42 -0300] "POST /user/create HTTP/1.1" 200 570 "-" "Dalvik/2.1.0 (Linux; U; Android 6.0; XT1068 Build/MPB24.65-34)"
187.113.121.39 - - [11/May/2016:13:34:42 -0300] "GET /user/household/57335f03fb2af3c50833ad0f HTTP/1.1" 200 56 "-" "Dalvik/2.1.0 (Linux; U; Android 6.0; MotoG3 Build/MPI24.65-33.1)"
189.115.175.186 - - [11/May/2016:13:34:43 -0300] "POST /user/login HTTP/1.1" 200 876 "-" "Dalvik/1.6.0 (Linux; U; Android 4.4.2; XT918 Build/3_19A_2009)"
191.248.19.236 - - [11/May/2016:13:34:44 -0300] "POST /user/create HTTP/1.1" 200 714 "-" "Dalvik/2.1.0 (Linux; U; Android 5.0.1; LG-H422 Build/LRX21Y)"
177.98.30.238 - - [11/May/2016:13:34:45 -0300] "POST /user/create HTTP/1.1" 200 651 "-" "Dalvik/1.6.0 (Linux; U; Android 4.4.2; SM-G313M Build/KOT49H)"
152.239.142.95 - - [11/May/2016:13:34:45 -0300] "GET /user/household/57335ef6fb2af3c50833ad0c HTTP/1.1" 200 56 "-" "Dalvik/2.1.0 (Linux; U; Android 6.0; MotoG3 Build/MPI24.65-25)"
191.248.19.236 - - [11/May/2016:13:34:45 -0300] "POST /user/login HTTP/1.1" 200 896 "-" "Dalvik/2.1.0 (Linux; U; Android 5.0.1; LG-H422 Build/LRX21Y)"
177.40.181.114 - - [11/May/2016:13:34:48 -0300] "GET /user/get?fb=null HTTP/1.1" 200 56 "-" "Dalvik/2.1.0 (Linux; U; Android 6.0; XT1069 Build/MPB24.65-34)"
189.70.129.141 - - [11/May/2016:13:34:48 -0300] "POST /user/login HTTP/1.1" 200 77 "-" "Dalvik/2.1.0 (Linux; U; Android 5.1.1; D6643 Build/23.4.A.1.232)"
177.40.181.114 - - [11/May/2016:13:34:49 -0300] "GET /user/get?fb=795015103963398 HTTP/1.1" 200 56 "-" "Dalvik/2.1.0 (Linux; U; Android 6.0; XT1069 Build/MPB24.65-34)"
177.135.56.102 - - [11/May/2016:13:34:49 -0300] "GET /user/get?fb=null HTTP/1.1" 200 56 "-" "Dalvik/2.1.0 (Linux; U; Android 6.0; MotoE2(4G-LTE) Build/MPI24.65-39)"
177.135.56.102 - - [11/May/2016:13:34:50 -0300] "GET /user/get?fb=255516668136743 HTTP/1.1" 200 56 "-" "Dalvik/2.1.0 (Linux; U; Android 6.0; MotoE2(4G-LTE) Build/MPI24.65-39)"
187.113.173.145 - - [11/May/2016:13:34:51 -0300] "GET /user/get?fb=null HTTP/1.1" 200 56 "-" "Dalvik/1.6.0 (Linux; U; Android 4.4.4; SM-G530H Build/KTU84P)"
186.212.141.40 - - [11/May/2016:13:34:53 -0300] "GET /user/household/57335e4dfb2af3c50833acf5 HTTP/1.1" 200 56 "-" "Dalvik/2.1.0 (Linux; U; Android 6.0; MotoG3 Build/MPI24.65-33.1)"
191.33.45.170 - - [11/May/2016:13:34:53 -0300] "POST /user/create HTTP/1.1" 200 222 "-" "Dalvik/1.6.0 (Linux; U; Android 4.4.4; SM-G530BT Build/KTU84P)"
