179.108.248.49 - - [07/Mar/2016:13:16:35 -0300] "GET /user/calendar/day?day=29&month=3&year=2016 HTTP/1.1" 200 58 "-" "Dalvik/2.1.0 (Linux; U; Android 5.0; LG-D855 Build/LRX21R.A1449202626)"
179.108.248.49 - - [07/Mar/2016:13:16:35 -0300] "GET /user/calendar/day?day=30&month=3&year=2016 HTTP/1.1" 200 58 "-" "Dalvik/2.1.0 (Linux; U; Android 5.0; LG-D855 Build/LRX21R.A1449202626)"
179.108.248.49 - - [07/Mar/2016:13:16:37 -0300] "GET /news/get HTTP/1.1" 200 3830 "-" "Dalvik/2.1.0 (Linux; U; Android 5.0; LG-D855 Build/LRX21R.A1449202626)"
179.108.248.49 - - [07/Mar/2016:13:16:39 -0300] "GET /user/calendar/day?day=31&month=3&year=2016 HTTP/1.1" 200 58 "-" "Dalvik/2.1.0 (Linux; U; Android 5.0; LG-D855 Build/LRX21R.A1449202626)"
179.108.248.49 - - [07/Mar/2016:13:16:40 -0300] "GET /user/calendar/day?day=7&month=3&year=2016 HTTP/1.1" 200 115 "-" "Dalvik/2.1.0 (Linux; U; Android 5.0; LG-D855 Build/LRX21R.A1449202626)"
179.180.13.19 - - [07/Mar/2016:13:38:35 -0300] "GET /user/lookup/ HTTP/1.1" 200 804 "-" "Guardioes da Saude/1.1.3 (iPhone; iOS 9.2; Scale/2.00)"
177.38.200.167 - - [07/Mar/2016:13:45:50 -0300] "GET /user/get?fb=null HTTP/1.1" 200 56 "-" "Dalvik/2.1.0 (Linux; U; Android 6.0; XT1069 Build/MPB24.65-34)"
177.38.200.167 - - [07/Mar/2016:13:45:51 -0300] "GET /user/get?fb=155316038184362 HTTP/1.1" 200 56 "-" "Dalvik/2.1.0 (Linux; U; Android 6.0; XT1069 Build/MPB24.65-34)"
177.38.200.167 - - [07/Mar/2016:13:46:04 -0300] "OPTIONS /search/cities?limit=5 HTTP/1.1" 204 0 "http://guardioesdasaude.org/" "Mozilla/5.0 (Macintosh; Intel Mac OS X 10_10_5) AppleWebKit/537.36 (KHTML, like Gecko) Chrome/48.0.2564.116 Safari/537.36"
177.38.200.167 - - [07/Mar/2016:13:46:05 -0300] "GET /search/cities?limit=5 HTTP/1.1" 200 152 "http://guardioesdasaude.org/" "Mozilla/5.0 (Macintosh; Intel Mac OS X 10_10_5) AppleWebKit/537.36 (KHTML, like Gecko) Chrome/48.0.2564.116 Safari/537.36"
177.38.200.167 - - [07/Mar/2016:13:46:14 -0300] "POST /user/create HTTP/1.1" 200 226 "-" "Dalvik/2.1.0 (Linux; U; Android 6.0; XT1069 Build/MPB24.65-34)"
177.38.200.167 - - [07/Mar/2016:13:46:25 -0300] "POST /user/create HTTP/1.1" 200 226 "-" "Dalvik/2.1.0 (Linux; U; Android 6.0; XT1069 Build/MPB24.65-34)"
177.38.200.167 - - [07/Mar/2016:13:47:00 -0300] "GET /user/get?tw=700006853359575040-fs7NgusVGvzOA1YXpR4CI5rGnlowy6u HTTP/1.1" 200 56 "-" "Dalvik/2.1.0 (Linux; U; Android 6.0; XT1069 Build/MPB24.65-34)"
177.38.200.167 - - [07/Mar/2016:13:47:27 -0300] "POST /user/create HTTP/1.1" 200 630 "-" "Dalvik/2.1.0 (Linux; U; Android 6.0; XT1069 Build/MPB24.65-34)"
177.38.200.167 - - [07/Mar/2016:13:47:28 -0300] "POST /user/login HTTP/1.1" 200 794 "-" "Dalvik/2.1.0 (Linux; U; Android 6.0; XT1069 Build/MPB24.65-34)"
187.113.119.254 - - [07/Mar/2016:13:52:49 -0300] "GET /user/lookup/ HTTP/1.1" 200 1464 "-" "Guardioes da Saude/1.1.3 (iPad; iOS 9.2.1; Scale/2.00)"
187.113.119.254 - - [07/Mar/2016:13:52:50 -0300] "GET /user/household/56d875b8722561fc0ce35f6c HTTP/1.1" 200 505 "-" "Guardioes da Saude/1.1.3 (iPad; iOS 9.2.1; Scale/2.00)"
177.38.200.167 - - [07/Mar/2016:13:52:52 -0300] "GET /user/household/56ddb09f852235370d361027 HTTP/1.1" 200 56 "-" "Dalvik/2.1.0 (Linux; U; Android 6.0; XT1069 Build/MPB24.65-34)"
187.113.119.254 - - [07/Mar/2016:13:52:52 -0300] "GET /symptoms HTTP/1.1" 304 0 "-" "Guardioes da Saude/1.1.3 (iPad; iOS 9.2.1; Scale/2.00)"
177.38.200.167 - - [07/Mar/2016:13:52:55 -0300] "GET /user/household/56ddb09f852235370d361027 HTTP/1.1" 200 56 "-" "Dalvik/2.1.0 (Linux; U; Android 6.0; XT1069 Build/MPB24.65-34)"
187.113.119.254 - - [07/Mar/2016:13:52:56 -0300] "GET /user/household/56d875b8722561fc0ce35f6c HTTP/1.1" 200 505 "-" "Guardioes da Saude/1.1.3 (iPad; iOS 9.2.1; Scale/2.00)"
187.113.119.254 - - [07/Mar/2016:13:53:00 -0300] "GET /user/household/56d875b8722561fc0ce35f6c HTTP/1.1" 200 505 "-" "Guardioes da Saude/1.1.3 (iPad; iOS 9.2.1; Scale/2.00)"
177.38.200.167 - - [07/Mar/2016:13:53:01 -0300] "GET /news/get HTTP/1.1" 200 3834 "-" "Dalvik/2.1.0 (Linux; U; Android 6.0; XT1069 Build/MPB24.65-34)"
187.113.119.254 - - [07/Mar/2016:13:53:03 -0300] "GET /user/household/56d875b8722561fc0ce35f6c HTTP/1.1" 200 505 "-" "Guardioes da Saude/1.1.3 (iPad; iOS 9.2.1; Scale/2.00)"
177.38.200.167 - - [07/Mar/2016:13:53:04 -0300] "GET /surveys/summary/?lon=-34.8922789&lat=-8.0867771 HTTP/1.1" 200 218 "-" "Dalvik/2.1.0 (Linux; U; Android 6.0; XT1069 Build/MPB24.65-34)"
177.38.200.167 - - [07/Mar/2016:13:53:05 -0300] "GET /surveys/l?lon=-34.8922789&lat=-8.0867771 HTTP/1.1" 200 5535 "-" "Dalvik/2.1.0 (Linux; U; Android 6.0; XT1069 Build/MPB24.65-34)"
187.113.119.254 - - [07/Mar/2016:13:53:09 -0300] "GET /user/household/56d875b8722561fc0ce35f6c HTTP/1.1" 200 505 "-" "Guardioes da Saude/1.1.3 (iPad; iOS 9.2.1; Scale/2.00)"
187.113.119.254 - - [07/Mar/2016:13:53:27 -0300] "GET /user/household/56d875b8722561fc0ce35f6c HTTP/1.1" 200 505 "-" "Guardioes da Saude/1.1.3 (iPad; iOS 9.2.1; Scale/2.00)"
177.38.200.167 - - [07/Mar/2016:13:54:02 -0300] "GET /news/get HTTP/1.1" 200 3834 "-" "Dalvik/2.1.0 (Linux; U; Android 6.0; XT1069 Build/MPB24.65-34)"
177.38.200.167 - - [07/Mar/2016:13:54:04 -0300] "GET /surveys/summary/?lon=-34.8923107&lat=-8.08676 HTTP/1.1" 200 218 "-" "Dalvik/2.1.0 (Linux; U; Android 6.0; XT1069 Build/MPB24.65-34)"
177.38.200.167 - - [07/Mar/2016:13:54:05 -0300] "GET /surveys/l?lon=-34.8923107&lat=-8.08676 HTTP/1.1" 200 5534 "-" "Dalvik/2.1.0 (Linux; U; Android 6.0; XT1069 Build/MPB24.65-34)"
187.113.119.254 - - [07/Mar/2016:13:54:15 -0300] "GET /user/lookup/ HTTP/1.1" 200 1461 "-" "Dalvik/2.1.0 (Linux; U; Android 6.0.1; Nexus 5 Build/MMB29Q)"
177.38.200.167 - - [07/Mar/2016:13:54:22 -0300] "GET /surveys/l?q=brasilia-BR HTTP/1.1" 200 1604 "-" "Dalvik/2.1.0 (Linux; U; Android 6.0; XT1069 Build/MPB24.65-34)"
187.113.119.254 - - [07/Mar/2016:13:54:23 -0300] "GET /user/household/56d875b8722561fc0ce35f6c HTTP/1.1" 200 505 "-" "Dalvik/2.1.0 (Linux; U; Android 6.0.1; Nexus 5 Build/MMB29Q)"
177.38.200.167 - - [07/Mar/2016:13:54:24 -0300] "GET /surveys/summary/?lon=-47.8821658&lat=-15.7942287 HTTP/1.1" 200 214 "-" "Dalvik/2.1.0 (Linux; U; Android 6.0; XT1069 Build/MPB24.65-34)"
177.38.200.167 - - [07/Mar/2016:13:54:39 -0300] "GET /news/get HTTP/1.1" 200 3832 "-" "Dalvik/2.1.0 (Linux; U; Android 6.0; XT1069 Build/MPB24.65-34)"
177.38.200.167 - - [07/Mar/2016:13:54:40 -0300] "GET /surveys/summary/?lon=-34.8922634&lat=-8.0868663 HTTP/1.1" 200 237 "-" "Dalvik/2.1.0 (Linux; U; Android 6.0; XT1069 Build/MPB24.65-34)"
177.38.200.167 - - [07/Mar/2016:13:54:41 -0300] "GET /surveys/l?lon=-34.8922634&lat=-8.0868663 HTTP/1.1" 200 5547 "-" "Dalvik/2.1.0 (Linux; U; Android 6.0; XT1069 Build/MPB24.65-34)"
187.113.119.254 - - [07/Mar/2016:13:54:55 -0300] "GET /user/household/56d875b8722561fc0ce35f6c HTTP/1.1" 200 505 "-" "Dalvik/2.1.0 (Linux; U; Android 6.0.1; Nexus 5 Build/MMB29Q)"
187.113.119.254 - - [07/Mar/2016:13:55:08 -0300] "GET /user/household/56d875b8722561fc0ce35f6c HTTP/1.1" 200 505 "-" "Dalvik/2.1.0 (Linux; U; Android 6.0.1; Nexus 5 Build/MMB29Q)"
177.158.105.243 - - [07/Mar/2016:13:56:59 -0300] "OPTIONS /search/cities?limit=5 HTTP/1.1" 204 0 "http://guardioesdasaude.org/" "Mozilla/5.0 (iPhone; CPU iPhone OS 9_2_1 like Mac OS X) AppleWebKit/601.1.46 (KHTML, like Gecko) Mobile/13D15 [FBAN/FBIOS;FBAV/50.0.0.47.191;FBBV/23973043;FBDV/iPhone8,1;FBMD/iPhone;FBSN/iPhone OS;FBSV/9.2.1;FBSS/2; FBCR/TIM;FBID/phone;FBLC/en_US;FBOP/5]"
177.158.105.243 - - [07/Mar/2016:13:56:59 -0300] "GET /search/cities?limit=5 HTTP/1.1" 200 152 "http://guardioesdasaude.org/" "Mozilla/5.0 (iPhone; CPU iPhone OS 9_2_1 like Mac OS X) AppleWebKit/601.1.46 (KHTML, like Gecko) Mobile/13D15 [FBAN/FBIOS;FBAV/50.0.0.47.191;FBBV/23973043;FBDV/iPhone8,1;FBMD/iPhone;FBSN/iPhone OS;FBSV/9.2.1;FBSS/2; FBCR/TIM;FBID/phone;FBLC/en_US;FBOP/5]"
177.38.200.167 - - [07/Mar/2016:13:58:38 -0300] "GET /user/household/56ddb09f852235370d361027 HTTP/1.1" 200 56 "-" "Dalvik/2.1.0 (Linux; U; Android 6.0; XT1069 Build/MPB24.65-34)"
177.38.200.167 - - [07/Mar/2016:13:58:42 -0300] "GET /symptoms HTTP/1.1" 200 706 "-" "Dalvik/2.1.0 (Linux; U; Android 6.0; XT1069 Build/MPB24.65-34)"
177.38.200.167 - - [07/Mar/2016:13:59:49 -0300] "GET /symptoms HTTP/1.1" 200 706 "-" "Dalvik/2.1.0 (Linux; U; Android 6.0; XT1069 Build/MPB24.65-34)"
177.38.200.167 - - [07/Mar/2016:14:00:46 -0300] "GET /user/lookup/ HTTP/1.1" 200 768 "-" "Dalvik/2.1.0 (Linux; U; Android 6.0; XT1069 Build/MPB24.65-34)"
177.38.200.167 - - [07/Mar/2016:14:00:54 -0300] "GET /user/household/56ddb09f852235370d361027 HTTP/1.1" 200 56 "-" "Dalvik/2.1.0 (Linux; U; Android 6.0; XT1069 Build/MPB24.65-34)"
177.38.200.167 - - [07/Mar/2016:14:00:59 -0300] "GET /symptoms HTTP/1.1" 200 706 "-" "Dalvik/2.1.0 (Linux; U; Android 6.0; XT1069 Build/MPB24.65-34)"
177.38.200.167 - - [07/Mar/2016:14:01:19 -0300] "POST /survey/create HTTP/1.1" 200 556 "-" "Dalvik/2.1.0 (Linux; U; Android 6.0; XT1069 Build/MPB24.65-34)"
177.38.200.167 - - [07/Mar/2016:14:05:49 -0300] "GET /user/household/56ddb09f852235370d361027 HTTP/1.1" 200 56 "-" "Dalvik/2.1.0 (Linux; U; Android 6.0; XT1069 Build/MPB24.65-34)"
177.38.200.167 - - [07/Mar/2016:14:05:52 -0300] "GET /user/household/56ddb09f852235370d361027 HTTP/1.1" 200 56 "-" "Dalvik/2.1.0 (Linux; U; Android 6.0; XT1069 Build/MPB24.65-34)"
177.38.200.167 - - [07/Mar/2016:14:06:48 -0300] "GET /user/household/56ddb09f852235370d361027 HTTP/1.1" 200 56 "-" "Dalvik/2.1.0 (Linux; U; Android 6.0; XT1069 Build/MPB24.65-34)"
177.38.200.167 - - [07/Mar/2016:14:07:23 -0300] "GET /user/household/56ddb09f852235370d361027 HTTP/1.1" 200 56 "-" "Dalvik/2.1.0 (Linux; U; Android 6.0; XT1069 Build/MPB24.65-34)"
177.38.200.167 - - [07/Mar/2016:14:08:06 -0300] "GET /user/household/56ddb09f852235370d361027 HTTP/1.1" 200 56 "-" "Dalvik/2.1.0 (Linux; U; Android 6.0; XT1069 Build/MPB24.65-34)"
177.38.200.167 - - [07/Mar/2016:14:08:09 -0300] "GET /user/household/56ddb09f852235370d361027 HTTP/1.1" 200 56 "-" "Dalvik/2.1.0 (Linux; U; Android 6.0; XT1069 Build/MPB24.65-34)"
179.180.13.19 - - [07/Mar/2016:14:08:10 -0300] "GET /user/household/56d8763d4087341e0d9e8ec4 HTTP/1.1" 200 56 "-" "Guardioes da Saude/1.1.3 (iPhone; iOS 9.2; Scale/2.00)"
177.38.200.167 - - [07/Mar/2016:14:08:10 -0300] "GET /user/survey/summary HTTP/1.1" 200 69 "-" "Dalvik/2.1.0 (Linux; U; Android 6.0; XT1069 Build/MPB24.65-34)"
177.38.200.167 - - [07/Mar/2016:14:08:11 -0300] "GET /user/calendar/year?year=2016 HTTP/1.1" 200 109 "-" "Dalvik/2.1.0 (Linux; U; Android 6.0; XT1069 Build/MPB24.65-34)"
179.180.13.19 - - [07/Mar/2016:14:08:12 -0300] "POST /survey/create HTTP/1.1" 200 526 "-" "Guardioes da Saude/1.1.3 (iPhone; iOS 9.2; Scale/2.00)"
177.38.200.167 - - [07/Mar/2016:14:08:12 -0300] "GET /user/calendar/day?day=1&month=3&year=2016 HTTP/1.1" 200 58 "-" "Dalvik/2.1.0 (Linux; U; Android 6.0; XT1069 Build/MPB24.65-34)"
177.38.200.167 - - [07/Mar/2016:14:08:13 -0300] "GET /user/calendar/day?day=2&month=3&year=2016 HTTP/1.1" 200 58 "-" "Dalvik/2.1.0 (Linux; U; Android 6.0; XT1069 Build/MPB24.65-34)"
177.38.200.167 - - [07/Mar/2016:14:08:14 -0300] "GET /user/calendar/day?day=3&month=3&year=2016 HTTP/1.1" 200 58 "-" "Dalvik/2.1.0 (Linux; U; Android 6.0; XT1069 Build/MPB24.65-34)"
177.38.200.167 - - [07/Mar/2016:14:08:15 -0300] "GET /user/calendar/day?day=4&month=3&year=2016 HTTP/1.1" 200 58 "-" "Dalvik/2.1.0 (Linux; U; Android 6.0; XT1069 Build/MPB24.65-34)"
177.38.200.167 - - [07/Mar/2016:14:08:16 -0300] "GET /user/calendar/day?day=5&month=3&year=2016 HTTP/1.1" 200 58 "-" "Dalvik/2.1.0 (Linux; U; Android 6.0; XT1069 Build/MPB24.65-34)"
177.38.200.167 - - [07/Mar/2016:14:08:17 -0300] "GET /user/calendar/day?day=6&month=3&year=2016 HTTP/1.1" 200 58 "-" "Dalvik/2.1.0 (Linux; U; Android 6.0; XT1069 Build/MPB24.65-34)"
177.38.200.167 - - [07/Mar/2016:14:08:18 -0300] "GET /user/calendar/day?day=7&month=3&year=2016 HTTP/1.1" 200 116 "-" "Dalvik/2.1.0 (Linux; U; Android 6.0; XT1069 Build/MPB24.65-34)"
177.38.200.167 - - [07/Mar/2016:14:08:19 -0300] "GET /user/calendar/day?day=8&month=3&year=2016 HTTP/1.1" 200 58 "-" "Dalvik/2.1.0 (Linux; U; Android 6.0; XT1069 Build/MPB24.65-34)"
177.38.200.167 - - [07/Mar/2016:14:08:20 -0300] "GET /user/calendar/day?day=9&month=3&year=2016 HTTP/1.1" 200 58 "-" "Dalvik/2.1.0 (Linux; U; Android 6.0; XT1069 Build/MPB24.65-34)"
177.38.200.167 - - [07/Mar/2016:14:08:21 -0300] "GET /user/calendar/day?day=10&month=3&year=2016 HTTP/1.1" 200 58 "-" "Dalvik/2.1.0 (Linux; U; Android 6.0; XT1069 Build/MPB24.65-34)"
177.38.200.167 - - [07/Mar/2016:14:08:22 -0300] "GET /user/calendar/day?day=11&month=3&year=2016 HTTP/1.1" 200 58 "-" "Dalvik/2.1.0 (Linux; U; Android 6.0; XT1069 Build/MPB24.65-34)"
177.38.200.167 - - [07/Mar/2016:14:08:23 -0300] "GET /user/calendar/day?day=12&month=3&year=2016 HTTP/1.1" 200 58 "-" "Dalvik/2.1.0 (Linux; U; Android 6.0; XT1069 Build/MPB24.65-34)"
177.38.200.167 - - [07/Mar/2016:14:08:24 -0300] "GET /user/calendar/day?day=13&month=3&year=2016 HTTP/1.1" 200 58 "-" "Dalvik/2.1.0 (Linux; U; Android 6.0; XT1069 Build/MPB24.65-34)"
177.38.200.167 - - [07/Mar/2016:14:08:24 -0300] "GET /user/calendar/day?day=14&month=3&year=2016 HTTP/1.1" 200 58 "-" "Dalvik/2.1.0 (Linux; U; Android 6.0; XT1069 Build/MPB24.65-34)"
177.38.200.167 - - [07/Mar/2016:14:08:26 -0300] "GET /user/calendar/day?day=15&month=3&year=2016 HTTP/1.1" 200 58 "-" "Dalvik/2.1.0 (Linux; U; Android 6.0; XT1069 Build/MPB24.65-34)"
177.38.200.167 - - [07/Mar/2016:14:08:27 -0300] "GET /user/calendar/day?day=16&month=3&year=2016 HTTP/1.1" 200 58 "-" "Dalvik/2.1.0 (Linux; U; Android 6.0; XT1069 Build/MPB24.65-34)"
177.38.200.167 - - [07/Mar/2016:14:08:28 -0300] "GET /user/calendar/day?day=17&month=3&year=2016 HTTP/1.1" 200 58 "-" "Dalvik/2.1.0 (Linux; U; Android 6.0; XT1069 Build/MPB24.65-34)"
177.38.200.167 - - [07/Mar/2016:14:08:28 -0300] "GET /user/calendar/day?day=18&month=3&year=2016 HTTP/1.1" 200 58 "-" "Dalvik/2.1.0 (Linux; U; Android 6.0; XT1069 Build/MPB24.65-34)"
177.38.200.167 - - [07/Mar/2016:14:08:29 -0300] "GET /user/calendar/day?day=19&month=3&year=2016 HTTP/1.1" 200 58 "-" "Dalvik/2.1.0 (Linux; U; Android 6.0; XT1069 Build/MPB24.65-34)"
177.38.200.167 - - [07/Mar/2016:14:08:30 -0300] "GET /user/calendar/day?day=20&month=3&year=2016 HTTP/1.1" 200 58 "-" "Dalvik/2.1.0 (Linux; U; Android 6.0; XT1069 Build/MPB24.65-34)"
177.38.200.167 - - [07/Mar/2016:14:08:31 -0300] "GET /user/calendar/day?day=21&month=3&year=2016 HTTP/1.1" 200 58 "-" "Dalvik/2.1.0 (Linux; U; Android 6.0; XT1069 Build/MPB24.65-34)"
177.38.200.167 - - [07/Mar/2016:14:08:32 -0300] "GET /user/calendar/day?day=22&month=3&year=2016 HTTP/1.1" 200 58 "-" "Dalvik/2.1.0 (Linux; U; Android 6.0; XT1069 Build/MPB24.65-34)"
177.38.200.167 - - [07/Mar/2016:14:08:33 -0300] "GET /user/calendar/day?day=23&month=3&year=2016 HTTP/1.1" 200 58 "-" "Dalvik/2.1.0 (Linux; U; Android 6.0; XT1069 Build/MPB24.65-34)"
177.38.200.167 - - [07/Mar/2016:14:08:34 -0300] "GET /user/calendar/day?day=24&month=3&year=2016 HTTP/1.1" 200 58 "-" "Dalvik/2.1.0 (Linux; U; Android 6.0; XT1069 Build/MPB24.65-34)"
177.38.200.167 - - [07/Mar/2016:14:08:35 -0300] "GET /user/calendar/day?day=25&month=3&year=2016 HTTP/1.1" 200 58 "-" "Dalvik/2.1.0 (Linux; U; Android 6.0; XT1069 Build/MPB24.65-34)"
177.38.200.167 - - [07/Mar/2016:14:08:36 -0300] "GET /user/calendar/day?day=26&month=3&year=2016 HTTP/1.1" 200 58 "-" "Dalvik/2.1.0 (Linux; U; Android 6.0; XT1069 Build/MPB24.65-34)"
177.38.200.167 - - [07/Mar/2016:14:08:37 -0300] "GET /user/calendar/day?day=27&month=3&year=2016 HTTP/1.1" 200 58 "-" "Dalvik/2.1.0 (Linux; U; Android 6.0; XT1069 Build/MPB24.65-34)"
177.38.200.167 - - [07/Mar/2016:14:08:38 -0300] "GET /user/calendar/day?day=28&month=3&year=2016 HTTP/1.1" 200 58 "-" "Dalvik/2.1.0 (Linux; U; Android 6.0; XT1069 Build/MPB24.65-34)"
177.38.200.167 - - [07/Mar/2016:14:08:38 -0300] "GET /user/calendar/day?day=29&month=3&year=2016 HTTP/1.1" 200 58 "-" "Dalvik/2.1.0 (Linux; U; Android 6.0; XT1069 Build/MPB24.65-34)"
177.38.200.167 - - [07/Mar/2016:14:08:39 -0300] "GET /user/calendar/day?day=30&month=3&year=2016 HTTP/1.1" 200 58 "-" "Dalvik/2.1.0 (Linux; U; Android 6.0; XT1069 Build/MPB24.65-34)"
177.38.200.167 - - [07/Mar/2016:14:08:40 -0300] "GET /user/calendar/day?day=31&month=3&year=2016 HTTP/1.1" 200 58 "-" "Dalvik/2.1.0 (Linux; U; Android 6.0; XT1069 Build/MPB24.65-34)"
177.38.200.167 - - [07/Mar/2016:14:08:41 -0300] "GET /user/calendar/day?day=7&month=3&year=2016 HTTP/1.1" 200 116 "-" "Dalvik/2.1.0 (Linux; U; Android 6.0; XT1069 Build/MPB24.65-34)"
179.180.13.19 - - [07/Mar/2016:14:09:00 -0300] "GET /user/household/56d8763d4087341e0d9e8ec4 HTTP/1.1" 200 56 "-" "Guardioes da Saude/1.1.3 (iPhone; iOS 9.2; Scale/2.00)"
179.180.13.19 - - [07/Mar/2016:14:09:01 -0300] "POST /survey/create HTTP/1.1" 200 526 "-" "Guardioes da Saude/1.1.3 (iPhone; iOS 9.2; Scale/2.00)"
177.38.200.167 - - [07/Mar/2016:14:15:10 -0300] "POST /user/create HTTP/1.1" 200 431 "-" "Dalvik/1.6.0 (Linux; U; Android 4.4.4; Motorola Moto X - 4.4.4 - API 19 - 720x1280 Build/KTU84P)"
177.38.200.167 - - [07/Mar/2016:14:17:05 -0300] "GET /user/lookup/ HTTP/1.1" 200 1613 "-" "Guardioes da Saude/1.1.3 (iPhone; iOS 9.2.1; Scale/2.00)"
177.38.200.167 - - [07/Mar/2016:14:17:16 -0300] "GET /user/household/56d89780852235370d360ea6 HTTP/1.1" 200 476 "-" "Guardioes da Saude/1.1.3 (iPhone; iOS 9.2.1; Scale/2.00)"
177.38.200.167 - - [07/Mar/2016:14:18:08 -0300] "GET /user/household/56ddb71e852235370d36102b HTTP/1.1" 200 56 "-" "Dalvik/1.6.0 (Linux; U; Android 4.4.4; Motorola Moto X - 4.4.4 - API 19 - 720x1280 Build/KTU84P)"
177.38.200.167 - - [07/Mar/2016:14:18:12 -0300] "GET /user/household/56ddb71e852235370d36102b HTTP/1.1" 200 56 "-" "Dalvik/1.6.0 (Linux; U; Android 4.4.4; Motorola Moto X - 4.4.4 - API 19 - 720x1280 Build/KTU84P)"
177.38.200.167 - - [07/Mar/2016:14:18:13 -0300] "GET /user/household/56ddb71e852235370d36102b HTTP/1.1" 200 56 "-" "Dalvik/1.6.0 (Linux; U; Android 4.4.4; Motorola Moto X - 4.4.4 - API 19 - 720x1280 Build/KTU84P)"
177.38.200.167 - - [07/Mar/2016:14:18:21 -0300] "GET /user/lookup/ HTTP/1.1" 200 563 "-" "Dalvik/1.6.0 (Linux; U; Android 4.4.4; Motorola Moto X - 4.4.4 - API 19 - 720x1280 Build/KTU84P)"
177.38.200.167 - - [07/Mar/2016:14:18:32 -0300] "GET /user/household/56ddb71e852235370d36102b HTTP/1.1" 200 56 "-" "Dalvik/1.6.0 (Linux; U; Android 4.4.4; Motorola Moto X - 4.4.4 - API 19 - 720x1280 Build/KTU84P)"
177.38.200.167 - - [07/Mar/2016:14:18:32 -0300] "GET /user/household/56ddb71e852235370d36102b HTTP/1.1" 200 56 "-" "Dalvik/1.6.0 (Linux; U; Android 4.4.4; Motorola Moto X - 4.4.4 - API 19 - 720x1280 Build/KTU84P)"
177.38.200.167 - - [07/Mar/2016:14:21:11 -0300] "GET /user/get?fb=155316038184362 HTTP/1.1" 200 1007 "-" "Dalvik/2.1.0 (Linux; U; Android 6.0; XT1069 Build/MPB24.65-34)"
177.38.200.167 - - [07/Mar/2016:14:21:13 -0300] "POST /user/login HTTP/1.1" 200 1075 "-" "Dalvik/2.1.0 (Linux; U; Android 6.0; XT1069 Build/MPB24.65-34)"
177.38.200.167 - - [07/Mar/2016:14:21:27 -0300] "GET /user/household/56ddb09f852235370d361027 HTTP/1.1" 200 56 "-" "Dalvik/2.1.0 (Linux; U; Android 6.0; XT1069 Build/MPB24.65-34)"
177.38.200.167 - - [07/Mar/2016:14:21:52 -0300] "GET /user/get?fb=155316038184362 HTTP/1.1" 200 1007 "-" "Dalvik/2.1.0 (Linux; U; Android 6.0; XT1069 Build/MPB24.65-34)"
177.38.200.167 - - [07/Mar/2016:14:21:53 -0300] "POST /user/login HTTP/1.1" 200 1075 "-" "Dalvik/2.1.0 (Linux; U; Android 6.0; XT1069 Build/MPB24.65-34)"
177.38.200.167 - - [07/Mar/2016:14:22:04 -0300] "GET /user/household/56ddb09f852235370d361027 HTTP/1.1" 200 56 "-" "Dalvik/2.1.0 (Linux; U; Android 6.0; XT1069 Build/MPB24.65-34)"
177.38.200.167 - - [07/Mar/2016:14:22:07 -0300] "GET /user/household/56ddb09f852235370d361027 HTTP/1.1" 200 56 "-" "Dalvik/2.1.0 (Linux; U; Android 6.0; XT1069 Build/MPB24.65-34)"
177.98.60.9 - - [07/Mar/2016:14:22:14 -0300] "OPTIONS /search/cities?limit=5 HTTP/1.1" 204 0 "http://guardioesdasaude.org/" "Mozilla/5.0 (Macintosh; Intel Mac OS X 10_11_3) AppleWebKit/537.36 (KHTML, like Gecko) Chrome/48.0.2564.116 Safari/537.36"
177.98.60.9 - - [07/Mar/2016:14:22:15 -0300] "GET /search/cities?limit=5 HTTP/1.1" 200 152 "http://guardioesdasaude.org/" "Mozilla/5.0 (Macintosh; Intel Mac OS X 10_11_3) AppleWebKit/537.36 (KHTML, like Gecko) Chrome/48.0.2564.116 Safari/537.36"
177.98.60.9 - - [07/Mar/2016:14:22:39 -0300] "GET /search/cities?limit=5 HTTP/1.1" 200 152 "http://guardioesdasaude.org/" "Mozilla/5.0 (Macintosh; Intel Mac OS X 10_11_3) AppleWebKit/537.36 (KHTML, like Gecko) Chrome/48.0.2564.116 Safari/537.36"
186.223.135.59 - - [07/Mar/2016:14:23:19 -0300] "OPTIONS /search/cities?limit=5 HTTP/1.1" 204 0 "-" "Mozilla/5.0 (Macintosh; Intel Mac OS X 10.9; rv:46.0) Gecko/20100101 Firefox/46.0"
186.223.135.59 - - [07/Mar/2016:14:23:19 -0300] "OPTIONS /search/cities?limit=5 HTTP/1.1" 204 0 "-" "Mozilla/5.0 (Macintosh; Intel Mac OS X 10.9; rv:46.0) Gecko/20100101 Firefox/46.0"
186.223.135.59 - - [07/Mar/2016:14:23:19 -0300] "GET /search/cities?limit=5 HTTP/1.1" 200 152 "http://guardioesdasaude.org/" "Mozilla/5.0 (Macintosh; Intel Mac OS X 10.9; rv:46.0) Gecko/20100101 Firefox/46.0"
186.223.135.59 - - [07/Mar/2016:14:23:19 -0300] "OPTIONS /search/cities?limit=5 HTTP/1.1" 204 0 "-" "Mozilla/5.0 (Macintosh; Intel Mac OS X 10.9; rv:46.0) Gecko/20100101 Firefox/46.0"
186.223.135.59 - - [07/Mar/2016:14:23:20 -0300] "GET /search/cities?limit=5 HTTP/1.1" 200 152 "http://guardioesdasaude.org/" "Mozilla/5.0 (Macintosh; Intel Mac OS X 10.9; rv:46.0) Gecko/20100101 Firefox/46.0"
186.223.135.59 - - [07/Mar/2016:14:23:20 -0300] "GET /search/cities?limit=5 HTTP/1.1" 200 152 "http://guardioesdasaude.org/" "Mozilla/5.0 (Macintosh; Intel Mac OS X 10.9; rv:46.0) Gecko/20100101 Firefox/46.0"
186.223.135.59 - - [07/Mar/2016:14:23:24 -0300] "GET /search/cities?limit=5 HTTP/1.1" 200 152 "http://guardioesdasaude.org/" "Mozilla/5.0 (Macintosh; Intel Mac OS X 10.9; rv:46.0) Gecko/20100101 Firefox/46.0"
186.223.135.59 - - [07/Mar/2016:14:23:24 -0300] "GET /search/cities?limit=5 HTTP/1.1" 200 152 "http://guardioesdasaude.org/" "Mozilla/5.0 (Macintosh; Intel Mac OS X 10.9; rv:46.0) Gecko/20100101 Firefox/46.0"
186.223.135.59 - - [07/Mar/2016:14:23:24 -0300] "GET /search/cities?limit=5 HTTP/1.1" 200 152 "http://guardioesdasaude.org/" "Mozilla/5.0 (Macintosh; Intel Mac OS X 10.9; rv:46.0) Gecko/20100101 Firefox/46.0"
186.223.135.59 - - [07/Mar/2016:14:24:10 -0300] "OPTIONS /user/survey/summary HTTP/1.1" 204 0 "-" "Mozilla/5.0 (Macintosh; Intel Mac OS X 10.9; rv:46.0) Gecko/20100101 Firefox/46.0"
186.223.135.59 - - [07/Mar/2016:14:24:10 -0300] "OPTIONS /user/calendar/month?month=3&year=2016 HTTP/1.1" 204 0 "-" "Mozilla/5.0 (Macintosh; Intel Mac OS X 10.9; rv:46.0) Gecko/20100101 Firefox/46.0"
186.223.135.59 - - [07/Mar/2016:14:24:10 -0300] "OPTIONS /user/calendar/year?year=2016 HTTP/1.1" 204 0 "-" "Mozilla/5.0 (Macintosh; Intel Mac OS X 10.9; rv:46.0) Gecko/20100101 Firefox/46.0"
186.223.135.59 - - [07/Mar/2016:14:24:10 -0300] "GET /user/survey/summary HTTP/1.1" 302 33 "http://guardioesdasaude.org/health-daily" "Mozilla/5.0 (Macintosh; Intel Mac OS X 10.9; rv:46.0) Gecko/20100101 Firefox/46.0"
186.223.135.59 - - [07/Mar/2016:14:24:10 -0300] "GET /user/calendar/year?year=2016 HTTP/1.1" 302 33 "http://guardioesdasaude.org/health-daily" "Mozilla/5.0 (Macintosh; Intel Mac OS X 10.9; rv:46.0) Gecko/20100101 Firefox/46.0"
186.223.135.59 - - [07/Mar/2016:14:24:10 -0300] "GET /user/calendar/month?month=3&year=2016 HTTP/1.1" 302 33 "http://guardioesdasaude.org/health-daily" "Mozilla/5.0 (Macintosh; Intel Mac OS X 10.9; rv:46.0) Gecko/20100101 Firefox/46.0"
186.223.135.59 - - [07/Mar/2016:14:24:10 -0300] "GET /search/cities?limit=5 HTTP/1.1" 200 152 "http://guardioesdasaude.org/health-daily" "Mozilla/5.0 (Macintosh; Intel Mac OS X 10.9; rv:46.0) Gecko/20100101 Firefox/46.0"
186.223.135.59 - - [07/Mar/2016:14:24:10 -0300] "GET /user/calendar/month?month=3&year=2016 HTTP/1.1" 302 33 "http://guardioesdasaude.org/health-daily" "Mozilla/5.0 (Macintosh; Intel Mac OS X 10.9; rv:46.0) Gecko/20100101 Firefox/46.0"
177.98.60.9 - - [07/Mar/2016:14:24:30 -0300] "OPTIONS /user/get?fb=1274841295865003 HTTP/1.1" 204 0 "http://guardioesdasaude.org/login" "Mozilla/5.0 (Macintosh; Intel Mac OS X 10_11_3) AppleWebKit/537.36 (KHTML, like Gecko) Chrome/48.0.2564.116 Safari/537.36"
177.98.60.9 - - [07/Mar/2016:14:24:30 -0300] "GET /user/get?fb=1274841295865003 HTTP/1.1" 200 830 "http://guardioesdasaude.org/login" "Mozilla/5.0 (Macintosh; Intel Mac OS X 10_11_3) AppleWebKit/537.36 (KHTML, like Gecko) Chrome/48.0.2564.116 Safari/537.36"
177.98.60.9 - - [07/Mar/2016:14:24:30 -0300] "OPTIONS /user/login HTTP/1.1" 204 0 "http://guardioesdasaude.org/login" "Mozilla/5.0 (Macintosh; Intel Mac OS X 10_11_3) AppleWebKit/537.36 (KHTML, like Gecko) Chrome/48.0.2564.116 Safari/537.36"
177.98.60.9 - - [07/Mar/2016:14:24:31 -0300] "POST /user/login HTTP/1.1" 200 896 "http://guardioesdasaude.org/login" "Mozilla/5.0 (Macintosh; Intel Mac OS X 10_11_3) AppleWebKit/537.36 (KHTML, like Gecko) Chrome/48.0.2564.116 Safari/537.36"
177.98.60.9 - - [07/Mar/2016:14:24:31 -0300] "GET /search/cities?limit=5 HTTP/1.1" 200 152 "http://guardioesdasaude.org/health-daily" "Mozilla/5.0 (Macintosh; Intel Mac OS X 10_11_3) AppleWebKit/537.36 (KHTML, like Gecko) Chrome/48.0.2564.116 Safari/537.36"
177.98.60.9 - - [07/Mar/2016:14:24:31 -0300] "OPTIONS /user/calendar/month?month=3&year=2016 HTTP/1.1" 204 0 "http://guardioesdasaude.org/health-daily" "Mozilla/5.0 (Macintosh; Intel Mac OS X 10_11_3) AppleWebKit/537.36 (KHTML, like Gecko) Chrome/48.0.2564.116 Safari/537.36"
177.98.60.9 - - [07/Mar/2016:14:24:32 -0300] "OPTIONS /user/calendar/year?year=2016 HTTP/1.1" 204 0 "http://guardioesdasaude.org/health-daily" "Mozilla/5.0 (Macintosh; Intel Mac OS X 10_11_3) AppleWebKit/537.36 (KHTML, like Gecko) Chrome/48.0.2564.116 Safari/537.36"
177.98.60.9 - - [07/Mar/2016:14:24:32 -0300] "GET /search/cities?limit=5 HTTP/1.1" 200 152 "http://guardioesdasaude.org/health-daily" "Mozilla/5.0 (Macintosh; Intel Mac OS X 10_11_3) AppleWebKit/537.36 (KHTML, like Gecko) Chrome/48.0.2564.116 Safari/537.36"
177.98.60.9 - - [07/Mar/2016:14:24:32 -0300] "OPTIONS /user/calendar/month?month=3&year=2016 HTTP/1.1" 204 0 "http://guardioesdasaude.org/health-daily" "Mozilla/5.0 (Macintosh; Intel Mac OS X 10_11_3) AppleWebKit/537.36 (KHTML, like Gecko) Chrome/48.0.2564.116 Safari/537.36"
177.98.60.9 - - [07/Mar/2016:14:24:32 -0300] "GET /search/cities?limit=5 HTTP/1.1" 200 152 "http://guardioesdasaude.org/health-daily" "Mozilla/5.0 (Macintosh; Intel Mac OS X 10_11_3) AppleWebKit/537.36 (KHTML, like Gecko) Chrome/48.0.2564.116 Safari/537.36"
177.98.60.9 - - [07/Mar/2016:14:24:32 -0300] "GET /user/calendar/month?month=3&year=2016 HTTP/1.1" 200 115 "http://guardioesdasaude.org/health-daily" "Mozilla/5.0 (Macintosh; Intel Mac OS X 10_11_3) AppleWebKit/537.36 (KHTML, like Gecko) Chrome/48.0.2564.116 Safari/537.36"
177.98.60.9 - - [07/Mar/2016:14:24:32 -0300] "GET /user/calendar/year?year=2016 HTTP/1.1" 200 109 "http://guardioesdasaude.org/health-daily" "Mozilla/5.0 (Macintosh; Intel Mac OS X 10_11_3) AppleWebKit/537.36 (KHTML, like Gecko) Chrome/48.0.2564.116 Safari/537.36"
177.98.60.9 - - [07/Mar/2016:14:24:32 -0300] "GET /user/calendar/month?month=3&year=2016 HTTP/1.1" 200 115 "http://guardioesdasaude.org/health-daily" "Mozilla/5.0 (Macintosh; Intel Mac OS X 10_11_3) AppleWebKit/537.36 (KHTML, like Gecko) Chrome/48.0.2564.116 Safari/537.36"
177.98.60.9 - - [07/Mar/2016:14:24:32 -0300] "OPTIONS /user/survey/summary HTTP/1.1" 204 0 "http://guardioesdasaude.org/health-daily" "Mozilla/5.0 (Macintosh; Intel Mac OS X 10_11_3) AppleWebKit/537.36 (KHTML, like Gecko) Chrome/48.0.2564.116 Safari/537.36"
177.98.60.9 - - [07/Mar/2016:14:24:33 -0300] "GET /user/survey/summary HTTP/1.1" 200 69 "http://guardioesdasaude.org/health-daily" "Mozilla/5.0 (Macintosh; Intel Mac OS X 10_11_3) AppleWebKit/537.36 (KHTML, like Gecko) Chrome/48.0.2564.116 Safari/537.36"
177.98.60.9 - - [07/Mar/2016:14:24:33 -0300] "OPTIONS /user/chart/month?month=3&year=2016 HTTP/1.1" 204 0 "http://guardioesdasaude.org/health-daily" "Mozilla/5.0 (Macintosh; Intel Mac OS X 10_11_3) AppleWebKit/537.36 (KHTML, like Gecko) Chrome/48.0.2564.116 Safari/537.36"
177.98.60.9 - - [07/Mar/2016:14:24:33 -0300] "GET /user/chart/month?month=3&year=2016 HTTP/1.1" 200 100 "http://guardioesdasaude.org/health-daily" "Mozilla/5.0 (Macintosh; Intel Mac OS X 10_11_3) AppleWebKit/537.36 (KHTML, like Gecko) Chrome/48.0.2564.116 Safari/537.36"
177.98.60.9 - - [07/Mar/2016:14:25:43 -0300] "OPTIONS /user/get/56d873f74087341e0d9e8ec1 HTTP/1.1" 204 0 "http://guardioesdasaude.org/profile" "Mozilla/5.0 (Macintosh; Intel Mac OS X 10_11_3) AppleWebKit/537.36 (KHTML, like Gecko) Chrome/48.0.2564.116 Safari/537.36"
177.98.60.9 - - [07/Mar/2016:14:25:43 -0300] "GET /search/cities?limit=5 HTTP/1.1" 200 152 "http://guardioesdasaude.org/profile" "Mozilla/5.0 (Macintosh; Intel Mac OS X 10_11_3) AppleWebKit/537.36 (KHTML, like Gecko) Chrome/48.0.2564.116 Safari/537.36"
177.98.60.9 - - [07/Mar/2016:14:25:44 -0300] "GET /user/get/56d873f74087341e0d9e8ec1 HTTP/1.1" 200 830 "http://guardioesdasaude.org/profile" "Mozilla/5.0 (Macintosh; Intel Mac OS X 10_11_3) AppleWebKit/537.36 (KHTML, like Gecko) Chrome/48.0.2564.116 Safari/537.36"
177.98.60.9 - - [07/Mar/2016:14:25:44 -0300] "GET /user/get/56d873f74087341e0d9e8ec1 HTTP/1.1" 304 0 "http://guardioesdasaude.org/profile/change-photo/56d873f74087341e0d9e8ec1" "Mozilla/5.0 (Macintosh; Intel Mac OS X 10_11_3) AppleWebKit/537.36 (KHTML, like Gecko) Chrome/48.0.2564.116 Safari/537.36"
177.98.60.9 - - [07/Mar/2016:14:25:44 -0300] "GET /search/cities?limit=5 HTTP/1.1" 200 152 "http://guardioesdasaude.org/profile/change-photo/56d873f74087341e0d9e8ec1" "Mozilla/5.0 (Macintosh; Intel Mac OS X 10_11_3) AppleWebKit/537.36 (KHTML, like Gecko) Chrome/48.0.2564.116 Safari/537.36"
177.98.60.9 - - [07/Mar/2016:14:25:57 -0300] "OPTIONS /user/update HTTP/1.1" 204 0 "http://guardioesdasaude.org/profile/change-photo/56d873f74087341e0d9e8ec1" "Mozilla/5.0 (Macintosh; Intel Mac OS X 10_11_3) AppleWebKit/537.36 (KHTML, like Gecko) Chrome/48.0.2564.116 Safari/537.36"
177.98.60.9 - - [07/Mar/2016:14:25:58 -0300] "POST /user/update HTTP/1.1" 200 86 "http://guardioesdasaude.org/profile/change-photo/56d873f74087341e0d9e8ec1" "Mozilla/5.0 (Macintosh; Intel Mac OS X 10_11_3) AppleWebKit/537.36 (KHTML, like Gecko) Chrome/48.0.2564.116 Safari/537.36"
177.98.60.9 - - [07/Mar/2016:14:25:58 -0300] "GET /user/get/56d873f74087341e0d9e8ec1 HTTP/1.1" 200 837 "http://guardioesdasaude.org/profile/change-photo/56d873f74087341e0d9e8ec1" "Mozilla/5.0 (Macintosh; Intel Mac OS X 10_11_3) AppleWebKit/537.36 (KHTML, like Gecko) Chrome/48.0.2564.116 Safari/537.36"
177.98.60.9 - - [07/Mar/2016:14:25:58 -0300] "GET /user/get/56d873f74087341e0d9e8ec1 HTTP/1.1" 304 0 "http://guardioesdasaude.org/profile" "Mozilla/5.0 (Macintosh; Intel Mac OS X 10_11_3) AppleWebKit/537.36 (KHTML, like Gecko) Chrome/48.0.2564.116 Safari/537.36"
177.98.60.9 - - [07/Mar/2016:14:25:58 -0300] "GET /search/cities?limit=5 HTTP/1.1" 200 152 "http://guardioesdasaude.org/profile" "Mozilla/5.0 (Macintosh; Intel Mac OS X 10_11_3) AppleWebKit/537.36 (KHTML, like Gecko) Chrome/48.0.2564.116 Safari/537.36"
177.98.60.9 - - [07/Mar/2016:14:26:13 -0300] "GET /user/survey/summary HTTP/1.1" 200 69 "http://guardioesdasaude.org/health-daily" "Mozilla/5.0 (Macintosh; Intel Mac OS X 10_11_3) AppleWebKit/537.36 (KHTML, like Gecko) Chrome/48.0.2564.116 Safari/537.36"
177.98.60.9 - - [07/Mar/2016:14:26:13 -0300] "GET /user/calendar/month?month=3&year=2016 HTTP/1.1" 200 115 "http://guardioesdasaude.org/health-daily" "Mozilla/5.0 (Macintosh; Intel Mac OS X 10_11_3) AppleWebKit/537.36 (KHTML, like Gecko) Chrome/48.0.2564.116 Safari/537.36"
177.98.60.9 - - [07/Mar/2016:14:26:13 -0300] "GET /user/calendar/year?year=2016 HTTP/1.1" 200 109 "http://guardioesdasaude.org/health-daily" "Mozilla/5.0 (Macintosh; Intel Mac OS X 10_11_3) AppleWebKit/537.36 (KHTML, like Gecko) Chrome/48.0.2564.116 Safari/537.36"
177.98.60.9 - - [07/Mar/2016:14:26:14 -0300] "GET /user/calendar/month?month=3&year=2016 HTTP/1.1" 200 115 "http://guardioesdasaude.org/health-daily" "Mozilla/5.0 (Macintosh; Intel Mac OS X 10_11_3) AppleWebKit/537.36 (KHTML, like Gecko) Chrome/48.0.2564.116 Safari/537.36"
177.98.60.9 - - [07/Mar/2016:14:26:14 -0300] "GET /search/cities?limit=5 HTTP/1.1" 200 152 "http://guardioesdasaude.org/health-daily" "Mozilla/5.0 (Macintosh; Intel Mac OS X 10_11_3) AppleWebKit/537.36 (KHTML, like Gecko) Chrome/48.0.2564.116 Safari/537.36"
177.98.60.9 - - [07/Mar/2016:14:26:14 -0300] "GET /user/chart/month?month=3&year=2016 HTTP/1.1" 200 100 "http://guardioesdasaude.org/health-daily" "Mozilla/5.0 (Macintosh; Intel Mac OS X 10_11_3) AppleWebKit/537.36 (KHTML, like Gecko) Chrome/48.0.2564.116 Safari/537.36"
177.98.60.9 - - [07/Mar/2016:14:26:14 -0300] "GET /user/chart/month?month=3&year=2016 HTTP/1.1" 200 100 "http://guardioesdasaude.org/health-daily" "Mozilla/5.0 (Macintosh; Intel Mac OS X 10_11_3) AppleWebKit/537.36 (KHTML, like Gecko) Chrome/48.0.2564.116 Safari/537.36"
177.98.60.9 - - [07/Mar/2016:14:26:23 -0300] "GET /user/get/56d873f74087341e0d9e8ec1 HTTP/1.1" 304 0 "http://guardioesdasaude.org/profile" "Mozilla/5.0 (Macintosh; Intel Mac OS X 10_11_3) AppleWebKit/537.36 (KHTML, like Gecko) Chrome/48.0.2564.116 Safari/537.36"
177.98.60.9 - - [07/Mar/2016:14:26:23 -0300] "GET /search/cities?limit=5 HTTP/1.1" 200 152 "http://guardioesdasaude.org/profile" "Mozilla/5.0 (Macintosh; Intel Mac OS X 10_11_3) AppleWebKit/537.36 (KHTML, like Gecko) Chrome/48.0.2564.116 Safari/537.36"
177.98.60.9 - - [07/Mar/2016:14:26:24 -0300] "GET /user/get/56d873f74087341e0d9e8ec1 HTTP/1.1" 304 0 "http://guardioesdasaude.org/profile/change-photo/56d873f74087341e0d9e8ec1" "Mozilla/5.0 (Macintosh; Intel Mac OS X 10_11_3) AppleWebKit/537.36 (KHTML, like Gecko) Chrome/48.0.2564.116 Safari/537.36"
177.98.60.9 - - [07/Mar/2016:14:26:24 -0300] "GET /search/cities?limit=5 HTTP/1.1" 200 152 "http://guardioesdasaude.org/profile/change-photo/56d873f74087341e0d9e8ec1" "Mozilla/5.0 (Macintosh; Intel Mac OS X 10_11_3) AppleWebKit/537.36 (KHTML, like Gecko) Chrome/48.0.2564.116 Safari/537.36"
177.98.60.9 - - [07/Mar/2016:14:26:30 -0300] "POST /user/update HTTP/1.1" 200 86 "http://guardioesdasaude.org/profile/change-photo/56d873f74087341e0d9e8ec1" "Mozilla/5.0 (Macintosh; Intel Mac OS X 10_11_3) AppleWebKit/537.36 (KHTML, like Gecko) Chrome/48.0.2564.116 Safari/537.36"
177.98.60.9 - - [07/Mar/2016:14:26:30 -0300] "GET /user/get/56d873f74087341e0d9e8ec1 HTTP/1.1" 200 836 "http://guardioesdasaude.org/profile/change-photo/56d873f74087341e0d9e8ec1" "Mozilla/5.0 (Macintosh; Intel Mac OS X 10_11_3) AppleWebKit/537.36 (KHTML, like Gecko) Chrome/48.0.2564.116 Safari/537.36"
177.98.60.9 - - [07/Mar/2016:14:26:31 -0300] "GET /user/get/56d873f74087341e0d9e8ec1 HTTP/1.1" 304 0 "http://guardioesdasaude.org/profile" "Mozilla/5.0 (Macintosh; Intel Mac OS X 10_11_3) AppleWebKit/537.36 (KHTML, like Gecko) Chrome/48.0.2564.116 Safari/537.36"
177.98.60.9 - - [07/Mar/2016:14:26:31 -0300] "GET /search/cities?limit=5 HTTP/1.1" 200 152 "http://guardioesdasaude.org/profile" "Mozilla/5.0 (Macintosh; Intel Mac OS X 10_11_3) AppleWebKit/537.36 (KHTML, like Gecko) Chrome/48.0.2564.116 Safari/537.36"
179.180.13.19 - - [07/Mar/2016:14:26:37 -0300] "GET /user/lookup/ HTTP/1.1" 200 931 "-" "Guardioes da Saude/1.1.3 (iPhone; iOS 9.2; Scale/2.00)"
177.98.60.9 - - [07/Mar/2016:14:26:39 -0300] "GET /search/cities?limit=5 HTTP/1.1" 200 152 "http://guardioesdasaude.org/health-tips" "Mozilla/5.0 (Macintosh; Intel Mac OS X 10_11_3) AppleWebKit/537.36 (KHTML, like Gecko) Chrome/48.0.2564.116 Safari/537.36"
177.98.60.9 - - [07/Mar/2016:14:26:42 -0300] "OPTIONS /news/get HTTP/1.1" 204 0 "http://guardioesdasaude.org/news" "Mozilla/5.0 (Macintosh; Intel Mac OS X 10_11_3) AppleWebKit/537.36 (KHTML, like Gecko) Chrome/48.0.2564.116 Safari/537.36"
177.98.60.9 - - [07/Mar/2016:14:26:43 -0300] "GET /search/cities?limit=5 HTTP/1.1" 200 152 "http://guardioesdasaude.org/news" "Mozilla/5.0 (Macintosh; Intel Mac OS X 10_11_3) AppleWebKit/537.36 (KHTML, like Gecko) Chrome/48.0.2564.116 Safari/537.36"
177.98.60.9 - - [07/Mar/2016:14:26:43 -0300] "GET /news/get HTTP/1.1" 200 3836 "http://guardioesdasaude.org/news" "Mozilla/5.0 (Macintosh; Intel Mac OS X 10_11_3) AppleWebKit/537.36 (KHTML, like Gecko) Chrome/48.0.2564.116 Safari/537.36"
177.98.60.9 - - [07/Mar/2016:14:26:45 -0300] "GET /search/cities?limit=5 HTTP/1.1" 200 152 "http://guardioesdasaude.org/health-tips" "Mozilla/5.0 (Macintosh; Intel Mac OS X 10_11_3) AppleWebKit/537.36 (KHTML, like Gecko) Chrome/48.0.2564.116 Safari/537.36"
177.98.60.9 - - [07/Mar/2016:14:26:48 -0300] "GET /content/upas.json HTTP/1.1" 200 22982 "http://guardioesdasaude.org/health-tips" "Mozilla/5.0 (Macintosh; Intel Mac OS X 10_11_3) AppleWebKit/537.36 (KHTML, like Gecko) Chrome/48.0.2564.116 Safari/537.36"
177.98.60.9 - - [07/Mar/2016:14:26:52 -0300] "GET /content/places?lat=-8.195844&lon=-34.9362007&radius=10000&types=pharmacy HTTP/1.1" 200 5738 "http://guardioesdasaude.org/health-tips" "Mozilla/5.0 (Macintosh; Intel Mac OS X 10_11_3) AppleWebKit/537.36 (KHTML, like Gecko) Chrome/48.0.2564.116 Safari/537.36"
177.98.60.9 - - [07/Mar/2016:14:27:00 -0300] "GET /search/cities?limit=5 HTTP/1.1" 200 152 "http://guardioesdasaude.org/" "Mozilla/5.0 (Macintosh; Intel Mac OS X 10_11_3) AppleWebKit/537.36 (KHTML, like Gecko) Chrome/48.0.2564.116 Safari/537.36"
177.98.60.9 - - [07/Mar/2016:14:27:04 -0300] "GET /search/cities?limit=5 HTTP/1.1" 200 152 "http://guardioesdasaude.org/" "Mozilla/5.0 (Macintosh; Intel Mac OS X 10_11_3) AppleWebKit/537.36 (KHTML, like Gecko) Chrome/48.0.2564.116 Safari/537.36"
179.180.13.19 - - [07/Mar/2016:14:27:07 -0300] "GET /user/household/56d8763d4087341e0d9e8ec4 HTTP/1.1" 200 56 "-" "Guardioes da Saude/1.1.3 (iPhone; iOS 9.2; Scale/2.00)"
179.180.13.19 - - [07/Mar/2016:14:27:14 -0300] "POST /survey/create HTTP/1.1" 200 527 "-" "Guardioes da Saude/1.1.3 (iPhone; iOS 9.2; Scale/2.00)"
177.38.200.167 - - [07/Mar/2016:14:27:33 -0300] "GET /user/lookup/ HTTP/1.1" 200 1085 "-" "Guardioes da Saude/1.1.3 (iPhone; iOS 9.2.1; Scale/2.00)"
179.180.13.19 - - [07/Mar/2016:14:27:57 -0300] "GET /user/household/56d8763d4087341e0d9e8ec4 HTTP/1.1" 200 56 "-" "Guardioes da Saude/1.1.3 (iPhone; iOS 9.2; Scale/2.00)"
179.180.13.19 - - [07/Mar/2016:14:27:59 -0300] "POST /survey/create HTTP/1.1" 200 527 "-" "Guardioes da Saude/1.1.3 (iPhone; iOS 9.2; Scale/2.00)"
177.38.200.167 - - [07/Mar/2016:14:28:16 -0300] "OPTIONS /search/cities?limit=5 HTTP/1.1" 204 0 "http://guardioesdasaude.org/" "Mozilla/5.0 (Macintosh; Intel Mac OS X 10_10_5) AppleWebKit/537.36 (KHTML, like Gecko) Chrome/48.0.2564.116 Safari/537.36"
177.38.200.167 - - [07/Mar/2016:14:28:17 -0300] "GET /search/cities?limit=5 HTTP/1.1" 200 152 "http://guardioesdasaude.org/" "Mozilla/5.0 (Macintosh; Intel Mac OS X 10_10_5) AppleWebKit/537.36 (KHTML, like Gecko) Chrome/48.0.2564.116 Safari/537.36"
177.38.200.167 - - [07/Mar/2016:14:28:45 -0300] "OPTIONS /user/get?fb=10153906661824787 HTTP/1.1" 204 0 "http://guardioesdasaude.org/login" "Mozilla/5.0 (Macintosh; Intel Mac OS X 10_10_5) AppleWebKit/537.36 (KHTML, like Gecko) Chrome/48.0.2564.116 Safari/537.36"
177.38.200.167 - - [07/Mar/2016:14:28:46 -0300] "GET /user/get?fb=10153906661824787 HTTP/1.1" 200 1562 "http://guardioesdasaude.org/login" "Mozilla/5.0 (Macintosh; Intel Mac OS X 10_10_5) AppleWebKit/537.36 (KHTML, like Gecko) Chrome/48.0.2564.116 Safari/537.36"
177.38.200.167 - - [07/Mar/2016:14:28:46 -0300] "OPTIONS /user/login HTTP/1.1" 204 0 "http://guardioesdasaude.org/login" "Mozilla/5.0 (Macintosh; Intel Mac OS X 10_10_5) AppleWebKit/537.36 (KHTML, like Gecko) Chrome/48.0.2564.116 Safari/537.36"
177.38.200.167 - - [07/Mar/2016:14:28:46 -0300] "POST /user/login HTTP/1.1" 200 1631 "http://guardioesdasaude.org/login" "Mozilla/5.0 (Macintosh; Intel Mac OS X 10_10_5) AppleWebKit/537.36 (KHTML, like Gecko) Chrome/48.0.2564.116 Safari/537.36"
177.38.200.167 - - [07/Mar/2016:14:28:46 -0300] "GET /search/cities?limit=5 HTTP/1.1" 200 152 "http://guardioesdasaude.org/health-daily" "Mozilla/5.0 (Macintosh; Intel Mac OS X 10_10_5) AppleWebKit/537.36 (KHTML, like Gecko) Chrome/48.0.2564.116 Safari/537.36"
177.38.200.167 - - [07/Mar/2016:14:28:46 -0300] "OPTIONS /user/survey/summary HTTP/1.1" 204 0 "http://guardioesdasaude.org/health-daily" "Mozilla/5.0 (Macintosh; Intel Mac OS X 10_10_5) AppleWebKit/537.36 (KHTML, like Gecko) Chrome/48.0.2564.116 Safari/537.36"
177.38.200.167 - - [07/Mar/2016:14:28:46 -0300] "OPTIONS /user/calendar/month?month=3&year=2016 HTTP/1.1" 204 0 "http://guardioesdasaude.org/health-daily" "Mozilla/5.0 (Macintosh; Intel Mac OS X 10_10_5) AppleWebKit/537.36 (KHTML, like Gecko) Chrome/48.0.2564.116 Safari/537.36"
177.38.200.167 - - [07/Mar/2016:14:28:46 -0300] "OPTIONS /user/calendar/year?year=2016 HTTP/1.1" 204 0 "http://guardioesdasaude.org/health-daily" "Mozilla/5.0 (Macintosh; Intel Mac OS X 10_10_5) AppleWebKit/537.36 (KHTML, like Gecko) Chrome/48.0.2564.116 Safari/537.36"
177.38.200.167 - - [07/Mar/2016:14:28:46 -0300] "OPTIONS /user/calendar/month?month=3&year=2016 HTTP/1.1" 204 0 "http://guardioesdasaude.org/health-daily" "Mozilla/5.0 (Macintosh; Intel Mac OS X 10_10_5) AppleWebKit/537.36 (KHTML, like Gecko) Chrome/48.0.2564.116 Safari/537.36"
177.38.200.167 - - [07/Mar/2016:14:28:46 -0300] "GET /search/cities?limit=5 HTTP/1.1" 200 152 "http://guardioesdasaude.org/health-daily" "Mozilla/5.0 (Macintosh; Intel Mac OS X 10_10_5) AppleWebKit/537.36 (KHTML, like Gecko) Chrome/48.0.2564.116 Safari/537.36"
177.38.200.167 - - [07/Mar/2016:14:28:46 -0300] "GET /user/survey/summary HTTP/1.1" 200 70 "http://guardioesdasaude.org/health-daily" "Mozilla/5.0 (Macintosh; Intel Mac OS X 10_10_5) AppleWebKit/537.36 (KHTML, like Gecko) Chrome/48.0.2564.116 Safari/537.36"
177.38.200.167 - - [07/Mar/2016:14:28:46 -0300] "GET /user/calendar/month?month=3&year=2016 HTTP/1.1" 200 140 "http://guardioesdasaude.org/health-daily" "Mozilla/5.0 (Macintosh; Intel Mac OS X 10_10_5) AppleWebKit/537.36 (KHTML, like Gecko) Chrome/48.0.2564.116 Safari/537.36"
177.38.200.167 - - [07/Mar/2016:14:28:46 -0300] "GET /user/calendar/year?year=2016 HTTP/1.1" 200 109 "http://guardioesdasaude.org/health-daily" "Mozilla/5.0 (Macintosh; Intel Mac OS X 10_10_5) AppleWebKit/537.36 (KHTML, like Gecko) Chrome/48.0.2564.116 Safari/537.36"
177.38.200.167 - - [07/Mar/2016:14:28:46 -0300] "GET /search/cities?limit=5 HTTP/1.1" 200 152 "http://guardioesdasaude.org/health-daily" "Mozilla/5.0 (Macintosh; Intel Mac OS X 10_10_5) AppleWebKit/537.36 (KHTML, like Gecko) Chrome/48.0.2564.116 Safari/537.36"
177.38.200.167 - - [07/Mar/2016:14:28:46 -0300] "OPTIONS /user/chart/month?month=3&year=2016 HTTP/1.1" 204 0 "http://guardioesdasaude.org/health-daily" "Mozilla/5.0 (Macintosh; Intel Mac OS X 10_10_5) AppleWebKit/537.36 (KHTML, like Gecko) Chrome/48.0.2564.116 Safari/537.36"
177.38.200.167 - - [07/Mar/2016:14:28:47 -0300] "GET /user/calendar/month?month=3&year=2016 HTTP/1.1" 200 140 "http://guardioesdasaude.org/health-daily" "Mozilla/5.0 (Macintosh; Intel Mac OS X 10_10_5) AppleWebKit/537.36 (KHTML, like Gecko) Chrome/48.0.2564.116 Safari/537.36"
177.38.200.167 - - [07/Mar/2016:14:28:47 -0300] "GET /user/chart/month?month=3&year=2016 HTTP/1.1" 200 115 "http://guardioesdasaude.org/health-daily" "Mozilla/5.0 (Macintosh; Intel Mac OS X 10_10_5) AppleWebKit/537.36 (KHTML, like Gecko) Chrome/48.0.2564.116 Safari/537.36"
177.98.60.9 - - [07/Mar/2016:14:29:02 -0300] "OPTIONS /search/cities?limit=5 HTTP/1.1" 204 0 "http://guardioesdasaude.org/" "Mozilla/5.0 (Macintosh; Intel Mac OS X 10_11_3) AppleWebKit/537.36 (KHTML, like Gecko) Chrome/48.0.2564.116 Safari/537.36"
177.98.60.9 - - [07/Mar/2016:14:29:02 -0300] "GET /search/cities?limit=5 HTTP/1.1" 200 152 "http://guardioesdasaude.org/" "Mozilla/5.0 (Macintosh; Intel Mac OS X 10_11_3) AppleWebKit/537.36 (KHTML, like Gecko) Chrome/48.0.2564.116 Safari/537.36"
177.38.200.167 - - [07/Mar/2016:14:29:58 -0300] "OPTIONS /surveys/l?q=Pina,%20Recife%20-%20State%20of%20Pernambuco,%20Brazil HTTP/1.1" 204 0 "http://guardioesdasaude.org/health-map" "Mozilla/5.0 (Macintosh; Intel Mac OS X 10_10_5) AppleWebKit/537.36 (KHTML, like Gecko) Chrome/48.0.2564.116 Safari/537.36"
177.38.200.167 - - [07/Mar/2016:14:29:58 -0300] "OPTIONS /surveys/summary?q=Pina,%20Recife%20-%20State%20of%20Pernambuco,%20Brazil HTTP/1.1" 204 0 "http://guardioesdasaude.org/health-map" "Mozilla/5.0 (Macintosh; Intel Mac OS X 10_10_5) AppleWebKit/537.36 (KHTML, like Gecko) Chrome/48.0.2564.116 Safari/537.36"
177.38.200.167 - - [07/Mar/2016:14:29:58 -0300] "GET /surveys/l?q=Pina,%20Recife%20-%20State%20of%20Pernambuco,%20Brazil HTTP/1.1" 200 5535 "http://guardioesdasaude.org/health-map" "Mozilla/5.0 (Macintosh; Intel Mac OS X 10_10_5) AppleWebKit/537.36 (KHTML, like Gecko) Chrome/48.0.2564.116 Safari/537.36"
177.38.200.167 - - [07/Mar/2016:14:29:58 -0300] "GET /surveys/summary?q=Pina,%20Recife%20-%20State%20of%20Pernambuco,%20Brazil HTTP/1.1" 200 198 "http://guardioesdasaude.org/health-map" "Mozilla/5.0 (Macintosh; Intel Mac OS X 10_10_5) AppleWebKit/537.36 (KHTML, like Gecko) Chrome/48.0.2564.116 Safari/537.36"
177.38.200.167 - - [07/Mar/2016:14:29:58 -0300] "OPTIONS /surveys/l?lat=-8.094095930607047&lon=-34.88556970000002 HTTP/1.1" 204 0 "http://guardioesdasaude.org/health-map" "Mozilla/5.0 (Macintosh; Intel Mac OS X 10_10_5) AppleWebKit/537.36 (KHTML, like Gecko) Chrome/48.0.2564.116 Safari/537.36"
177.38.200.167 - - [07/Mar/2016:14:29:59 -0300] "GET /surveys/l?lat=-8.094095930607047&lon=-34.88556970000002 HTTP/1.1" 200 5528 "http://guardioesdasaude.org/health-map" "Mozilla/5.0 (Macintosh; Intel Mac OS X 10_10_5) AppleWebKit/537.36 (KHTML, like Gecko) Chrome/48.0.2564.116 Safari/537.36"
177.38.200.167 - - [07/Mar/2016:14:29:59 -0300] "GET /surveys/l?q=Pina,%20Recife%20-%20State%20of%20Pernambuco,%20Brazil HTTP/1.1" 304 0 "http://guardioesdasaude.org/health-map" "Mozilla/5.0 (Macintosh; Intel Mac OS X 10_10_5) AppleWebKit/537.36 (KHTML, like Gecko) Chrome/48.0.2564.116 Safari/537.36"
177.38.200.167 - - [07/Mar/2016:14:29:59 -0300] "GET /surveys/summary?q=Pina,%20Recife%20-%20State%20of%20Pernambuco,%20Brazil HTTP/1.1" 200 198 "http://guardioesdasaude.org/health-map" "Mozilla/5.0 (Macintosh; Intel Mac OS X 10_10_5) AppleWebKit/537.36 (KHTML, like Gecko) Chrome/48.0.2564.116 Safari/537.36"
177.38.200.167 - - [07/Mar/2016:14:30:38 -0300] "OPTIONS /survey/create HTTP/1.1" 204 0 "http://guardioesdasaude.org/survey/56d89780852235370d360ea6/step-1" "Mozilla/5.0 (Macintosh; Intel Mac OS X 10_10_5) AppleWebKit/537.36 (KHTML, like Gecko) Chrome/48.0.2564.116 Safari/537.36"
177.38.200.167 - - [07/Mar/2016:14:30:38 -0300] "POST /survey/create HTTP/1.1" 200 384 "http://guardioesdasaude.org/survey/56d89780852235370d360ea6/step-1" "Mozilla/5.0 (Macintosh; Intel Mac OS X 10_10_5) AppleWebKit/537.36 (KHTML, like Gecko) Chrome/48.0.2564.116 Safari/537.36"
177.38.200.167 - - [07/Mar/2016:14:30:38 -0300] "OPTIONS /user/get/56d89780852235370d360ea6 HTTP/1.1" 204 0 "http://guardioesdasaude.org/survey/56d89780852235370d360ea6/step-1" "Mozilla/5.0 (Macintosh; Intel Mac OS X 10_10_5) AppleWebKit/537.36 (KHTML, like Gecko) Chrome/48.0.2564.116 Safari/537.36"
177.38.200.167 - - [07/Mar/2016:14:30:38 -0300] "GET /user/get/56d89780852235370d360ea6 HTTP/1.1" 200 1624 "http://guardioesdasaude.org/survey/56d89780852235370d360ea6/step-1" "Mozilla/5.0 (Macintosh; Intel Mac OS X 10_10_5) AppleWebKit/537.36 (KHTML, like Gecko) Chrome/48.0.2564.116 Safari/537.36"
177.38.200.167 - - [07/Mar/2016:14:30:39 -0300] "OPTIONS /user/update HTTP/1.1" 204 0 "http://guardioesdasaude.org/survey/56d89780852235370d360ea6/step-1" "Mozilla/5.0 (Macintosh; Intel Mac OS X 10_10_5) AppleWebKit/537.36 (KHTML, like Gecko) Chrome/48.0.2564.116 Safari/537.36"
177.38.200.167 - - [07/Mar/2016:14:30:39 -0300] "POST /user/update HTTP/1.1" 200 86 "http://guardioesdasaude.org/survey/56d89780852235370d360ea6/step-1" "Mozilla/5.0 (Macintosh; Intel Mac OS X 10_10_5) AppleWebKit/537.36 (KHTML, like Gecko) Chrome/48.0.2564.116 Safari/537.36"
177.38.200.167 - - [07/Mar/2016:14:30:39 -0300] "GET /user/get/56d89780852235370d360ea6 HTTP/1.1" 200 1676 "http://guardioesdasaude.org/survey/56d89780852235370d360ea6/step-1" "Mozilla/5.0 (Macintosh; Intel Mac OS X 10_10_5) AppleWebKit/537.36 (KHTML, like Gecko) Chrome/48.0.2564.116 Safari/537.36"
177.38.200.167 - - [07/Mar/2016:14:31:00 -0300] "OPTIONS /search/cities?limit=5 HTTP/1.1" 204 0 "http://guardioesdasaude.org/" "Mozilla/5.0 (Macintosh; Intel Mac OS X 10_11_3) AppleWebKit/601.4.4 (KHTML, like Gecko) Version/9.0.3 Safari/601.4.4"
177.38.200.167 - - [07/Mar/2016:14:31:00 -0300] "GET /search/cities?limit=5 HTTP/1.1" 200 153 "http://guardioesdasaude.org/" "Mozilla/5.0 (Macintosh; Intel Mac OS X 10_11_3) AppleWebKit/601.4.4 (KHTML, like Gecko) Version/9.0.3 Safari/601.4.4"
177.38.200.167 - - [07/Mar/2016:14:32:11 -0300] "OPTIONS /symptoms HTTP/1.1" 204 0 "http://guardioesdasaude.org/survey/56d89780852235370d360ea6/step-2" "Mozilla/5.0 (Macintosh; Intel Mac OS X 10_10_5) AppleWebKit/537.36 (KHTML, like Gecko) Chrome/48.0.2564.116 Safari/537.36"
177.38.200.167 - - [07/Mar/2016:14:32:11 -0300] "GET /symptoms HTTP/1.1" 200 706 "http://guardioesdasaude.org/survey/56d89780852235370d360ea6/step-2" "Mozilla/5.0 (Macintosh; Intel Mac OS X 10_10_5) AppleWebKit/537.36 (KHTML, like Gecko) Chrome/48.0.2564.116 Safari/537.36"
177.38.200.167 - - [07/Mar/2016:14:32:18 -0300] "POST /survey/create HTTP/1.1" 200 417 "http://guardioesdasaude.org/survey/56d89780852235370d360ea6/step-2" "Mozilla/5.0 (Macintosh; Intel Mac OS X 10_10_5) AppleWebKit/537.36 (KHTML, like Gecko) Chrome/48.0.2564.116 Safari/537.36"
