177.38.200.177 - - [18/Jul/2016:15:44:26 -0300] "GET /user/lookup/ HTTP/1.1" 200 3463 "-" "Dalvik/2.1.0 (Linux; U; Android 6.0; XT1069 Build/MPB24.65-34)"
177.38.200.177 - - [18/Jul/2016:15:44:27 -0300] "GET /user/calendar/day?day=18&month=7&year=2016 HTTP/1.1" 200 58 "-" "Dalvik/2.1.0 (Linux; U; Android 6.0; XT1069 Build/MPB24.65-34)"
177.38.200.177 - - [18/Jul/2016:15:44:29 -0300] "POST /survey/create HTTP/1.1" 200 453 "-" "Dalvik/2.1.0 (Linux; U; Android 6.0; XT1069 Build/MPB24.65-34)"
177.38.200.177 - - [18/Jul/2016:15:44:30 -0300] "GET /user/calendar/day?day=18&month=6&year=2016 HTTP/1.1" 200 58 "-" "Dalvik/2.1.0 (Linux; U; Android 6.0; XT1069 Build/MPB24.65-34)"
187.122.249.217 - - [18/Jul/2016:15:44:42 -0300] "GET /user/lookup/ HTTP/1.1" 200 3200 "-" "Dalvik/2.1.0 (Linux; U; Android 6.0.1; ASUS_Z00LD Build/MMB29P)"
187.122.249.217 - - [18/Jul/2016:15:44:42 -0300] "GET /user/calendar/day?day=18&month=7&year=2016 HTTP/1.1" 200 116 "-" "Dalvik/2.1.0 (Linux; U; Android 6.0.1; ASUS_Z00LD Build/MMB29P)"
50.112.95.211 - - [18/Jul/2016:15:44:52 -0300] "GET / HTTP/1.0" 200 11894 "-" "NewRelicPinger/1.0 (954132)"
187.122.249.217 - - [18/Jul/2016:15:44:56 -0300] "GET /user/get?fb=1226711687356998 HTTP/1.1" 200 1862 "-" "Dalvik/2.1.0 (Linux; U; Android 6.0.1; ASUS_Z00LD Build/MMB29P)"
187.122.249.217 - - [18/Jul/2016:15:44:56 -0300] "POST /user/login HTTP/1.1" 200 2049 "-" "Dalvik/2.1.0 (Linux; U; Android 6.0.1; ASUS_Z00LD Build/MMB29P)"
187.122.249.217 - - [18/Jul/2016:15:45:04 -0300] "GET /user/get?gl=109251128812905690437 HTTP/1.1" 200 1097 "-" "Dalvik/2.1.0 (Linux; U; Android 6.0.1; ASUS_Z00LD Build/MMB29P)"
187.122.249.217 - - [18/Jul/2016:15:45:04 -0300] "POST /user/login HTTP/1.1" 200 1125 "-" "Dalvik/2.1.0 (Linux; U; Android 6.0.1; ASUS_Z00LD Build/MMB29P)"
187.122.249.217 - - [18/Jul/2016:15:45:15 -0300] "GET /user/get?tw=69937475-xrAxANwqF6FgYWxptziYXFZTAF8n5yrMVKNFyvoiN HTTP/1.1" 200 3200 "-" "Dalvik/2.1.0 (Linux; U; Android 6.0.1; ASUS_Z00LD Build/MMB29P)"
187.122.249.217 - - [18/Jul/2016:15:45:16 -0300] "POST /user/login HTTP/1.1" 200 3223 "-" "Dalvik/2.1.0 (Linux; U; Android 6.0.1; ASUS_Z00LD Build/MMB29P)"
177.38.200.177 - - [18/Jul/2016:15:45:16 -0300] "GET /user/lookup/ HTTP/1.1" 200 3570 "-" "Dalvik/2.1.0 (Linux; U; Android 6.0; XT1069 Build/MPB24.65-34)"
177.38.200.177 - - [18/Jul/2016:15:45:17 -0300] "GET /user/calendar/day?day=18&month=7&year=2016 HTTP/1.1" 200 116 "-" "Dalvik/2.1.0 (Linux; U; Android 6.0; XT1069 Build/MPB24.65-34)"
54.247.188.179 - - [18/Jul/2016:15:45:26 -0300] "GET / HTTP/1.0" 200 11894 "-" "NewRelicPinger/1.0 (954132)"
184.73.237.85 - - [18/Jul/2016:15:46:03 -0300] "GET / HTTP/1.0" 200 11894 "-" "NewRelicPinger/1.0 (954132)"
54.248.250.232 - - [18/Jul/2016:15:46:34 -0300] "GET / HTTP/1.0" 200 11894 "-" "NewRelicPinger/1.0 (954132)"
54.251.34.67 - - [18/Jul/2016:15:46:45 -0300] "GET / HTTP/1.0" 200 11894 "-" "NewRelicPinger/1.0 (954132)"
50.112.95.211 - - [18/Jul/2016:15:47:21 -0300] "GET / HTTP/1.0" 200 11894 "-" "NewRelicPinger/1.0 (954132)"
54.247.188.179 - - [18/Jul/2016:15:47:55 -0300] "GET / HTTP/1.0" 200 11894 "-" "NewRelicPinger/1.0 (954132)"
184.73.237.85 - - [18/Jul/2016:15:48:33 -0300] "GET / HTTP/1.0" 200 11894 "-" "NewRelicPinger/1.0 (954132)"
54.248.250.232 - - [18/Jul/2016:15:49:06 -0300] "GET / HTTP/1.0" 200 11894 "-" "NewRelicPinger/1.0 (954132)"
54.251.34.67 - - [18/Jul/2016:15:49:15 -0300] "GET / HTTP/1.0" 200 11894 "-" "NewRelicPinger/1.0 (954132)"
50.112.95.211 - - [18/Jul/2016:15:49:51 -0300] "GET / HTTP/1.0" 200 11894 "-" "NewRelicPinger/1.0 (954132)"
54.247.188.179 - - [18/Jul/2016:15:50:25 -0300] "GET / HTTP/1.0" 200 11894 "-" "NewRelicPinger/1.0 (954132)"
177.79.18.29 - - [18/Jul/2016:15:51:02 -0300] "OPTIONS /search/cities?limit=5 HTTP/1.1" 204 0 "https://guardioesdasaude.org/" "Mozilla/5.0 (Linux; Android 4.4.2; GT-I9195 Build/KOT49H) AppleWebKit/537.36 (KHTML, like Gecko) Chrome/40.0.2214.109 Mobile Safari/537.36"
184.73.237.85 - - [18/Jul/2016:15:51:03 -0300] "GET / HTTP/1.0" 200 11894 "-" "NewRelicPinger/1.0 (954132)"
177.79.18.29 - - [18/Jul/2016:15:51:04 -0300] "GET /search/cities?limit=5 HTTP/1.1" 200 165 "https://guardioesdasaude.org/" "Mozilla/5.0 (Linux; Android 4.4.2; GT-I9195 Build/KOT49H) AppleWebKit/537.36 (KHTML, like Gecko) Chrome/40.0.2214.109 Mobile Safari/537.36"
54.248.250.232 - - [18/Jul/2016:15:51:36 -0300] "GET / HTTP/1.0" 200 11894 "-" "NewRelicPinger/1.0 (954132)"
54.251.34.67 - - [18/Jul/2016:15:51:45 -0300] "GET / HTTP/1.0" 200 11894 "-" "NewRelicPinger/1.0 (954132)"
50.112.95.211 - - [18/Jul/2016:15:52:21 -0300] "GET / HTTP/1.0" 200 11894 "-" "NewRelicPinger/1.0 (954132)"
54.247.188.179 - - [18/Jul/2016:15:52:55 -0300] "GET / HTTP/1.0" 200 11894 "-" "NewRelicPinger/1.0 (954132)"
184.73.237.85 - - [18/Jul/2016:15:53:32 -0300] "GET / HTTP/1.0" 200 11894 "-" "NewRelicPinger/1.0 (954132)"
54.248.250.232 - - [18/Jul/2016:15:54:04 -0300] "GET / HTTP/1.0" 200 11894 "-" "NewRelicPinger/1.0 (954132)"
54.251.34.67 - - [18/Jul/2016:15:54:15 -0300] "GET / HTTP/1.0" 200 11894 "-" "NewRelicPinger/1.0 (954132)"
50.112.95.211 - - [18/Jul/2016:15:54:51 -0300] "GET / HTTP/1.0" 200 11894 "-" "NewRelicPinger/1.0 (954132)"
54.247.188.179 - - [18/Jul/2016:15:55:25 -0300] "GET / HTTP/1.0" 200 11894 "-" "NewRelicPinger/1.0 (954132)"
184.73.237.85 - - [18/Jul/2016:15:56:03 -0300] "GET / HTTP/1.0" 200 11894 "-" "NewRelicPinger/1.0 (954132)"
54.248.250.232 - - [18/Jul/2016:15:56:35 -0300] "GET / HTTP/1.0" 200 11894 "-" "NewRelicPinger/1.0 (954132)"
54.251.34.67 - - [18/Jul/2016:15:56:45 -0300] "GET / HTTP/1.0" 200 11894 "-" "NewRelicPinger/1.0 (954132)"
50.112.95.211 - - [18/Jul/2016:15:57:21 -0300] "GET / HTTP/1.0" 200 11894 "-" "NewRelicPinger/1.0 (954132)"
54.247.188.179 - - [18/Jul/2016:15:57:55 -0300] "GET / HTTP/1.0" 200 11894 "-" "NewRelicPinger/1.0 (954132)"
184.73.237.85 - - [18/Jul/2016:15:58:33 -0300] "GET / HTTP/1.0" 200 11894 "-" "NewRelicPinger/1.0 (954132)"
54.248.250.232 - - [18/Jul/2016:15:59:06 -0300] "GET / HTTP/1.0" 200 11894 "-" "NewRelicPinger/1.0 (954132)"
54.251.34.67 - - [18/Jul/2016:15:59:15 -0300] "GET / HTTP/1.0" 200 11894 "-" "NewRelicPinger/1.0 (954132)"
50.112.95.211 - - [18/Jul/2016:15:59:51 -0300] "GET / HTTP/1.0" 200 11894 "-" "NewRelicPinger/1.0 (954132)"
54.247.188.179 - - [18/Jul/2016:16:00:25 -0300] "GET / HTTP/1.0" 200 11894 "-" "NewRelicPinger/1.0 (954132)"
177.38.200.177 - - [18/Jul/2016:16:00:51 -0300] "GET /user/lookup/ HTTP/1.1" 200 3571 "-" "Dalvik/2.1.0 (Linux; U; Android 6.0; XT1069 Build/MPB24.65-34)"
177.38.200.177 - - [18/Jul/2016:16:00:51 -0300] "GET /user/calendar/day?day=18&month=7&year=2016 HTTP/1.1" 200 116 "-" "Dalvik/2.1.0 (Linux; U; Android 6.0; XT1069 Build/MPB24.65-34)"
184.73.237.85 - - [18/Jul/2016:16:01:03 -0300] "GET / HTTP/1.0" 200 11894 "-" "NewRelicPinger/1.0 (954132)"
54.248.250.232 - - [18/Jul/2016:16:01:34 -0300] "GET / HTTP/1.0" 200 11894 "-" "NewRelicPinger/1.0 (954132)"
54.251.34.67 - - [18/Jul/2016:16:01:45 -0300] "GET / HTTP/1.0" 200 11894 "-" "NewRelicPinger/1.0 (954132)"
50.112.95.211 - - [18/Jul/2016:16:02:21 -0300] "GET / HTTP/1.0" 200 11894 "-" "NewRelicPinger/1.0 (954132)"
54.247.188.179 - - [18/Jul/2016:16:02:55 -0300] "GET / HTTP/1.0" 200 11894 "-" "NewRelicPinger/1.0 (954132)"
184.73.237.85 - - [18/Jul/2016:16:03:33 -0300] "GET / HTTP/1.0" 200 11894 "-" "NewRelicPinger/1.0 (954132)"
54.248.250.232 - - [18/Jul/2016:16:04:05 -0300] "GET / HTTP/1.0" 200 11894 "-" "NewRelicPinger/1.0 (954132)"
54.251.34.67 - - [18/Jul/2016:16:04:15 -0300] "GET / HTTP/1.0" 200 11894 "-" "NewRelicPinger/1.0 (954132)"
50.112.95.211 - - [18/Jul/2016:16:04:51 -0300] "GET / HTTP/1.0" 200 11894 "-" "NewRelicPinger/1.0 (954132)"
54.247.188.179 - - [18/Jul/2016:16:05:25 -0300] "GET / HTTP/1.0" 200 11894 "-" "NewRelicPinger/1.0 (954132)"
184.73.237.85 - - [18/Jul/2016:16:06:02 -0300] "GET / HTTP/1.0" 200 11894 "-" "NewRelicPinger/1.0 (954132)"
54.248.250.232 - - [18/Jul/2016:16:06:34 -0300] "GET / HTTP/1.0" 200 11894 "-" "NewRelicPinger/1.0 (954132)"
54.251.34.67 - - [18/Jul/2016:16:06:45 -0300] "GET / HTTP/1.0" 200 11894 "-" "NewRelicPinger/1.0 (954132)"
189.40.80.47 - - [18/Jul/2016:16:06:56 -0300] "GET /user/get?fb=915577251887491 HTTP/1.1" 200 56 "-" "Dalvik/2.1.0 (Linux; U; Android 6.0.1; D6543 Build/23.5.A.0.575)"
50.112.95.211 - - [18/Jul/2016:16:07:21 -0300] "GET / HTTP/1.0" 200 11894 "-" "NewRelicPinger/1.0 (954132)"
191.247.237.175 - - [18/Jul/2016:16:07:45 -0300] "OPTIONS /search/cities?limit=5 HTTP/1.1" 204 0 "https://guardioesdasaude.org/" "Mozilla/5.0 (Linux; Android 5.1.1; SM-J700M Build/LMY48B) AppleWebKit/537.36 (KHTML, like Gecko) Chrome/51.0.2704.81 Mobile Safari/537.36"
191.247.237.175 - - [18/Jul/2016:16:07:45 -0300] "GET /search/cities?limit=5 HTTP/1.1" 200 165 "https://guardioesdasaude.org/" "Mozilla/5.0 (Linux; Android 5.1.1; SM-J700M Build/LMY48B) AppleWebKit/537.36 (KHTML, like Gecko) Chrome/51.0.2704.81 Mobile Safari/537.36"
54.247.188.179 - - [18/Jul/2016:16:07:55 -0300] "GET / HTTP/1.0" 200 11894 "-" "NewRelicPinger/1.0 (954132)"
184.73.237.85 - - [18/Jul/2016:16:08:33 -0300] "GET / HTTP/1.0" 200 11894 "-" "NewRelicPinger/1.0 (954132)"
189.40.80.47 - - [18/Jul/2016:16:08:55 -0300] "POST /user/create HTTP/1.1" 200 606 "-" "Dalvik/2.1.0 (Linux; U; Android 6.0.1; D6543 Build/23.5.A.0.575)"
54.248.250.232 - - [18/Jul/2016:16:09:05 -0300] "GET / HTTP/1.0" 200 11894 "-" "NewRelicPinger/1.0 (954132)"
54.251.34.67 - - [18/Jul/2016:16:09:15 -0300] "GET / HTTP/1.0" 200 11894 "-" "NewRelicPinger/1.0 (954132)"
187.113.67.133 - - [18/Jul/2016:16:09:37 -0300] "GET /user/lookup/ HTTP/1.1" 200 744 "-" "Dalvik/2.1.0 (Linux; U; Android 6.0.1; D6543 Build/23.5.A.0.575)"
187.113.67.133 - - [18/Jul/2016:16:09:37 -0300] "GET /user/calendar/day?day=18&month=7&year=2016 HTTP/1.1" 200 58 "-" "Dalvik/2.1.0 (Linux; U; Android 6.0.1; D6543 Build/23.5.A.0.575)"
187.113.67.133 - - [18/Jul/2016:16:09:40 -0300] "GET /symptoms HTTP/1.1" 200 706 "-" "Dalvik/2.1.0 (Linux; U; Android 6.0.1; D6543 Build/23.5.A.0.575)"
50.112.95.211 - - [18/Jul/2016:16:09:51 -0300] "GET / HTTP/1.0" 200 11894 "-" "NewRelicPinger/1.0 (954132)"
187.113.67.133 - - [18/Jul/2016:16:10:19 -0300] "POST /survey/create HTTP/1.1" 200 585 "-" "Dalvik/2.1.0 (Linux; U; Android 6.0.1; D6543 Build/23.5.A.0.575)"
187.113.67.133 - - [18/Jul/2016:16:10:19 -0300] "GET /user/calendar/day?day=18&month=6&year=2016 HTTP/1.1" 200 58 "-" "Dalvik/2.1.0 (Linux; U; Android 6.0.1; D6543 Build/23.5.A.0.575)"
54.247.188.179 - - [18/Jul/2016:16:10:25 -0300] "GET / HTTP/1.0" 200 11894 "-" "NewRelicPinger/1.0 (954132)"
187.113.67.133 - - [18/Jul/2016:16:10:51 -0300] "GET /user/household/578d294750452b15468e62de HTTP/1.1" 200 56 "-" "Dalvik/2.1.0 (Linux; U; Android 6.0.1; D6543 Build/23.5.A.0.575)"
184.73.237.85 - - [18/Jul/2016:16:11:03 -0300] "GET / HTTP/1.0" 200 11894 "-" "NewRelicPinger/1.0 (954132)"
187.113.67.133 - - [18/Jul/2016:16:11:22 -0300] "GET /user/household/578d294750452b15468e62de HTTP/1.1" 200 56 "-" "Dalvik/2.1.0 (Linux; U; Android 6.0.1; D6543 Build/23.5.A.0.575)"
187.113.67.133 - - [18/Jul/2016:16:11:22 -0300] "GET /user/survey/summary HTTP/1.1" 200 69 "-" "Dalvik/2.1.0 (Linux; U; Android 6.0.1; D6543 Build/23.5.A.0.575)"
187.113.67.133 - - [18/Jul/2016:16:11:27 -0300] "GET /user/calendar/year?year=2016 HTTP/1.1" 200 109 "-" "Dalvik/2.1.0 (Linux; U; Android 6.0.1; D6543 Build/23.5.A.0.575)"
187.113.67.133 - - [18/Jul/2016:16:11:27 -0300] "GET /user/calendar/month?&month=7&year=2016 HTTP/1.1" 200 117 "-" "Dalvik/2.1.0 (Linux; U; Android 6.0.1; D6543 Build/23.5.A.0.575)"
54.248.250.232 - - [18/Jul/2016:16:11:35 -0300] "GET / HTTP/1.0" 200 11894 "-" "NewRelicPinger/1.0 (954132)"
54.251.34.67 - - [18/Jul/2016:16:11:45 -0300] "GET / HTTP/1.0" 200 11894 "-" "NewRelicPinger/1.0 (954132)"
50.112.95.211 - - [18/Jul/2016:16:12:21 -0300] "GET / HTTP/1.0" 200 11894 "-" "NewRelicPinger/1.0 (954132)"
177.38.200.177 - - [18/Jul/2016:16:12:28 -0300] "GET /user/lookup/ HTTP/1.1" 200 3572 "-" "Dalvik/2.1.0 (Linux; U; Android 6.0; XT1069 Build/MPB24.65-34)"
177.38.200.177 - - [18/Jul/2016:16:12:28 -0300] "GET /user/calendar/day?day=18&month=7&year=2016 HTTP/1.1" 200 116 "-" "Dalvik/2.1.0 (Linux; U; Android 6.0; XT1069 Build/MPB24.65-34)"
186.249.59.157 - - [18/Jul/2016:16:12:52 -0300] "OPTIONS /search/cities?limit=5 HTTP/1.1" 204 0 "-" "Mozilla/5.0 (Windows NT 10.0; WOW64; rv:45.0) Gecko/20100101 Firefox/45.0"
186.249.59.157 - - [18/Jul/2016:16:12:53 -0300] "GET /search/cities?limit=5 HTTP/1.1" 200 165 "https://guardioesdasaude.org/" "Mozilla/5.0 (Windows NT 10.0; WOW64; rv:45.0) Gecko/20100101 Firefox/45.0"
54.247.188.179 - - [18/Jul/2016:16:12:55 -0300] "GET / HTTP/1.0" 200 11894 "-" "NewRelicPinger/1.0 (954132)"
184.73.237.85 - - [18/Jul/2016:16:13:33 -0300] "GET / HTTP/1.0" 200 11894 "-" "NewRelicPinger/1.0 (954132)"
54.248.250.232 - - [18/Jul/2016:16:14:06 -0300] "GET / HTTP/1.0" 200 11894 "-" "NewRelicPinger/1.0 (954132)"
54.251.34.67 - - [18/Jul/2016:16:14:15 -0300] "GET / HTTP/1.0" 200 11894 "-" "NewRelicPinger/1.0 (954132)"
50.112.95.211 - - [18/Jul/2016:16:14:51 -0300] "GET / HTTP/1.0" 200 11894 "-" "NewRelicPinger/1.0 (954132)"
54.247.188.179 - - [18/Jul/2016:16:15:26 -0300] "GET / HTTP/1.0" 200 11894 "-" "NewRelicPinger/1.0 (954132)"
191.247.237.29 - - [18/Jul/2016:16:15:34 -0300] "POST /user/login HTTP/1.1" 200 77 "-" "Dalvik/2.1.0 (Linux; U; Android 5.1.1; SM-J700M Build/LMY48B)"
191.247.237.29 - - [18/Jul/2016:16:16:17 -0300] "GET /user/get?fb=1032321010154853 HTTP/1.1" 200 56 "-" "Dalvik/2.1.0 (Linux; U; Android 5.1.1; SM-J700M Build/LMY48B)"
184.73.237.85 - - [18/Jul/2016:16:16:17 -0300] "GET / HTTP/1.0" 200 11894 "-" "NewRelicPinger/1.0 (954132)"
54.248.250.232 - - [18/Jul/2016:16:16:35 -0300] "GET / HTTP/1.0" 200 11894 "-" "NewRelicPinger/1.0 (954132)"
54.251.34.67 - - [18/Jul/2016:16:16:45 -0300] "GET / HTTP/1.0" 200 11894 "-" "NewRelicPinger/1.0 (954132)"
50.112.95.211 - - [18/Jul/2016:16:17:21 -0300] "GET / HTTP/1.0" 200 11894 "-" "NewRelicPinger/1.0 (954132)"
54.247.188.179 - - [18/Jul/2016:16:17:55 -0300] "GET / HTTP/1.0" 200 11894 "-" "NewRelicPinger/1.0 (954132)"
191.247.235.35 - - [18/Jul/2016:16:18:02 -0300] "POST /user/create HTTP/1.1" 200 604 "-" "Dalvik/2.1.0 (Linux; U; Android 5.1.1; SM-J700M Build/LMY48B)"
191.247.235.35 - - [18/Jul/2016:16:18:43 -0300] "GET /user/lookup/ HTTP/1.1" 200 741 "-" "Dalvik/2.1.0 (Linux; U; Android 5.1.1; SM-J700M Build/LMY48B)"
191.247.235.35 - - [18/Jul/2016:16:18:43 -0300] "GET /user/calendar/day?day=19&month=7&year=2016 HTTP/1.1" 200 58 "-" "Dalvik/2.1.0 (Linux; U; Android 5.1.1; SM-J700M Build/LMY48B)"
184.73.237.85 - - [18/Jul/2016:16:18:46 -0300] "GET / HTTP/1.0" 200 11894 "-" "NewRelicPinger/1.0 (954132)"
54.248.250.232 - - [18/Jul/2016:16:19:05 -0300] "GET / HTTP/1.0" 200 11894 "-" "NewRelicPinger/1.0 (954132)"
54.251.34.67 - - [18/Jul/2016:16:19:16 -0300] "GET / HTTP/1.0" 200 11894 "-" "NewRelicPinger/1.0 (954132)"
50.112.95.211 - - [18/Jul/2016:16:19:51 -0300] "GET / HTTP/1.0" 200 11894 "-" "NewRelicPinger/1.0 (954132)"
54.247.188.179 - - [18/Jul/2016:16:20:35 -0300] "GET / HTTP/1.0" 200 11894 "-" "NewRelicPinger/1.0 (954132)"
184.73.237.85 - - [18/Jul/2016:16:21:16 -0300] "GET / HTTP/1.0" 200 11894 "-" "NewRelicPinger/1.0 (954132)"
54.248.250.232 - - [18/Jul/2016:16:21:35 -0300] "GET / HTTP/1.0" 200 11894 "-" "NewRelicPinger/1.0 (954132)"
54.251.34.67 - - [18/Jul/2016:16:21:45 -0300] "GET / HTTP/1.0" 200 11894 "-" "NewRelicPinger/1.0 (954132)"
201.33.227.164 - - [18/Jul/2016:16:21:51 -0300] "OPTIONS /search/cities?limit=5 HTTP/1.1" 204 0 "https://guardioesdasaude.org/" "Mozilla/5.0 (Linux; Android 5.0.2; LG-H522 Build/LRX22G; wv) AppleWebKit/537.36 (KHTML, like Gecko) Version/4.0 Chrome/51.0.2704.81 Mobile Safari/537.36 [FB_IAB/FB4A;FBAV/86.0.0.13.69;]"
201.33.227.164 - - [18/Jul/2016:16:21:51 -0300] "GET /search/cities?limit=5 HTTP/1.1" 200 165 "https://guardioesdasaude.org/" "Mozilla/5.0 (Linux; Android 5.0.2; LG-H522 Build/LRX22G; wv) AppleWebKit/537.36 (KHTML, like Gecko) Version/4.0 Chrome/51.0.2704.81 Mobile Safari/537.36 [FB_IAB/FB4A;FBAV/86.0.0.13.69;]"
50.112.95.211 - - [18/Jul/2016:16:22:21 -0300] "GET / HTTP/1.0" 200 11894 "-" "NewRelicPinger/1.0 (954132)"
201.33.227.164 - - [18/Jul/2016:16:22:49 -0300] "OPTIONS /search/cities?limit=5 HTTP/1.1" 204 0 "https://guardioesdasaude.org/" "Mozilla/5.0 (Linux; Android 5.0.2; LG-H522 Build/LRX22G; wv) AppleWebKit/537.36 (KHTML, like Gecko) Version/4.0 Chrome/51.0.2704.81 Mobile Safari/537.36 [FB_IAB/FB4A;FBAV/86.0.0.13.69;]"
201.33.227.164 - - [18/Jul/2016:16:22:49 -0300] "GET /search/cities?limit=5 HTTP/1.1" 200 165 "https://guardioesdasaude.org/" "Mozilla/5.0 (Linux; Android 5.0.2; LG-H522 Build/LRX22G; wv) AppleWebKit/537.36 (KHTML, like Gecko) Version/4.0 Chrome/51.0.2704.81 Mobile Safari/537.36 [FB_IAB/FB4A;FBAV/86.0.0.13.69;]"
54.247.188.179 - - [18/Jul/2016:16:23:05 -0300] "GET / HTTP/1.0" 200 11894 "-" "NewRelicPinger/1.0 (954132)"
184.73.237.85 - - [18/Jul/2016:16:23:47 -0300] "GET / HTTP/1.0" 200 11894 "-" "NewRelicPinger/1.0 (954132)"
201.33.227.164 - - [18/Jul/2016:16:24:01 -0300] "OPTIONS /user/get?fb=1067869346618447 HTTP/1.1" 204 0 "https://guardioesdasaude.org/cadastro" "Mozilla/5.0 (Linux; Android 5.0.2; LG-H522 Build/LRX22G; wv) AppleWebKit/537.36 (KHTML, like Gecko) Version/4.0 Chrome/51.0.2704.81 Mobile Safari/537.36 [FB_IAB/FB4A;FBAV/86.0.0.13.69;]"
201.33.227.164 - - [18/Jul/2016:16:24:01 -0300] "GET /user/get?fb=1067869346618447 HTTP/1.1" 200 56 "https://guardioesdasaude.org/cadastro" "Mozilla/5.0 (Linux; Android 5.0.2; LG-H522 Build/LRX22G; wv) AppleWebKit/537.36 (KHTML, like Gecko) Version/4.0 Chrome/51.0.2704.81 Mobile Safari/537.36 [FB_IAB/FB4A;FBAV/86.0.0.13.69;]"
54.248.250.232 - - [18/Jul/2016:16:24:06 -0300] "GET / HTTP/1.0" 200 11894 "-" "NewRelicPinger/1.0 (954132)"
54.251.34.67 - - [18/Jul/2016:16:24:15 -0300] "GET / HTTP/1.0" 200 11894 "-" "NewRelicPinger/1.0 (954132)"
50.112.95.211 - - [18/Jul/2016:16:24:51 -0300] "GET / HTTP/1.0" 200 11894 "-" "NewRelicPinger/1.0 (954132)"
54.247.188.179 - - [18/Jul/2016:16:25:34 -0300] "GET / HTTP/1.0" 200 11894 "-" "NewRelicPinger/1.0 (954132)"
201.33.227.164 - - [18/Jul/2016:16:25:42 -0300] "OPTIONS /user/create HTTP/1.1" 204 0 "https://guardioesdasaude.org/cadastro" "Mozilla/5.0 (Linux; Android 5.0.2; LG-H522 Build/LRX22G; wv) AppleWebKit/537.36 (KHTML, like Gecko) Version/4.0 Chrome/51.0.2704.81 Mobile Safari/537.36 [FB_IAB/FB4A;FBAV/86.0.0.13.69;]"
201.33.227.164 - - [18/Jul/2016:16:25:42 -0300] "POST /user/create HTTP/1.1" 200 497 "https://guardioesdasaude.org/cadastro" "Mozilla/5.0 (Linux; Android 5.0.2; LG-H522 Build/LRX22G; wv) AppleWebKit/537.36 (KHTML, like Gecko) Version/4.0 Chrome/51.0.2704.81 Mobile Safari/537.36 [FB_IAB/FB4A;FBAV/86.0.0.13.69;]"
201.33.227.164 - - [18/Jul/2016:16:25:43 -0300] "GET /search/cities?limit=5 HTTP/1.1" 200 165 "https://guardioesdasaude.org/survey" "Mozilla/5.0 (Linux; Android 5.0.2; LG-H522 Build/LRX22G; wv) AppleWebKit/537.36 (KHTML, like Gecko) Version/4.0 Chrome/51.0.2704.81 Mobile Safari/537.36 [FB_IAB/FB4A;FBAV/86.0.0.13.69;]"
201.33.227.164 - - [18/Jul/2016:16:25:43 -0300] "GET /search/cities?limit=5 HTTP/1.1" 200 165 "https://guardioesdasaude.org/survey" "Mozilla/5.0 (Linux; Android 5.0.2; LG-H522 Build/LRX22G; wv) AppleWebKit/537.36 (KHTML, like Gecko) Version/4.0 Chrome/51.0.2704.81 Mobile Safari/537.36 [FB_IAB/FB4A;FBAV/86.0.0.13.69;]"
184.73.237.85 - - [18/Jul/2016:16:26:16 -0300] "GET / HTTP/1.0" 200 11894 "-" "NewRelicPinger/1.0 (954132)"
54.248.250.232 - - [18/Jul/2016:16:26:36 -0300] "GET / HTTP/1.0" 200 11894 "-" "NewRelicPinger/1.0 (954132)"
54.251.34.67 - - [18/Jul/2016:16:26:45 -0300] "GET / HTTP/1.0" 200 11894 "-" "NewRelicPinger/1.0 (954132)"
50.112.95.211 - - [18/Jul/2016:16:27:21 -0300] "GET / HTTP/1.0" 200 11894 "-" "NewRelicPinger/1.0 (954132)"
54.247.188.179 - - [18/Jul/2016:16:28:04 -0300] "GET / HTTP/1.0" 200 11894 "-" "NewRelicPinger/1.0 (954132)"
177.38.200.177 - - [18/Jul/2016:16:28:15 -0300] "GET /user/lookup/ HTTP/1.1" 200 790 "-" "Guardioes da Saude/2.1 (iPhone; iOS 9.3; Scale/2.00)"
177.38.200.177 - - [18/Jul/2016:16:28:16 -0300] "GET /user/calendar/day?&day=18&month=7&year=2016 HTTP/1.1" 200 58 "-" "Guardioes da Saude/2.1 (iPhone; iOS 9.3; Scale/2.00)"
184.73.237.85 - - [18/Jul/2016:16:28:46 -0300] "GET / HTTP/1.0" 200 11894 "-" "NewRelicPinger/1.0 (954132)"
187.58.12.241 - - [18/Jul/2016:16:28:58 -0300] "GET /user/get?fb=922187891259760 HTTP/1.1" 200 56 "-" "Dalvik/2.1.0 (Linux; U; Android 5.0; ASUS_Z00AD Build/LRX21V)"
187.58.12.241 - - [18/Jul/2016:16:29:03 -0300] "GET /user/get?fb=922187891259760 HTTP/1.1" 200 56 "-" "Dalvik/2.1.0 (Linux; U; Android 5.0; ASUS_Z00AD Build/LRX21V)"
54.248.250.232 - - [18/Jul/2016:16:29:06 -0300] "GET / HTTP/1.0" 200 11894 "-" "NewRelicPinger/1.0 (954132)"
187.58.12.241 - - [18/Jul/2016:16:29:13 -0300] "GET /user/get?gl=117684832664808952844 HTTP/1.1" 200 56 "-" "Dalvik/2.1.0 (Linux; U; Android 5.0; ASUS_Z00AD Build/LRX21V)"
54.251.34.67 - - [18/Jul/2016:16:29:15 -0300] "GET / HTTP/1.0" 200 11894 "-" "NewRelicPinger/1.0 (954132)"
187.58.12.241 - - [18/Jul/2016:16:29:36 -0300] "GET /user/get?fb=922187891259760 HTTP/1.1" 200 56 "-" "Dalvik/2.1.0 (Linux; U; Android 5.0; ASUS_Z00AD Build/LRX21V)"
177.38.200.177 - - [18/Jul/2016:16:29:49 -0300] "GET /user/lookup/ HTTP/1.1" 200 790 "-" "Guardioes da Saude/2.1 (iPhone; iOS 9.3; Scale/2.00)"
177.38.200.177 - - [18/Jul/2016:16:29:49 -0300] "GET /user/calendar/day?&day=18&month=7&year=2016 HTTP/1.1" 200 58 "-" "Guardioes da Saude/2.1 (iPhone; iOS 9.3; Scale/2.00)"
50.112.95.211 - - [18/Jul/2016:16:29:51 -0300] "GET / HTTP/1.0" 200 11894 "-" "NewRelicPinger/1.0 (954132)"
201.33.227.164 - - [18/Jul/2016:16:29:56 -0300] "OPTIONS /user/survey/summary HTTP/1.1" 204 0 "https://guardioesdasaude.org/health-daily" "Mozilla/5.0 (Linux; Android 5.0.2; LG-H522 Build/LRX22G; wv) AppleWebKit/537.36 (KHTML, like Gecko) Version/4.0 Chrome/51.0.2704.81 Mobile Safari/537.36 [FB_IAB/FB4A;FBAV/86.0.0.13.69;]"
201.33.227.164 - - [18/Jul/2016:16:29:56 -0300] "OPTIONS /user/calendar/month?month=7&year=2016 HTTP/1.1" 204 0 "https://guardioesdasaude.org/health-daily" "Mozilla/5.0 (Linux; Android 5.0.2; LG-H522 Build/LRX22G; wv) AppleWebKit/537.36 (KHTML, like Gecko) Version/4.0 Chrome/51.0.2704.81 Mobile Safari/537.36 [FB_IAB/FB4A;FBAV/86.0.0.13.69;]"
201.33.227.164 - - [18/Jul/2016:16:29:56 -0300] "OPTIONS /user/calendar/year?year=2016 HTTP/1.1" 204 0 "https://guardioesdasaude.org/health-daily" "Mozilla/5.0 (Linux; Android 5.0.2; LG-H522 Build/LRX22G; wv) AppleWebKit/537.36 (KHTML, like Gecko) Version/4.0 Chrome/51.0.2704.81 Mobile Safari/537.36 [FB_IAB/FB4A;FBAV/86.0.0.13.69;]"
201.33.227.164 - - [18/Jul/2016:16:29:56 -0300] "OPTIONS /user/calendar/month?month=7&year=2016 HTTP/1.1" 204 0 "https://guardioesdasaude.org/health-daily" "Mozilla/5.0 (Linux; Android 5.0.2; LG-H522 Build/LRX22G; wv) AppleWebKit/537.36 (KHTML, like Gecko) Version/4.0 Chrome/51.0.2704.81 Mobile Safari/537.36 [FB_IAB/FB4A;FBAV/86.0.0.13.69;]"
201.33.227.164 - - [18/Jul/2016:16:29:56 -0300] "GET /search/cities?limit=5 HTTP/1.1" 200 165 "https://guardioesdasaude.org/health-daily" "Mozilla/5.0 (Linux; Android 5.0.2; LG-H522 Build/LRX22G; wv) AppleWebKit/537.36 (KHTML, like Gecko) Version/4.0 Chrome/51.0.2704.81 Mobile Safari/537.36 [FB_IAB/FB4A;FBAV/86.0.0.13.69;]"
201.33.227.164 - - [18/Jul/2016:16:29:57 -0300] "GET /user/calendar/month?month=7&year=2016 HTTP/1.1" 200 58 "https://guardioesdasaude.org/health-daily" "Mozilla/5.0 (Linux; Android 5.0.2; LG-H522 Build/LRX22G; wv) AppleWebKit/537.36 (KHTML, like Gecko) Version/4.0 Chrome/51.0.2704.81 Mobile Safari/537.36 [FB_IAB/FB4A;FBAV/86.0.0.13.69;]"
201.33.227.164 - - [18/Jul/2016:16:29:57 -0300] "OPTIONS /user/lookup HTTP/1.1" 204 0 "https://guardioesdasaude.org/game/tutorial" "Mozilla/5.0 (Linux; Android 5.0.2; LG-H522 Build/LRX22G; wv) AppleWebKit/537.36 (KHTML, like Gecko) Version/4.0 Chrome/51.0.2704.81 Mobile Safari/537.36 [FB_IAB/FB4A;FBAV/86.0.0.13.69;]"
201.33.227.164 - - [18/Jul/2016:16:29:57 -0300] "OPTIONS /user/calendar/day HTTP/1.1" 204 0 "https://guardioesdasaude.org/game/tutorial" "Mozilla/5.0 (Linux; Android 5.0.2; LG-H522 Build/LRX22G; wv) AppleWebKit/537.36 (KHTML, like Gecko) Version/4.0 Chrome/51.0.2704.81 Mobile Safari/537.36 [FB_IAB/FB4A;FBAV/86.0.0.13.69;]"
201.33.227.164 - - [18/Jul/2016:16:29:57 -0300] "GET /user/survey/summary HTTP/1.1" 200 66 "https://guardioesdasaude.org/health-daily" "Mozilla/5.0 (Linux; Android 5.0.2; LG-H522 Build/LRX22G; wv) AppleWebKit/537.36 (KHTML, like Gecko) Version/4.0 Chrome/51.0.2704.81 Mobile Safari/537.36 [FB_IAB/FB4A;FBAV/86.0.0.13.69;]"
201.33.227.164 - - [18/Jul/2016:16:29:57 -0300] "GET /user/calendar/year?year=2016 HTTP/1.1" 200 58 "https://guardioesdasaude.org/health-daily" "Mozilla/5.0 (Linux; Android 5.0.2; LG-H522 Build/LRX22G; wv) AppleWebKit/537.36 (KHTML, like Gecko) Version/4.0 Chrome/51.0.2704.81 Mobile Safari/537.36 [FB_IAB/FB4A;FBAV/86.0.0.13.69;]"
201.33.227.164 - - [18/Jul/2016:16:29:57 -0300] "GET /user/calendar/month?month=7&year=2016 HTTP/1.1" 200 58 "https://guardioesdasaude.org/health-daily" "Mozilla/5.0 (Linux; Android 5.0.2; LG-H522 Build/LRX22G; wv) AppleWebKit/537.36 (KHTML, like Gecko) Version/4.0 Chrome/51.0.2704.81 Mobile Safari/537.36 [FB_IAB/FB4A;FBAV/86.0.0.13.69;]"
201.33.227.164 - - [18/Jul/2016:16:29:57 -0300] "OPTIONS /user/chart/month?month=7&year=2016 HTTP/1.1" 204 0 "https://guardioesdasaude.org/game/tutorial" "Mozilla/5.0 (Linux; Android 5.0.2; LG-H522 Build/LRX22G; wv) AppleWebKit/537.36 (KHTML, like Gecko) Version/4.0 Chrome/51.0.2704.81 Mobile Safari/537.36 [FB_IAB/FB4A;FBAV/86.0.0.13.69;]"
201.33.227.164 - - [18/Jul/2016:16:29:57 -0300] "GET /user/calendar/day HTTP/1.1" 200 58 "https://guardioesdasaude.org/game/tutorial" "Mozilla/5.0 (Linux; Android 5.0.2; LG-H522 Build/LRX22G; wv) AppleWebKit/537.36 (KHTML, like Gecko) Version/4.0 Chrome/51.0.2704.81 Mobile Safari/537.36 [FB_IAB/FB4A;FBAV/86.0.0.13.69;]"
201.33.227.164 - - [18/Jul/2016:16:29:57 -0300] "GET /user/lookup HTTP/1.1" 200 621 "https://guardioesdasaude.org/game/tutorial" "Mozilla/5.0 (Linux; Android 5.0.2; LG-H522 Build/LRX22G; wv) AppleWebKit/537.36 (KHTML, like Gecko) Version/4.0 Chrome/51.0.2704.81 Mobile Safari/537.36 [FB_IAB/FB4A;FBAV/86.0.0.13.69;]"
201.33.227.164 - - [18/Jul/2016:16:29:57 -0300] "GET /user/chart/month?month=7&year=2016 HTTP/1.1" 200 58 "https://guardioesdasaude.org/game/tutorial" "Mozilla/5.0 (Linux; Android 5.0.2; LG-H522 Build/LRX22G; wv) AppleWebKit/537.36 (KHTML, like Gecko) Version/4.0 Chrome/51.0.2704.81 Mobile Safari/537.36 [FB_IAB/FB4A;FBAV/86.0.0.13.69;]"
177.38.200.177 - - [18/Jul/2016:16:30:05 -0300] "GET /user/household/57894d984d3897087678abcf HTTP/1.1" 200 56 "-" "Guardioes da Saude/2.1 (iPhone; iOS 9.3; Scale/2.00)"
177.38.200.177 - - [18/Jul/2016:16:30:08 -0300] "POST /survey/create HTTP/1.1" 200 550 "-" "Guardioes da Saude/2.1 (iPhone; iOS 9.3; Scale/2.00)"
201.33.227.164 - - [18/Jul/2016:16:30:08 -0300] "GET /user/calendar/day HTTP/1.1" 200 58 "https://guardioesdasaude.org/game/home" "Mozilla/5.0 (Linux; Android 5.0.2; LG-H522 Build/LRX22G; wv) AppleWebKit/537.36 (KHTML, like Gecko) Version/4.0 Chrome/51.0.2704.81 Mobile Safari/537.36 [FB_IAB/FB4A;FBAV/86.0.0.13.69;]"
201.33.227.164 - - [18/Jul/2016:16:30:08 -0300] "GET /user/lookup HTTP/1.1" 200 622 "https://guardioesdasaude.org/game/home" "Mozilla/5.0 (Linux; Android 5.0.2; LG-H522 Build/LRX22G; wv) AppleWebKit/537.36 (KHTML, like Gecko) Version/4.0 Chrome/51.0.2704.81 Mobile Safari/537.36 [FB_IAB/FB4A;FBAV/86.0.0.13.69;]"
177.38.200.177 - - [18/Jul/2016:16:30:09 -0300] "GET /user/calendar/day?&day=18&month=7&year=2016 HTTP/1.1" 200 116 "-" "Guardioes da Saude/2.1 (iPhone; iOS 9.3; Scale/2.00)"
201.33.227.164 - - [18/Jul/2016:16:30:28 -0300] "GET /user/calendar/day HTTP/1.1" 200 58 "https://guardioesdasaude.org/game/tutorial" "Mozilla/5.0 (Linux; Android 5.0.2; LG-H522 Build/LRX22G; wv) AppleWebKit/537.36 (KHTML, like Gecko) Version/4.0 Chrome/51.0.2704.81 Mobile Safari/537.36 [FB_IAB/FB4A;FBAV/86.0.0.13.69;]"
201.33.227.164 - - [18/Jul/2016:16:30:28 -0300] "GET /user/lookup HTTP/1.1" 200 621 "https://guardioesdasaude.org/game/tutorial" "Mozilla/5.0 (Linux; Android 5.0.2; LG-H522 Build/LRX22G; wv) AppleWebKit/537.36 (KHTML, like Gecko) Version/4.0 Chrome/51.0.2704.81 Mobile Safari/537.36 [FB_IAB/FB4A;FBAV/86.0.0.13.69;]"
54.247.188.179 - - [18/Jul/2016:16:30:34 -0300] "GET / HTTP/1.0" 200 11894 "-" "NewRelicPinger/1.0 (954132)"
201.33.227.164 - - [18/Jul/2016:16:30:37 -0300] "GET /user/calendar/day HTTP/1.1" 200 58 "https://guardioesdasaude.org/game/home" "Mozilla/5.0 (Linux; Android 5.0.2; LG-H522 Build/LRX22G; wv) AppleWebKit/537.36 (KHTML, like Gecko) Version/4.0 Chrome/51.0.2704.81 Mobile Safari/537.36 [FB_IAB/FB4A;FBAV/86.0.0.13.69;]"
201.33.227.164 - - [18/Jul/2016:16:30:37 -0300] "GET /user/lookup HTTP/1.1" 200 623 "https://guardioesdasaude.org/game/home" "Mozilla/5.0 (Linux; Android 5.0.2; LG-H522 Build/LRX22G; wv) AppleWebKit/537.36 (KHTML, like Gecko) Version/4.0 Chrome/51.0.2704.81 Mobile Safari/537.36 [FB_IAB/FB4A;FBAV/86.0.0.13.69;]"
187.58.12.241 - - [18/Jul/2016:16:30:39 -0300] "POST /user/create HTTP/1.1" 200 601 "-" "Dalvik/2.1.0 (Linux; U; Android 5.0; ASUS_Z00AD Build/LRX21V)"
187.58.12.241 - - [18/Jul/2016:16:30:42 -0300] "POST /survey/create HTTP/1.1" 200 441 "-" "Dalvik/2.1.0 (Linux; U; Android 5.0; ASUS_Z00AD Build/LRX21V)"
187.58.12.241 - - [18/Jul/2016:16:30:42 -0300] "GET /user/calendar/day?day=18&month=6&year=2016 HTTP/1.1" 200 58 "-" "Dalvik/2.1.0 (Linux; U; Android 5.0; ASUS_Z00AD Build/LRX21V)"
187.58.12.241 - - [18/Jul/2016:16:30:53 -0300] "GET /user/household/578d2e5f50452b15468e62e3 HTTP/1.1" 200 56 "-" "Dalvik/2.1.0 (Linux; U; Android 5.0; ASUS_Z00AD Build/LRX21V)"
187.58.12.241 - - [18/Jul/2016:16:31:06 -0300] "GET /surveys/summary/?lon=-38.355369&lat=-12.900565 HTTP/1.1" 200 232 "-" "Dalvik/2.1.0 (Linux; U; Android 5.0; ASUS_Z00AD Build/LRX21V)"
187.58.12.241 - - [18/Jul/2016:16:31:07 -0300] "GET /surveys/l?lon=-38.355369&lat=-12.900565 HTTP/1.1" 200 56 "-" "Dalvik/2.1.0 (Linux; U; Android 5.0; ASUS_Z00AD Build/LRX21V)"
184.73.237.85 - - [18/Jul/2016:16:31:16 -0300] "GET / HTTP/1.0" 200 11894 "-" "NewRelicPinger/1.0 (954132)"
187.58.12.241 - - [18/Jul/2016:16:31:20 -0300] "GET /user/household/578d2e5f50452b15468e62e3 HTTP/1.1" 200 56 "-" "Dalvik/2.1.0 (Linux; U; Android 5.0; ASUS_Z00AD Build/LRX21V)"
187.58.12.241 - - [18/Jul/2016:16:31:21 -0300] "GET /user/survey/summary HTTP/1.1" 200 69 "-" "Dalvik/2.1.0 (Linux; U; Android 5.0; ASUS_Z00AD Build/LRX21V)"
187.58.12.241 - - [18/Jul/2016:16:31:21 -0300] "GET /user/calendar/month?&month=7&year=2016 HTTP/1.1" 200 116 "-" "Dalvik/2.1.0 (Linux; U; Android 5.0; ASUS_Z00AD Build/LRX21V)"
187.58.12.241 - - [18/Jul/2016:16:31:21 -0300] "GET /user/calendar/year?year=2016 HTTP/1.1" 200 109 "-" "Dalvik/2.1.0 (Linux; U; Android 5.0; ASUS_Z00AD Build/LRX21V)"
201.92.210.110 - - [18/Jul/2016:16:31:26 -0300] "OPTIONS /search/cities?limit=5 HTTP/1.1" 204 0 "https://guardioesdasaude.org/" "Mozilla/5.0 (iPhone; CPU iPhone OS 9_3_2 like Mac OS X) AppleWebKit/601.1.46 (KHTML, like Gecko) Mobile/13F69 [FBAN/FBIOS;FBAV/59.0.0.51.142;FBBV/33266808;FBRV/0;FBDV/iPhone7,2;FBMD/iPhone;FBSN/iPhone OS;FBSV/9.3.2;FBSS/2;FBCR/ClaroBrasil;FBID/phone;FBLC/pt_BR;FBOP/5]"
201.92.210.110 - - [18/Jul/2016:16:31:27 -0300] "GET /search/cities?limit=5 HTTP/1.1" 200 165 "https://guardioesdasaude.org/" "Mozilla/5.0 (iPhone; CPU iPhone OS 9_3_2 like Mac OS X) AppleWebKit/601.1.46 (KHTML, like Gecko) Mobile/13F69 [FBAN/FBIOS;FBAV/59.0.0.51.142;FBBV/33266808;FBRV/0;FBDV/iPhone7,2;FBMD/iPhone;FBSN/iPhone OS;FBSV/9.3.2;FBSS/2;FBCR/ClaroBrasil;FBID/phone;FBLC/pt_BR;FBOP/5]"
187.58.12.241 - - [18/Jul/2016:16:31:33 -0300] "GET /surveys/summary/?lon=-38.3553003&lat=-12.9006954 HTTP/1.1" 200 234 "-" "Dalvik/2.1.0 (Linux; U; Android 5.0; ASUS_Z00AD Build/LRX21V)"
187.58.12.241 - - [18/Jul/2016:16:31:34 -0300] "GET /surveys/l?lon=-38.3553003&lat=-12.9006954 HTTP/1.1" 200 56 "-" "Dalvik/2.1.0 (Linux; U; Android 5.0; ASUS_Z00AD Build/LRX21V)"
54.248.250.232 - - [18/Jul/2016:16:31:35 -0300] "GET / HTTP/1.0" 200 11894 "-" "NewRelicPinger/1.0 (954132)"
54.251.34.67 - - [18/Jul/2016:16:31:45 -0300] "GET / HTTP/1.0" 200 11894 "-" "NewRelicPinger/1.0 (954132)"
50.112.95.211 - - [18/Jul/2016:16:32:21 -0300] "GET / HTTP/1.0" 200 11894 "-" "NewRelicPinger/1.0 (954132)"
177.38.200.177 - - [18/Jul/2016:16:32:37 -0300] "POST /user/forgot-password HTTP/1.1" 200 84 "-" "Guardioes da Saude/2.1 (iPhone; iOS 9.3; Scale/2.00)"
190.148.78.151 - - [18/Jul/2016:16:32:43 -0300] "OPTIONS /search/cities?limit=5 HTTP/1.1" 204 0 "https://guardioesdasaude.org/" "Mozilla/5.0 (Linux; Android 5.1.1; SM-J500M Build/LMY48B; wv) AppleWebKit/537.36 (KHTML, like Gecko) Version/4.0 Chrome/51.0.2704.81 Mobile Safari/537.36"
190.148.78.151 - - [18/Jul/2016:16:32:44 -0300] "GET /search/cities?limit=5 HTTP/1.1" 200 165 "https://guardioesdasaude.org/" "Mozilla/5.0 (Linux; Android 5.1.1; SM-J500M Build/LMY48B; wv) AppleWebKit/537.36 (KHTML, like Gecko) Version/4.0 Chrome/51.0.2704.81 Mobile Safari/537.36"
54.247.188.179 - - [18/Jul/2016:16:33:04 -0300] "GET / HTTP/1.0" 200 11894 "-" "NewRelicPinger/1.0 (954132)"
187.58.12.241 - - [18/Jul/2016:16:33:15 -0300] "GET /game/ranking/ HTTP/1.1" 200 187 "-" "Dalvik/2.1.0 (Linux; U; Android 5.0; ASUS_Z00AD Build/LRX21V)"
184.73.237.85 - - [18/Jul/2016:16:33:46 -0300] "GET / HTTP/1.0" 200 11894 "-" "NewRelicPinger/1.0 (954132)"
187.58.12.241 - - [18/Jul/2016:16:33:47 -0300] "GET /game/questions/?lang=pt_BR HTTP/1.1" 200 762 "-" "Dalvik/2.1.0 (Linux; U; Android 5.0; ASUS_Z00AD Build/LRX21V)"
187.58.12.241 - - [18/Jul/2016:16:33:58 -0300] "POST /game/ HTTP/1.1" 200 168 "-" "Dalvik/2.1.0 (Linux; U; Android 5.0; ASUS_Z00AD Build/LRX21V)"
54.248.250.232 - - [18/Jul/2016:16:34:06 -0300] "GET / HTTP/1.0" 200 11894 "-" "NewRelicPinger/1.0 (954132)"
187.58.12.241 - - [18/Jul/2016:16:34:06 -0300] "POST /game/ HTTP/1.1" 200 168 "-" "Dalvik/2.1.0 (Linux; U; Android 5.0; ASUS_Z00AD Build/LRX21V)"
54.251.34.67 - - [18/Jul/2016:16:34:15 -0300] "GET / HTTP/1.0" 200 11894 "-" "NewRelicPinger/1.0 (954132)"
187.58.12.241 - - [18/Jul/2016:16:34:19 -0300] "POST /game/ HTTP/1.1" 200 168 "-" "Dalvik/2.1.0 (Linux; U; Android 5.0; ASUS_Z00AD Build/LRX21V)"
187.58.12.241 - - [18/Jul/2016:16:34:31 -0300] "POST /game/ HTTP/1.1" 200 169 "-" "Dalvik/2.1.0 (Linux; U; Android 5.0; ASUS_Z00AD Build/LRX21V)"
187.58.12.241 - - [18/Jul/2016:16:34:42 -0300] "POST /game/ HTTP/1.1" 200 167 "-" "Dalvik/2.1.0 (Linux; U; Android 5.0; ASUS_Z00AD Build/LRX21V)"
50.112.95.211 - - [18/Jul/2016:16:34:51 -0300] "GET / HTTP/1.0" 200 11894 "-" "NewRelicPinger/1.0 (954132)"
187.58.12.241 - - [18/Jul/2016:16:34:53 -0300] "POST /game/ HTTP/1.1" 200 168 "-" "Dalvik/2.1.0 (Linux; U; Android 5.0; ASUS_Z00AD Build/LRX21V)"
187.58.12.241 - - [18/Jul/2016:16:35:09 -0300] "GET /user/household/578d2e5f50452b15468e62e3 HTTP/1.1" 200 56 "-" "Dalvik/2.1.0 (Linux; U; Android 5.0; ASUS_Z00AD Build/LRX21V)"
54.247.188.179 - - [18/Jul/2016:16:35:35 -0300] "GET / HTTP/1.0" 200 11894 "-" "NewRelicPinger/1.0 (954132)"
187.58.12.241 - - [18/Jul/2016:16:35:39 -0300] "GET /user/household/578d2e5f50452b15468e62e3 HTTP/1.1" 200 56 "-" "Dalvik/2.1.0 (Linux; U; Android 5.0; ASUS_Z00AD Build/LRX21V)"
187.58.12.241 - - [18/Jul/2016:16:35:44 -0300] "POST /survey/create HTTP/1.1" 200 442 "-" "Dalvik/2.1.0 (Linux; U; Android 5.0; ASUS_Z00AD Build/LRX21V)"
187.58.12.241 - - [18/Jul/2016:16:35:44 -0300] "GET /user/calendar/day?day=18&month=6&year=2016 HTTP/1.1" 200 58 "-" "Dalvik/2.1.0 (Linux; U; Android 5.0; ASUS_Z00AD Build/LRX21V)"
184.73.237.85 - - [18/Jul/2016:16:36:17 -0300] "GET / HTTP/1.0" 200 11894 "-" "NewRelicPinger/1.0 (954132)"
54.248.250.232 - - [18/Jul/2016:16:36:37 -0300] "GET / HTTP/1.0" 200 11894 "-" "NewRelicPinger/1.0 (954132)"
54.251.34.67 - - [18/Jul/2016:16:36:45 -0300] "GET / HTTP/1.0" 200 11894 "-" "NewRelicPinger/1.0 (954132)"
177.38.200.177 - - [18/Jul/2016:16:37:20 -0300] "POST /user/login HTTP/1.1" 200 119 "-" "Guardioes da Saude/2.1 (iPhone; iOS 9.3; Scale/2.00)"
50.112.95.211 - - [18/Jul/2016:16:37:21 -0300] "GET / HTTP/1.0" 200 11894 "-" "NewRelicPinger/1.0 (954132)"
177.38.200.177 - - [18/Jul/2016:16:37:33 -0300] "POST /user/login HTTP/1.1" 200 119 "-" "Guardioes da Saude/2.1 (iPhone; iOS 9.3; Scale/2.00)"
54.247.188.179 - - [18/Jul/2016:16:38:04 -0300] "GET / HTTP/1.0" 200 11894 "-" "NewRelicPinger/1.0 (954132)"
184.73.237.85 - - [18/Jul/2016:16:38:48 -0300] "GET / HTTP/1.0" 200 11894 "-" "NewRelicPinger/1.0 (954132)"
54.248.250.232 - - [18/Jul/2016:16:39:05 -0300] "GET / HTTP/1.0" 200 11894 "-" "NewRelicPinger/1.0 (954132)"
54.251.34.67 - - [18/Jul/2016:16:39:15 -0300] "GET / HTTP/1.0" 200 11894 "-" "NewRelicPinger/1.0 (954132)"
50.112.95.211 - - [18/Jul/2016:16:39:51 -0300] "GET / HTTP/1.0" 200 11894 "-" "NewRelicPinger/1.0 (954132)"
54.247.188.179 - - [18/Jul/2016:16:40:34 -0300] "GET / HTTP/1.0" 200 11894 "-" "NewRelicPinger/1.0 (954132)"
184.73.237.85 - - [18/Jul/2016:16:41:16 -0300] "GET / HTTP/1.0" 200 11894 "-" "NewRelicPinger/1.0 (954132)"
54.248.250.232 - - [18/Jul/2016:16:41:36 -0300] "GET / HTTP/1.0" 200 11894 "-" "NewRelicPinger/1.0 (954132)"
54.251.34.67 - - [18/Jul/2016:16:41:45 -0300] "GET / HTTP/1.0" 200 11894 "-" "NewRelicPinger/1.0 (954132)"
50.112.95.211 - - [18/Jul/2016:16:42:21 -0300] "GET / HTTP/1.0" 200 11894 "-" "NewRelicPinger/1.0 (954132)"
54.247.188.179 - - [18/Jul/2016:16:43:04 -0300] "GET / HTTP/1.0" 200 11894 "-" "NewRelicPinger/1.0 (954132)"
184.73.237.85 - - [18/Jul/2016:16:43:47 -0300] "GET / HTTP/1.0" 200 11894 "-" "NewRelicPinger/1.0 (954132)"
54.248.250.232 - - [18/Jul/2016:16:44:07 -0300] "GET / HTTP/1.0" 200 11894 "-" "NewRelicPinger/1.0 (954132)"
54.251.34.67 - - [18/Jul/2016:16:44:15 -0300] "GET / HTTP/1.0" 200 11894 "-" "NewRelicPinger/1.0 (954132)"
50.112.95.211 - - [18/Jul/2016:16:44:51 -0300] "GET / HTTP/1.0" 200 11894 "-" "NewRelicPinger/1.0 (954132)"
54.247.188.179 - - [18/Jul/2016:16:45:34 -0300] "GET / HTTP/1.0" 200 11894 "-" "NewRelicPinger/1.0 (954132)"
184.73.237.85 - - [18/Jul/2016:16:46:17 -0300] "GET / HTTP/1.0" 200 11894 "-" "NewRelicPinger/1.0 (954132)"
54.248.250.232 - - [18/Jul/2016:16:46:36 -0300] "GET / HTTP/1.0" 200 11894 "-" "NewRelicPinger/1.0 (954132)"
54.251.34.67 - - [18/Jul/2016:16:46:45 -0300] "GET / HTTP/1.0" 200 11894 "-" "NewRelicPinger/1.0 (954132)"
177.38.200.177 - - [18/Jul/2016:16:47:08 -0300] "GET /user/get?fb=155316038184362 HTTP/1.1" 200 1081 "-" "Dalvik/2.1.0 (Linux; U; Android 5.1.1; SM-J200BT Build/LMY47X)"
177.38.200.177 - - [18/Jul/2016:16:47:15 -0300] "POST /user/login HTTP/1.1" 200 1231 "-" "Dalvik/2.1.0 (Linux; U; Android 5.1.1; SM-J200BT Build/LMY47X)"
50.112.95.211 - - [18/Jul/2016:16:47:21 -0300] "GET / HTTP/1.0" 200 11894 "-" "NewRelicPinger/1.0 (954132)"
177.38.200.177 - - [18/Jul/2016:16:47:31 -0300] "GET /user/get?gl=102835969640558643341 HTTP/1.1" 200 56 "-" "Dalvik/2.1.0 (Linux; U; Android 5.1.1; SM-J200BT Build/LMY47X)"
54.247.188.179 - - [18/Jul/2016:16:48:04 -0300] "GET / HTTP/1.0" 200 11894 "-" "NewRelicPinger/1.0 (954132)"
177.38.200.177 - - [18/Jul/2016:16:48:12 -0300] "POST /user/create HTTP/1.1" 200 628 "-" "Dalvik/2.1.0 (Linux; U; Android 5.1.1; SM-J200BT Build/LMY47X)"
177.38.200.177 - - [18/Jul/2016:16:48:14 -0300] "POST /survey/create HTTP/1.1" 200 441 "-" "Dalvik/2.1.0 (Linux; U; Android 5.1.1; SM-J200BT Build/LMY47X)"
177.38.200.177 - - [18/Jul/2016:16:48:14 -0300] "GET /user/calendar/day?day=18&month=6&year=2016 HTTP/1.1" 200 58 "-" "Dalvik/2.1.0 (Linux; U; Android 5.1.1; SM-J200BT Build/LMY47X)"
177.38.200.177 - - [18/Jul/2016:16:48:22 -0300] "GET /user/get?gl=102835969640558643341 HTTP/1.1" 200 879 "-" "Dalvik/2.1.0 (Linux; U; Android 5.1.1; SM-J200BT Build/LMY47X)"
177.38.200.177 - - [18/Jul/2016:16:48:23 -0300] "POST /user/login HTTP/1.1" 200 983 "-" "Dalvik/2.1.0 (Linux; U; Android 5.1.1; SM-J200BT Build/LMY47X)"
184.73.237.85 - - [18/Jul/2016:16:48:47 -0300] "GET / HTTP/1.0" 200 11894 "-" "NewRelicPinger/1.0 (954132)"
54.248.250.232 - - [18/Jul/2016:16:49:06 -0300] "GET / HTTP/1.0" 200 11894 "-" "NewRelicPinger/1.0 (954132)"
54.251.34.67 - - [18/Jul/2016:16:49:15 -0300] "GET / HTTP/1.0" 200 11894 "-" "NewRelicPinger/1.0 (954132)"
50.112.95.211 - - [18/Jul/2016:16:49:51 -0300] "GET / HTTP/1.0" 200 11894 "-" "NewRelicPinger/1.0 (954132)"
177.38.200.177 - - [18/Jul/2016:16:50:08 -0300] "GET /user/get?gl=102835969640558643341 HTTP/1.1" 200 963 "-" "Dalvik/2.1.0 (Linux; U; Android 5.1.1; SM-J200BT Build/LMY47X)"
177.38.200.177 - - [18/Jul/2016:16:50:13 -0300] "POST /user/login HTTP/1.1" 200 1110 "-" "Dalvik/2.1.0 (Linux; U; Android 5.1.1; SM-J200BT Build/LMY47X)"
54.247.188.179 - - [18/Jul/2016:16:50:34 -0300] "GET / HTTP/1.0" 200 11894 "-" "NewRelicPinger/1.0 (954132)"
177.38.200.177 - - [18/Jul/2016:16:50:49 -0300] "GET /user/get?tw=700006853359575040-fs7NgusVGvzOA1YXpR4CI5rGnlowy6u HTTP/1.1" 200 56 "-" "Dalvik/2.1.0 (Linux; U; Android 5.1.1; SM-J200BT Build/LMY47X)"
184.73.237.85 - - [18/Jul/2016:16:51:17 -0300] "GET / HTTP/1.0" 200 11894 "-" "NewRelicPinger/1.0 (954132)"
54.248.250.232 - - [18/Jul/2016:16:51:37 -0300] "GET / HTTP/1.0" 200 11894 "-" "NewRelicPinger/1.0 (954132)"
54.251.34.67 - - [18/Jul/2016:16:51:45 -0300] "GET / HTTP/1.0" 200 11894 "-" "NewRelicPinger/1.0 (954132)"
50.112.95.211 - - [18/Jul/2016:16:52:21 -0300] "GET / HTTP/1.0" 200 11894 "-" "NewRelicPinger/1.0 (954132)"
54.247.188.179 - - [18/Jul/2016:16:53:04 -0300] "GET / HTTP/1.0" 200 11894 "-" "NewRelicPinger/1.0 (954132)"
177.38.200.177 - - [18/Jul/2016:16:53:38 -0300] "GET /user/get?tw=700006853359575040-fs7NgusVGvzOA1YXpR4CI5rGnlowy6u HTTP/1.1" 200 56 "-" "Dalvik/2.1.0 (Linux; U; Android 5.1.1; SM-J200BT Build/LMY47X)"
184.73.237.85 - - [18/Jul/2016:16:53:47 -0300] "GET / HTTP/1.0" 200 11894 "-" "NewRelicPinger/1.0 (954132)"
54.248.250.232 - - [18/Jul/2016:16:54:06 -0300] "GET / HTTP/1.0" 200 11894 "-" "NewRelicPinger/1.0 (954132)"
54.251.34.67 - - [18/Jul/2016:16:54:15 -0300] "GET / HTTP/1.0" 200 11894 "-" "NewRelicPinger/1.0 (954132)"
177.38.200.177 - - [18/Jul/2016:16:54:32 -0300] "POST /user/create HTTP/1.1" 200 649 "-" "Dalvik/2.1.0 (Linux; U; Android 5.1.1; SM-J200BT Build/LMY47X)"
177.38.200.177 - - [18/Jul/2016:16:54:35 -0300] "POST /survey/create HTTP/1.1" 200 442 "-" "Dalvik/2.1.0 (Linux; U; Android 5.1.1; SM-J200BT Build/LMY47X)"
177.38.200.177 - - [18/Jul/2016:16:54:35 -0300] "GET /user/calendar/day?day=18&month=6&year=2016 HTTP/1.1" 200 58 "-" "Dalvik/2.1.0 (Linux; U; Android 5.1.1; SM-J200BT Build/LMY47X)"
50.112.95.211 - - [18/Jul/2016:16:54:51 -0300] "GET / HTTP/1.0" 200 11894 "-" "NewRelicPinger/1.0 (954132)"
177.38.200.177 - - [18/Jul/2016:16:55:18 -0300] "GET /user/get?tw=700006853359575040-fs7NgusVGvzOA1YXpR4CI5rGnlowy6u HTTP/1.1" 200 907 "-" "Dalvik/2.1.0 (Linux; U; Android 5.1.1; SM-J200BT Build/LMY47X)"
177.38.200.177 - - [18/Jul/2016:16:55:19 -0300] "POST /user/login HTTP/1.1" 200 1013 "-" "Dalvik/2.1.0 (Linux; U; Android 5.1.1; SM-J200BT Build/LMY47X)"
54.247.188.179 - - [18/Jul/2016:16:55:34 -0300] "GET / HTTP/1.0" 200 11894 "-" "NewRelicPinger/1.0 (954132)"
184.73.237.85 - - [18/Jul/2016:16:56:17 -0300] "GET / HTTP/1.0" 200 11894 "-" "NewRelicPinger/1.0 (954132)"
54.248.250.232 - - [18/Jul/2016:16:56:36 -0300] "GET / HTTP/1.0" 200 11894 "-" "NewRelicPinger/1.0 (954132)"
191.247.236.38 - - [18/Jul/2016:16:56:44 -0300] "GET /user/get?fb=10205300695276751 HTTP/1.1" 200 56 "-" "Guardioes da Saude/2.0 (iPhone; iOS 9.3.2; Scale/2.00)"
54.251.34.67 - - [18/Jul/2016:16:56:45 -0300] "GET / HTTP/1.0" 200 11894 "-" "NewRelicPinger/1.0 (954132)"
191.247.236.38 - - [18/Jul/2016:16:57:10 -0300] "POST /user/login HTTP/1.1" 200 77 "-" "Guardioes da Saude/2.0 (iPhone; iOS 9.3.2; Scale/2.00)"
50.112.95.211 - - [18/Jul/2016:16:57:21 -0300] "GET / HTTP/1.0" 200 11894 "-" "NewRelicPinger/1.0 (954132)"
191.247.236.38 - - [18/Jul/2016:16:57:24 -0300] "POST /user/login HTTP/1.1" 200 77 "-" "Guardioes da Saude/2.0 (iPhone; iOS 9.3.2; Scale/2.00)"
191.247.236.38 - - [18/Jul/2016:16:58:01 -0300] "GET /user/get?fb=10205300695276751 HTTP/1.1" 200 56 "-" "Guardioes da Saude/2.0 (iPhone; iOS 9.3.2; Scale/2.00)"
54.247.188.179 - - [18/Jul/2016:16:58:05 -0300] "GET / HTTP/1.0" 200 11894 "-" "NewRelicPinger/1.0 (954132)"
191.247.236.38 - - [18/Jul/2016:16:58:31 -0300] "POST /user/login HTTP/1.1" 200 77 "-" "Guardioes da Saude/2.0 (iPhone; iOS 9.3.2; Scale/2.00)"
184.73.237.85 - - [18/Jul/2016:16:58:47 -0300] "GET / HTTP/1.0" 200 11894 "-" "NewRelicPinger/1.0 (954132)"
191.247.236.38 - - [18/Jul/2016:16:58:55 -0300] "GET /user/get?fb=10205300695276751 HTTP/1.1" 200 56 "-" "Guardioes da Saude/2.0 (iPhone; iOS 9.3.2; Scale/2.00)"
54.248.250.232 - - [18/Jul/2016:16:59:06 -0300] "GET / HTTP/1.0" 200 11894 "-" "NewRelicPinger/1.0 (954132)"
54.251.34.67 - - [18/Jul/2016:16:59:15 -0300] "GET / HTTP/1.0" 200 11894 "-" "NewRelicPinger/1.0 (954132)"
50.112.95.211 - - [18/Jul/2016:16:59:51 -0300] "GET / HTTP/1.0" 200 11894 "-" "NewRelicPinger/1.0 (954132)"
54.247.188.179 - - [18/Jul/2016:17:00:34 -0300] "GET / HTTP/1.0" 200 11894 "-" "NewRelicPinger/1.0 (954132)"
184.73.237.85 - - [18/Jul/2016:17:01:17 -0300] "GET / HTTP/1.0" 200 11894 "-" "NewRelicPinger/1.0 (954132)"
54.248.250.232 - - [18/Jul/2016:17:01:37 -0300] "GET / HTTP/1.0" 200 11894 "-" "NewRelicPinger/1.0 (954132)"
54.251.34.67 - - [18/Jul/2016:17:01:45 -0300] "GET / HTTP/1.0" 200 11894 "-" "NewRelicPinger/1.0 (954132)"
50.112.95.211 - - [18/Jul/2016:17:02:21 -0300] "GET / HTTP/1.0" 200 11894 "-" "NewRelicPinger/1.0 (954132)"
54.247.188.179 - - [18/Jul/2016:17:03:04 -0300] "GET / HTTP/1.0" 200 11894 "-" "NewRelicPinger/1.0 (954132)"
184.73.237.85 - - [18/Jul/2016:17:03:47 -0300] "GET / HTTP/1.0" 200 11894 "-" "NewRelicPinger/1.0 (954132)"
54.248.250.232 - - [18/Jul/2016:17:04:07 -0300] "GET / HTTP/1.0" 200 11894 "-" "NewRelicPinger/1.0 (954132)"
54.251.34.67 - - [18/Jul/2016:17:04:16 -0300] "GET / HTTP/1.0" 200 11894 "-" "NewRelicPinger/1.0 (954132)"
50.112.95.211 - - [18/Jul/2016:17:04:51 -0300] "GET / HTTP/1.0" 200 11894 "-" "NewRelicPinger/1.0 (954132)"
179.191.16.35 - - [18/Jul/2016:17:05:18 -0300] "OPTIONS /search/cities?limit=5 HTTP/1.1" 204 0 "https://guardioesdasaude.org/" "Mozilla/5.0 (Linux; Android 6.0; XT1097 Build/MPES24.49-18-3) AppleWebKit/537.36 (KHTML, like Gecko) Chrome/50.0.2661.89 Mobile Safari/537.36"
179.191.16.35 - - [18/Jul/2016:17:05:18 -0300] "GET /search/cities?limit=5 HTTP/1.1" 200 165 "https://guardioesdasaude.org/" "Mozilla/5.0 (Linux; Android 6.0; XT1097 Build/MPES24.49-18-3) AppleWebKit/537.36 (KHTML, like Gecko) Chrome/50.0.2661.89 Mobile Safari/537.36"
54.247.188.179 - - [18/Jul/2016:17:05:35 -0300] "GET / HTTP/1.0" 200 11894 "-" "NewRelicPinger/1.0 (954132)"
184.73.237.85 - - [18/Jul/2016:17:06:17 -0300] "GET / HTTP/1.0" 200 11894 "-" "NewRelicPinger/1.0 (954132)"
54.248.250.232 - - [18/Jul/2016:17:06:36 -0300] "GET / HTTP/1.0" 200 11894 "-" "NewRelicPinger/1.0 (954132)"
54.251.34.67 - - [18/Jul/2016:17:06:45 -0300] "GET / HTTP/1.0" 200 11894 "-" "NewRelicPinger/1.0 (954132)"
50.112.95.211 - - [18/Jul/2016:17:07:21 -0300] "GET / HTTP/1.0" 200 11894 "-" "NewRelicPinger/1.0 (954132)"
54.247.188.179 - - [18/Jul/2016:17:08:05 -0300] "GET / HTTP/1.0" 200 11894 "-" "NewRelicPinger/1.0 (954132)"
184.73.237.85 - - [18/Jul/2016:17:08:47 -0300] "GET / HTTP/1.0" 200 11894 "-" "NewRelicPinger/1.0 (954132)"
54.248.250.232 - - [18/Jul/2016:17:09:06 -0300] "GET / HTTP/1.0" 200 11894 "-" "NewRelicPinger/1.0 (954132)"
54.251.34.67 - - [18/Jul/2016:17:09:15 -0300] "GET / HTTP/1.0" 200 11894 "-" "NewRelicPinger/1.0 (954132)"
50.112.95.211 - - [18/Jul/2016:17:09:51 -0300] "GET / HTTP/1.0" 200 11894 "-" "NewRelicPinger/1.0 (954132)"
189.28.128.242 - - [18/Jul/2016:17:10:11 -0300] "OPTIONS /search/cities?limit=5 HTTP/1.1" 204 0 "https://guardioesdasaude.org/" "Mozilla/5.0 (Windows NT 6.1; WOW64) AppleWebKit/537.36 (KHTML, like Gecko) Chrome/51.0.2704.103 Safari/537.36"
189.28.128.242 - - [18/Jul/2016:17:10:12 -0300] "GET /search/cities?limit=5 HTTP/1.1" 200 165 "https://guardioesdasaude.org/" "Mozilla/5.0 (Windows NT 6.1; WOW64) AppleWebKit/537.36 (KHTML, like Gecko) Chrome/51.0.2704.103 Safari/537.36"
54.247.188.179 - - [18/Jul/2016:17:10:35 -0300] "GET / HTTP/1.0" 200 11894 "-" "NewRelicPinger/1.0 (954132)"
189.28.128.242 - - [18/Jul/2016:17:11:05 -0300] "OPTIONS /search/cities?limit=5 HTTP/1.1" 204 0 "https://guardioesdasaude.org/" "Mozilla/5.0 (Windows NT 6.1; WOW64) AppleWebKit/537.36 (KHTML, like Gecko) Chrome/51.0.2704.103 Safari/537.36"
189.28.128.242 - - [18/Jul/2016:17:11:05 -0300] "GET /search/cities?limit=5 HTTP/1.1" 200 165 "https://guardioesdasaude.org/" "Mozilla/5.0 (Windows NT 6.1; WOW64) AppleWebKit/537.36 (KHTML, like Gecko) Chrome/51.0.2704.103 Safari/537.36"
184.73.237.85 - - [18/Jul/2016:17:11:17 -0300] "GET / HTTP/1.0" 200 11894 "-" "NewRelicPinger/1.0 (954132)"
54.248.250.232 - - [18/Jul/2016:17:11:37 -0300] "GET / HTTP/1.0" 200 11894 "-" "NewRelicPinger/1.0 (954132)"
138.121.2.26 - - [18/Jul/2016:17:11:42 -0300] "OPTIONS /search/cities?limit=5 HTTP/1.1" 204 0 "https://guardioesdasaude.org/" "Mozilla/5.0 (Windows NT 6.3; WOW64) AppleWebKit/537.36 (KHTML, like Gecko) Chrome/51.0.2704.103 Safari/537.36"
138.121.2.26 - - [18/Jul/2016:17:11:42 -0300] "GET /search/cities?limit=5 HTTP/1.1" 200 165 "https://guardioesdasaude.org/" "Mozilla/5.0 (Windows NT 6.3; WOW64) AppleWebKit/537.36 (KHTML, like Gecko) Chrome/51.0.2704.103 Safari/537.36"
54.251.34.67 - - [18/Jul/2016:17:11:45 -0300] "GET / HTTP/1.0" 200 11894 "-" "NewRelicPinger/1.0 (954132)"
50.112.95.211 - - [18/Jul/2016:17:12:21 -0300] "GET / HTTP/1.0" 200 11894 "-" "NewRelicPinger/1.0 (954132)"
54.247.188.179 - - [18/Jul/2016:17:13:05 -0300] "GET / HTTP/1.0" 200 11894 "-" "NewRelicPinger/1.0 (954132)"
