189.8.29.19 - - [11/Apr/2016:12:25:44 -0300] "OPTIONS /surveys/summary?lat=-23.040649807533164&lon=-43.67089818164061 HTTP/1.1" 204 0 "http://guardioesdasaude.org/health-map" "Mozilla/5.0 (Windows NT 6.3; WOW64) AppleWebKit/537.36 (KHTML, like Gecko) Chrome/49.0.2623.110 Safari/537.36"
189.8.29.19 - - [11/Apr/2016:12:25:45 -0300] "GET /surveys/l?lat=-23.040649807533164&lon=-43.67089818164061 HTTP/1.1" 200 56 "http://guardioesdasaude.org/health-map" "Mozilla/5.0 (Windows NT 6.3; WOW64) AppleWebKit/537.36 (KHTML, like Gecko) Chrome/49.0.2623.110 Safari/537.36"
189.8.29.19 - - [11/Apr/2016:12:25:45 -0300] "GET /surveys/summary?lat=-23.040649807533164&lon=-43.67089818164061 HTTP/1.1" 200 195 "http://guardioesdasaude.org/health-map" "Mozilla/5.0 (Windows NT 6.3; WOW64) AppleWebKit/537.36 (KHTML, like Gecko) Chrome/49.0.2623.110 Safari/537.36"
189.8.29.19 - - [11/Apr/2016:12:25:45 -0300] "GET /surveys/l?q=Brasil HTTP/1.1" 200 69 "http://guardioesdasaude.org/health-map" "Mozilla/5.0 (Windows NT 6.3; WOW64) AppleWebKit/537.36 (KHTML, like Gecko) Chrome/49.0.2623.110 Safari/537.36"
189.8.29.19 - - [11/Apr/2016:12:25:46 -0300] "OPTIONS /surveys/summary?lat=-22.958797923947166&lon=-43.22148869677733 HTTP/1.1" 204 0 "http://guardioesdasaude.org/health-map" "Mozilla/5.0 (Windows NT 6.3; WOW64) AppleWebKit/537.36 (KHTML, like Gecko) Chrome/49.0.2623.110 Safari/537.36"
189.8.29.19 - - [11/Apr/2016:12:25:46 -0300] "OPTIONS /surveys/l?lat=-22.958797923947166&lon=-43.22148869677733 HTTP/1.1" 204 0 "http://guardioesdasaude.org/health-map" "Mozilla/5.0 (Windows NT 6.3; WOW64) AppleWebKit/537.36 (KHTML, like Gecko) Chrome/49.0.2623.110 Safari/537.36"
189.8.29.19 - - [11/Apr/2016:12:25:46 -0300] "GET /surveys/l?lat=-22.958797923947166&lon=-43.22148869677733 HTTP/1.1" 200 1528 "http://guardioesdasaude.org/health-map" "Mozilla/5.0 (Windows NT 6.3; WOW64) AppleWebKit/537.36 (KHTML, like Gecko) Chrome/49.0.2623.110 Safari/537.36"
189.8.29.19 - - [11/Apr/2016:12:25:46 -0300] "GET /surveys/summary?lat=-22.958797923947166&lon=-43.22148869677733 HTTP/1.1" 200 238 "http://guardioesdasaude.org/health-map" "Mozilla/5.0 (Windows NT 6.3; WOW64) AppleWebKit/537.36 (KHTML, like Gecko) Chrome/49.0.2623.110 Safari/537.36"
189.8.29.19 - - [11/Apr/2016:12:25:46 -0300] "OPTIONS /surveys/l?q=Jardim%20Bot%C3%A2nico,%20Rio%20de%20Janeiro%20-%20RJ,%20Brasil HTTP/1.1" 204 0 "http://guardioesdasaude.org/health-map" "Mozilla/5.0 (Windows NT 6.3; WOW64) AppleWebKit/537.36 (KHTML, like Gecko) Chrome/49.0.2623.110 Safari/537.36"
189.8.29.19 - - [11/Apr/2016:12:25:47 -0300] "GET /surveys/l?q=Jardim%20Bot%C3%A2nico,%20Rio%20de%20Janeiro%20-%20RJ,%20Brasil HTTP/1.1" 200 767 "http://guardioesdasaude.org/health-map" "Mozilla/5.0 (Windows NT 6.3; WOW64) AppleWebKit/537.36 (KHTML, like Gecko) Chrome/49.0.2623.110 Safari/537.36"
189.8.29.19 - - [11/Apr/2016:12:25:47 -0300] "OPTIONS /surveys/l?lat=-22.946784594442157&lon=-43.20466588183592 HTTP/1.1" 204 0 "http://guardioesdasaude.org/health-map" "Mozilla/5.0 (Windows NT 6.3; WOW64) AppleWebKit/537.36 (KHTML, like Gecko) Chrome/49.0.2623.110 Safari/537.36"
189.8.29.19 - - [11/Apr/2016:12:25:47 -0300] "OPTIONS /surveys/summary?lat=-22.946784594442157&lon=-43.20466588183592 HTTP/1.1" 204 0 "http://guardioesdasaude.org/health-map" "Mozilla/5.0 (Windows NT 6.3; WOW64) AppleWebKit/537.36 (KHTML, like Gecko) Chrome/49.0.2623.110 Safari/537.36"
189.8.29.19 - - [11/Apr/2016:12:25:47 -0300] "GET /surveys/l?lat=-22.946784594442157&lon=-43.20466588183592 HTTP/1.1" 200 1689 "http://guardioesdasaude.org/health-map" "Mozilla/5.0 (Windows NT 6.3; WOW64) AppleWebKit/537.36 (KHTML, like Gecko) Chrome/49.0.2623.110 Safari/537.36"
189.8.29.19 - - [11/Apr/2016:12:25:47 -0300] "GET /surveys/summary?lat=-22.946784594442157&lon=-43.20466588183592 HTTP/1.1" 200 217 "http://guardioesdasaude.org/health-map" "Mozilla/5.0 (Windows NT 6.3; WOW64) AppleWebKit/537.36 (KHTML, like Gecko) Chrome/49.0.2623.110 Safari/537.36"
189.8.29.19 - - [11/Apr/2016:12:25:47 -0300] "OPTIONS /surveys/l?q=Santa%20Teresa,%20Rio%20de%20Janeiro%20-%20RJ,%20Brasil HTTP/1.1" 204 0 "http://guardioesdasaude.org/health-map" "Mozilla/5.0 (Windows NT 6.3; WOW64) AppleWebKit/537.36 (KHTML, like Gecko) Chrome/49.0.2623.110 Safari/537.36"
189.8.29.19 - - [11/Apr/2016:12:25:47 -0300] "GET /surveys/l?q=Santa%20Teresa,%20Rio%20de%20Janeiro%20-%20RJ,%20Brasil HTTP/1.1" 200 1096 "http://guardioesdasaude.org/health-map" "Mozilla/5.0 (Windows NT 6.3; WOW64) AppleWebKit/537.36 (KHTML, like Gecko) Chrome/49.0.2623.110 Safari/537.36"
189.8.29.19 - - [11/Apr/2016:12:25:57 -0300] "OPTIONS /surveys/l?q=Recife,%20Recife%20-%20PE,%20Brasil HTTP/1.1" 204 0 "http://guardioesdasaude.org/health-map" "Mozilla/5.0 (Windows NT 6.3; WOW64) AppleWebKit/537.36 (KHTML, like Gecko) Chrome/49.0.2623.110 Safari/537.36"
189.8.29.19 - - [11/Apr/2016:12:25:57 -0300] "OPTIONS /surveys/summary?lat=-22.9068467&lon=-43.17289649999998 HTTP/1.1" 204 0 "http://guardioesdasaude.org/health-map" "Mozilla/5.0 (Windows NT 6.3; WOW64) AppleWebKit/537.36 (KHTML, like Gecko) Chrome/49.0.2623.110 Safari/537.36"
189.8.29.19 - - [11/Apr/2016:12:25:57 -0300] "GET /surveys/summary?lat=-22.9068467&lon=-43.17289649999998 HTTP/1.1" 200 237 "http://guardioesdasaude.org/health-map" "Mozilla/5.0 (Windows NT 6.3; WOW64) AppleWebKit/537.36 (KHTML, like Gecko) Chrome/49.0.2623.110 Safari/537.36"
189.8.29.19 - - [11/Apr/2016:12:25:57 -0300] "GET /surveys/l?q=Recife,%20Recife%20-%20PE,%20Brasil HTTP/1.1" 200 4859 "http://guardioesdasaude.org/health-map" "Mozilla/5.0 (Windows NT 6.3; WOW64) AppleWebKit/537.36 (KHTML, like Gecko) Chrome/49.0.2623.110 Safari/537.36"
189.8.29.19 - - [11/Apr/2016:12:25:58 -0300] "OPTIONS /surveys/summary?lat=-8.057825251608218&lon=-34.88289689999999 HTTP/1.1" 204 0 "http://guardioesdasaude.org/health-map" "Mozilla/5.0 (Windows NT 6.3; WOW64) AppleWebKit/537.36 (KHTML, like Gecko) Chrome/49.0.2623.110 Safari/537.36"
189.8.29.19 - - [11/Apr/2016:12:25:58 -0300] "OPTIONS /surveys/l?lat=-8.057825251608218&lon=-34.88289689999999 HTTP/1.1" 204 0 "http://guardioesdasaude.org/health-map" "Mozilla/5.0 (Windows NT 6.3; WOW64) AppleWebKit/537.36 (KHTML, like Gecko) Chrome/49.0.2623.110 Safari/537.36"
189.8.29.19 - - [11/Apr/2016:12:25:58 -0300] "GET /surveys/l?lat=-8.057825251608218&lon=-34.88289689999999 HTTP/1.1" 304 0 "http://guardioesdasaude.org/health-map" "Mozilla/5.0 (Windows NT 6.3; WOW64) AppleWebKit/537.36 (KHTML, like Gecko) Chrome/49.0.2623.110 Safari/537.36"
189.8.29.19 - - [11/Apr/2016:12:25:58 -0300] "GET /surveys/summary?lat=-8.057825251608218&lon=-34.88289689999999 HTTP/1.1" 200 216 "http://guardioesdasaude.org/health-map" "Mozilla/5.0 (Windows NT 6.3; WOW64) AppleWebKit/537.36 (KHTML, like Gecko) Chrome/49.0.2623.110 Safari/537.36"
189.8.29.19 - - [11/Apr/2016:12:25:58 -0300] "OPTIONS /surveys/l?q=Boa%20Vista,%20Recife%20-%20PE,%20Brasil HTTP/1.1" 204 0 "http://guardioesdasaude.org/health-map" "Mozilla/5.0 (Windows NT 6.3; WOW64) AppleWebKit/537.36 (KHTML, like Gecko) Chrome/49.0.2623.110 Safari/537.36"
189.8.29.19 - - [11/Apr/2016:12:25:58 -0300] "GET /surveys/l?q=Boa%20Vista,%20Recife%20-%20PE,%20Brasil HTTP/1.1" 304 0 "http://guardioesdasaude.org/health-map" "Mozilla/5.0 (Windows NT 6.3; WOW64) AppleWebKit/537.36 (KHTML, like Gecko) Chrome/49.0.2623.110 Safari/537.36"
177.207.59.88 - - [11/Apr/2016:12:27:06 -0300] "OPTIONS /search/cities?limit=5 HTTP/1.1" 204 0 "http://guardioesdasaude.org/" "Mozilla/5.0 (Linux; Android 4.4.4; pt-br; SAMSUNG GT-I9300I Build/KTU84P) AppleWebKit/537.36 (KHTML, like Gecko) Version/1.5 Chrome/28.0.1500.94 Mobile Safari/537.36"
177.207.59.88 - - [11/Apr/2016:12:27:06 -0300] "GET /search/cities?limit=5 HTTP/1.1" 200 163 "http://guardioesdasaude.org/" "Mozilla/5.0 (Linux; Android 4.4.4; pt-br; SAMSUNG GT-I9300I Build/KTU84P) AppleWebKit/537.36 (KHTML, like Gecko) Version/1.5 Chrome/28.0.1500.94 Mobile Safari/537.36"
191.247.226.24 - - [11/Apr/2016:12:27:30 -0300] "OPTIONS /search/cities?limit=5 HTTP/1.1" 204 0 "http://guardioesdasaude.org/" "Mozilla/5.0 (Linux; Android 5.0.2; LG-D337 Build/LRX22G) AppleWebKit/537.36 (KHTML, like Gecko) Chrome/47.0.2526.83 Mobile Safari/537.36"
191.247.226.24 - - [11/Apr/2016:12:27:30 -0300] "GET /search/cities?limit=5 HTTP/1.1" 200 163 "http://guardioesdasaude.org/" "Mozilla/5.0 (Linux; Android 5.0.2; LG-D337 Build/LRX22G) AppleWebKit/537.36 (KHTML, like Gecko) Chrome/47.0.2526.83 Mobile Safari/537.36"
187.121.47.99 - - [11/Apr/2016:12:29:18 -0300] "OPTIONS /search/cities?limit=5 HTTP/1.1" 204 0 "http://guardioesdasaude.org/" "Mozilla/5.0 (Windows NT 6.1; WOW64) AppleWebKit/537.36 (KHTML, like Gecko) Chrome/49.0.2623.110 Safari/537.36"
187.121.47.99 - - [11/Apr/2016:12:29:18 -0300] "GET /search/cities?limit=5 HTTP/1.1" 200 163 "http://guardioesdasaude.org/" "Mozilla/5.0 (Windows NT 6.1; WOW64) AppleWebKit/537.36 (KHTML, like Gecko) Chrome/49.0.2623.110 Safari/537.36"
179.124.56.198 - - [11/Apr/2016:12:32:09 -0300] "GET /user/lookup/ HTTP/1.1" 200 1082 "-" "Guardioes da Saude/1.1.4 (iPhone; iOS 9.3.1; Scale/2.00)"
179.124.56.198 - - [11/Apr/2016:12:32:15 -0300] "GET /user/household/570a55a9d2abb8432e48e3ca HTTP/1.1" 200 56 "-" "Guardioes da Saude/1.1.4 (iPhone; iOS 9.3.1; Scale/2.00)"
179.124.56.198 - - [11/Apr/2016:12:32:18 -0300] "POST /survey/create HTTP/1.1" 200 530 "-" "Guardioes da Saude/1.1.4 (iPhone; iOS 9.3.1; Scale/2.00)"
179.124.56.198 - - [11/Apr/2016:12:32:21 -0300] "GET /news/get HTTP/1.1" 200 3615 "-" "Guardioes da Saude/1.1.4 (iPhone; iOS 9.3.1; Scale/2.00)"
179.124.56.198 - - [11/Apr/2016:12:32:24 -0300] "GET /surveys/l?lat=-15.722195&lon=-49.827334 HTTP/1.1" 200 56 "-" "Guardioes da Saude/1.1.4 (iPhone; iOS 9.3.1; Scale/2.00)"
179.124.56.198 - - [11/Apr/2016:12:32:25 -0300] "GET /surveys/summary?lat=-15.7221947377694&lon=-49.82733425688914 HTTP/1.1" 200 226 "-" "Guardioes da Saude/1.1.4 (iPhone; iOS 9.3.1; Scale/2.00)"
179.124.56.198 - - [11/Apr/2016:12:32:49 -0300] "GET /news/get HTTP/1.1" 200 3615 "-" "Guardioes da Saude/1.1.4 (iPhone; iOS 9.3.1; Scale/2.00)"
179.124.56.198 - - [11/Apr/2016:12:32:53 -0300] "GET /user/household/570a55a9d2abb8432e48e3ca HTTP/1.1" 200 56 "-" "Guardioes da Saude/1.1.4 (iPhone; iOS 9.3.1; Scale/2.00)"
189.6.17.219 - - [11/Apr/2016:12:36:46 -0300] "GET /user/lookup/ HTTP/1.1" 200 1604 "-" "Guardioes da Saude/1.1.4 (iPhone; iOS 9.2; Scale/2.00)"
189.6.17.219 - - [11/Apr/2016:12:36:51 -0300] "GET /user/household/56f983f936e0053f5906c01d HTTP/1.1" 200 56 "-" "Guardioes da Saude/1.1.4 (iPhone; iOS 9.2; Scale/2.00)"
189.6.17.219 - - [11/Apr/2016:12:36:55 -0300] "GET /symptoms HTTP/1.1" 200 706 "-" "Guardioes da Saude/1.1.4 (iPhone; iOS 9.2; Scale/2.00)"
189.6.17.219 - - [11/Apr/2016:12:37:08 -0300] "POST /survey/create HTTP/1.1" 200 505 "-" "Guardioes da Saude/1.1.4 (iPhone; iOS 9.2; Scale/2.00)"
189.6.17.219 - - [11/Apr/2016:12:37:12 -0300] "GET /user/household/56f983f936e0053f5906c01d HTTP/1.1" 200 56 "-" "Guardioes da Saude/1.1.4 (iPhone; iOS 9.2; Scale/2.00)"
189.6.17.219 - - [11/Apr/2016:12:37:13 -0300] "GET /user/survey/summary HTTP/1.1" 200 70 "-" "Guardioes da Saude/1.1.4 (iPhone; iOS 9.2; Scale/2.00)"
189.6.17.219 - - [11/Apr/2016:12:37:13 -0300] "GET /user/calendar/month?&month=4&year=2016 HTTP/1.1" 200 133 "-" "Guardioes da Saude/1.1.4 (iPhone; iOS 9.2; Scale/2.00)"
189.6.17.219 - - [11/Apr/2016:12:37:13 -0300] "GET /user/calendar/year?&year=2016 HTTP/1.1" 200 125 "-" "Guardioes da Saude/1.1.4 (iPhone; iOS 9.2; Scale/2.00)"
189.6.17.219 - - [11/Apr/2016:12:37:28 -0300] "GET /news/get HTTP/1.1" 200 3683 "-" "Guardioes da Saude/1.1.4 (iPhone; iOS 9.2; Scale/2.00)"
200.223.19.158 - - [11/Apr/2016:12:40:02 -0300] "OPTIONS /search/cities?limit=5 HTTP/1.1" 204 0 "http://guardioesdasaude.org/" "Mozilla/5.0 (Windows NT 6.1) AppleWebKit/537.36 (KHTML, like Gecko) Chrome/49.0.2623.112 Safari/537.36"
200.223.19.158 - - [11/Apr/2016:12:40:02 -0300] "GET /search/cities?limit=5 HTTP/1.1" 200 163 "http://guardioesdasaude.org/" "Mozilla/5.0 (Windows NT 6.1) AppleWebKit/537.36 (KHTML, like Gecko) Chrome/49.0.2623.112 Safari/537.36"
80.112.138.229 - - [11/Apr/2016:12:46:40 -0300] "OPTIONS /search/cities?limit=5 HTTP/1.1" 204 0 "http://guardioesdasaude.org/" "Mozilla/5.0 (Macintosh; Intel Mac OS X 10_11_4) AppleWebKit/601.5.17 (KHTML, like Gecko) Version/9.1 Safari/601.5.17"
80.112.138.229 - - [11/Apr/2016:12:46:40 -0300] "GET /search/cities?limit=5 HTTP/1.1" 200 163 "http://guardioesdasaude.org/" "Mozilla/5.0 (Macintosh; Intel Mac OS X 10_11_4) AppleWebKit/601.5.17 (KHTML, like Gecko) Version/9.1 Safari/601.5.17"
80.112.138.229 - - [11/Apr/2016:12:47:18 -0300] "OPTIONS /search/cities?limit=5 HTTP/1.1" 204 0 "http://guardioesdasaude.org/" "Mozilla/5.0 (Macintosh; Intel Mac OS X 10_11_4) AppleWebKit/601.5.17 (KHTML, like Gecko) Version/9.1 Safari/601.5.17"
80.112.138.229 - - [11/Apr/2016:12:47:18 -0300] "GET /search/cities?limit=5 HTTP/1.1" 200 163 "http://guardioesdasaude.org/" "Mozilla/5.0 (Macintosh; Intel Mac OS X 10_11_4) AppleWebKit/601.5.17 (KHTML, like Gecko) Version/9.1 Safari/601.5.17"
80.112.138.229 - - [11/Apr/2016:12:49:39 -0300] "GET /user/lookup/ HTTP/1.1" 200 756 "-" "Guardioes da Saude/1.1.4 (iPhone; iOS 9.3.1; Scale/2.00)"
80.112.138.229 - - [11/Apr/2016:12:49:45 -0300] "GET /surveys/l?lat=52.320441&lon=4.875334 HTTP/1.1" 200 56 "-" "Guardioes da Saude/1.1.4 (iPhone; iOS 9.3.1; Scale/2.00)"
80.112.138.229 - - [11/Apr/2016:12:49:45 -0300] "GET /surveys/summary?lat=52.320441&lon=4.875334 HTTP/1.1" 200 214 "-" "Guardioes da Saude/1.1.4 (iPhone; iOS 9.3.1; Scale/2.00)"
80.112.138.229 - - [11/Apr/2016:12:49:57 -0300] "GET /surveys/l?lat=52.320400&lon=4.875197 HTTP/1.1" 200 56 "-" "Guardioes da Saude/1.1.4 (iPhone; iOS 9.3.1; Scale/2.00)"
80.112.138.229 - - [11/Apr/2016:12:49:57 -0300] "GET /surveys/summary?lat=52.32040009466215&lon=4.875196516518365 HTTP/1.1" 200 214 "-" "Guardioes da Saude/1.1.4 (iPhone; iOS 9.3.1; Scale/2.00)"
186.235.100.133 - - [11/Apr/2016:12:50:08 -0300] "GET /user/get?fb=923344047777724 HTTP/1.1" 200 56 "-" "Guardioes da Saude/1.1.4 (iPhone; iOS 9.2; Scale/2.00)"
186.235.100.133 - - [11/Apr/2016:12:50:35 -0300] "POST /user/login HTTP/1.1" 200 77 "-" "Guardioes da Saude/1.1.4 (iPhone; iOS 9.2; Scale/2.00)"
186.235.100.133 - - [11/Apr/2016:12:52:08 -0300] "POST /user/create HTTP/1.1" 200 416 "-" "Guardioes da Saude/1.1.4 (iPhone; iOS 9.2; Scale/2.00)"
186.235.100.133 - - [11/Apr/2016:12:52:18 -0300] "GET /news/get HTTP/1.1" 200 3684 "-" "Guardioes da Saude/1.1.4 (iPhone; iOS 9.2; Scale/2.00)"
191.13.215.22 - - [11/Apr/2016:12:52:20 -0300] "POST /user/create HTTP/1.1" 200 417 "-" "Guardioes da Saude/1.1.4 (iPhone; iOS 9.3.1; Scale/2.00)"
191.13.215.22 - - [11/Apr/2016:12:52:25 -0300] "GET /user/household/570bc8341a19da082e9d9540 HTTP/1.1" 200 56 "-" "Guardioes da Saude/1.1.4 (iPhone; iOS 9.3.1; Scale/2.00)"
191.13.215.22 - - [11/Apr/2016:12:53:01 -0300] "POST /user/update HTTP/1.1" 200 86 "-" "Guardioes da Saude/1.1.4 (iPhone; iOS 9.3.1; Scale/2.00)"
191.13.215.22 - - [11/Apr/2016:12:53:04 -0300] "GET /user/household/570bc8341a19da082e9d9540 HTTP/1.1" 200 56 "-" "Guardioes da Saude/1.1.4 (iPhone; iOS 9.3.1; Scale/2.00)"
186.235.100.133 - - [11/Apr/2016:12:53:07 -0300] "GET /surveys/l?lat=0.000000&lon=0.000000 HTTP/1.1" 200 14019 "-" "Guardioes da Saude/1.1.4 (iPhone; iOS 9.2; Scale/2.00)"
186.235.100.133 - - [11/Apr/2016:12:53:07 -0300] "GET /surveys/summary?lat=0&lon=0 HTTP/1.1" 200 141 "-" "Guardioes da Saude/1.1.4 (iPhone; iOS 9.2; Scale/2.00)"
191.13.215.22 - - [11/Apr/2016:12:53:15 -0300] "GET /surveys/l?lat=0.000000&lon=0.000000 HTTP/1.1" 200 14019 "-" "Guardioes da Saude/1.1.4 (iPhone; iOS 9.3.1; Scale/2.00)"
191.13.215.22 - - [11/Apr/2016:12:53:16 -0300] "GET /surveys/summary?lat=0&lon=0 HTTP/1.1" 200 141 "-" "Guardioes da Saude/1.1.4 (iPhone; iOS 9.3.1; Scale/2.00)"
186.235.100.133 - - [11/Apr/2016:12:53:17 -0300] "GET /surveys/l?lat=-21.762424&lon=-43.343400 HTTP/1.1" 200 547 "-" "Guardioes da Saude/1.1.4 (iPhone; iOS 9.2; Scale/2.00)"
186.235.100.133 - - [11/Apr/2016:12:53:18 -0300] "GET /surveys/summary?lat=-21.7624237&lon=-43.3433999 HTTP/1.1" 200 213 "-" "Guardioes da Saude/1.1.4 (iPhone; iOS 9.2; Scale/2.00)"
191.13.215.22 - - [11/Apr/2016:12:53:24 -0300] "GET /user/household/570bc8341a19da082e9d9540 HTTP/1.1" 200 56 "-" "Guardioes da Saude/1.1.4 (iPhone; iOS 9.3.1; Scale/2.00)"
191.13.215.22 - - [11/Apr/2016:12:53:32 -0300] "GET /user/household/570bc8341a19da082e9d9540 HTTP/1.1" 200 56 "-" "Guardioes da Saude/1.1.4 (iPhone; iOS 9.3.1; Scale/2.00)"
191.13.215.22 - - [11/Apr/2016:12:53:33 -0300] "GET /user/calendar/month?&month=4&year=2016 HTTP/1.1" 200 58 "-" "Guardioes da Saude/1.1.4 (iPhone; iOS 9.3.1; Scale/2.00)"
191.13.215.22 - - [11/Apr/2016:12:53:33 -0300] "GET /user/survey/summary HTTP/1.1" 200 66 "-" "Guardioes da Saude/1.1.4 (iPhone; iOS 9.3.1; Scale/2.00)"
191.13.215.22 - - [11/Apr/2016:12:53:33 -0300] "GET /user/calendar/year?&year=2016 HTTP/1.1" 200 58 "-" "Guardioes da Saude/1.1.4 (iPhone; iOS 9.3.1; Scale/2.00)"
186.235.100.133 - - [11/Apr/2016:12:53:40 -0300] "GET /user/household/570bc828aa0bef232ebe1c34 HTTP/1.1" 200 56 "-" "Guardioes da Saude/1.1.4 (iPhone; iOS 9.2; Scale/2.00)"
191.13.215.22 - - [11/Apr/2016:12:53:43 -0300] "GET /news/get HTTP/1.1" 200 3686 "-" "Guardioes da Saude/1.1.4 (iPhone; iOS 9.3.1; Scale/2.00)"
186.235.100.133 - - [11/Apr/2016:12:53:48 -0300] "GET /user/household/570bc828aa0bef232ebe1c34 HTTP/1.1" 200 56 "-" "Guardioes da Saude/1.1.4 (iPhone; iOS 9.2; Scale/2.00)"
186.235.100.133 - - [11/Apr/2016:12:53:49 -0300] "GET /user/survey/summary HTTP/1.1" 200 66 "-" "Guardioes da Saude/1.1.4 (iPhone; iOS 9.2; Scale/2.00)"
186.235.100.133 - - [11/Apr/2016:12:53:49 -0300] "GET /user/calendar/year?&year=2016 HTTP/1.1" 200 58 "-" "Guardioes da Saude/1.1.4 (iPhone; iOS 9.2; Scale/2.00)"
186.235.100.133 - - [11/Apr/2016:12:53:49 -0300] "GET /user/calendar/month?&month=4&year=2016 HTTP/1.1" 200 58 "-" "Guardioes da Saude/1.1.4 (iPhone; iOS 9.2; Scale/2.00)"
191.13.215.22 - - [11/Apr/2016:12:54:13 -0300] "GET /surveys/l?lat=0.000000&lon=0.000000 HTTP/1.1" 304 0 "-" "Guardioes da Saude/1.1.4 (iPhone; iOS 9.3.1; Scale/2.00)"
191.13.215.22 - - [11/Apr/2016:12:54:13 -0300] "GET /surveys/summary?lat=0&lon=0 HTTP/1.1" 200 141 "-" "Guardioes da Saude/1.1.4 (iPhone; iOS 9.3.1; Scale/2.00)"
191.13.215.22 - - [11/Apr/2016:12:54:20 -0300] "GET /surveys/l?lat=-5.092011&lon=-42.803760 HTTP/1.1" 200 56 "-" "Guardioes da Saude/1.1.4 (iPhone; iOS 9.3.1; Scale/2.00)"
191.13.215.22 - - [11/Apr/2016:12:54:20 -0300] "GET /surveys/summary?lat=-5.0920108&lon=-42.80375970000001 HTTP/1.1" 200 236 "-" "Guardioes da Saude/1.1.4 (iPhone; iOS 9.3.1; Scale/2.00)"
191.13.215.22 - - [11/Apr/2016:12:54:40 -0300] "GET /user/household/570bc8341a19da082e9d9540 HTTP/1.1" 200 56 "-" "Guardioes da Saude/1.1.4 (iPhone; iOS 9.3.1; Scale/2.00)"
179.180.61.155 - - [11/Apr/2016:12:54:58 -0300] "GET /user/get?fb=null HTTP/1.1" 200 56 "-" "Dalvik/2.1.0 (Linux; U; Android 5.0.2; 6039J Build/LRX22G)"
179.180.61.155 - - [11/Apr/2016:12:54:59 -0300] "GET /user/get?fb=1706282889611255 HTTP/1.1" 200 56 "-" "Dalvik/2.1.0 (Linux; U; Android 5.0.2; 6039J Build/LRX22G)"
80.112.138.229 - - [11/Apr/2016:12:55:29 -0300] "OPTIONS /user/get?fb=886829821428434 HTTP/1.1" 204 0 "http://guardioesdasaude.org/login" "Mozilla/5.0 (Macintosh; Intel Mac OS X 10_11_4) AppleWebKit/601.5.17 (KHTML, like Gecko) Version/9.1 Safari/601.5.17"
80.112.138.229 - - [11/Apr/2016:12:55:29 -0300] "GET /user/get?fb=886829821428434 HTTP/1.1" 200 56 "http://guardioesdasaude.org/login" "Mozilla/5.0 (Macintosh; Intel Mac OS X 10_11_4) AppleWebKit/601.5.17 (KHTML, like Gecko) Version/9.1 Safari/601.5.17"
179.180.61.155 - - [11/Apr/2016:12:55:50 -0300] "POST /user/create HTTP/1.1" 200 673 "-" "Dalvik/2.1.0 (Linux; U; Android 5.0.2; 6039J Build/LRX22G)"
179.180.61.155 - - [11/Apr/2016:12:55:51 -0300] "POST /user/login HTTP/1.1" 200 834 "-" "Dalvik/2.1.0 (Linux; U; Android 5.0.2; 6039J Build/LRX22G)"
179.180.61.155 - - [11/Apr/2016:12:55:53 -0300] "POST /user/create HTTP/1.1" 200 224 "-" "Dalvik/2.1.0 (Linux; U; Android 5.0.2; 6039J Build/LRX22G)"
179.180.61.155 - - [11/Apr/2016:12:56:07 -0300] "GET /surveys/l?lon=-38.9535938&lat=-12.2774775 HTTP/1.1" 200 359 "-" "Dalvik/2.1.0 (Linux; U; Android 5.0.2; 6039J Build/LRX22G)"
179.180.61.155 - - [11/Apr/2016:12:56:08 -0300] "GET /surveys/summary/?lon=-38.9535938&lat=-12.2774775 HTTP/1.1" 200 224 "-" "Dalvik/2.1.0 (Linux; U; Android 5.0.2; 6039J Build/LRX22G)"
179.180.61.155 - - [11/Apr/2016:12:56:17 -0300] "GET /user/household/570bc9061a19da082e9d9541 HTTP/1.1" 200 56 "-" "Dalvik/2.1.0 (Linux; U; Android 5.0.2; 6039J Build/LRX22G)"
179.180.61.155 - - [11/Apr/2016:12:56:17 -0300] "GET /user/calendar/year?year=2016 HTTP/1.1" 200 58 "-" "Dalvik/2.1.0 (Linux; U; Android 5.0.2; 6039J Build/LRX22G)"
179.180.61.155 - - [11/Apr/2016:12:56:18 -0300] "GET /user/survey/summary HTTP/1.1" 200 66 "-" "Dalvik/2.1.0 (Linux; U; Android 5.0.2; 6039J Build/LRX22G)"
187.33.253.43 - - [11/Apr/2016:13:00:10 -0300] "OPTIONS /search/cities?limit=5 HTTP/1.1" 204 0 "http://guardioesdasaude.org/" "Mozilla/5.0 (Linux; Android 6.0; XT1069 Build/MPB24.65-34; wv) AppleWebKit/537.36 (KHTML, like Gecko) Version/4.0 Chrome/49.0.2623.105 Mobile Safari/537.36 [FB_IAB/FB4A;FBAV/71.0.0.17.73;]"
187.33.253.43 - - [11/Apr/2016:13:00:11 -0300] "GET /search/cities?limit=5 HTTP/1.1" 200 163 "http://guardioesdasaude.org/" "Mozilla/5.0 (Linux; Android 6.0; XT1069 Build/MPB24.65-34; wv) AppleWebKit/537.36 (KHTML, like Gecko) Version/4.0 Chrome/49.0.2623.105 Mobile Safari/537.36 [FB_IAB/FB4A;FBAV/71.0.0.17.73;]"
80.112.138.229 - - [11/Apr/2016:13:01:04 -0300] "OPTIONS /search/cities?limit=5 HTTP/1.1" 204 0 "http://guardioesdasaude.org/" "Mozilla/5.0 (Macintosh; Intel Mac OS X 10_11_4) AppleWebKit/601.5.17 (KHTML, like Gecko) Version/9.1 Safari/601.5.17"
80.112.138.229 - - [11/Apr/2016:13:01:04 -0300] "GET /search/cities?limit=5 HTTP/1.1" 200 163 "http://guardioesdasaude.org/" "Mozilla/5.0 (Macintosh; Intel Mac OS X 10_11_4) AppleWebKit/601.5.17 (KHTML, like Gecko) Version/9.1 Safari/601.5.17"
177.181.67.1 - - [11/Apr/2016:13:02:53 -0300] "GET /user/lookup/ HTTP/1.1" 200 1125 "-" "Guardioes da Saude/1.1.4 (iPhone; iOS 9.3.1; Scale/2.00)"
80.112.138.229 - - [11/Apr/2016:13:05:44 -0300] "GET /user/lookup/ HTTP/1.1" 200 755 "-" "Guardioes da Saude/1.1.4 (iPhone; iOS 9.3.1; Scale/2.00)"
80.112.138.229 - - [11/Apr/2016:13:05:49 -0300] "GET /user/household/56fab9319bc35dac74cf5c9a HTTP/1.1" 200 56 "-" "Guardioes da Saude/1.1.4 (iPhone; iOS 9.3.1; Scale/2.00)"
80.112.138.229 - - [11/Apr/2016:13:06:11 -0300] "GET /user/household/56fab9319bc35dac74cf5c9a HTTP/1.1" 200 56 "-" "Guardioes da Saude/1.1.4 (iPhone; iOS 9.3.1; Scale/2.00)"
80.112.138.229 - - [11/Apr/2016:13:06:15 -0300] "GET /user/household/56fab9319bc35dac74cf5c9a HTTP/1.1" 200 56 "-" "Guardioes da Saude/1.1.4 (iPhone; iOS 9.3.1; Scale/2.00)"
177.13.5.215 - - [11/Apr/2016:13:12:56 -0300] "OPTIONS /search/cities?limit=5 HTTP/1.1" 204 0 "http://guardioesdasaude.org/" "Mozilla/5.0 (Linux; Android 5.0.2; LG-D690n Build/LRX22G; wv) AppleWebKit/537.36 (KHTML, like Gecko) Version/4.0 Chrome/48.0.2564.106 Mobile Safari/537.36 [FB_IAB/FB4A;FBAV/68.0.0.37.59;]"
177.13.5.215 - - [11/Apr/2016:13:12:57 -0300] "GET /search/cities?limit=5 HTTP/1.1" 200 163 "http://guardioesdasaude.org/" "Mozilla/5.0 (Linux; Android 5.0.2; LG-D690n Build/LRX22G; wv) AppleWebKit/537.36 (KHTML, like Gecko) Version/4.0 Chrome/48.0.2564.106 Mobile Safari/537.36 [FB_IAB/FB4A;FBAV/68.0.0.37.59;]"
187.33.253.43 - - [11/Apr/2016:13:13:56 -0300] "GET /user/get?fb=null HTTP/1.1" 200 56 "-" "Dalvik/2.1.0 (Linux; U; Android 6.0; XT1069 Build/MPB24.65-34)"
187.33.253.43 - - [11/Apr/2016:13:13:57 -0300] "GET /user/get?fb=1699749620284518 HTTP/1.1" 200 56 "-" "Dalvik/2.1.0 (Linux; U; Android 6.0; XT1069 Build/MPB24.65-34)"
189.12.96.52 - - [11/Apr/2016:13:15:24 -0300] "OPTIONS /search/cities?limit=5 HTTP/1.1" 204 0 "http://guardioesdasaude.org/" "Mozilla/5.0 (Windows NT 6.1; WOW64) AppleWebKit/537.36 (KHTML, like Gecko) Chrome/49.0.2623.110 Safari/537.36"
189.12.96.52 - - [11/Apr/2016:13:15:24 -0300] "GET /search/cities?limit=5 HTTP/1.1" 200 163 "http://guardioesdasaude.org/" "Mozilla/5.0 (Windows NT 6.1; WOW64) AppleWebKit/537.36 (KHTML, like Gecko) Chrome/49.0.2623.110 Safari/537.36"
187.33.253.43 - - [11/Apr/2016:13:16:58 -0300] "POST /user/create HTTP/1.1" 200 580 "-" "Dalvik/2.1.0 (Linux; U; Android 6.0; XT1069 Build/MPB24.65-34)"
177.158.155.192 - - [11/Apr/2016:13:17:19 -0300] "OPTIONS /search/cities?limit=5 HTTP/1.1" 204 0 "http://guardioesdasaude.org/" "Mozilla/5.0 (Windows NT 6.1) AppleWebKit/537.36 (KHTML, like Gecko) Chrome/49.0.2623.110 Safari/537.36"
177.158.155.192 - - [11/Apr/2016:13:17:20 -0300] "GET /search/cities?limit=5 HTTP/1.1" 200 163 "http://guardioesdasaude.org/" "Mozilla/5.0 (Windows NT 6.1) AppleWebKit/537.36 (KHTML, like Gecko) Chrome/49.0.2623.110 Safari/537.36"
191.247.229.47 - - [11/Apr/2016:13:19:05 -0300] "OPTIONS /search/cities?limit=5 HTTP/1.1" 204 0 "http://guardioesdasaude.org/" "Mozilla/5.0 (Linux; Android 5.1.1; SAMSUNG SM-J110M Build/LMY48B) AppleWebKit/537.36 (KHTML, like Gecko) SamsungBrowser/3.3 Chrome/38.0.2125.102 Mobile Safari/537.36"
191.247.229.47 - - [11/Apr/2016:13:19:05 -0300] "GET /search/cities?limit=5 HTTP/1.1" 200 163 "http://guardioesdasaude.org/" "Mozilla/5.0 (Linux; Android 5.1.1; SAMSUNG SM-J110M Build/LMY48B) AppleWebKit/537.36 (KHTML, like Gecko) SamsungBrowser/3.3 Chrome/38.0.2125.102 Mobile Safari/537.36"
177.6.208.129 - - [11/Apr/2016:13:23:54 -0300] "GET /user/get?fb=null HTTP/1.1" 200 56 "-" "Dalvik/2.1.0 (Linux; U; Android 5.0.2; LG-D337 Build/LRX22G)"
177.6.208.129 - - [11/Apr/2016:13:23:55 -0300] "GET /user/get?fb=10208304457265613 HTTP/1.1" 200 56 "-" "Dalvik/2.1.0 (Linux; U; Android 5.0.2; LG-D337 Build/LRX22G)"
187.33.253.43 - - [11/Apr/2016:13:24:15 -0300] "POST /user/create HTTP/1.1" 200 278 "-" "Dalvik/2.1.0 (Linux; U; Android 6.0; XT1069 Build/MPB24.65-34)"
177.6.208.129 - - [11/Apr/2016:13:24:27 -0300] "POST /user/create HTTP/1.1" 200 670 "-" "Dalvik/2.1.0 (Linux; U; Android 5.0.2; LG-D337 Build/LRX22G)"
177.6.208.129 - - [11/Apr/2016:13:24:28 -0300] "POST /user/login HTTP/1.1" 200 831 "-" "Dalvik/2.1.0 (Linux; U; Android 5.0.2; LG-D337 Build/LRX22G)"
177.6.208.129 - - [11/Apr/2016:13:24:36 -0300] "GET /user/household/570bcfbbd2abb8432e48e449 HTTP/1.1" 200 56 "-" "Dalvik/2.1.0 (Linux; U; Android 5.0.2; LG-D337 Build/LRX22G)"
187.98.173.225 - - [11/Apr/2016:13:24:39 -0300] "GET /user/lookup/ HTTP/1.1" 200 3692 "-" "Dalvik/2.1.0 (Linux; U; Android 5.1.1; SM-J500M Build/LMY48B)"
177.6.208.129 - - [11/Apr/2016:13:24:55 -0300] "GET /symptoms HTTP/1.1" 200 706 "-" "Dalvik/2.1.0 (Linux; U; Android 5.0.2; LG-D337 Build/LRX22G)"
177.6.208.129 - - [11/Apr/2016:13:25:09 -0300] "POST /survey/create HTTP/1.1" 200 527 "-" "Dalvik/2.1.0 (Linux; U; Android 5.0.2; LG-D337 Build/LRX22G)"
80.112.138.229 - - [11/Apr/2016:13:26:03 -0300] "OPTIONS /search/cities?limit=5 HTTP/1.1" 204 0 "http://guardioesdasaude.org/" "Mozilla/5.0 (Macintosh; Intel Mac OS X 10_11_4) AppleWebKit/601.5.17 (KHTML, like Gecko) Version/9.1 Safari/601.5.17"
80.112.138.229 - - [11/Apr/2016:13:26:03 -0300] "GET /search/cities?limit=5 HTTP/1.1" 200 163 "http://guardioesdasaude.org/" "Mozilla/5.0 (Macintosh; Intel Mac OS X 10_11_4) AppleWebKit/601.5.17 (KHTML, like Gecko) Version/9.1 Safari/601.5.17"
191.28.163.175 - - [11/Apr/2016:13:27:11 -0300] "GET /user/lookup/ HTTP/1.1" 200 942 "-" "Guardioes da Saude/1.1.4 (iPhone; iOS 9.3.1; Scale/3.00)"
177.6.208.129 - - [11/Apr/2016:13:27:26 -0300] "GET /surveys/summary/?lon=-49.4906383&lat=-16.0831116 HTTP/1.1" 200 219 "-" "Dalvik/2.1.0 (Linux; U; Android 5.0.2; LG-D337 Build/LRX22G)"
177.6.208.129 - - [11/Apr/2016:13:27:28 -0300] "GET /surveys/l?lon=-49.4906383&lat=-16.0831116 HTTP/1.1" 200 56 "-" "Dalvik/2.1.0 (Linux; U; Android 5.0.2; LG-D337 Build/LRX22G)"
177.6.208.129 - - [11/Apr/2016:13:27:38 -0300] "GET /user/household/570bcfbbd2abb8432e48e449 HTTP/1.1" 200 56 "-" "Dalvik/2.1.0 (Linux; U; Android 5.0.2; LG-D337 Build/LRX22G)"
177.6.208.129 - - [11/Apr/2016:13:27:39 -0300] "GET /user/calendar/year?year=2016 HTTP/1.1" 200 109 "-" "Dalvik/2.1.0 (Linux; U; Android 5.0.2; LG-D337 Build/LRX22G)"
177.6.208.129 - - [11/Apr/2016:13:27:41 -0300] "GET /user/survey/summary HTTP/1.1" 200 69 "-" "Dalvik/2.1.0 (Linux; U; Android 5.0.2; LG-D337 Build/LRX22G)"
177.13.5.215 - - [11/Apr/2016:13:30:37 -0300] "OPTIONS /search/cities?limit=5 HTTP/1.1" 204 0 "http://guardioesdasaude.org/" "Mozilla/5.0 (Linux; Android 5.0.2; LG-D690n Build/LRX22G; wv) AppleWebKit/537.36 (KHTML, like Gecko) Version/4.0 Chrome/48.0.2564.106 Mobile Safari/537.36 [FB_IAB/FB4A;FBAV/68.0.0.37.59;]"
177.13.5.215 - - [11/Apr/2016:13:30:37 -0300] "GET /search/cities?limit=5 HTTP/1.1" 200 163 "http://guardioesdasaude.org/" "Mozilla/5.0 (Linux; Android 5.0.2; LG-D690n Build/LRX22G; wv) AppleWebKit/537.36 (KHTML, like Gecko) Version/4.0 Chrome/48.0.2564.106 Mobile Safari/537.36 [FB_IAB/FB4A;FBAV/68.0.0.37.59;]"
177.13.5.215 - - [11/Apr/2016:13:32:39 -0300] "GET /search/cities?limit=5 HTTP/1.1" 200 163 "http://guardioesdasaude.org/" "Mozilla/5.0 (Linux; Android 5.0.2; LG-D690n Build/LRX22G; wv) AppleWebKit/537.36 (KHTML, like Gecko) Version/4.0 Chrome/48.0.2564.106 Mobile Safari/537.36 [FB_IAB/FB4A;FBAV/68.0.0.37.59;]"
177.13.5.215 - - [11/Apr/2016:13:33:08 -0300] "OPTIONS /search/cities?limit=5 HTTP/1.1" 204 0 "http://guardioesdasaude.org/" "Mozilla/5.0 (Linux; Android 5.0.2; LG-D690n Build/LRX22G; wv) AppleWebKit/537.36 (KHTML, like Gecko) Version/4.0 Chrome/48.0.2564.106 Mobile Safari/537.36 [FB_IAB/FB4A;FBAV/68.0.0.37.59;]"
177.13.5.215 - - [11/Apr/2016:13:33:08 -0300] "GET /search/cities?limit=5 HTTP/1.1" 200 163 "http://guardioesdasaude.org/" "Mozilla/5.0 (Linux; Android 5.0.2; LG-D690n Build/LRX22G; wv) AppleWebKit/537.36 (KHTML, like Gecko) Version/4.0 Chrome/48.0.2564.106 Mobile Safari/537.36 [FB_IAB/FB4A;FBAV/68.0.0.37.59;]"
80.112.138.229 - - [11/Apr/2016:13:36:15 -0300] "GET /user/lookup/ HTTP/1.1" 200 754 "-" "Guardioes da Saude/1.1.4 (iPhone; iOS 9.3.1; Scale/2.00)"
187.48.147.132 - - [11/Apr/2016:13:37:31 -0300] "OPTIONS /search/cities?limit=5 HTTP/1.1" 204 0 "http://guardioesdasaude.org/" "Mozilla/5.0 (Linux; Android 4.2.2; GT-S7273T Build/JDQ39) AppleWebKit/537.36 (KHTML, like Gecko) Chrome/49.0.2623.105 Mobile Safari/537.36"
187.48.147.132 - - [11/Apr/2016:13:37:32 -0300] "GET /search/cities?limit=5 HTTP/1.1" 200 163 "http://guardioesdasaude.org/" "Mozilla/5.0 (Linux; Android 4.2.2; GT-S7273T Build/JDQ39) AppleWebKit/537.36 (KHTML, like Gecko) Chrome/49.0.2623.105 Mobile Safari/537.36"
177.13.5.215 - - [11/Apr/2016:13:42:36 -0300] "OPTIONS /user/get?fb=588529377960939 HTTP/1.1" 204 0 "http://guardioesdasaude.org/cadastro" "Mozilla/5.0 (Linux; Android 5.0.2; LG-D690n Build/LRX22G; wv) AppleWebKit/537.36 (KHTML, like Gecko) Version/4.0 Chrome/48.0.2564.106 Mobile Safari/537.36 [FB_IAB/FB4A;FBAV/68.0.0.37.59;]"
177.13.5.215 - - [11/Apr/2016:13:42:37 -0300] "GET /user/get?fb=588529377960939 HTTP/1.1" 200 56 "http://guardioesdasaude.org/cadastro" "Mozilla/5.0 (Linux; Android 5.0.2; LG-D690n Build/LRX22G; wv) AppleWebKit/537.36 (KHTML, like Gecko) Version/4.0 Chrome/48.0.2564.106 Mobile Safari/537.36 [FB_IAB/FB4A;FBAV/68.0.0.37.59;]"
177.13.5.215 - - [11/Apr/2016:13:44:51 -0300] "GET /user/get?fb=588529377960939 HTTP/1.1" 200 56 "http://guardioesdasaude.org/cadastro" "Mozilla/5.0 (Linux; Android 5.0.2; LG-D690n Build/LRX22G; wv) AppleWebKit/537.36 (KHTML, like Gecko) Version/4.0 Chrome/48.0.2564.106 Mobile Safari/537.36 [FB_IAB/FB4A;FBAV/68.0.0.37.59;]"
177.13.5.215 - - [11/Apr/2016:13:46:27 -0300] "OPTIONS /search/cities?limit=5 HTTP/1.1" 204 0 "http://guardioesdasaude.org/" "Mozilla/5.0 (Linux; Android 5.0.2; LG-D690n Build/LRX22G; wv) AppleWebKit/537.36 (KHTML, like Gecko) Version/4.0 Chrome/48.0.2564.106 Mobile Safari/537.36 [FB_IAB/FB4A;FBAV/68.0.0.37.59;]"
177.13.5.215 - - [11/Apr/2016:13:46:27 -0300] "GET /search/cities?limit=5 HTTP/1.1" 200 163 "http://guardioesdasaude.org/" "Mozilla/5.0 (Linux; Android 5.0.2; LG-D690n Build/LRX22G; wv) AppleWebKit/537.36 (KHTML, like Gecko) Version/4.0 Chrome/48.0.2564.106 Mobile Safari/537.36 [FB_IAB/FB4A;FBAV/68.0.0.37.59;]"
179.158.83.203 - - [11/Apr/2016:13:52:26 -0300] "GET /user/get?fb=null HTTP/1.1" 200 56 "-" "Dalvik/2.1.0 (Linux; U; Android 6.0; XT1097 Build/MPE24.49-18)"
179.158.83.203 - - [11/Apr/2016:13:52:27 -0300] "GET /user/get?fb=1011540175566296 HTTP/1.1" 200 56 "-" "Dalvik/2.1.0 (Linux; U; Android 6.0; XT1097 Build/MPE24.49-18)"
179.158.83.203 - - [11/Apr/2016:13:53:24 -0300] "POST /user/create HTTP/1.1" 200 587 "-" "Dalvik/2.1.0 (Linux; U; Android 6.0; XT1097 Build/MPE24.49-18)"
179.158.83.203 - - [11/Apr/2016:13:53:25 -0300] "POST /user/login HTTP/1.1" 200 754 "-" "Dalvik/2.1.0 (Linux; U; Android 6.0; XT1097 Build/MPE24.49-18)"
179.158.83.203 - - [11/Apr/2016:13:53:38 -0300] "GET /user/household/570bd6841a19da082e9d9543 HTTP/1.1" 200 56 "-" "Dalvik/2.1.0 (Linux; U; Android 6.0; XT1097 Build/MPE24.49-18)"
179.158.83.203 - - [11/Apr/2016:13:53:40 -0300] "GET /user/calendar/year?year=2016 HTTP/1.1" 200 58 "-" "Dalvik/2.1.0 (Linux; U; Android 6.0; XT1097 Build/MPE24.49-18)"
179.158.83.203 - - [11/Apr/2016:13:53:41 -0300] "GET /user/survey/summary HTTP/1.1" 200 66 "-" "Dalvik/2.1.0 (Linux; U; Android 6.0; XT1097 Build/MPE24.49-18)"
80.112.138.229 - - [11/Apr/2016:13:54:44 -0300] "OPTIONS /search/cities?limit=5 HTTP/1.1" 204 0 "http://guardioesdasaude.org/" "Mozilla/5.0 (Macintosh; Intel Mac OS X 10_11_4) AppleWebKit/601.5.17 (KHTML, like Gecko) Version/9.1 Safari/601.5.17"
80.112.138.229 - - [11/Apr/2016:13:54:44 -0300] "GET /search/cities?limit=5 HTTP/1.1" 200 163 "http://guardioesdasaude.org/" "Mozilla/5.0 (Macintosh; Intel Mac OS X 10_11_4) AppleWebKit/601.5.17 (KHTML, like Gecko) Version/9.1 Safari/601.5.17"
187.48.147.132 - - [11/Apr/2016:13:56:15 -0300] "OPTIONS /search/cities?limit=5 HTTP/1.1" 204 0 "http://guardioesdasaude.org/" "Mozilla/5.0 (Linux; Android 4.2.2; GT-S7273T Build/JDQ39) AppleWebKit/537.36 (KHTML, like Gecko) Chrome/49.0.2623.105 Mobile Safari/537.36"
187.48.147.132 - - [11/Apr/2016:13:56:15 -0300] "GET /search/cities?limit=5 HTTP/1.1" 200 163 "http://guardioesdasaude.org/" "Mozilla/5.0 (Linux; Android 4.2.2; GT-S7273T Build/JDQ39) AppleWebKit/537.36 (KHTML, like Gecko) Chrome/49.0.2623.105 Mobile Safari/537.36"
177.38.200.128 - - [11/Apr/2016:13:59:55 -0300] "GET /user/lookup/ HTTP/1.1" 200 6931 "-" "Guardioes da Saude/1.1.5 (iPhone; iOS 9.3.1; Scale/2.00)"
37.120.38.146 - - [11/Apr/2016:14:03:18 -0300] "OPTIONS /search/cities?limit=5 HTTP/1.1" 204 0 "http://guardioesdasaude.org/" "Mozilla/5.0 (Macintosh; Intel Mac OS X 10_11_4) AppleWebKit/601.5.17 (KHTML, like Gecko) Version/9.1 Safari/601.5.17"
37.120.38.146 - - [11/Apr/2016:14:03:18 -0300] "GET /search/cities?limit=5 HTTP/1.1" 200 163 "http://guardioesdasaude.org/" "Mozilla/5.0 (Macintosh; Intel Mac OS X 10_11_4) AppleWebKit/601.5.17 (KHTML, like Gecko) Version/9.1 Safari/601.5.17"
177.38.200.128 - - [11/Apr/2016:14:08:04 -0300] "OPTIONS /search/cities?limit=5 HTTP/1.1" 204 0 "http://guardioesdasaude.org/" "Mozilla/5.0 (Macintosh; Intel Mac OS X 10_10_5) AppleWebKit/537.36 (KHTML, like Gecko) Chrome/49.0.2623.110 Safari/537.36"
177.38.200.128 - - [11/Apr/2016:14:08:05 -0300] "OPTIONS /search/cities?limit=5 HTTP/1.1" 204 0 "http://guardioesdasaude.org/" "Mozilla/5.0 (Macintosh; Intel Mac OS X 10_10_5) AppleWebKit/537.36 (KHTML, like Gecko) Chrome/49.0.2623.110 Safari/537.36"
177.38.200.128 - - [11/Apr/2016:14:08:05 -0300] "OPTIONS /search/cities?limit=5 HTTP/1.1" 204 0 "http://guardioesdasaude.org/" "Mozilla/5.0 (Macintosh; Intel Mac OS X 10_10_5) AppleWebKit/537.36 (KHTML, like Gecko) Chrome/49.0.2623.110 Safari/537.36"
177.38.200.128 - - [11/Apr/2016:14:08:05 -0300] "GET /search/cities?limit=5 HTTP/1.1" 200 163 "http://guardioesdasaude.org/" "Mozilla/5.0 (Macintosh; Intel Mac OS X 10_10_5) AppleWebKit/537.36 (KHTML, like Gecko) Chrome/49.0.2623.110 Safari/537.36"
177.38.200.128 - - [11/Apr/2016:14:08:05 -0300] "GET /search/cities?limit=5 HTTP/1.1" 200 163 "http://guardioesdasaude.org/" "Mozilla/5.0 (Macintosh; Intel Mac OS X 10_10_5) AppleWebKit/537.36 (KHTML, like Gecko) Chrome/49.0.2623.110 Safari/537.36"
177.38.200.128 - - [11/Apr/2016:14:08:05 -0300] "GET /search/cities?limit=5 HTTP/1.1" 200 163 "http://guardioesdasaude.org/" "Mozilla/5.0 (Macintosh; Intel Mac OS X 10_10_5) AppleWebKit/537.36 (KHTML, like Gecko) Chrome/49.0.2623.110 Safari/537.36"
177.38.200.128 - - [11/Apr/2016:14:08:28 -0300] "GET /search/cities?limit=5 HTTP/1.1" 200 163 "http://guardioesdasaude.org/" "Mozilla/5.0 (Macintosh; Intel Mac OS X 10_10_5) AppleWebKit/537.36 (KHTML, like Gecko) Chrome/49.0.2623.110 Safari/537.36"
189.46.202.74 - - [11/Apr/2016:14:11:07 -0300] "OPTIONS /search/cities?limit=5 HTTP/1.1" 204 0 "http://guardioesdasaude.org/" "Mozilla/5.0 (Windows NT 6.1) AppleWebKit/537.36 (KHTML, like Gecko) Chrome/49.0.2623.110 Safari/537.36"
189.46.202.74 - - [11/Apr/2016:14:11:07 -0300] "GET /search/cities?limit=5 HTTP/1.1" 200 163 "http://guardioesdasaude.org/" "Mozilla/5.0 (Windows NT 6.1) AppleWebKit/537.36 (KHTML, like Gecko) Chrome/49.0.2623.110 Safari/537.36"
189.46.202.74 - - [11/Apr/2016:14:11:44 -0300] "OPTIONS /surveys/l?q=Ubatuba,%20Ubatuba%20-%20SP,%20Brasil HTTP/1.1" 204 0 "http://guardioesdasaude.org/health-map" "Mozilla/5.0 (Windows NT 6.1) AppleWebKit/537.36 (KHTML, like Gecko) Chrome/49.0.2623.110 Safari/537.36"
189.46.202.74 - - [11/Apr/2016:14:11:44 -0300] "GET /surveys/l?q=Ubatuba,%20Ubatuba%20-%20SP,%20Brasil HTTP/1.1" 200 86 "http://guardioesdasaude.org/health-map" "Mozilla/5.0 (Windows NT 6.1) AppleWebKit/537.36 (KHTML, like Gecko) Chrome/49.0.2623.110 Safari/537.36"
189.46.202.74 - - [11/Apr/2016:14:11:45 -0300] "OPTIONS /surveys/summary?lat=-23.433624020593726&lon=-45.08384810000001 HTTP/1.1" 204 0 "http://guardioesdasaude.org/health-map" "Mozilla/5.0 (Windows NT 6.1) AppleWebKit/537.36 (KHTML, like Gecko) Chrome/49.0.2623.110 Safari/537.36"
189.46.202.74 - - [11/Apr/2016:14:11:45 -0300] "OPTIONS /surveys/l?lat=-23.433624020593726&lon=-45.08384810000001 HTTP/1.1" 204 0 "http://guardioesdasaude.org/health-map" "Mozilla/5.0 (Windows NT 6.1) AppleWebKit/537.36 (KHTML, like Gecko) Chrome/49.0.2623.110 Safari/537.36"
189.46.202.74 - - [11/Apr/2016:14:11:45 -0300] "GET /surveys/l?lat=-23.433624020593726&lon=-45.08384810000001 HTTP/1.1" 200 56 "http://guardioesdasaude.org/health-map" "Mozilla/5.0 (Windows NT 6.1) AppleWebKit/537.36 (KHTML, like Gecko) Chrome/49.0.2623.110 Safari/537.36"
189.46.202.74 - - [11/Apr/2016:14:11:45 -0300] "GET /surveys/summary?lat=-23.433624020593726&lon=-45.08384810000001 HTTP/1.1" 200 227 "http://guardioesdasaude.org/health-map" "Mozilla/5.0 (Windows NT 6.1) AppleWebKit/537.36 (KHTML, like Gecko) Chrome/49.0.2623.110 Safari/537.36"
189.46.202.74 - - [11/Apr/2016:14:11:46 -0300] "OPTIONS /surveys/l?q=Silop,%20Ubatuba%20-%20SP,%20Brasil HTTP/1.1" 204 0 "http://guardioesdasaude.org/health-map" "Mozilla/5.0 (Windows NT 6.1) AppleWebKit/537.36 (KHTML, like Gecko) Chrome/49.0.2623.110 Safari/537.36"
189.46.202.74 - - [11/Apr/2016:14:11:46 -0300] "GET /surveys/l?q=Silop,%20Ubatuba%20-%20SP,%20Brasil HTTP/1.1" 200 90 "http://guardioesdasaude.org/health-map" "Mozilla/5.0 (Windows NT 6.1) AppleWebKit/537.36 (KHTML, like Gecko) Chrome/49.0.2623.110 Safari/537.36"
189.46.202.74 - - [11/Apr/2016:14:12:24 -0300] "OPTIONS /user/get?fb=214388682269649 HTTP/1.1" 204 0 "http://guardioesdasaude.org/cadastro" "Mozilla/5.0 (Windows NT 6.1) AppleWebKit/537.36 (KHTML, like Gecko) Chrome/49.0.2623.110 Safari/537.36"
189.46.202.74 - - [11/Apr/2016:14:12:24 -0300] "GET /user/get?fb=214388682269649 HTTP/1.1" 200 56 "http://guardioesdasaude.org/cadastro" "Mozilla/5.0 (Windows NT 6.1) AppleWebKit/537.36 (KHTML, like Gecko) Chrome/49.0.2623.110 Safari/537.36"
189.46.202.74 - - [11/Apr/2016:14:13:33 -0300] "OPTIONS /user/create HTTP/1.1" 204 0 "http://guardioesdasaude.org/cadastro" "Mozilla/5.0 (Windows NT 6.1) AppleWebKit/537.36 (KHTML, like Gecko) Chrome/49.0.2623.110 Safari/537.36"
189.46.202.74 - - [11/Apr/2016:14:13:34 -0300] "POST /user/create HTTP/1.1" 200 550 "http://guardioesdasaude.org/cadastro" "Mozilla/5.0 (Windows NT 6.1) AppleWebKit/537.36 (KHTML, like Gecko) Chrome/49.0.2623.110 Safari/537.36"
189.46.202.74 - - [11/Apr/2016:14:13:34 -0300] "GET /search/cities?limit=5 HTTP/1.1" 200 163 "http://guardioesdasaude.org/health-daily" "Mozilla/5.0 (Windows NT 6.1) AppleWebKit/537.36 (KHTML, like Gecko) Chrome/49.0.2623.110 Safari/537.36"
189.46.202.74 - - [11/Apr/2016:14:13:34 -0300] "OPTIONS /user/survey/summary HTTP/1.1" 204 0 "http://guardioesdasaude.org/health-daily" "Mozilla/5.0 (Windows NT 6.1) AppleWebKit/537.36 (KHTML, like Gecko) Chrome/49.0.2623.110 Safari/537.36"
189.46.202.74 - - [11/Apr/2016:14:13:34 -0300] "OPTIONS /user/calendar/month?month=4&year=2016 HTTP/1.1" 204 0 "http://guardioesdasaude.org/health-daily" "Mozilla/5.0 (Windows NT 6.1) AppleWebKit/537.36 (KHTML, like Gecko) Chrome/49.0.2623.110 Safari/537.36"
189.46.202.74 - - [11/Apr/2016:14:13:35 -0300] "OPTIONS /user/calendar/year?year=2016 HTTP/1.1" 204 0 "http://guardioesdasaude.org/health-daily" "Mozilla/5.0 (Windows NT 6.1) AppleWebKit/537.36 (KHTML, like Gecko) Chrome/49.0.2623.110 Safari/537.36"
189.46.202.74 - - [11/Apr/2016:14:13:35 -0300] "OPTIONS /user/calendar/month?month=4&year=2016 HTTP/1.1" 204 0 "http://guardioesdasaude.org/health-daily" "Mozilla/5.0 (Windows NT 6.1) AppleWebKit/537.36 (KHTML, like Gecko) Chrome/49.0.2623.110 Safari/537.36"
189.46.202.74 - - [11/Apr/2016:14:13:35 -0300] "GET /search/cities?limit=5 HTTP/1.1" 200 163 "http://guardioesdasaude.org/health-daily" "Mozilla/5.0 (Windows NT 6.1) AppleWebKit/537.36 (KHTML, like Gecko) Chrome/49.0.2623.110 Safari/537.36"
189.46.202.74 - - [11/Apr/2016:14:13:35 -0300] "GET /user/calendar/month?month=4&year=2016 HTTP/1.1" 200 58 "http://guardioesdasaude.org/health-daily" "Mozilla/5.0 (Windows NT 6.1) AppleWebKit/537.36 (KHTML, like Gecko) Chrome/49.0.2623.110 Safari/537.36"
189.46.202.74 - - [11/Apr/2016:14:13:35 -0300] "GET /user/survey/summary HTTP/1.1" 200 66 "http://guardioesdasaude.org/health-daily" "Mozilla/5.0 (Windows NT 6.1) AppleWebKit/537.36 (KHTML, like Gecko) Chrome/49.0.2623.110 Safari/537.36"
187.59.138.250 - - [11/Apr/2016:14:13:35 -0300] "OPTIONS /search/cities?limit=5 HTTP/1.1" 204 0 "http://guardioesdasaude.org/" "Mozilla/5.0 (Windows NT 10.0; WOW64) AppleWebKit/537.36 (KHTML, like Gecko) Chrome/49.0.2623.110 Safari/537.36"
189.46.202.74 - - [11/Apr/2016:14:13:35 -0300] "GET /user/calendar/year?year=2016 HTTP/1.1" 200 58 "http://guardioesdasaude.org/health-daily" "Mozilla/5.0 (Windows NT 6.1) AppleWebKit/537.36 (KHTML, like Gecko) Chrome/49.0.2623.110 Safari/537.36"
189.46.202.74 - - [11/Apr/2016:14:13:35 -0300] "GET /search/cities?limit=5 HTTP/1.1" 200 163 "http://guardioesdasaude.org/health-daily" "Mozilla/5.0 (Windows NT 6.1) AppleWebKit/537.36 (KHTML, like Gecko) Chrome/49.0.2623.110 Safari/537.36"
189.46.202.74 - - [11/Apr/2016:14:13:35 -0300] "OPTIONS /user/chart/month?month=4&year=2016 HTTP/1.1" 204 0 "http://guardioesdasaude.org/health-daily" "Mozilla/5.0 (Windows NT 6.1) AppleWebKit/537.36 (KHTML, like Gecko) Chrome/49.0.2623.110 Safari/537.36"
189.46.202.74 - - [11/Apr/2016:14:13:35 -0300] "GET /user/calendar/month?month=4&year=2016 HTTP/1.1" 200 58 "http://guardioesdasaude.org/health-daily" "Mozilla/5.0 (Windows NT 6.1) AppleWebKit/537.36 (KHTML, like Gecko) Chrome/49.0.2623.110 Safari/537.36"
189.46.202.74 - - [11/Apr/2016:14:13:35 -0300] "GET /user/chart/month?month=4&year=2016 HTTP/1.1" 200 58 "http://guardioesdasaude.org/health-daily" "Mozilla/5.0 (Windows NT 6.1) AppleWebKit/537.36 (KHTML, like Gecko) Chrome/49.0.2623.110 Safari/537.36"
187.59.138.250 - - [11/Apr/2016:14:13:36 -0300] "GET /search/cities?limit=5 HTTP/1.1" 200 163 "http://guardioesdasaude.org/" "Mozilla/5.0 (Windows NT 10.0; WOW64) AppleWebKit/537.36 (KHTML, like Gecko) Chrome/49.0.2623.110 Safari/537.36"
189.46.202.74 - - [11/Apr/2016:14:14:50 -0300] "GET /search/cities?limit=5 HTTP/1.1" 200 163 "http://guardioesdasaude.org/profile/add" "Mozilla/5.0 (Windows NT 6.1) AppleWebKit/537.36 (KHTML, like Gecko) Chrome/49.0.2623.110 Safari/537.36"
189.46.202.74 - - [11/Apr/2016:14:15:06 -0300] "OPTIONS /surveys/l?q=R.%20Frei%20Gaspar%20-%20Parque%20Sao%20Vicente,%20S%C3%A3o%20Vicente%20-%20SP,%20Brasil HTTP/1.1" 204 0 "http://guardioesdasaude.org/health-map" "Mozilla/5.0 (Windows NT 6.1) AppleWebKit/537.36 (KHTML, like Gecko) Chrome/49.0.2623.110 Safari/537.36"
189.46.202.74 - - [11/Apr/2016:14:15:07 -0300] "GET /surveys/l?q=R.%20Frei%20Gaspar%20-%20Parque%20Sao%20Vicente,%20S%C3%A3o%20Vicente%20-%20SP,%20Brasil HTTP/1.1" 200 117 "http://guardioesdasaude.org/health-map" "Mozilla/5.0 (Windows NT 6.1) AppleWebKit/537.36 (KHTML, like Gecko) Chrome/49.0.2623.110 Safari/537.36"
189.46.202.74 - - [11/Apr/2016:14:15:07 -0300] "OPTIONS /surveys/summary?lat=-23.95872424623871&lon=-46.39998800000001 HTTP/1.1" 204 0 "http://guardioesdasaude.org/health-map" "Mozilla/5.0 (Windows NT 6.1) AppleWebKit/537.36 (KHTML, like Gecko) Chrome/49.0.2623.110 Safari/537.36"
189.46.202.74 - - [11/Apr/2016:14:15:08 -0300] "OPTIONS /surveys/l?lat=-23.95872424623871&lon=-46.39998800000001 HTTP/1.1" 204 0 "http://guardioesdasaude.org/health-map" "Mozilla/5.0 (Windows NT 6.1) AppleWebKit/537.36 (KHTML, like Gecko) Chrome/49.0.2623.110 Safari/537.36"
189.46.202.74 - - [11/Apr/2016:14:15:08 -0300] "OPTIONS /surveys/l?q=Parque%20Sao%20Vicente,%20S%C3%A3o%20Vicente%20-%20SP,%20Brasil HTTP/1.1" 204 0 "http://guardioesdasaude.org/health-map" "Mozilla/5.0 (Windows NT 6.1) AppleWebKit/537.36 (KHTML, like Gecko) Chrome/49.0.2623.110 Safari/537.36"
189.46.202.74 - - [11/Apr/2016:14:15:08 -0300] "GET /surveys/l?lat=-23.95872424623871&lon=-46.39998800000001 HTTP/1.1" 200 56 "http://guardioesdasaude.org/health-map" "Mozilla/5.0 (Windows NT 6.1) AppleWebKit/537.36 (KHTML, like Gecko) Chrome/49.0.2623.110 Safari/537.36"
189.46.202.74 - - [11/Apr/2016:14:15:08 -0300] "GET /surveys/summary?lat=-23.95872424623871&lon=-46.39998800000001 HTTP/1.1" 200 218 "http://guardioesdasaude.org/health-map" "Mozilla/5.0 (Windows NT 6.1) AppleWebKit/537.36 (KHTML, like Gecko) Chrome/49.0.2623.110 Safari/537.36"
189.46.202.74 - - [11/Apr/2016:14:15:08 -0300] "GET /surveys/l?q=Parque%20Sao%20Vicente,%20S%C3%A3o%20Vicente%20-%20SP,%20Brasil HTTP/1.1" 200 101 "http://guardioesdasaude.org/health-map" "Mozilla/5.0 (Windows NT 6.1) AppleWebKit/537.36 (KHTML, like Gecko) Chrome/49.0.2623.110 Safari/537.36"
189.46.202.74 - - [11/Apr/2016:14:15:12 -0300] "GET /search/cities?limit=5 HTTP/1.1" 200 163 "http://guardioesdasaude.org/profile/add" "Mozilla/5.0 (Windows NT 6.1) AppleWebKit/537.36 (KHTML, like Gecko) Chrome/49.0.2623.110 Safari/537.36"
189.46.202.74 - - [11/Apr/2016:14:15:15 -0300] "GET /search/cities?limit=5 HTTP/1.1" 200 163 "http://guardioesdasaude.org/health-tips" "Mozilla/5.0 (Windows NT 6.1) AppleWebKit/537.36 (KHTML, like Gecko) Chrome/49.0.2623.110 Safari/537.36"
189.46.202.74 - - [11/Apr/2016:14:15:26 -0300] "OPTIONS /news/get HTTP/1.1" 204 0 "http://guardioesdasaude.org/news" "Mozilla/5.0 (Windows NT 6.1) AppleWebKit/537.36 (KHTML, like Gecko) Chrome/49.0.2623.110 Safari/537.36"
189.46.202.74 - - [11/Apr/2016:14:15:26 -0300] "GET /search/cities?limit=5 HTTP/1.1" 200 163 "http://guardioesdasaude.org/news" "Mozilla/5.0 (Windows NT 6.1) AppleWebKit/537.36 (KHTML, like Gecko) Chrome/49.0.2623.110 Safari/537.36"
189.46.202.74 - - [11/Apr/2016:14:15:26 -0300] "GET /news/get HTTP/1.1" 200 3910 "http://guardioesdasaude.org/news" "Mozilla/5.0 (Windows NT 6.1) AppleWebKit/537.36 (KHTML, like Gecko) Chrome/49.0.2623.110 Safari/537.36"
189.46.202.74 - - [11/Apr/2016:14:15:56 -0300] "GET /search/cities?limit=5 HTTP/1.1" 200 163 "http://guardioesdasaude.org/" "Mozilla/5.0 (Windows NT 6.1) AppleWebKit/537.36 (KHTML, like Gecko) Chrome/49.0.2623.110 Safari/537.36"
177.79.35.42 - - [11/Apr/2016:14:18:47 -0300] "GET /user/lookup/ HTTP/1.1" 200 1845 "-" "Dalvik/2.1.0 (Linux; U; Android 5.1.1; D6633 Build/23.4.A.1.232)"
177.38.200.128 - - [11/Apr/2016:14:20:22 -0300] "OPTIONS /search/cities?limit=5 HTTP/1.1" 204 0 "http://guardioesdasaude.org/" "Mozilla/5.0 (Macintosh; Intel Mac OS X 10_10_5) AppleWebKit/537.36 (KHTML, like Gecko) Chrome/49.0.2623.110 Safari/537.36"
177.38.200.128 - - [11/Apr/2016:14:20:22 -0300] "GET /search/cities?limit=5 HTTP/1.1" 200 163 "http://guardioesdasaude.org/" "Mozilla/5.0 (Macintosh; Intel Mac OS X 10_10_5) AppleWebKit/537.36 (KHTML, like Gecko) Chrome/49.0.2623.110 Safari/537.36"
177.38.200.128 - - [11/Apr/2016:14:21:37 -0300] "OPTIONS /search/cities?limit=5 HTTP/1.1" 204 0 "http://guardioesdasaude.org/" "Mozilla/5.0 (Macintosh; Intel Mac OS X 10_10_5) AppleWebKit/537.36 (KHTML, like Gecko) Chrome/49.0.2623.110 Safari/537.36"
200.129.43.129 - - [11/Apr/2016:14:24:19 -0300] "GET /user/lookup/ HTTP/1.1" 403 89 "-" "Dalvik/2.1.0 (Linux; U; Android 6.0; MotoG3 Build/MPI24.65-33.1)"
200.129.43.129 - - [11/Apr/2016:14:24:26 -0300] "GET /user/lookup/ HTTP/1.1" 403 89 "-" "Dalvik/2.1.0 (Linux; U; Android 6.0; MotoG3 Build/MPI24.65-33.1)"
200.129.43.129 - - [11/Apr/2016:14:24:31 -0300] "GET /user/lookup/ HTTP/1.1" 403 89 "-" "Dalvik/2.1.0 (Linux; U; Android 6.0; MotoG3 Build/MPI24.65-33.1)"
200.129.43.129 - - [11/Apr/2016:14:25:05 -0300] "GET /user/lookup/ HTTP/1.1" 403 89 "-" "Dalvik/2.1.0 (Linux; U; Android 6.0; MotoG3 Build/MPI24.65-33.1)"
177.38.200.128 - - [11/Apr/2016:14:44:44 -0300] "OPTIONS /search/cities?limit=5 HTTP/1.1" 204 0 "http://guardioesdasaude.org/" "Mozilla/5.0 (Macintosh; Intel Mac OS X 10_10_5) AppleWebKit/537.36 (KHTML, like Gecko) Chrome/49.0.2623.110 Safari/537.36"
