187.58.108.226 - - [11/May/2016:13:44:14 -0300] "GET /user/get?fb=1168095529909852 HTTP/1.1" 200 905 "-" "Dalvik/1.6.0 (Linux; U; Android 4.4.4; SM-G530H Build/KTU84P)"
187.58.108.226 - - [11/May/2016:13:44:16 -0300] "POST /user/login HTTP/1.1" 200 988 "-" "Dalvik/1.6.0 (Linux; U; Android 4.4.4; SM-G530H Build/KTU84P)"
187.103.67.77 - - [11/May/2016:13:44:22 -0300] "GET /user/household/57335f85fb2af3c50833ad35 HTTP/1.1" 200 56 "-" "Dalvik/2.1.0 (Linux; U; Android 5.1.1; SM-J120H Build/LMY47V)"
187.58.108.226 - - [11/May/2016:13:44:25 -0300] "GET /user/household/57335f8ffb2af3c50833ad3d HTTP/1.1" 200 56 "-" "Dalvik/1.6.0 (Linux; U; Android 4.4.4; SM-G530H Build/KTU84P)"
189.70.184.183 - - [11/May/2016:13:44:26 -0300] "GET /user/household/null HTTP/1.1" 200 56 "-" "Dalvik/1.6.0 (Linux; U; Android 4.4.4; SM-G316M Build/KTU84P)"
191.33.45.170 - - [11/May/2016:13:44:38 -0300] "POST /user/login HTTP/1.1" 200 77 "-" "Dalvik/1.6.0 (Linux; U; Android 4.4.4; SM-G530BT Build/KTU84P)"
187.58.108.226 - - [11/May/2016:13:44:40 -0300] "GET /user/household/57335f8ffb2af3c50833ad3d HTTP/1.1" 200 56 "-" "Dalvik/1.6.0 (Linux; U; Android 4.4.4; SM-G530H Build/KTU84P)"
191.33.45.170 - - [11/May/2016:13:44:41 -0300] "POST /user/login HTTP/1.1" 200 77 "-" "Dalvik/1.6.0 (Linux; U; Android 4.4.4; SM-G530BT Build/KTU84P)"
177.207.122.72 - - [11/May/2016:13:44:42 -0300] "POST /user/login HTTP/1.1" 200 77 "-" "Dalvik/1.6.0 (Linux; U; Android 4.4.4; SM-G530BT Build/KTU84P)"
187.58.108.226 - - [11/May/2016:13:44:46 -0300] "GET /user/household/57335f8ffb2af3c50833ad3d HTTP/1.1" 200 56 "-" "Dalvik/1.6.0 (Linux; U; Android 4.4.4; SM-G530H Build/KTU84P)"
187.103.67.77 - - [11/May/2016:13:44:48 -0300] "GET /user/household/57335f85fb2af3c50833ad35 HTTP/1.1" 200 56 "-" "Dalvik/2.1.0 (Linux; U; Android 5.1.1; SM-J120H Build/LMY47V)"
189.70.184.183 - - [11/May/2016:13:44:49 -0300] "GET /user/lookup/ HTTP/1.1" 200 916 "-" "Dalvik/1.6.0 (Linux; U; Android 4.4.4; SM-G316M Build/KTU84P)"
187.58.108.226 - - [11/May/2016:13:44:50 -0300] "GET /user/household/57335f8ffb2af3c50833ad3d HTTP/1.1" 200 56 "-" "Dalvik/1.6.0 (Linux; U; Android 4.4.4; SM-G530H Build/KTU84P)"
189.70.184.183 - - [11/May/2016:13:45:00 -0300] "GET /user/household/57335f46fb2af3c50833ad1c HTTP/1.1" 200 56 "-" "Dalvik/1.6.0 (Linux; U; Android 4.4.4; SM-G316M Build/KTU84P)"
186.212.105.12 - - [11/May/2016:13:45:08 -0300] "POST /user/create HTTP/1.1" 200 479 "-" "Dalvik/1.6.0 (Linux; U; Android 4.4.4; SM-G530H Build/KTU84P)"
186.212.105.12 - - [11/May/2016:13:45:10 -0300] "POST /user/login HTTP/1.1" 200 666 "-" "Dalvik/1.6.0 (Linux; U; Android 4.4.4; SM-G530H Build/KTU84P)"
186.212.105.12 - - [11/May/2016:13:45:25 -0300] "GET /user/household/57336194fb2af3c50833ad77 HTTP/1.1" 200 56 "-" "Dalvik/1.6.0 (Linux; U; Android 4.4.4; SM-G530H Build/KTU84P)"
189.70.184.183 - - [11/May/2016:13:45:26 -0300] "GET /user/household/57335f46fb2af3c50833ad1c HTTP/1.1" 200 56 "-" "Dalvik/1.6.0 (Linux; U; Android 4.4.4; SM-G316M Build/KTU84P)"
189.70.184.183 - - [11/May/2016:13:45:27 -0300] "GET /user/calendar/month?&month=5&year=2016 HTTP/1.1" 200 116 "-" "Dalvik/1.6.0 (Linux; U; Android 4.4.4; SM-G316M Build/KTU84P)"
189.70.184.183 - - [11/May/2016:13:45:27 -0300] "GET /user/survey/summary HTTP/1.1" 200 69 "-" "Dalvik/1.6.0 (Linux; U; Android 4.4.4; SM-G316M Build/KTU84P)"
189.70.184.183 - - [11/May/2016:13:45:28 -0300] "GET /user/calendar/year?year=2016 HTTP/1.1" 200 109 "-" "Dalvik/1.6.0 (Linux; U; Android 4.4.4; SM-G316M Build/KTU84P)"
189.70.184.183 - - [11/May/2016:13:45:29 -0300] "GET /user/calendar/day?day=11&month=5&year=2016 HTTP/1.1" 200 116 "-" "Dalvik/1.6.0 (Linux; U; Android 4.4.4; SM-G316M Build/KTU84P)"
187.103.67.77 - - [11/May/2016:13:45:29 -0300] "GET /user/get?fb=883284295134527 HTTP/1.1" 200 1105 "-" "Dalvik/2.1.0 (Linux; U; Android 5.1.1; SM-J120H Build/LMY47V)"
187.103.67.77 - - [11/May/2016:13:45:30 -0300] "POST /user/login HTTP/1.1" 200 1187 "-" "Dalvik/2.1.0 (Linux; U; Android 5.1.1; SM-J120H Build/LMY47V)"
189.70.184.183 - - [11/May/2016:13:45:51 -0300] "GET /user/household/57335f46fb2af3c50833ad1c HTTP/1.1" 200 56 "-" "Dalvik/1.6.0 (Linux; U; Android 4.4.4; SM-G316M Build/KTU84P)"
177.85.248.21 - - [11/May/2016:13:45:57 -0300] "GET /user/get?fb=null HTTP/1.1" 200 56 "-" "Dalvik/2.1.0 (Linux; U; Android 6.0; XT1069 Build/MPB24.65-34)"
177.85.248.21 - - [11/May/2016:13:45:58 -0300] "GET /user/get?fb=1133736293334186 HTTP/1.1" 200 56 "-" "Dalvik/2.1.0 (Linux; U; Android 6.0; XT1069 Build/MPB24.65-34)"
186.212.105.12 - - [11/May/2016:13:46:09 -0300] "POST /survey/create HTTP/1.1" 200 430 "-" "Dalvik/1.6.0 (Linux; U; Android 4.4.4; SM-G530H Build/KTU84P)"
177.85.248.21 - - [11/May/2016:13:46:35 -0300] "POST /user/create HTTP/1.1" 200 602 "-" "Dalvik/2.1.0 (Linux; U; Android 6.0; XT1069 Build/MPB24.65-34)"
177.85.248.21 - - [11/May/2016:13:46:36 -0300] "POST /user/login HTTP/1.1" 200 795 "-" "Dalvik/2.1.0 (Linux; U; Android 6.0; XT1069 Build/MPB24.65-34)"
186.212.105.12 - - [11/May/2016:13:46:37 -0300] "GET /user/calendar/month?&month=5&year=2016 HTTP/1.1" 200 116 "-" "Dalvik/1.6.0 (Linux; U; Android 4.4.4; SM-G530H Build/KTU84P)"
186.212.105.12 - - [11/May/2016:13:46:37 -0300] "GET /user/household/57336194fb2af3c50833ad77 HTTP/1.1" 200 56 "-" "Dalvik/1.6.0 (Linux; U; Android 4.4.4; SM-G530H Build/KTU84P)"
186.212.105.12 - - [11/May/2016:13:46:39 -0300] "GET /user/survey/summary HTTP/1.1" 200 69 "-" "Dalvik/1.6.0 (Linux; U; Android 4.4.4; SM-G530H Build/KTU84P)"
186.212.105.12 - - [11/May/2016:13:46:39 -0300] "GET /user/calendar/year?year=2016 HTTP/1.1" 200 109 "-" "Dalvik/1.6.0 (Linux; U; Android 4.4.4; SM-G530H Build/KTU84P)"
186.212.105.12 - - [11/May/2016:13:46:41 -0300] "GET /user/calendar/day?day=11&month=5&year=2016 HTTP/1.1" 200 116 "-" "Dalvik/1.6.0 (Linux; U; Android 4.4.4; SM-G530H Build/KTU84P)"
177.85.248.21 - - [11/May/2016:13:46:49 -0300] "GET /user/household/573361ebfb2af3c50833ad79 HTTP/1.1" 200 56 "-" "Dalvik/2.1.0 (Linux; U; Android 6.0; XT1069 Build/MPB24.65-34)"
186.212.105.12 - - [11/May/2016:13:47:27 -0300] "GET /news/get HTTP/1.1" 200 3956 "-" "Dalvik/1.6.0 (Linux; U; Android 4.4.4; SM-G530H Build/KTU84P)"
186.212.105.12 - - [11/May/2016:13:47:32 -0300] "GET /news/get HTTP/1.1" 200 3955 "-" "Dalvik/1.6.0 (Linux; U; Android 4.4.4; SM-G530H Build/KTU84P)"
177.85.248.21 - - [11/May/2016:13:47:36 -0300] "POST /household/create HTTP/1.1" 200 226 "-" "Dalvik/2.1.0 (Linux; U; Android 6.0; XT1069 Build/MPB24.65-34)"
177.85.248.21 - - [11/May/2016:13:47:37 -0300] "GET /user/lookup/ HTTP/1.1" 200 830 "-" "Dalvik/2.1.0 (Linux; U; Android 6.0; XT1069 Build/MPB24.65-34)"
186.212.105.12 - - [11/May/2016:13:47:40 -0300] "GET /user/household/57336194fb2af3c50833ad77 HTTP/1.1" 200 56 "-" "Dalvik/1.6.0 (Linux; U; Android 4.4.4; SM-G530H Build/KTU84P)"
186.212.105.12 - - [11/May/2016:13:47:40 -0300] "GET /user/survey/summary HTTP/1.1" 200 69 "-" "Dalvik/1.6.0 (Linux; U; Android 4.4.4; SM-G530H Build/KTU84P)"
186.212.105.12 - - [11/May/2016:13:47:41 -0300] "GET /user/calendar/month?&month=5&year=2016 HTTP/1.1" 200 116 "-" "Dalvik/1.6.0 (Linux; U; Android 4.4.4; SM-G530H Build/KTU84P)"
186.212.105.12 - - [11/May/2016:13:47:43 -0300] "GET /user/calendar/year?year=2016 HTTP/1.1" 200 109 "-" "Dalvik/1.6.0 (Linux; U; Android 4.4.4; SM-G530H Build/KTU84P)"
186.212.105.12 - - [11/May/2016:13:47:44 -0300] "GET /user/calendar/day?day=11&month=5&year=2016 HTTP/1.1" 200 116 "-" "Dalvik/1.6.0 (Linux; U; Android 4.4.4; SM-G530H Build/KTU84P)"
189.70.184.183 - - [11/May/2016:13:47:45 -0300] "GET /user/household/null HTTP/1.1" 200 56 "-" "Dalvik/1.6.0 (Linux; U; Android 4.4.4; SM-G316M Build/KTU84P)"
177.85.248.21 - - [11/May/2016:13:47:48 -0300] "GET /user/household/573361ebfb2af3c50833ad79 HTTP/1.1" 200 684 "-" "Dalvik/2.1.0 (Linux; U; Android 6.0; XT1069 Build/MPB24.65-34)"
177.85.248.21 - - [11/May/2016:13:47:49 -0300] "GET /user/survey/summary HTTP/1.1" 200 66 "-" "Dalvik/2.1.0 (Linux; U; Android 6.0; XT1069 Build/MPB24.65-34)"
177.85.248.21 - - [11/May/2016:13:47:49 -0300] "GET /user/calendar/month?&month=5&year=2016 HTTP/1.1" 200 58 "-" "Dalvik/2.1.0 (Linux; U; Android 6.0; XT1069 Build/MPB24.65-34)"
186.212.105.12 - - [11/May/2016:13:47:49 -0300] "GET /user/household/57336194fb2af3c50833ad77 HTTP/1.1" 200 56 "-" "Dalvik/1.6.0 (Linux; U; Android 4.4.4; SM-G530H Build/KTU84P)"
177.85.248.21 - - [11/May/2016:13:47:50 -0300] "GET /user/calendar/year?year=2016 HTTP/1.1" 200 58 "-" "Dalvik/2.1.0 (Linux; U; Android 6.0; XT1069 Build/MPB24.65-34)"
177.85.248.21 - - [11/May/2016:13:47:51 -0300] "GET /user/calendar/day?day=11&month=5&year=2016 HTTP/1.1" 200 58 "-" "Dalvik/2.1.0 (Linux; U; Android 6.0; XT1069 Build/MPB24.65-34)"
186.212.105.12 - - [11/May/2016:13:47:57 -0300] "GET /user/household/57336194fb2af3c50833ad77 HTTP/1.1" 200 56 "-" "Dalvik/1.6.0 (Linux; U; Android 4.4.4; SM-G530H Build/KTU84P)"
186.212.105.12 - - [11/May/2016:13:48:07 -0300] "GET /news/get HTTP/1.1" 200 3956 "-" "Dalvik/1.6.0 (Linux; U; Android 4.4.4; SM-G530H Build/KTU84P)"
186.212.105.12 - - [11/May/2016:13:48:25 -0300] "GET /user/survey/summary HTTP/1.1" 200 69 "-" "Dalvik/1.6.0 (Linux; U; Android 4.4.4; SM-G530H Build/KTU84P)"
186.212.105.12 - - [11/May/2016:13:48:25 -0300] "GET /user/household/57336194fb2af3c50833ad77 HTTP/1.1" 200 56 "-" "Dalvik/1.6.0 (Linux; U; Android 4.4.4; SM-G530H Build/KTU84P)"
186.212.105.12 - - [11/May/2016:13:48:27 -0300] "GET /user/calendar/month?&month=5&year=2016 HTTP/1.1" 200 116 "-" "Dalvik/1.6.0 (Linux; U; Android 4.4.4; SM-G530H Build/KTU84P)"
186.212.105.12 - - [11/May/2016:13:48:28 -0300] "GET /user/calendar/year?year=2016 HTTP/1.1" 200 109 "-" "Dalvik/1.6.0 (Linux; U; Android 4.4.4; SM-G530H Build/KTU84P)"
186.212.105.12 - - [11/May/2016:13:48:30 -0300] "GET /user/calendar/day?day=11&month=5&year=2016 HTTP/1.1" 200 116 "-" "Dalvik/1.6.0 (Linux; U; Android 4.4.4; SM-G530H Build/KTU84P)"
177.85.248.21 - - [11/May/2016:13:48:31 -0300] "GET /news/get HTTP/1.1" 200 3956 "-" "Dalvik/2.1.0 (Linux; U; Android 6.0; XT1069 Build/MPB24.65-34)"
177.85.248.21 - - [11/May/2016:13:48:39 -0300] "GET /user/household/573361ebfb2af3c50833ad79 HTTP/1.1" 200 684 "-" "Dalvik/2.1.0 (Linux; U; Android 6.0; XT1069 Build/MPB24.65-34)"
177.85.248.21 - - [11/May/2016:13:48:49 -0300] "GET /user/household/573361ebfb2af3c50833ad79 HTTP/1.1" 200 684 "-" "Dalvik/2.1.0 (Linux; U; Android 6.0; XT1069 Build/MPB24.65-34)"
186.212.105.12 - - [11/May/2016:13:48:51 -0300] "GET /user/household/57336194fb2af3c50833ad77 HTTP/1.1" 200 56 "-" "Dalvik/1.6.0 (Linux; U; Android 4.4.4; SM-G530H Build/KTU84P)"
186.212.105.12 - - [11/May/2016:13:48:56 -0300] "GET /user/household/57336194fb2af3c50833ad77 HTTP/1.1" 200 56 "-" "Dalvik/1.6.0 (Linux; U; Android 4.4.4; SM-G530H Build/KTU84P)"
186.212.105.12 - - [11/May/2016:13:49:05 -0300] "GET /symptoms HTTP/1.1" 200 706 "-" "Dalvik/1.6.0 (Linux; U; Android 4.4.4; SM-G530H Build/KTU84P)"
191.187.151.134 - - [11/May/2016:13:49:52 -0300] "GET /news/get HTTP/1.1" 200 3956 "-" "Dalvik/1.6.0 (Linux; U; Android 4.4.2; SM-G355M Build/KOT49H)"
191.187.151.134 - - [11/May/2016:13:49:56 -0300] "GET /user/household/5733602afb2af3c50833ad5b HTTP/1.1" 200 574 "-" "Dalvik/1.6.0 (Linux; U; Android 4.4.2; SM-G355M Build/KOT49H)"
191.187.151.134 - - [11/May/2016:13:49:57 -0300] "GET /user/survey/summary HTTP/1.1" 200 69 "-" "Dalvik/1.6.0 (Linux; U; Android 4.4.2; SM-G355M Build/KOT49H)"
191.187.151.134 - - [11/May/2016:13:49:57 -0300] "GET /user/calendar/month?&month=5&year=2016 HTTP/1.1" 200 117 "-" "Dalvik/1.6.0 (Linux; U; Android 4.4.2; SM-G355M Build/KOT49H)"
191.187.151.134 - - [11/May/2016:13:49:58 -0300] "GET /user/calendar/year?year=2016 HTTP/1.1" 200 109 "-" "Dalvik/1.6.0 (Linux; U; Android 4.4.2; SM-G355M Build/KOT49H)"
191.187.151.134 - - [11/May/2016:13:49:59 -0300] "GET /user/calendar/day?day=11&month=5&year=2016 HTTP/1.1" 200 117 "-" "Dalvik/1.6.0 (Linux; U; Android 4.4.2; SM-G355M Build/KOT49H)"
191.187.151.134 - - [11/May/2016:13:50:04 -0300] "GET /user/household/5733602afb2af3c50833ad5b HTTP/1.1" 200 574 "-" "Dalvik/1.6.0 (Linux; U; Android 4.4.2; SM-G355M Build/KOT49H)"
186.212.105.12 - - [11/May/2016:13:50:17 -0300] "POST /survey/create HTTP/1.1" 200 480 "-" "Dalvik/1.6.0 (Linux; U; Android 4.4.4; SM-G530H Build/KTU84P)"
186.212.105.12 - - [11/May/2016:13:50:32 -0300] "GET /user/household/57336194fb2af3c50833ad77 HTTP/1.1" 200 56 "-" "Dalvik/1.6.0 (Linux; U; Android 4.4.4; SM-G530H Build/KTU84P)"
186.212.105.12 - - [11/May/2016:13:50:38 -0300] "GET /user/household/57336194fb2af3c50833ad77 HTTP/1.1" 200 56 "-" "Dalvik/1.6.0 (Linux; U; Android 4.4.4; SM-G530H Build/KTU84P)"
186.212.105.12 - - [11/May/2016:13:50:42 -0300] "GET /user/household/57336194fb2af3c50833ad77 HTTP/1.1" 200 56 "-" "Dalvik/1.6.0 (Linux; U; Android 4.4.4; SM-G530H Build/KTU84P)"
186.212.105.12 - - [11/May/2016:13:50:43 -0300] "GET /user/calendar/month?&month=5&year=2016 HTTP/1.1" 200 124 "-" "Dalvik/1.6.0 (Linux; U; Android 4.4.4; SM-G530H Build/KTU84P)"
186.212.105.12 - - [11/May/2016:13:50:43 -0300] "GET /user/survey/summary HTTP/1.1" 200 68 "-" "Dalvik/1.6.0 (Linux; U; Android 4.4.4; SM-G530H Build/KTU84P)"
186.212.105.12 - - [11/May/2016:13:50:44 -0300] "GET /user/calendar/year?year=2016 HTTP/1.1" 200 109 "-" "Dalvik/1.6.0 (Linux; U; Android 4.4.4; SM-G530H Build/KTU84P)"
186.212.105.12 - - [11/May/2016:13:50:45 -0300] "GET /user/calendar/day?day=11&month=5&year=2016 HTTP/1.1" 200 124 "-" "Dalvik/1.6.0 (Linux; U; Android 4.4.4; SM-G530H Build/KTU84P)"
186.212.105.12 - - [11/May/2016:13:50:52 -0300] "GET /user/household/57336194fb2af3c50833ad77 HTTP/1.1" 200 56 "-" "Dalvik/1.6.0 (Linux; U; Android 4.4.4; SM-G530H Build/KTU84P)"
186.212.105.12 - - [11/May/2016:13:53:35 -0300] "GET /user/get?fb=null HTTP/1.1" 200 56 "-" "Dalvik/1.6.0 (Linux; U; Android 4.4.4; SM-G530H Build/KTU84P)"
186.212.105.12 - - [11/May/2016:13:53:36 -0300] "GET /user/get?fb=776443502457218 HTTP/1.1" 200 833 "-" "Dalvik/1.6.0 (Linux; U; Android 4.4.4; SM-G530H Build/KTU84P)"
186.212.105.12 - - [11/May/2016:13:53:37 -0300] "POST /user/login HTTP/1.1" 200 906 "-" "Dalvik/1.6.0 (Linux; U; Android 4.4.4; SM-G530H Build/KTU84P)"
186.212.105.12 - - [11/May/2016:13:53:54 -0300] "GET /user/household/57336194fb2af3c50833ad77 HTTP/1.1" 200 56 "-" "Dalvik/1.6.0 (Linux; U; Android 4.4.4; SM-G530H Build/KTU84P)"
186.212.105.12 - - [11/May/2016:13:54:18 -0300] "GET /user/lookup/ HTTP/1.1" 200 876 "-" "Dalvik/1.6.0 (Linux; U; Android 4.4.4; SM-G530H Build/KTU84P)"
179.178.148.50 - - [11/May/2016:13:57:14 -0300] "POST /user/login HTTP/1.1" 200 77 "-" "Dalvik/1.6.0 (Linux; U; Android 4.4.4; SM-G530BT Build/KTU84P)"
179.178.148.50 - - [11/May/2016:13:57:40 -0300] "GET /user/get?fb=null HTTP/1.1" 200 56 "-" "Dalvik/1.6.0 (Linux; U; Android 4.4.4; SM-G530BT Build/KTU84P)"
179.178.148.50 - - [11/May/2016:13:57:41 -0300] "GET /user/get?fb=640054699504362 HTTP/1.1" 200 56 "-" "Dalvik/1.6.0 (Linux; U; Android 4.4.4; SM-G530BT Build/KTU84P)"
177.38.200.178 - - [11/May/2016:13:57:50 -0300] "OPTIONS /news/get HTTP/1.1" 204 0 "http://guardioesdasaude.org/noticias" "Mozilla/5.0 (Macintosh; Intel Mac OS X 10_11_3) AppleWebKit/601.4.4 (KHTML, like Gecko) Version/9.0.3 Safari/601.4.4"
177.38.200.178 - - [11/May/2016:13:57:50 -0300] "GET /news/get HTTP/1.1" 200 3949 "http://guardioesdasaude.org/noticias" "Mozilla/5.0 (Macintosh; Intel Mac OS X 10_11_3) AppleWebKit/601.4.4 (KHTML, like Gecko) Version/9.0.3 Safari/601.4.4"
187.78.230.16 - - [11/May/2016:14:01:07 -0300] "GET /user/get?fb=null HTTP/1.1" 200 56 "-" "Dalvik/2.1.0 (Linux; U; Android 6.0; MotoG3 Build/MPI24.65-33.1)"
187.78.230.16 - - [11/May/2016:14:01:09 -0300] "GET /user/get?fb=572674049580312 HTTP/1.1" 200 56 "-" "Dalvik/2.1.0 (Linux; U; Android 6.0; MotoG3 Build/MPI24.65-33.1)"
187.78.230.16 - - [11/May/2016:14:01:41 -0300] "POST /user/create HTTP/1.1" 200 228 "-" "Dalvik/2.1.0 (Linux; U; Android 6.0; MotoG3 Build/MPI24.65-33.1)"
187.78.230.16 - - [11/May/2016:14:02:00 -0300] "POST /user/create HTTP/1.1" 200 478 "-" "Dalvik/2.1.0 (Linux; U; Android 6.0; MotoG3 Build/MPI24.65-33.1)"
187.78.230.16 - - [11/May/2016:14:02:02 -0300] "POST /user/login HTTP/1.1" 200 663 "-" "Dalvik/2.1.0 (Linux; U; Android 6.0; MotoG3 Build/MPI24.65-33.1)"
187.78.230.16 - - [11/May/2016:14:02:18 -0300] "GET /user/household/57336588fb2af3c50833ad7c HTTP/1.1" 200 56 "-" "Dalvik/2.1.0 (Linux; U; Android 6.0; MotoG3 Build/MPI24.65-33.1)"
187.78.230.16 - - [11/May/2016:14:02:32 -0300] "GET /symptoms HTTP/1.1" 200 706 "-" "Dalvik/2.1.0 (Linux; U; Android 6.0; MotoG3 Build/MPI24.65-33.1)"
187.78.230.16 - - [11/May/2016:14:02:40 -0300] "GET /symptoms HTTP/1.1" 200 706 "-" "Dalvik/2.1.0 (Linux; U; Android 6.0; MotoG3 Build/MPI24.65-33.1)"
187.78.230.16 - - [11/May/2016:14:02:48 -0300] "POST /survey/create HTTP/1.1" 200 426 "-" "Dalvik/2.1.0 (Linux; U; Android 6.0; MotoG3 Build/MPI24.65-33.1)"
187.78.230.16 - - [11/May/2016:14:02:58 -0300] "GET /user/household/57336588fb2af3c50833ad7c HTTP/1.1" 200 56 "-" "Dalvik/2.1.0 (Linux; U; Android 6.0; MotoG3 Build/MPI24.65-33.1)"
187.78.230.16 - - [11/May/2016:14:03:00 -0300] "GET /user/survey/summary HTTP/1.1" 200 69 "-" "Dalvik/2.1.0 (Linux; U; Android 6.0; MotoG3 Build/MPI24.65-33.1)"
187.78.230.16 - - [11/May/2016:14:03:04 -0300] "GET /user/calendar/month?&month=5&year=2016 HTTP/1.1" 200 116 "-" "Dalvik/2.1.0 (Linux; U; Android 6.0; MotoG3 Build/MPI24.65-33.1)"
187.78.230.16 - - [11/May/2016:14:03:06 -0300] "GET /user/calendar/year?year=2016 HTTP/1.1" 200 109 "-" "Dalvik/2.1.0 (Linux; U; Android 6.0; MotoG3 Build/MPI24.65-33.1)"
187.78.230.16 - - [11/May/2016:14:03:07 -0300] "GET /user/calendar/day?day=11&month=5&year=2016 HTTP/1.1" 200 116 "-" "Dalvik/2.1.0 (Linux; U; Android 6.0; MotoG3 Build/MPI24.65-33.1)"
187.78.230.16 - - [11/May/2016:14:03:18 -0300] "GET /news/get HTTP/1.1" 200 3945 "-" "Dalvik/2.1.0 (Linux; U; Android 6.0; MotoG3 Build/MPI24.65-33.1)"
179.178.148.50 - - [11/May/2016:14:03:45 -0300] "GET /user/get?fb=null HTTP/1.1" 200 56 "-" "Dalvik/1.6.0 (Linux; U; Android 4.4.4; SM-G530BT Build/KTU84P)"
179.178.148.50 - - [11/May/2016:14:03:46 -0300] "GET /user/get?fb=640054699504362 HTTP/1.1" 200 56 "-" "Dalvik/1.6.0 (Linux; U; Android 4.4.4; SM-G530BT Build/KTU84P)"
189.8.29.19 - - [11/May/2016:14:04:22 -0300] "OPTIONS /surveys/summary?lat=-22.94790826717162&lon=-43.184977169403055 HTTP/1.1" 204 0 "http://guardioesdasaude.org/health-map" "Mozilla/5.0 (Windows NT 6.3; WOW64) AppleWebKit/537.36 (KHTML, like Gecko) Chrome/50.0.2661.94 Safari/537.36"
189.8.29.19 - - [11/May/2016:14:04:22 -0300] "OPTIONS /surveys/l?lat=-22.94790826717162&lon=-43.184977169403055 HTTP/1.1" 204 0 "http://guardioesdasaude.org/health-map" "Mozilla/5.0 (Windows NT 6.3; WOW64) AppleWebKit/537.36 (KHTML, like Gecko) Chrome/50.0.2661.94 Safari/537.36"
189.8.29.19 - - [11/May/2016:14:04:22 -0300] "OPTIONS /surveys/l?q=Botafogo,%20Rio%20de%20Janeiro%20-%20RJ,%20Brasil HTTP/1.1" 204 0 "http://guardioesdasaude.org/health-map" "Mozilla/5.0 (Windows NT 6.3; WOW64) AppleWebKit/537.36 (KHTML, like Gecko) Chrome/50.0.2661.94 Safari/537.36"
189.8.29.19 - - [11/May/2016:14:04:22 -0300] "GET /surveys/l?q=Botafogo,%20Rio%20de%20Janeiro%20-%20RJ,%20Brasil HTTP/1.1" 404 5 "http://guardioesdasaude.org/health-map" "Mozilla/5.0 (Windows NT 6.3; WOW64) AppleWebKit/537.36 (KHTML, like Gecko) Chrome/50.0.2661.94 Safari/537.36"
189.8.29.19 - - [11/May/2016:14:04:22 -0300] "GET /surveys/l?lat=-22.94790826717162&lon=-43.184977169403055 HTTP/1.1" 200 242 "http://guardioesdasaude.org/health-map" "Mozilla/5.0 (Windows NT 6.3; WOW64) AppleWebKit/537.36 (KHTML, like Gecko) Chrome/50.0.2661.94 Safari/537.36"
189.8.29.19 - - [11/May/2016:14:04:22 -0300] "GET /surveys/summary?lat=-22.94790826717162&lon=-43.184977169403055 HTTP/1.1" 200 238 "http://guardioesdasaude.org/health-map" "Mozilla/5.0 (Windows NT 6.3; WOW64) AppleWebKit/537.36 (KHTML, like Gecko) Chrome/50.0.2661.94 Safari/537.36"
186.212.106.211 - - [11/May/2016:14:11:43 -0300] "GET /user/get?fb=null HTTP/1.1" 200 56 "-" "Dalvik/1.6.0 (Linux; U; Android 4.4.4; SM-G530BT Build/KTU84P)"
186.212.106.211 - - [11/May/2016:14:11:45 -0300] "GET /user/get?fb=602181913284135 HTTP/1.1" 200 56 "-" "Dalvik/1.6.0 (Linux; U; Android 4.4.4; SM-G530BT Build/KTU84P)"
187.113.109.235 - - [11/May/2016:14:12:49 -0300] "GET /user/get?fb=null HTTP/1.1" 200 56 "-" "Dalvik/1.6.0 (Linux; U; Android 4.4.4; SM-G530BT Build/KTU84P)"
187.113.109.235 - - [11/May/2016:14:12:50 -0300] "GET /user/get?fb=542568549279361 HTTP/1.1" 200 56 "-" "Dalvik/1.6.0 (Linux; U; Android 4.4.4; SM-G530BT Build/KTU84P)"
186.212.106.211 - - [11/May/2016:14:12:59 -0300] "POST /user/create HTTP/1.1" 200 599 "-" "Dalvik/1.6.0 (Linux; U; Android 4.4.4; SM-G530BT Build/KTU84P)"
186.212.106.211 - - [11/May/2016:14:13:00 -0300] "POST /user/login HTTP/1.1" 200 790 "-" "Dalvik/1.6.0 (Linux; U; Android 4.4.4; SM-G530BT Build/KTU84P)"
186.212.106.211 - - [11/May/2016:14:13:12 -0300] "GET /user/household/5733681bfb2af3c50833ad7e HTTP/1.1" 200 56 "-" "Dalvik/1.6.0 (Linux; U; Android 4.4.4; SM-G530BT Build/KTU84P)"
186.212.106.211 - - [11/May/2016:14:13:41 -0300] "GET /user/household/5733681bfb2af3c50833ad7e HTTP/1.1" 200 56 "-" "Dalvik/1.6.0 (Linux; U; Android 4.4.4; SM-G530BT Build/KTU84P)"
187.113.109.235 - - [11/May/2016:14:13:42 -0300] "POST /user/create HTTP/1.1" 200 691 "-" "Dalvik/1.6.0 (Linux; U; Android 4.4.4; SM-G530BT Build/KTU84P)"
186.212.106.211 - - [11/May/2016:14:13:42 -0300] "GET /user/calendar/month?&month=5&year=2016 HTTP/1.1" 200 58 "-" "Dalvik/1.6.0 (Linux; U; Android 4.4.4; SM-G530BT Build/KTU84P)"
186.212.106.211 - - [11/May/2016:14:13:42 -0300] "GET /user/survey/summary HTTP/1.1" 200 66 "-" "Dalvik/1.6.0 (Linux; U; Android 4.4.4; SM-G530BT Build/KTU84P)"
187.113.109.235 - - [11/May/2016:14:13:42 -0300] "POST /user/login HTTP/1.1" 200 876 "-" "Dalvik/1.6.0 (Linux; U; Android 4.4.4; SM-G530BT Build/KTU84P)"
186.212.106.211 - - [11/May/2016:14:13:43 -0300] "GET /user/calendar/year?year=2016 HTTP/1.1" 200 58 "-" "Dalvik/1.6.0 (Linux; U; Android 4.4.4; SM-G530BT Build/KTU84P)"
186.212.106.211 - - [11/May/2016:14:13:45 -0300] "GET /user/calendar/day?day=11&month=5&year=2016 HTTP/1.1" 200 58 "-" "Dalvik/1.6.0 (Linux; U; Android 4.4.4; SM-G530BT Build/KTU84P)"
187.113.109.235 - - [11/May/2016:14:13:50 -0300] "GET /user/household/57336846fb2af3c50833ad7f HTTP/1.1" 200 56 "-" "Dalvik/1.6.0 (Linux; U; Android 4.4.4; SM-G530BT Build/KTU84P)"
187.113.109.235 - - [11/May/2016:14:14:00 -0300] "POST /survey/create HTTP/1.1" 200 537 "-" "Dalvik/1.6.0 (Linux; U; Android 4.4.4; SM-G530BT Build/KTU84P)"
186.212.106.211 - - [11/May/2016:14:14:04 -0300] "GET /user/calendar/day?day=11&month=5&year=2016 HTTP/1.1" 200 58 "-" "Dalvik/1.6.0 (Linux; U; Android 4.4.4; SM-G530BT Build/KTU84P)"
187.113.109.235 - - [11/May/2016:14:14:10 -0300] "GET /user/household/57336846fb2af3c50833ad7f HTTP/1.1" 200 56 "-" "Dalvik/1.6.0 (Linux; U; Android 4.4.4; SM-G530BT Build/KTU84P)"
186.212.106.211 - - [11/May/2016:14:14:11 -0300] "GET /news/get HTTP/1.1" 200 3946 "-" "Dalvik/1.6.0 (Linux; U; Android 4.4.4; SM-G530BT Build/KTU84P)"
187.113.109.235 - - [11/May/2016:14:14:14 -0300] "GET /symptoms HTTP/1.1" 200 706 "-" "Dalvik/1.6.0 (Linux; U; Android 4.4.4; SM-G530BT Build/KTU84P)"
187.113.109.235 - - [11/May/2016:14:14:30 -0300] "POST /survey/create HTTP/1.1" 200 554 "-" "Dalvik/1.6.0 (Linux; U; Android 4.4.4; SM-G530BT Build/KTU84P)"
187.113.109.235 - - [11/May/2016:14:14:41 -0300] "GET /user/household/57336846fb2af3c50833ad7f HTTP/1.1" 200 56 "-" "Dalvik/1.6.0 (Linux; U; Android 4.4.4; SM-G530BT Build/KTU84P)"
189.81.213.231 - - [11/May/2016:14:14:46 -0300] "GET /user/get?fb=null HTTP/1.1" 200 56 "-" "Dalvik/2.1.0 (Linux; U; Android 6.0; MotoE2(4G-LTE) Build/MPI24.65-39)"
189.81.213.231 - - [11/May/2016:14:14:48 -0300] "GET /user/get?fb=1011032375654579 HTTP/1.1" 200 56 "-" "Dalvik/2.1.0 (Linux; U; Android 6.0; MotoE2(4G-LTE) Build/MPI24.65-39)"
186.212.106.211 - - [11/May/2016:14:15:02 -0300] "GET /user/household/5733681bfb2af3c50833ad7e HTTP/1.1" 200 56 "-" "Dalvik/1.6.0 (Linux; U; Android 4.4.4; SM-G530BT Build/KTU84P)"
186.212.106.211 - - [11/May/2016:14:15:23 -0300] "GET /user/household/5733681bfb2af3c50833ad7e HTTP/1.1" 200 56 "-" "Dalvik/1.6.0 (Linux; U; Android 4.4.4; SM-G530BT Build/KTU84P)"
186.212.106.211 - - [11/May/2016:14:15:27 -0300] "POST /user/update HTTP/1.1" 200 86 "-" "Dalvik/1.6.0 (Linux; U; Android 4.4.4; SM-G530BT Build/KTU84P)"
186.212.106.211 - - [11/May/2016:14:15:29 -0300] "GET /user/lookup/ HTTP/1.1" 200 770 "-" "Dalvik/1.6.0 (Linux; U; Android 4.4.4; SM-G530BT Build/KTU84P)"
186.212.106.211 - - [11/May/2016:14:15:30 -0300] "GET /user/household/5733681bfb2af3c50833ad7e HTTP/1.1" 200 56 "-" "Dalvik/1.6.0 (Linux; U; Android 4.4.4; SM-G530BT Build/KTU84P)"
189.81.213.231 - - [11/May/2016:14:15:35 -0300] "POST /user/create HTTP/1.1" 200 608 "-" "Dalvik/2.1.0 (Linux; U; Android 6.0; MotoE2(4G-LTE) Build/MPI24.65-39)"
189.81.213.231 - - [11/May/2016:14:15:38 -0300] "POST /user/login HTTP/1.1" 200 800 "-" "Dalvik/2.1.0 (Linux; U; Android 6.0; MotoE2(4G-LTE) Build/MPI24.65-39)"
189.81.213.231 - - [11/May/2016:14:15:40 -0300] "POST /user/create HTTP/1.1" 200 225 "-" "Dalvik/2.1.0 (Linux; U; Android 6.0; MotoE2(4G-LTE) Build/MPI24.65-39)"
187.113.109.235 - - [11/May/2016:14:15:43 -0300] "POST /household/create HTTP/1.1" 200 277 "-" "Dalvik/1.6.0 (Linux; U; Android 4.4.4; SM-G530BT Build/KTU84P)"
187.113.109.235 - - [11/May/2016:14:15:44 -0300] "GET /user/lookup/ HTTP/1.1" 200 1146 "-" "Dalvik/1.6.0 (Linux; U; Android 4.4.4; SM-G530BT Build/KTU84P)"
187.113.109.235 - - [11/May/2016:14:15:44 -0300] "GET /user/household/57336846fb2af3c50833ad7f HTTP/1.1" 200 802 "-" "Dalvik/1.6.0 (Linux; U; Android 4.4.4; SM-G530BT Build/KTU84P)"
179.71.139.125 - - [11/May/2016:14:15:52 -0300] "GET /user/get?fb=null HTTP/1.1" 200 56 "-" "Dalvik/2.1.0 (Linux; U; Android 6.0; XT1068 Build/MPB24.65-34)"
189.81.213.231 - - [11/May/2016:14:15:59 -0300] "GET /user/household/573368b7fb2af3c50833ad82 HTTP/1.1" 200 56 "-" "Dalvik/2.1.0 (Linux; U; Android 6.0; MotoE2(4G-LTE) Build/MPI24.65-39)"
179.71.139.125 - - [11/May/2016:14:16:04 -0300] "GET /user/get?fb=590765657745182 HTTP/1.1" 200 56 "-" "Dalvik/2.1.0 (Linux; U; Android 6.0; XT1068 Build/MPB24.65-34)"
189.81.213.231 - - [11/May/2016:14:16:17 -0300] "GET /symptoms HTTP/1.1" 200 706 "-" "Dalvik/2.1.0 (Linux; U; Android 6.0; MotoE2(4G-LTE) Build/MPI24.65-39)"
187.78.221.96 - - [11/May/2016:14:16:42 -0300] "GET /user/get?fb=null HTTP/1.1" 200 56 "-" "Dalvik/2.1.0 (Linux; U; Android 5.0; SM-G900MD Build/LRX21T)"
187.78.221.96 - - [11/May/2016:14:16:44 -0300] "GET /user/get?fb=1004482226333065 HTTP/1.1" 200 776 "-" "Dalvik/2.1.0 (Linux; U; Android 5.0; SM-G900MD Build/LRX21T)"
187.78.221.96 - - [11/May/2016:14:16:45 -0300] "POST /user/login HTTP/1.1" 200 817 "-" "Dalvik/2.1.0 (Linux; U; Android 5.0; SM-G900MD Build/LRX21T)"
187.78.221.96 - - [11/May/2016:14:16:52 -0300] "GET /user/household/57336028fb2af3c50833ad5a HTTP/1.1" 200 56 "-" "Dalvik/2.1.0 (Linux; U; Android 5.0; SM-G900MD Build/LRX21T)"
189.81.213.231 - - [11/May/2016:14:16:54 -0300] "POST /survey/create HTTP/1.1" 200 469 "-" "Dalvik/2.1.0 (Linux; U; Android 6.0; MotoE2(4G-LTE) Build/MPI24.65-39)"
187.78.221.96 - - [11/May/2016:14:17:01 -0300] "GET /user/household/57336028fb2af3c50833ad5a HTTP/1.1" 200 56 "-" "Dalvik/2.1.0 (Linux; U; Android 5.0; SM-G900MD Build/LRX21T)"
179.71.139.125 - - [11/May/2016:14:17:06 -0300] "POST /user/create HTTP/1.1" 200 595 "-" "Dalvik/2.1.0 (Linux; U; Android 6.0; XT1068 Build/MPB24.65-34)"
179.71.139.125 - - [11/May/2016:14:17:08 -0300] "POST /user/login HTTP/1.1" 200 786 "-" "Dalvik/2.1.0 (Linux; U; Android 6.0; XT1068 Build/MPB24.65-34)"
179.71.139.125 - - [11/May/2016:14:17:18 -0300] "GET /user/household/57336912fb2af3c50833ad86 HTTP/1.1" 200 56 "-" "Dalvik/2.1.0 (Linux; U; Android 6.0; XT1068 Build/MPB24.65-34)"
187.113.109.235 - - [11/May/2016:14:17:22 -0300] "POST /household/create HTTP/1.1" 200 227 "-" "Dalvik/1.6.0 (Linux; U; Android 4.4.4; SM-G530BT Build/KTU84P)"
179.71.139.125 - - [11/May/2016:14:17:28 -0300] "POST /survey/create HTTP/1.1" 200 428 "-" "Dalvik/2.1.0 (Linux; U; Android 6.0; XT1068 Build/MPB24.65-34)"
179.71.139.125 - - [11/May/2016:14:17:31 -0300] "POST /survey/create HTTP/1.1" 200 428 "-" "Dalvik/2.1.0 (Linux; U; Android 6.0; XT1068 Build/MPB24.65-34)"
179.71.139.125 - - [11/May/2016:14:17:46 -0300] "GET /user/household/57336912fb2af3c50833ad86 HTTP/1.1" 200 56 "-" "Dalvik/2.1.0 (Linux; U; Android 6.0; XT1068 Build/MPB24.65-34)"
189.81.213.231 - - [11/May/2016:14:17:50 -0300] "GET /user/calendar/month?&month=5&year=2016 HTTP/1.1" 200 117 "-" "Dalvik/2.1.0 (Linux; U; Android 6.0; MotoE2(4G-LTE) Build/MPI24.65-39)"
189.81.213.231 - - [11/May/2016:14:17:50 -0300] "GET /user/household/573368b7fb2af3c50833ad82 HTTP/1.1" 200 56 "-" "Dalvik/2.1.0 (Linux; U; Android 6.0; MotoE2(4G-LTE) Build/MPI24.65-39)"
189.81.213.231 - - [11/May/2016:14:17:51 -0300] "GET /user/survey/summary HTTP/1.1" 200 69 "-" "Dalvik/2.1.0 (Linux; U; Android 6.0; MotoE2(4G-LTE) Build/MPI24.65-39)"
189.81.213.231 - - [11/May/2016:14:17:52 -0300] "GET /user/calendar/year?year=2016 HTTP/1.1" 200 109 "-" "Dalvik/2.1.0 (Linux; U; Android 6.0; MotoE2(4G-LTE) Build/MPI24.65-39)"
189.81.213.231 - - [11/May/2016:14:17:53 -0300] "GET /user/calendar/day?day=11&month=5&year=2016 HTTP/1.1" 200 117 "-" "Dalvik/2.1.0 (Linux; U; Android 6.0; MotoE2(4G-LTE) Build/MPI24.65-39)"
187.113.109.235 - - [11/May/2016:14:18:09 -0300] "POST /household/create HTTP/1.1" 200 276 "-" "Dalvik/1.6.0 (Linux; U; Android 4.4.4; SM-G530BT Build/KTU84P)"
187.113.109.235 - - [11/May/2016:14:18:10 -0300] "GET /user/lookup/ HTTP/1.1" 200 1202 "-" "Dalvik/1.6.0 (Linux; U; Android 4.4.4; SM-G530BT Build/KTU84P)"
187.113.109.235 - - [11/May/2016:14:18:12 -0300] "GET /user/household/57336846fb2af3c50833ad7f HTTP/1.1" 200 867 "-" "Dalvik/1.6.0 (Linux; U; Android 4.4.4; SM-G530BT Build/KTU84P)"
187.113.109.235 - - [11/May/2016:14:18:17 -0300] "GET /user/household/57336846fb2af3c50833ad7f HTTP/1.1" 200 867 "-" "Dalvik/1.6.0 (Linux; U; Android 4.4.4; SM-G530BT Build/KTU84P)"
191.6.16.146 - - [11/May/2016:14:18:19 -0300] "GET /user/lookup/ HTTP/1.1" 200 701 "-" "Dalvik/1.6.0 (Linux; U; Android 4.4.2; LG-D724 Build/KOT49I)"
187.113.109.235 - - [11/May/2016:14:18:20 -0300] "GET /user/household/57336846fb2af3c50833ad7f HTTP/1.1" 200 867 "-" "Dalvik/1.6.0 (Linux; U; Android 4.4.4; SM-G530BT Build/KTU84P)"
187.113.109.235 - - [11/May/2016:14:18:26 -0300] "GET /symptoms HTTP/1.1" 200 706 "-" "Dalvik/1.6.0 (Linux; U; Android 4.4.4; SM-G530BT Build/KTU84P)"
191.6.16.146 - - [11/May/2016:14:18:30 -0300] "GET /surveys/summary/?lon=-44.1589556&lat=-5.733429 HTTP/1.1" 200 209 "-" "Dalvik/1.6.0 (Linux; U; Android 4.4.2; LG-D724 Build/KOT49I)"
191.6.16.146 - - [11/May/2016:14:18:32 -0300] "GET /surveys/l?lon=-44.1589556&lat=-5.733429 HTTP/1.1" 200 1088 "-" "Dalvik/1.6.0 (Linux; U; Android 4.4.2; LG-D724 Build/KOT49I)"
187.113.109.235 - - [11/May/2016:14:18:52 -0300] "POST /survey/create HTTP/1.1" 200 569 "-" "Dalvik/1.6.0 (Linux; U; Android 4.4.4; SM-G530BT Build/KTU84P)"
189.81.213.231 - - [11/May/2016:14:18:54 -0300] "GET /user/lookup/ HTTP/1.1" 200 962 "-" "Dalvik/2.1.0 (Linux; U; Android 6.0; MotoE2(4G-LTE) Build/MPI24.65-39)"
187.113.109.235 - - [11/May/2016:14:19:09 -0300] "GET /news/get HTTP/1.1" 200 3946 "-" "Dalvik/1.6.0 (Linux; U; Android 4.4.4; SM-G530BT Build/KTU84P)"
187.113.109.235 - - [11/May/2016:14:19:33 -0300] "GET /user/household/57336846fb2af3c50833ad7f HTTP/1.1" 200 1070 "-" "Dalvik/1.6.0 (Linux; U; Android 4.4.4; SM-G530BT Build/KTU84P)"
187.113.109.235 - - [11/May/2016:14:19:34 -0300] "GET /user/calendar/month?&month=5&year=2016 HTTP/1.1" 200 124 "-" "Dalvik/1.6.0 (Linux; U; Android 4.4.4; SM-G530BT Build/KTU84P)"
187.113.109.235 - - [11/May/2016:14:19:35 -0300] "GET /user/survey/summary HTTP/1.1" 200 68 "-" "Dalvik/1.6.0 (Linux; U; Android 4.4.4; SM-G530BT Build/KTU84P)"
187.113.109.235 - - [11/May/2016:14:19:36 -0300] "GET /user/calendar/year?year=2016 HTTP/1.1" 200 109 "-" "Dalvik/1.6.0 (Linux; U; Android 4.4.4; SM-G530BT Build/KTU84P)"
187.113.109.235 - - [11/May/2016:14:19:37 -0300] "GET /user/calendar/day?day=11&month=5&year=2016 HTTP/1.1" 200 126 "-" "Dalvik/1.6.0 (Linux; U; Android 4.4.4; SM-G530BT Build/KTU84P)"
187.113.109.235 - - [11/May/2016:14:19:44 -0300] "GET /household/calendar/day?day=11&month=5&year=2016&household_id=573368bffb2af3c50833ad84 HTTP/1.1" 200 117 "-" "Dalvik/1.6.0 (Linux; U; Android 4.4.4; SM-G530BT Build/KTU84P)"
187.113.109.235 - - [11/May/2016:14:19:44 -0300] "GET /household/survey/summary?household_id=573368bffb2af3c50833ad84 HTTP/1.1" 200 69 "-" "Dalvik/1.6.0 (Linux; U; Android 4.4.4; SM-G530BT Build/KTU84P)"
187.113.109.235 - - [11/May/2016:14:19:45 -0300] "GET /household/calendar/year?year=2016&household_id=573368bffb2af3c50833ad84 HTTP/1.1" 200 109 "-" "Dalvik/1.6.0 (Linux; U; Android 4.4.4; SM-G530BT Build/KTU84P)"
187.113.109.235 - - [11/May/2016:14:19:48 -0300] "GET /household/calendar/day?day=11&month=5&year=2016&household_id=57336951fb2af3c50833ad8a HTTP/1.1" 200 58 "-" "Dalvik/1.6.0 (Linux; U; Android 4.4.4; SM-G530BT Build/KTU84P)"
187.113.109.235 - - [11/May/2016:14:19:48 -0300] "GET /household/survey/summary?household_id=57336951fb2af3c50833ad8a HTTP/1.1" 200 66 "-" "Dalvik/1.6.0 (Linux; U; Android 4.4.4; SM-G530BT Build/KTU84P)"
187.113.109.235 - - [11/May/2016:14:19:49 -0300] "GET /household/calendar/year?year=2016&household_id=57336951fb2af3c50833ad8a HTTP/1.1" 200 58 "-" "Dalvik/1.6.0 (Linux; U; Android 4.4.4; SM-G530BT Build/KTU84P)"
187.113.109.235 - - [11/May/2016:14:19:51 -0300] "GET /household/calendar/day?day=11&month=5&year=2016&household_id=573368bffb2af3c50833ad84 HTTP/1.1" 200 117 "-" "Dalvik/1.6.0 (Linux; U; Android 4.4.4; SM-G530BT Build/KTU84P)"
187.113.109.235 - - [11/May/2016:14:19:52 -0300] "GET /household/survey/summary?household_id=573368bffb2af3c50833ad84 HTTP/1.1" 200 69 "-" "Dalvik/1.6.0 (Linux; U; Android 4.4.4; SM-G530BT Build/KTU84P)"
187.113.109.235 - - [11/May/2016:14:19:52 -0300] "GET /household/calendar/year?year=2016&household_id=573368bffb2af3c50833ad84 HTTP/1.1" 200 109 "-" "Dalvik/1.6.0 (Linux; U; Android 4.4.4; SM-G530BT Build/KTU84P)"
177.158.100.71 - - [11/May/2016:14:21:19 -0300] "GET /user/get?fb=null HTTP/1.1" 200 56 "-" "Dalvik/2.1.0 (Linux; U; Android 5.1.1; SM-G531BT Build/LMY48B)"
177.158.100.71 - - [11/May/2016:14:21:20 -0300] "GET /user/get?fb=273938789618215 HTTP/1.1" 200 56 "-" "Dalvik/2.1.0 (Linux; U; Android 5.1.1; SM-G531BT Build/LMY48B)"
177.158.100.71 - - [11/May/2016:14:23:18 -0300] "POST /user/create HTTP/1.1" 200 603 "-" "Dalvik/2.1.0 (Linux; U; Android 5.1.1; SM-G531BT Build/LMY48B)"
177.158.100.71 - - [11/May/2016:14:23:19 -0300] "POST /user/login HTTP/1.1" 200 797 "-" "Dalvik/2.1.0 (Linux; U; Android 5.1.1; SM-G531BT Build/LMY48B)"
177.158.100.71 - - [11/May/2016:14:23:20 -0300] "POST /user/create HTTP/1.1" 200 225 "-" "Dalvik/2.1.0 (Linux; U; Android 5.1.1; SM-G531BT Build/LMY48B)"
177.158.100.71 - - [11/May/2016:14:23:47 -0300] "GET /user/household/57336a86fb2af3c50833ad8c HTTP/1.1" 200 56 "-" "Dalvik/2.1.0 (Linux; U; Android 5.1.1; SM-G531BT Build/LMY48B)"
177.158.100.71 - - [11/May/2016:14:25:38 -0300] "POST /household/create HTTP/1.1" 200 246 "-" "Dalvik/2.1.0 (Linux; U; Android 5.1.1; SM-G531BT Build/LMY48B)"
177.158.100.71 - - [11/May/2016:14:25:39 -0300] "GET /user/lookup/ HTTP/1.1" 200 820 "-" "Dalvik/2.1.0 (Linux; U; Android 5.1.1; SM-G531BT Build/LMY48B)"
177.158.100.71 - - [11/May/2016:14:25:39 -0300] "POST /household/create HTTP/1.1" 200 225 "-" "Dalvik/2.1.0 (Linux; U; Android 5.1.1; SM-G531BT Build/LMY48B)"
177.158.100.71 - - [11/May/2016:14:27:02 -0300] "GET /user/household/57336a86fb2af3c50833ad8c HTTP/1.1" 200 674 "-" "Dalvik/2.1.0 (Linux; U; Android 5.1.1; SM-G531BT Build/LMY48B)"
177.158.100.71 - - [11/May/2016:14:27:02 -0300] "GET /user/calendar/month?&month=5&year=2016 HTTP/1.1" 200 58 "-" "Dalvik/2.1.0 (Linux; U; Android 5.1.1; SM-G531BT Build/LMY48B)"
177.158.100.71 - - [11/May/2016:14:27:03 -0300] "GET /user/survey/summary HTTP/1.1" 200 66 "-" "Dalvik/2.1.0 (Linux; U; Android 5.1.1; SM-G531BT Build/LMY48B)"
177.158.100.71 - - [11/May/2016:14:27:03 -0300] "GET /user/calendar/year?year=2016 HTTP/1.1" 200 58 "-" "Dalvik/2.1.0 (Linux; U; Android 5.1.1; SM-G531BT Build/LMY48B)"
177.158.100.71 - - [11/May/2016:14:27:04 -0300] "GET /user/calendar/day?day=11&month=5&year=2016 HTTP/1.1" 200 58 "-" "Dalvik/2.1.0 (Linux; U; Android 5.1.1; SM-G531BT Build/LMY48B)"
177.158.100.71 - - [11/May/2016:14:27:08 -0300] "GET /user/survey/summary HTTP/1.1" 200 66 "-" "Dalvik/2.1.0 (Linux; U; Android 5.1.1; SM-G531BT Build/LMY48B)"
177.158.100.71 - - [11/May/2016:14:27:08 -0300] "GET /user/household/57336a86fb2af3c50833ad8c HTTP/1.1" 200 674 "-" "Dalvik/2.1.0 (Linux; U; Android 5.1.1; SM-G531BT Build/LMY48B)"
177.158.100.71 - - [11/May/2016:14:27:09 -0300] "GET /user/calendar/month?&month=5&year=2016 HTTP/1.1" 200 58 "-" "Dalvik/2.1.0 (Linux; U; Android 5.1.1; SM-G531BT Build/LMY48B)"
177.158.100.71 - - [11/May/2016:14:27:10 -0300] "GET /user/calendar/year?year=2016 HTTP/1.1" 200 58 "-" "Dalvik/2.1.0 (Linux; U; Android 5.1.1; SM-G531BT Build/LMY48B)"
177.158.100.71 - - [11/May/2016:14:27:10 -0300] "GET /user/calendar/day?day=11&month=5&year=2016 HTTP/1.1" 200 58 "-" "Dalvik/2.1.0 (Linux; U; Android 5.1.1; SM-G531BT Build/LMY48B)"
177.158.100.71 - - [11/May/2016:14:27:24 -0300] "GET /user/calendar/day?day=11&month=5&year=2016 HTTP/1.1" 200 58 "-" "Dalvik/2.1.0 (Linux; U; Android 5.1.1; SM-G531BT Build/LMY48B)"
177.158.100.71 - - [11/May/2016:14:28:51 -0300] "GET /user/household/57336a86fb2af3c50833ad8c HTTP/1.1" 200 674 "-" "Dalvik/2.1.0 (Linux; U; Android 5.1.1; SM-G531BT Build/LMY48B)"
177.158.100.71 - - [11/May/2016:14:28:59 -0300] "GET /user/household/57336a86fb2af3c50833ad8c HTTP/1.1" 200 674 "-" "Dalvik/2.1.0 (Linux; U; Android 5.1.1; SM-G531BT Build/LMY48B)"
177.158.100.71 - - [11/May/2016:14:29:03 -0300] "GET /user/household/57336a86fb2af3c50833ad8c HTTP/1.1" 200 674 "-" "Dalvik/2.1.0 (Linux; U; Android 5.1.1; SM-G531BT Build/LMY48B)"
177.158.100.71 - - [11/May/2016:14:29:35 -0300] "GET /symptoms HTTP/1.1" 200 706 "-" "Dalvik/2.1.0 (Linux; U; Android 5.1.1; SM-G531BT Build/LMY48B)"
177.158.100.71 - - [11/May/2016:14:30:25 -0300] "POST /survey/create HTTP/1.1" 200 466 "-" "Dalvik/2.1.0 (Linux; U; Android 5.1.1; SM-G531BT Build/LMY48B)"
191.248.25.227 - - [11/May/2016:14:30:34 -0300] "GET /user/get?gl=110082933065274344849 HTTP/1.1" 200 56 "-" "Dalvik/1.6.0 (Linux; U; Android 4.4.2; LG-H222 Build/KOT49I)"
177.158.100.71 - - [11/May/2016:14:30:56 -0300] "GET /news/get HTTP/1.1" 200 3959 "-" "Dalvik/2.1.0 (Linux; U; Android 5.1.1; SM-G531BT Build/LMY48B)"
177.158.100.71 - - [11/May/2016:14:31:21 -0300] "GET /news/get HTTP/1.1" 200 3959 "-" "Dalvik/2.1.0 (Linux; U; Android 5.1.1; SM-G531BT Build/LMY48B)"
191.248.25.227 - - [11/May/2016:14:31:31 -0300] "POST /user/create HTTP/1.1" 200 603 "-" "Dalvik/1.6.0 (Linux; U; Android 4.4.2; LG-H222 Build/KOT49I)"
191.248.25.227 - - [11/May/2016:14:31:32 -0300] "POST /user/login HTTP/1.1" 200 789 "-" "Dalvik/1.6.0 (Linux; U; Android 4.4.2; LG-H222 Build/KOT49I)"
191.248.25.227 - - [11/May/2016:14:31:34 -0300] "POST /user/create HTTP/1.1" 200 225 "-" "Dalvik/1.6.0 (Linux; U; Android 4.4.2; LG-H222 Build/KOT49I)"
191.248.25.227 - - [11/May/2016:14:31:35 -0300] "POST /user/create HTTP/1.1" 200 225 "-" "Dalvik/1.6.0 (Linux; U; Android 4.4.2; LG-H222 Build/KOT49I)"
177.158.100.71 - - [11/May/2016:14:31:39 -0300] "GET /user/household/57336a86fb2af3c50833ad8c HTTP/1.1" 200 871 "-" "Dalvik/2.1.0 (Linux; U; Android 5.1.1; SM-G531BT Build/LMY48B)"
177.158.100.71 - - [11/May/2016:14:31:52 -0300] "GET /user/household/57336a86fb2af3c50833ad8c HTTP/1.1" 200 871 "-" "Dalvik/2.1.0 (Linux; U; Android 5.1.1; SM-G531BT Build/LMY48B)"
177.158.100.71 - - [11/May/2016:14:31:52 -0300] "GET /user/survey/summary HTTP/1.1" 200 66 "-" "Dalvik/2.1.0 (Linux; U; Android 5.1.1; SM-G531BT Build/LMY48B)"
177.158.100.71 - - [11/May/2016:14:31:52 -0300] "GET /user/calendar/month?&month=5&year=2016 HTTP/1.1" 200 58 "-" "Dalvik/2.1.0 (Linux; U; Android 5.1.1; SM-G531BT Build/LMY48B)"
177.158.100.71 - - [11/May/2016:14:31:53 -0300] "GET /user/calendar/year?year=2016 HTTP/1.1" 200 109 "-" "Dalvik/2.1.0 (Linux; U; Android 5.1.1; SM-G531BT Build/LMY48B)"
177.158.100.71 - - [11/May/2016:14:31:54 -0300] "GET /user/calendar/day?day=11&month=5&year=2016 HTTP/1.1" 200 117 "-" "Dalvik/2.1.0 (Linux; U; Android 5.1.1; SM-G531BT Build/LMY48B)"
191.248.25.227 - - [11/May/2016:14:31:58 -0300] "GET /user/household/57336c73fb2af3c50833ad91 HTTP/1.1" 200 56 "-" "Dalvik/1.6.0 (Linux; U; Android 4.4.2; LG-H222 Build/KOT49I)"
191.248.25.227 - - [11/May/2016:14:31:58 -0300] "GET /user/calendar/month?&month=5&year=2016 HTTP/1.1" 200 58 "-" "Dalvik/1.6.0 (Linux; U; Android 4.4.2; LG-H222 Build/KOT49I)"
191.248.25.227 - - [11/May/2016:14:31:59 -0300] "GET /user/survey/summary HTTP/1.1" 200 66 "-" "Dalvik/1.6.0 (Linux; U; Android 4.4.2; LG-H222 Build/KOT49I)"
191.248.25.227 - - [11/May/2016:14:31:59 -0300] "GET /user/calendar/year?year=2016 HTTP/1.1" 200 58 "-" "Dalvik/1.6.0 (Linux; U; Android 4.4.2; LG-H222 Build/KOT49I)"
191.248.25.227 - - [11/May/2016:14:32:00 -0300] "GET /user/calendar/day?day=11&month=5&year=2016 HTTP/1.1" 200 58 "-" "Dalvik/1.6.0 (Linux; U; Android 4.4.2; LG-H222 Build/KOT49I)"
177.158.100.71 - - [11/May/2016:14:32:19 -0300] "GET /user/calendar/day?day=11&month=5&year=2016 HTTP/1.1" 200 117 "-" "Dalvik/2.1.0 (Linux; U; Android 5.1.1; SM-G531BT Build/LMY48B)"
191.248.25.227 - - [11/May/2016:14:32:36 -0300] "GET /user/calendar/day?day=5&month=5&year=2016 HTTP/1.1" 200 58 "-" "Dalvik/1.6.0 (Linux; U; Android 4.4.2; LG-H222 Build/KOT49I)"
177.158.100.71 - - [11/May/2016:14:32:36 -0300] "GET /user/household/57336a86fb2af3c50833ad8c HTTP/1.1" 200 871 "-" "Dalvik/2.1.0 (Linux; U; Android 5.1.1; SM-G531BT Build/LMY48B)"
189.8.29.19 - - [11/May/2016:14:32:45 -0300] "OPTIONS /search/cities?limit=5 HTTP/1.1" 204 0 "http://guardioesdasaude.org/" "Mozilla/5.0 (Macintosh; Intel Mac OS X 10_10_5) AppleWebKit/537.36 (KHTML, like Gecko) Chrome/44.0.2403.155 Safari/537.36"
189.8.29.19 - - [11/May/2016:14:32:46 -0300] "GET /search/cities?limit=5 HTTP/1.1" 200 165 "http://guardioesdasaude.org/" "Mozilla/5.0 (Macintosh; Intel Mac OS X 10_10_5) AppleWebKit/537.36 (KHTML, like Gecko) Chrome/44.0.2403.155 Safari/537.36"
177.158.100.71 - - [11/May/2016:14:32:50 -0300] "GET /user/survey/summary HTTP/1.1" 200 66 "-" "Dalvik/2.1.0 (Linux; U; Android 5.1.1; SM-G531BT Build/LMY48B)"
177.158.100.71 - - [11/May/2016:14:32:50 -0300] "GET /user/household/57336a86fb2af3c50833ad8c HTTP/1.1" 200 871 "-" "Dalvik/2.1.0 (Linux; U; Android 5.1.1; SM-G531BT Build/LMY48B)"
177.158.100.71 - - [11/May/2016:14:32:51 -0300] "GET /user/calendar/month?&month=5&year=2016 HTTP/1.1" 200 58 "-" "Dalvik/2.1.0 (Linux; U; Android 5.1.1; SM-G531BT Build/LMY48B)"
177.158.100.71 - - [11/May/2016:14:32:52 -0300] "GET /user/calendar/year?year=2016 HTTP/1.1" 200 109 "-" "Dalvik/2.1.0 (Linux; U; Android 5.1.1; SM-G531BT Build/LMY48B)"
177.158.100.71 - - [11/May/2016:14:32:52 -0300] "GET /user/calendar/day?day=11&month=5&year=2016 HTTP/1.1" 200 117 "-" "Dalvik/2.1.0 (Linux; U; Android 5.1.1; SM-G531BT Build/LMY48B)"
189.8.29.18 - - [11/May/2016:14:33:14 -0300] "GET /user/lookup/ HTTP/1.1" 200 903 "-" "Guardioes da Saude/1.1.7 (iPhone; iOS 9.3.1; Scale/3.00)"
189.8.29.18 - - [11/May/2016:14:33:15 -0300] "GET /user/calendar/day?&day=11&month=5&year=2016 HTTP/1.1" 200 58 "-" "Guardioes da Saude/1.1.7 (iPhone; iOS 9.3.1; Scale/3.00)"
189.8.29.18 - - [11/May/2016:14:33:17 -0300] "POST /survey/create HTTP/1.1" 200 548 "-" "Guardioes da Saude/1.1.7 (iPhone; iOS 9.3.1; Scale/3.00)"
191.248.25.227 - - [11/May/2016:14:33:19 -0300] "GET /user/calendar/month?&month=4&year=2016 HTTP/1.1" 200 58 "-" "Dalvik/1.6.0 (Linux; U; Android 4.4.2; LG-H222 Build/KOT49I)"
191.248.25.227 - - [11/May/2016:14:33:20 -0300] "GET /user/calendar/day?day=1&month=4&year=2016 HTTP/1.1" 200 58 "-" "Dalvik/1.6.0 (Linux; U; Android 4.4.2; LG-H222 Build/KOT49I)"
191.248.25.227 - - [11/May/2016:14:33:31 -0300] "GET /news/get HTTP/1.1" 200 4020 "-" "Dalvik/1.6.0 (Linux; U; Android 4.4.2; LG-H222 Build/KOT49I)"
191.248.25.227 - - [11/May/2016:14:33:47 -0300] "GET /user/household/57336c73fb2af3c50833ad91 HTTP/1.1" 200 56 "-" "Dalvik/1.6.0 (Linux; U; Android 4.4.2; LG-H222 Build/KOT49I)"
191.248.25.227 - - [11/May/2016:14:33:47 -0300] "GET /user/calendar/month?&month=5&year=2016 HTTP/1.1" 200 58 "-" "Dalvik/1.6.0 (Linux; U; Android 4.4.2; LG-H222 Build/KOT49I)"
191.248.25.227 - - [11/May/2016:14:33:48 -0300] "GET /user/survey/summary HTTP/1.1" 200 66 "-" "Dalvik/1.6.0 (Linux; U; Android 4.4.2; LG-H222 Build/KOT49I)"
191.248.25.227 - - [11/May/2016:14:33:48 -0300] "GET /user/calendar/year?year=2016 HTTP/1.1" 200 58 "-" "Dalvik/1.6.0 (Linux; U; Android 4.4.2; LG-H222 Build/KOT49I)"
191.248.25.227 - - [11/May/2016:14:33:49 -0300] "GET /user/calendar/day?day=11&month=5&year=2016 HTTP/1.1" 200 58 "-" "Dalvik/1.6.0 (Linux; U; Android 4.4.2; LG-H222 Build/KOT49I)"
187.58.96.219 - - [11/May/2016:14:36:48 -0300] "GET /user/household/null HTTP/1.1" 200 56 "-" "Dalvik/1.6.0 (Linux; U; Android 4.4.4; SM-G530BT Build/KTU84P)"
187.58.96.219 - - [11/May/2016:14:37:00 -0300] "GET /user/lookup/ HTTP/1.1" 200 773 "-" "Dalvik/1.6.0 (Linux; U; Android 4.4.4; SM-G530BT Build/KTU84P)"
187.58.96.219 - - [11/May/2016:14:37:20 -0300] "GET /user/household/5733681bfb2af3c50833ad7e HTTP/1.1" 200 56 "-" "Dalvik/1.6.0 (Linux; U; Android 4.4.4; SM-G530BT Build/KTU84P)"
187.58.96.219 - - [11/May/2016:14:37:38 -0300] "GET /symptoms HTTP/1.1" 200 706 "-" "Dalvik/1.6.0 (Linux; U; Android 4.4.4; SM-G530BT Build/KTU84P)"
189.8.29.19 - - [11/May/2016:14:37:43 -0300] "GET /search/cities?limit=5 HTTP/1.1" 200 165 "http://guardioesdasaude.org/" "Mozilla/5.0 (Macintosh; Intel Mac OS X 10_10_5) AppleWebKit/537.36 (KHTML, like Gecko) Chrome/44.0.2403.155 Safari/537.36"
187.58.96.219 - - [11/May/2016:14:38:09 -0300] "POST /survey/create HTTP/1.1" 200 470 "-" "Dalvik/1.6.0 (Linux; U; Android 4.4.4; SM-G530BT Build/KTU84P)"
187.58.96.219 - - [11/May/2016:14:38:34 -0300] "GET /user/calendar/month?&month=5&year=2016 HTTP/1.1" 200 117 "-" "Dalvik/1.6.0 (Linux; U; Android 4.4.4; SM-G530BT Build/KTU84P)"
187.58.96.219 - - [11/May/2016:14:38:34 -0300] "GET /user/household/5733681bfb2af3c50833ad7e HTTP/1.1" 200 56 "-" "Dalvik/1.6.0 (Linux; U; Android 4.4.4; SM-G530BT Build/KTU84P)"
187.58.96.219 - - [11/May/2016:14:38:35 -0300] "GET /user/survey/summary HTTP/1.1" 200 69 "-" "Dalvik/1.6.0 (Linux; U; Android 4.4.4; SM-G530BT Build/KTU84P)"
187.58.96.219 - - [11/May/2016:14:38:35 -0300] "GET /user/calendar/year?year=2016 HTTP/1.1" 200 109 "-" "Dalvik/1.6.0 (Linux; U; Android 4.4.4; SM-G530BT Build/KTU84P)"
187.58.96.219 - - [11/May/2016:14:38:37 -0300] "GET /user/calendar/day?day=11&month=5&year=2016 HTTP/1.1" 200 117 "-" "Dalvik/1.6.0 (Linux; U; Android 4.4.4; SM-G530BT Build/KTU84P)"
187.58.96.219 - - [11/May/2016:14:38:53 -0300] "GET /user/household/5733681bfb2af3c50833ad7e HTTP/1.1" 200 56 "-" "Dalvik/1.6.0 (Linux; U; Android 4.4.4; SM-G530BT Build/KTU84P)"
187.58.96.219 - - [11/May/2016:14:38:53 -0300] "GET /user/survey/summary HTTP/1.1" 200 69 "-" "Dalvik/1.6.0 (Linux; U; Android 4.4.4; SM-G530BT Build/KTU84P)"
187.58.96.219 - - [11/May/2016:14:38:54 -0300] "GET /user/calendar/month?&month=5&year=2016 HTTP/1.1" 200 117 "-" "Dalvik/1.6.0 (Linux; U; Android 4.4.4; SM-G530BT Build/KTU84P)"
187.58.96.219 - - [11/May/2016:14:38:56 -0300] "GET /user/calendar/year?year=2016 HTTP/1.1" 200 109 "-" "Dalvik/1.6.0 (Linux; U; Android 4.4.4; SM-G530BT Build/KTU84P)"
187.58.96.219 - - [11/May/2016:14:38:57 -0300] "GET /user/calendar/day?day=11&month=5&year=2016 HTTP/1.1" 200 117 "-" "Dalvik/1.6.0 (Linux; U; Android 4.4.4; SM-G530BT Build/KTU84P)"
187.58.96.219 - - [11/May/2016:14:39:08 -0300] "GET /user/household/5733681bfb2af3c50833ad7e HTTP/1.1" 200 56 "-" "Dalvik/1.6.0 (Linux; U; Android 4.4.4; SM-G530BT Build/KTU84P)"
187.58.96.219 - - [11/May/2016:14:39:25 -0300] "POST /survey/create HTTP/1.1" 200 431 "-" "Dalvik/1.6.0 (Linux; U; Android 4.4.4; SM-G530BT Build/KTU84P)"
187.58.96.219 - - [11/May/2016:14:39:29 -0300] "GET /user/household/5733681bfb2af3c50833ad7e HTTP/1.1" 200 56 "-" "Dalvik/1.6.0 (Linux; U; Android 4.4.4; SM-G530BT Build/KTU84P)"
187.58.96.219 - - [11/May/2016:14:39:32 -0300] "GET /symptoms HTTP/1.1" 200 706 "-" "Dalvik/1.6.0 (Linux; U; Android 4.4.4; SM-G530BT Build/KTU84P)"
187.58.96.219 - - [11/May/2016:14:39:36 -0300] "GET /user/household/5733681bfb2af3c50833ad7e HTTP/1.1" 200 56 "-" "Dalvik/1.6.0 (Linux; U; Android 4.4.4; SM-G530BT Build/KTU84P)"
187.58.96.219 - - [11/May/2016:14:39:39 -0300] "POST /survey/create HTTP/1.1" 200 429 "-" "Dalvik/1.6.0 (Linux; U; Android 4.4.4; SM-G530BT Build/KTU84P)"
187.58.96.219 - - [11/May/2016:14:39:40 -0300] "POST /survey/create HTTP/1.1" 200 431 "-" "Dalvik/1.6.0 (Linux; U; Android 4.4.4; SM-G530BT Build/KTU84P)"
187.58.96.219 - - [11/May/2016:14:39:43 -0300] "GET /user/household/5733681bfb2af3c50833ad7e HTTP/1.1" 200 56 "-" "Dalvik/1.6.0 (Linux; U; Android 4.4.4; SM-G530BT Build/KTU84P)"
187.58.96.219 - - [11/May/2016:14:39:43 -0300] "GET /user/survey/summary HTTP/1.1" 200 70 "-" "Dalvik/1.6.0 (Linux; U; Android 4.4.4; SM-G530BT Build/KTU84P)"
187.58.96.219 - - [11/May/2016:14:39:43 -0300] "GET /user/calendar/month?&month=5&year=2016 HTTP/1.1" 200 126 "-" "Dalvik/1.6.0 (Linux; U; Android 4.4.4; SM-G530BT Build/KTU84P)"
187.58.96.219 - - [11/May/2016:14:39:44 -0300] "GET /user/calendar/year?year=2016 HTTP/1.1" 200 109 "-" "Dalvik/1.6.0 (Linux; U; Android 4.4.4; SM-G530BT Build/KTU84P)"
